data/sales_with_pricing_new(1).csv
date,product_id,units_sold,base_price,release_date,lifecycle,category,current_price
2024-10-02,iPhone15,13,799,2023-09-01,Decline,Smartphones,703.84
2024-10-03,iPhone15,12,799,2023-09-01,Decline,Smartphones,703.6
2024-10-04,iPhone15,15,799,2023-09-01,Decline,Smartphones,703.36
2024-10-05,iPhone15,14,799,2023-09-01,Decline,Smartphones,667.96
2024-10-06,iPhone15,16,799,2023-09-01,Decline,Smartphones,702.88
2024-10-07,iPhone15,12,799,2023-09-01,Decline,Smartphones,702.64
2024-10-08,iPhone15,13,799,2023-09-01,Decline,Smartphones,702.4
2024-10-09,iPhone15,13,799,2023-09-01,Decline,Smartphones,702.16
2024-10-10,iPhone15,13,799,2023-09-01,Decline,Smartphones,701.92
2024-10-11,iPhone15,15,799,2023-09-01,Decline,Smartphones,701.68
2024-10-12,iPhone15,15,799,2023-09-01,Decline,Smartphones,701.44
2024-10-13,iPhone15,16,799,2023-09-01,Decline,Smartphones,701.2
2024-10-14,iPhone15,12,799,2023-09-01,Decline,Smartphones,736.01
2024-10-15,iPhone15,12,799,2023-09-01,Decline,Smartphones,700.72
2024-10-16,iPhone15,12,799,2023-09-01,Decline,Smartphones,700.48
2024-10-17,iPhone15,12,799,2023-09-01,Decline,Smartphones,700.24
2024-10-18,iPhone15,14,799,2023-09-01,Decline,Smartphones,735
2024-10-19,iPhone15,15,799,2023-09-01,Decline,Smartphones,699.76
2024-10-20,iPhone15,15,799,2023-09-01,Decline,Smartphones,699.52
2024-10-21,iPhone15,13,799,2023-09-01,Decline,Smartphones,699.28
2024-10-22,iPhone15,12,799,2023-09-01,Decline,Smartphones,734
2024-10-23,iPhone15,11,799,2023-09-01,Decline,Smartphones,663.87
2024-10-24,iPhone15,11,799,2023-09-01,Decline,Smartphones,663.64
2024-10-25,iPhone15,13,799,2023-09-01,Decline,Smartphones,733.24
2024-10-26,iPhone15,13,799,2023-09-01,Decline,Smartphones,698.09
2024-10-27,iPhone15,12,799,2023-09-01,Decline,Smartphones,697.85
2024-10-28,iPhone15,11,799,2023-09-01,Decline,Smartphones,732.49
2024-10-29,iPhone15,12,799,2023-09-01,Decline,Smartphones,662.5
2024-10-30,iPhone15,11,799,2023-09-01,Decline,Smartphones,731.98
2024-10-31,iPhone15,11,799,2023-09-01,Decline,Smartphones,731.73
2024-11-01,iPhone15,12,799,2023-09-01,Decline,Smartphones,592.15
2024-11-02,iPhone15,13,799,2023-09-01,Decline,Smartphones,591.95
2024-11-03,iPhone15,13,799,2023-09-01,Decline,Smartphones,621.33
2024-11-04,iPhone15,12,799,2023-09-01,Decline,Smartphones,561.96
2024-11-05,iPhone15,12,799,2023-09-01,Decline,Smartphones,620.9
2024-11-06,iPhone15,10,799,2023-09-01,Decline,Smartphones,561.58
2024-11-07,iPhone15,11,799,2023-09-01,Decline,Smartphones,590.93
2024-11-08,iPhone15,12,799,2023-09-01,Decline,Smartphones,590.72
2024-11-09,iPhone15,12,799,2023-09-01,Decline,Smartphones,590.52
2024-11-10,iPhone15,13,799,2023-09-01,Decline,Smartphones,590.32
2024-11-11,iPhone15,11,799,2023-09-01,Decline,Smartphones,590.11
2024-11-12,iPhone15,10,799,2023-09-01,Decline,Smartphones,619.41
2024-11-13,iPhone15,11,799,2023-09-01,Decline,Smartphones,589.71
2024-11-14,iPhone15,10,799,2023-09-01,Decline,Smartphones,589.5
2024-11-15,iPhone15,12,799,2023-09-01,Decline,Smartphones,618.76
2024-11-16,iPhone15,12,799,2023-09-01,Decline,Smartphones,589.09
2024-11-17,iPhone15,11,799,2023-09-01,Decline,Smartphones,618.34
2024-11-18,iPhone15,10,799,2023-09-01,Decline,Smartphones,588.69
2024-11-19,iPhone15,9,799,2023-09-01,Decline,Smartphones,588.48
2024-11-20,iPhone15,9,799,2023-09-01,Decline,Smartphones,588.28
2024-11-21,iPhone15,10,799,2023-09-01,Decline,Smartphones,588.08
2024-11-22,iPhone15,11,799,2023-09-01,Decline,Smartphones,587.87
2024-11-23,iPhone15,10,799,2023-09-01,Decline,Smartphones,617.05
2024-11-24,iPhone15,10,799,2023-09-01,Decline,Smartphones,587.46
2024-11-25,iPhone15,10,799,2023-09-01,Decline,Smartphones,587.26
2024-11-26,iPhone15,9,799,2023-09-01,Decline,Smartphones,616.41
2024-11-27,iPhone15,9,799,2023-09-01,Decline,Smartphones,586.85
2024-11-28,iPhone15,9,799,2023-09-01,Decline,Smartphones,615.98
2024-11-29,iPhone15,11,799,2023-09-01,Decline,Smartphones,586.45
2024-11-30,iPhone15,11,799,2023-09-01,Decline,Smartphones,615.55
2024-12-01,iPhone15,10,799,2023-09-01,Decline,Smartphones,689.46
2024-12-02,iPhone15,10,799,2023-09-01,Decline,Smartphones,654.76
2024-12-03,iPhone15,9,799,2023-09-01,Decline,Smartphones,654.53
2024-12-04,iPhone15,9,799,2023-09-01,Decline,Smartphones,688.74
2024-12-05,iPhone15,9,799,2023-09-01,Decline,Smartphones,688.5
2024-12-06,iPhone15,10,799,2023-09-01,Decline,Smartphones,688.26
2024-12-07,iPhone15,11,799,2023-09-01,Decline,Smartphones,688.02
2024-12-08,iPhone15,11,799,2023-09-01,Decline,Smartphones,687.78
2024-12-09,iPhone15,9,799,2023-09-01,Decline,Smartphones,687.54
2024-12-10,iPhone15,9,799,2023-09-01,Decline,Smartphones,721.66
2024-12-11,iPhone15,10,799,2023-09-01,Decline,Smartphones,652.71
2024-12-12,iPhone15,9,799,2023-09-01,Decline,Smartphones,652.48
2024-12-13,iPhone15,11,799,2023-09-01,Decline,Smartphones,686.58
2024-12-14,iPhone15,10,799,2023-09-01,Decline,Smartphones,720.66
2024-12-15,iPhone15,9,799,2023-09-01,Decline,Smartphones,720.41
2024-12-16,iPhone15,8,799,2023-09-01,Decline,Smartphones,685.86
2024-12-17,iPhone15,8,799,2023-09-01,Decline,Smartphones,651.34
2024-12-18,iPhone15,7,799,2023-09-01,Decline,Smartphones,685.38
2024-12-19,iPhone15,9,799,2023-09-01,Decline,Smartphones,685.14
2024-12-20,iPhone15,13,799,2023-09-01,Decline,Smartphones,684.9
2024-12-21,iPhone15,15,799,2023-09-01,Decline,Smartphones,684.66
2024-12-22,iPhone15,14,799,2023-09-01,Decline,Smartphones,684.42
2024-12-23,iPhone15,13,799,2023-09-01,Decline,Smartphones,684.18
2024-12-24,iPhone15,11,799,2023-09-01,Decline,Smartphones,683.94
2024-12-25,iPhone15,12,799,2023-09-01,Decline,Smartphones,683.7
2024-12-26,iPhone15,12,799,2023-09-01,Decline,Smartphones,683.46
2024-12-27,iPhone15,16,799,2023-09-01,Decline,Smartphones,683.22
2024-12-28,iPhone15,15,799,2023-09-01,Decline,Smartphones,682.99
2024-12-29,iPhone15,14,799,2023-09-01,Decline,Smartphones,682.75
2024-12-30,iPhone15,13,799,2023-09-01,Decline,Smartphones,682.51
2024-12-31,iPhone15,12,799,2023-09-01,Decline,Smartphones,648.15
2025-01-01,iPhone15,8,799,2023-09-01,Decline,Smartphones,647.93
2025-01-02,iPhone15,8,799,2023-09-01,Decline,Smartphones,647.7
2025-01-03,iPhone15,9,799,2023-09-01,Decline,Smartphones,715.62
2025-01-04,iPhone15,10,799,2023-09-01,Decline,Smartphones,715.37
2025-01-05,iPhone15,9,799,2023-09-01,Decline,Smartphones,681.07
2025-01-06,iPhone15,8,799,2023-09-01,Decline,Smartphones,680.83
2025-01-07,iPhone15,8,799,2023-09-01,Decline,Smartphones,714.62
2025-01-08,iPhone15,7,799,2023-09-01,Decline,Smartphones,680.35
2025-01-09,iPhone15,7,799,2023-09-01,Decline,Smartphones,714.11
2025-01-10,iPhone15,9,799,2023-09-01,Decline,Smartphones,679.87
2025-01-11,iPhone15,9,799,2023-09-01,Decline,Smartphones,679.63
2025-01-12,iPhone15,9,799,2023-09-01,Decline,Smartphones,679.39
2025-01-13,iPhone15,7,799,2023-09-01,Decline,Smartphones,713.11
2025-01-14,iPhone15,7,799,2023-09-01,Decline,Smartphones,678.91
2025-01-15,iPhone15,7,799,2023-09-01,Decline,Smartphones,678.67
2025-01-16,iPhone15,7,799,2023-09-01,Decline,Smartphones,678.43
2025-01-17,iPhone15,8,799,2023-09-01,Decline,Smartphones,678.19
2025-01-18,iPhone15,8,799,2023-09-01,Decline,Smartphones,644.05
2025-01-19,iPhone15,8,799,2023-09-01,Decline,Smartphones,643.83
2025-01-20,iPhone15,7,799,2023-09-01,Decline,Smartphones,711.35
2025-01-21,iPhone15,7,799,2023-09-01,Decline,Smartphones,677.23
2025-01-22,iPhone15,6,799,2023-09-01,Decline,Smartphones,710.84
2025-01-23,iPhone15,7,799,2023-09-01,Decline,Smartphones,676.75
2025-01-24,iPhone15,8,799,2023-09-01,Decline,Smartphones,676.51
2025-01-25,iPhone15,7,799,2023-09-01,Decline,Smartphones,710.09
2025-01-26,iPhone15,7,799,2023-09-01,Decline,Smartphones,676.03
2025-01-27,iPhone15,7,799,2023-09-01,Decline,Smartphones,675.79
2025-01-28,iPhone15,6,799,2023-09-01,Decline,Smartphones,675.55
2025-01-29,iPhone15,7,799,2023-09-01,Decline,Smartphones,641.55
2025-01-30,iPhone15,6,799,2023-09-01,Decline,Smartphones,708.83
2025-01-31,iPhone15,7,799,2023-09-01,Decline,Smartphones,674.84
2025-02-01,iPhone15,7,799,2023-09-01,Decline,Smartphones,674.6
2025-02-02,iPhone15,8,799,2023-09-01,Decline,Smartphones,674.36
2025-02-03,iPhone15,7,799,2023-09-01,Decline,Smartphones,674.12
2025-02-04,iPhone15,6,799,2023-09-01,Decline,Smartphones,673.88
2025-02-05,iPhone15,6,799,2023-09-01,Decline,Smartphones,639.96
2025-02-06,iPhone15,7,799,2023-09-01,Decline,Smartphones,673.4
2025-02-07,iPhone15,7,799,2023-09-01,Decline,Smartphones,639.5
2025-02-08,iPhone15,7,799,2023-09-01,Decline,Smartphones,672.92
2025-02-09,iPhone15,8,799,2023-09-01,Decline,Smartphones,672.68
2025-02-10,iPhone15,7,799,2023-09-01,Decline,Smartphones,672.44
2025-02-11,iPhone15,7,799,2023-09-01,Decline,Smartphones,672.2
2025-02-12,iPhone15,6,799,2023-09-01,Decline,Smartphones,705.56
2025-02-13,iPhone15,6,799,2023-09-01,Decline,Smartphones,705.31
2025-02-14,iPhone15,7,799,2023-09-01,Decline,Smartphones,637.91
2025-02-15,iPhone15,7,799,2023-09-01,Decline,Smartphones,671.24
2025-02-16,iPhone15,7,799,2023-09-01,Decline,Smartphones,637.45
2025-02-17,iPhone15,6,799,2023-09-01,Decline,Smartphones,704.3
2025-02-18,iPhone15,6,799,2023-09-01,Decline,Smartphones,704.05
2025-02-19,iPhone15,6,799,2023-09-01,Decline,Smartphones,670.28
2025-02-20,iPhone15,6,799,2023-09-01,Decline,Smartphones,670.04
2025-02-21,iPhone15,8,799,2023-09-01,Decline,Smartphones,669.8
2025-02-22,iPhone15,7,799,2023-09-01,Decline,Smartphones,669.56
2025-02-23,iPhone15,6,799,2023-09-01,Decline,Smartphones,669.32
2025-02-24,iPhone15,6,799,2023-09-01,Decline,Smartphones,702.54
2025-02-25,iPhone15,5,799,2023-09-01,Decline,Smartphones,635.4
2025-02-26,iPhone15,5,799,2023-09-01,Decline,Smartphones,668.6
2025-02-27,iPhone15,6,799,2023-09-01,Decline,Smartphones,668.36
2025-02-28,iPhone15,7,799,2023-09-01,Decline,Smartphones,634.72
2025-03-01,iPhone15,7,799,2023-09-01,Decline,Smartphones,667.88
2025-03-02,iPhone15,6,799,2023-09-01,Decline,Smartphones,701.03
2025-03-03,iPhone15,6,799,2023-09-01,Decline,Smartphones,667.4
2025-03-04,iPhone15,5,799,2023-09-01,Decline,Smartphones,633.81
2025-03-05,iPhone15,5,799,2023-09-01,Decline,Smartphones,666.93
2025-03-06,iPhone15,6,799,2023-09-01,Decline,Smartphones,700.02
2025-03-07,iPhone15,7,799,2023-09-01,Decline,Smartphones,666.45
2025-03-08,iPhone15,6,799,2023-09-01,Decline,Smartphones,666.21
2025-03-09,iPhone15,6,799,2023-09-01,Decline,Smartphones,632.67
2025-03-10,iPhone15,5,799,2023-09-01,Decline,Smartphones,632.44
2025-03-11,iPhone15,5,799,2023-09-01,Decline,Smartphones,632.21
2025-03-12,iPhone15,5,799,2023-09-01,Decline,Smartphones,665.25
2025-03-13,iPhone15,6,799,2023-09-01,Decline,Smartphones,665.01
2025-03-14,iPhone15,6,799,2023-09-01,Decline,Smartphones,664.77
2025-03-15,iPhone15,6,799,2023-09-01,Decline,Smartphones,664.53
2025-03-16,iPhone15,6,799,2023-09-01,Decline,Smartphones,664.29
2025-03-17,iPhone15,5,799,2023-09-01,Decline,Smartphones,664.05
2025-03-18,iPhone15,5,799,2023-09-01,Decline,Smartphones,663.81
2025-03-19,iPhone15,5,799,2023-09-01,Decline,Smartphones,696.75
2025-03-20,iPhone15,5,799,2023-09-01,Decline,Smartphones,663.33
2025-03-21,iPhone15,5,799,2023-09-01,Decline,Smartphones,696.24
2025-03-22,iPhone15,6,799,2023-09-01,Decline,Smartphones,662.85
2025-03-23,iPhone15,5,799,2023-09-01,Decline,Smartphones,695.74
2025-03-24,iPhone15,4,799,2023-09-01,Decline,Smartphones,629.25
2025-03-25,iPhone15,5,799,2023-09-01,Decline,Smartphones,695.24
2025-03-26,iPhone15,5,799,2023-09-01,Decline,Smartphones,661.89
2025-03-27,iPhone15,5,799,2023-09-01,Decline,Smartphones,661.65
2025-03-28,iPhone15,6,799,2023-09-01,Decline,Smartphones,661.41
2025-03-29,iPhone15,5,799,2023-09-01,Decline,Smartphones,661.17
2025-03-30,iPhone15,5,799,2023-09-01,Decline,Smartphones,660.93
2025-03-31,iPhone15,5,799,2023-09-01,Decline,Smartphones,627.66
2024-01-01,iPhone16,0,999,2024-09-15,Growth,Smartphones,1098.9
2024-01-02,iPhone16,0,999,2024-09-15,Growth,Smartphones,1098.9
2024-01-03,iPhone16,0,999,2024-09-15,Growth,Smartphones,1043.96
2024-01-04,iPhone16,0,999,2024-09-15,Growth,Smartphones,1098.9
2024-01-05,iPhone16,0,999,2024-09-15,Growth,Smartphones,1043.96
2024-01-06,iPhone16,0,999,2024-09-15,Growth,Smartphones,1098.9
2024-01-07,iPhone16,0,999,2024-09-15,Growth,Smartphones,1098.9
2024-01-08,iPhone16,0,999,2024-09-15,Growth,Smartphones,1098.9
2024-01-09,iPhone16,0,999,2024-09-15,Growth,Smartphones,1098.9
2024-01-10,iPhone16,0,999,2024-09-15,Growth,Smartphones,1098.9
2024-01-11,iPhone16,0,999,2024-09-15,Growth,Smartphones,1098.9
2024-01-12,iPhone16,0,999,2024-09-15,Growth,Smartphones,1098.9
2024-01-13,iPhone16,0,999,2024-09-15,Growth,Smartphones,1098.9
2024-01-14,iPhone16,0,999,2024-09-15,Growth,Smartphones,1043.96
2024-01-15,iPhone16,0,999,2024-09-15,Growth,Smartphones,1043.96
2024-01-16,iPhone16,0,999,2024-09-15,Growth,Smartphones,1098.9
2024-01-17,iPhone16,0,999,2024-09-15,Growth,Smartphones,1043.96
2024-01-18,iPhone16,0,999,2024-09-15,Growth,Smartphones,1098.9
2024-01-19,iPhone16,0,999,2024-09-15,Growth,Smartphones,1098.9
2024-01-20,iPhone16,0,999,2024-09-15,Growth,Smartphones,1098.9
2024-01-21,iPhone16,0,999,2024-09-15,Growth,Smartphones,1098.9
2024-01-22,iPhone16,0,999,2024-09-15,Growth,Smartphones,1098.9
2024-01-23,iPhone16,0,999,2024-09-15,Growth,Smartphones,1098.9
2024-01-24,iPhone16,0,999,2024-09-15,Growth,Smartphones,1098.9
2024-01-25,iPhone16,0,999,2024-09-15,Growth,Smartphones,1098.9
2024-01-26,iPhone16,0,999,2024-09-15,Growth,Smartphones,1098.9
2024-01-27,iPhone16,0,999,2024-09-15,Growth,Smartphones,1098.9
2024-01-28,iPhone16,0,999,2024-09-15,Growth,Smartphones,1098.9
2024-01-29,iPhone16,0,999,2024-09-15,Growth,Smartphones,1098.9
2024-01-30,iPhone16,0,999,2024-09-15,Growth,Smartphones,1098.9
2024-01-31,iPhone16,0,999,2024-09-15,Growth,Smartphones,1098.9
2024-02-01,iPhone16,0,999,2024-09-15,Growth,Smartphones,1098.9
2024-02-02,iPhone16,0,999,2024-09-15,Growth,Smartphones,1043.96
2024-02-03,iPhone16,0,999,2024-09-15,Growth,Smartphones,1098.9
2024-02-04,iPhone16,0,999,2024-09-15,Growth,Smartphones,1098.9
2024-02-05,iPhone16,0,999,2024-09-15,Growth,Smartphones,1098.9
2024-02-06,iPhone16,0,999,2024-09-15,Growth,Smartphones,1098.9
2024-02-07,iPhone16,0,999,2024-09-15,Growth,Smartphones,1098.9
2024-02-08,iPhone16,0,999,2024-09-15,Growth,Smartphones,1098.9
2024-02-09,iPhone16,0,999,2024-09-15,Growth,Smartphones,1043.96
2024-02-10,iPhone16,0,999,2024-09-15,Growth,Smartphones,1043.96
2024-02-11,iPhone16,0,999,2024-09-15,Growth,Smartphones,1098.9
2024-02-12,iPhone16,0,999,2024-09-15,Growth,Smartphones,1043.96
2024-02-13,iPhone16,0,999,2024-09-15,Growth,Smartphones,1043.96
2024-02-14,iPhone16,0,999,2024-09-15,Growth,Smartphones,1098.9
2024-02-15,iPhone16,0,999,2024-09-15,Growth,Smartphones,1098.9
2024-02-16,iPhone16,0,999,2024-09-15,Growth,Smartphones,1098.9
2024-02-17,iPhone16,0,999,2024-09-15,Growth,Smartphones,1098.9
2024-02-18,iPhone16,0,999,2024-09-15,Growth,Smartphones,1043.96
2024-02-19,iPhone16,0,999,2024-09-15,Growth,Smartphones,1043.96
2024-02-20,iPhone16,0,999,2024-09-15,Growth,Smartphones,1043.96
2024-02-21,iPhone16,0,999,2024-09-15,Growth,Smartphones,1098.9
2024-02-22,iPhone16,0,999,2024-09-15,Growth,Smartphones,1098.9
2024-02-23,iPhone16,0,999,2024-09-15,Growth,Smartphones,1043.96
2024-02-24,iPhone16,0,999,2024-09-15,Growth,Smartphones,1098.9
2024-02-25,iPhone16,0,999,2024-09-15,Growth,Smartphones,1043.96
2024-02-26,iPhone16,0,999,2024-09-15,Growth,Smartphones,1098.9
2024-02-27,iPhone16,0,999,2024-09-15,Growth,Smartphones,1043.96
2024-02-28,iPhone16,0,999,2024-09-15,Growth,Smartphones,1098.9
2024-02-29,iPhone16,0,999,2024-09-15,Growth,Smartphones,1098.9
2024-03-01,iPhone16,0,999,2024-09-15,Growth,Smartphones,1098.9
2024-03-02,iPhone16,0,999,2024-09-15,Growth,Smartphones,1098.9
2024-03-03,iPhone16,0,999,2024-09-15,Growth,Smartphones,1098.9
2024-03-04,iPhone16,0,999,2024-09-15,Growth,Smartphones,1043.96
2024-03-05,iPhone16,0,999,2024-09-15,Growth,Smartphones,1043.96
2024-03-06,iPhone16,0,999,2024-09-15,Growth,Smartphones,1098.9
2024-03-07,iPhone16,0,999,2024-09-15,Growth,Smartphones,1098.9
2024-03-08,iPhone16,0,999,2024-09-15,Growth,Smartphones,1098.9
2024-03-09,iPhone16,0,999,2024-09-15,Growth,Smartphones,1098.9
2024-03-10,iPhone16,0,999,2024-09-15,Growth,Smartphones,1098.9
2024-03-11,iPhone16,0,999,2024-09-15,Growth,Smartphones,1098.9
2024-03-12,iPhone16,0,999,2024-09-15,Growth,Smartphones,1098.9
2024-03-13,iPhone16,0,999,2024-09-15,Growth,Smartphones,1098.9
2024-03-14,iPhone16,0,999,2024-09-15,Growth,Smartphones,1098.9
2024-03-15,iPhone16,0,999,2024-09-15,Growth,Smartphones,1098.9
2024-03-16,iPhone16,0,999,2024-09-15,Growth,Smartphones,1098.9
2024-03-17,iPhone16,0,999,2024-09-15,Growth,Smartphones,1098.9
2024-03-18,iPhone16,0,999,2024-09-15,Growth,Smartphones,1098.9
2024-03-19,iPhone16,0,999,2024-09-15,Growth,Smartphones,1098.9
2024-03-20,iPhone16,0,999,2024-09-15,Growth,Smartphones,1098.9
2024-03-21,iPhone16,0,999,2024-09-15,Growth,Smartphones,1098.9
2024-03-22,iPhone16,0,999,2024-09-15,Growth,Smartphones,1098.9
2024-03-23,iPhone16,0,999,2024-09-15,Growth,Smartphones,1098.9
2024-03-24,iPhone16,0,999,2024-09-15,Growth,Smartphones,1098.9
2024-03-25,iPhone16,0,999,2024-09-15,Growth,Smartphones,1098.9
2024-03-26,iPhone16,0,999,2024-09-15,Growth,Smartphones,1098.9
2024-03-27,iPhone16,0,999,2024-09-15,Growth,Smartphones,1098.9
2024-03-28,iPhone16,0,999,2024-09-15,Growth,Smartphones,1098.9
2024-03-29,iPhone16,0,999,2024-09-15,Growth,Smartphones,1098.9
2024-03-30,iPhone16,0,999,2024-09-15,Growth,Smartphones,1043.96
2024-03-31,iPhone16,0,999,2024-09-15,Growth,Smartphones,1098.9
2024-04-01,iPhone16,0,999,2024-09-15,Growth,Smartphones,1098.9
2024-04-02,iPhone16,0,999,2024-09-15,Growth,Smartphones,1098.9
2024-04-03,iPhone16,0,999,2024-09-15,Growth,Smartphones,1043.96
2024-04-04,iPhone16,0,999,2024-09-15,Growth,Smartphones,1098.9
2024-04-05,iPhone16,0,999,2024-09-15,Growth,Smartphones,1098.9
2024-04-06,iPhone16,0,999,2024-09-15,Growth,Smartphones,1098.9
2024-04-07,iPhone16,0,999,2024-09-15,Growth,Smartphones,1098.9
