data/sales_with_pricing_new(1).csv
date,product_id,units_sold,base_price,release_date,lifecycle,category,current_price
2024-04-08,iPhone16,0,999,2024-09-15,Growth,Smartphones,1043.96
2024-04-09,iPhone16,0,999,2024-09-15,Growth,Smartphones,1043.96
2024-04-10,iPhone16,0,999,2024-09-15,Growth,Smartphones,1043.96
2024-04-11,iPhone16,0,999,2024-09-15,Growth,Smartphones,1098.9
2024-04-12,iPhone16,0,999,2024-09-15,Growth,Smartphones,1098.9
2024-04-13,iPhone16,0,999,2024-09-15,Growth,Smartphones,1098.9
2024-04-14,iPhone16,0,999,2024-09-15,Growth,Smartphones,1098.9
2024-04-15,iPhone16,0,999,2024-09-15,Growth,Smartphones,1098.9
2024-04-16,iPhone16,0,999,2024-09-15,Growth,Smartphones,1098.9
2024-04-17,iPhone16,0,999,2024-09-15,Growth,Smartphones,1098.9
2024-04-18,iPhone16,0,999,2024-09-15,Growth,Smartphones,1098.9
2024-04-19,iPhone16,0,999,2024-09-15,Growth,Smartphones,1098.9
2024-04-20,iPhone16,0,999,2024-09-15,Growth,Smartphones,1043.96
2024-04-21,iPhone16,0,999,2024-09-15,Growth,Smartphones,1098.9
2024-04-22,iPhone16,0,999,2024-09-15,Growth,Smartphones,1043.96
2024-04-23,iPhone16,0,999,2024-09-15,Growth,Smartphones,1043.96
2024-04-24,iPhone16,0,999,2024-09-15,Growth,Smartphones,1098.9
2024-04-25,iPhone16,0,999,2024-09-15,Growth,Smartphones,1098.9
2024-04-26,iPhone16,0,999,2024-09-15,Growth,Smartphones,1098.9
2024-04-27,iPhone16,0,999,2024-09-15,Growth,Smartphones,1098.9
2024-04-28,iPhone16,0,999,2024-09-15,Growth,Smartphones,1098.9
2024-04-29,iPhone16,0,999,2024-09-15,Growth,Smartphones,1098.9
2024-04-30,iPhone16,0,999,2024-09-15,Growth,Smartphones,1098.9
2024-05-01,iPhone16,0,999,2024-09-15,Growth,Smartphones,1098.9
2024-05-02,iPhone16,0,999,2024-09-15,Growth,Smartphones,1098.9
2024-05-03,iPhone16,0,999,2024-09-15,Growth,Smartphones,1098.9
2024-05-04,iPhone16,0,999,2024-09-15,Growth,Smartphones,1043.96
2024-05-05,iPhone16,0,999,2024-09-15,Growth,Smartphones,1098.9
2024-05-06,iPhone16,0,999,2024-09-15,Growth,Smartphones,1098.9
2024-05-07,iPhone16,0,999,2024-09-15,Growth,Smartphones,1098.9
2024-05-08,iPhone16,0,999,2024-09-15,Growth,Smartphones,1098.9
2024-05-09,iPhone16,0,999,2024-09-15,Growth,Smartphones,1098.9
2024-05-10,iPhone16,0,999,2024-09-15,Growth,Smartphones,1043.96
2024-05-11,iPhone16,0,999,2024-09-15,Growth,Smartphones,1098.9
2024-05-12,iPhone16,0,999,2024-09-15,Growth,Smartphones,1098.9
2024-05-13,iPhone16,0,999,2024-09-15,Growth,Smartphones,1098.9
2024-05-14,iPhone16,0,999,2024-09-15,Growth,Smartphones,1098.9
2024-05-15,iPhone16,0,999,2024-09-15,Growth,Smartphones,1098.9
2024-05-16,iPhone16,0,999,2024-09-15,Growth,Smartphones,1098.9
2024-05-17,iPhone16,0,999,2024-09-15,Growth,Smartphones,1098.9
2024-05-18,iPhone16,0,999,2024-09-15,Growth,Smartphones,1098.9
2024-05-19,iPhone16,0,999,2024-09-15,Growth,Smartphones,1098.9
2024-05-20,iPhone16,0,999,2024-09-15,Growth,Smartphones,1098.9
2024-05-21,iPhone16,0,999,2024-09-15,Growth,Smartphones,1098.9
2024-05-22,iPhone16,0,999,2024-09-15,Growth,Smartphones,1098.9
2024-05-23,iPhone16,0,999,2024-09-15,Growth,Smartphones,1043.96
2024-05-24,iPhone16,0,999,2024-09-15,Growth,Smartphones,1098.9
2024-05-25,iPhone16,0,999,2024-09-15,Growth,Smartphones,1098.9
2024-05-26,iPhone16,0,999,2024-09-15,Growth,Smartphones,1098.9
2024-05-27,iPhone16,0,999,2024-09-15,Growth,Smartphones,1043.96
2024-05-28,iPhone16,0,999,2024-09-15,Growth,Smartphones,1098.9
2024-05-29,iPhone16,0,999,2024-09-15,Growth,Smartphones,1098.9
2024-05-30,iPhone16,0,999,2024-09-15,Growth,Smartphones,1098.9
2024-05-31,iPhone16,0,999,2024-09-15,Growth,Smartphones,1098.9
2024-06-01,iPhone16,0,999,2024-09-15,Growth,Smartphones,1098.9
2024-06-02,iPhone16,0,999,2024-09-15,Growth,Smartphones,1098.9
2024-06-03,iPhone16,0,999,2024-09-15,Growth,Smartphones,1098.9
2024-06-04,iPhone16,0,999,2024-09-15,Growth,Smartphones,1098.9
2024-06-05,iPhone16,0,999,2024-09-15,Growth,Smartphones,1098.9
2024-06-06,iPhone16,0,999,2024-09-15,Growth,Smartphones,1098.9
2024-06-07,iPhone16,0,999,2024-09-15,Growth,Smartphones,1043.96
2024-06-08,iPhone16,0,999,2024-09-15,Growth,Smartphones,1098.9
2024-06-09,iPhone16,0,999,2024-09-15,Growth,Smartphones,1098.9
2024-06-10,iPhone16,0,999,2024-09-15,Growth,Smartphones,1098.9
2024-06-11,iPhone16,0,999,2024-09-15,Growth,Smartphones,1098.9
2024-06-12,iPhone16,0,999,2024-09-15,Growth,Smartphones,1098.9
2024-06-13,iPhone16,0,999,2024-09-15,Growth,Smartphones,1098.9
2024-06-14,iPhone16,0,999,2024-09-15,Growth,Smartphones,1098.9
2024-06-15,iPhone16,0,999,2024-09-15,Growth,Smartphones,1098.9
2024-06-16,iPhone16,0,999,2024-09-15,Growth,Smartphones,1098.9
2024-06-17,iPhone16,0,999,2024-09-15,Growth,Smartphones,1098.9
2024-06-18,iPhone16,0,999,2024-09-15,Growth,Smartphones,1098.9
2024-06-19,iPhone16,0,999,2024-09-15,Growth,Smartphones,1098.9
2024-06-20,iPhone16,0,999,2024-09-15,Growth,Smartphones,1098.9
2024-06-21,iPhone16,0,999,2024-09-15,Growth,Smartphones,1098.9
2024-06-22,iPhone16,0,999,2024-09-15,Growth,Smartphones,1098.9
2024-06-23,iPhone16,0,999,2024-09-15,Growth,Smartphones,1043.96
2024-06-24,iPhone16,0,999,2024-09-15,Growth,Smartphones,1098.9
2024-06-25,iPhone16,0,999,2024-09-15,Growth,Smartphones,1098.9
2024-06-26,iPhone16,0,999,2024-09-15,Growth,Smartphones,1098.9
2024-06-27,iPhone16,0,999,2024-09-15,Growth,Smartphones,1098.9
2024-06-28,iPhone16,0,999,2024-09-15,Growth,Smartphones,1098.9
2024-06-29,iPhone16,0,999,2024-09-15,Growth,Smartphones,1098.9
2024-06-30,iPhone16,0,999,2024-09-15,Growth,Smartphones,1098.9
2024-07-01,iPhone16,0,999,2024-09-15,Growth,Smartphones,1098.9
2024-07-02,iPhone16,0,999,2024-09-15,Growth,Smartphones,1098.9
2024-07-03,iPhone16,0,999,2024-09-15,Growth,Smartphones,1098.9
2024-07-04,iPhone16,0,999,2024-09-15,Growth,Smartphones,1043.96
2024-07-05,iPhone16,0,999,2024-09-15,Growth,Smartphones,1098.9
2024-07-06,iPhone16,0,999,2024-09-15,Growth,Smartphones,1098.9
2024-07-07,iPhone16,0,999,2024-09-15,Growth,Smartphones,1043.96
2024-07-08,iPhone16,0,999,2024-09-15,Growth,Smartphones,1098.9
2024-07-09,iPhone16,0,999,2024-09-15,Growth,Smartphones,1098.9
2024-07-10,iPhone16,0,999,2024-09-15,Growth,Smartphones,1098.9
2024-07-11,iPhone16,0,999,2024-09-15,Growth,Smartphones,1098.9
2024-07-12,iPhone16,0,999,2024-09-15,Growth,Smartphones,1043.96
2024-07-13,iPhone16,0,999,2024-09-15,Growth,Smartphones,1098.9
2024-07-14,iPhone16,0,999,2024-09-15,Growth,Smartphones,1098.9
2024-07-15,iPhone16,0,999,2024-09-15,Growth,Smartphones,1043.96
2024-07-16,iPhone16,0,999,2024-09-15,Growth,Smartphones,1098.9
2024-07-17,iPhone16,0,999,2024-09-15,Growth,Smartphones,1043.96
2024-07-18,iPhone16,0,999,2024-09-15,Growth,Smartphones,1098.9
2024-07-19,iPhone16,0,999,2024-09-15,Growth,Smartphones,1098.9
2024-07-20,iPhone16,0,999,2024-09-15,Growth,Smartphones,1098.9
2024-07-21,iPhone16,0,999,2024-09-15,Growth,Smartphones,1043.96
2024-07-22,iPhone16,0,999,2024-09-15,Growth,Smartphones,1098.9
2024-07-23,iPhone16,0,999,2024-09-15,Growth,Smartphones,1098.9
2024-07-24,iPhone16,0,999,2024-09-15,Growth,Smartphones,1043.96
2024-07-25,iPhone16,0,999,2024-09-15,Growth,Smartphones,1098.9
2024-07-26,iPhone16,0,999,2024-09-15,Growth,Smartphones,1098.9
2024-07-27,iPhone16,0,999,2024-09-15,Growth,Smartphones,1043.96
2024-07-28,iPhone16,0,999,2024-09-15,Growth,Smartphones,1098.9
2024-07-29,iPhone16,0,999,2024-09-15,Growth,Smartphones,1098.9
2024-07-30,iPhone16,0,999,2024-09-15,Growth,Smartphones,1098.9
2024-07-31,iPhone16,0,999,2024-09-15,Growth,Smartphones,1098.9
2024-08-01,iPhone16,0,999,2024-09-15,Growth,Smartphones,1043.96
2024-08-02,iPhone16,0,999,2024-09-15,Growth,Smartphones,1043.96
2024-08-03,iPhone16,0,999,2024-09-15,Growth,Smartphones,1098.9
2024-08-04,iPhone16,0,999,2024-09-15,Growth,Smartphones,1098.9
2024-08-05,iPhone16,0,999,2024-09-15,Growth,Smartphones,1098.9
2024-08-06,iPhone16,0,999,2024-09-15,Growth,Smartphones,1043.96
2024-08-07,iPhone16,0,999,2024-09-15,Growth,Smartphones,1098.9
2024-08-08,iPhone16,0,999,2024-09-15,Growth,Smartphones,1098.9
2024-08-09,iPhone16,0,999,2024-09-15,Growth,Smartphones,1098.9
2024-08-10,iPhone16,0,999,2024-09-15,Growth,Smartphones,1098.9
2024-08-11,iPhone16,0,999,2024-09-15,Growth,Smartphones,1098.9
2024-08-12,iPhone16,0,999,2024-09-15,Growth,Smartphones,1043.96
2024-08-13,iPhone16,0,999,2024-09-15,Growth,Smartphones,1098.9
2024-08-14,iPhone16,0,999,2024-09-15,Growth,Smartphones,1043.96
2024-08-15,iPhone16,0,999,2024-09-15,Growth,Smartphones,1098.9
2024-08-16,iPhone16,0,999,2024-09-15,Growth,Smartphones,1043.96
2024-08-17,iPhone16,0,999,2024-09-15,Growth,Smartphones,1098.9
2024-08-18,iPhone16,0,999,2024-09-15,Growth,Smartphones,1098.9
2024-08-19,iPhone16,0,999,2024-09-15,Growth,Smartphones,1043.96
2024-08-20,iPhone16,0,999,2024-09-15,Growth,Smartphones,1098.9
2024-08-21,iPhone16,0,999,2024-09-15,Growth,Smartphones,1098.9
2024-08-22,iPhone16,0,999,2024-09-15,Growth,Smartphones,1098.9
2024-08-23,iPhone16,0,999,2024-09-15,Growth,Smartphones,1043.96
2024-08-24,iPhone16,0,999,2024-09-15,Growth,Smartphones,1098.9
2024-08-25,iPhone16,0,999,2024-09-15,Growth,Smartphones,1098.9
2024-08-26,iPhone16,0,999,2024-09-15,Growth,Smartphones,1098.9
2024-08-27,iPhone16,0,999,2024-09-15,Growth,Smartphones,1098.9
2024-08-28,iPhone16,0,999,2024-09-15,Growth,Smartphones,1043.96
2024-08-29,iPhone16,0,999,2024-09-15,Growth,Smartphones,1043.96
2024-08-30,iPhone16,0,999,2024-09-15,Growth,Smartphones,1098.9
2024-08-31,iPhone16,0,999,2024-09-15,Growth,Smartphones,1098.9
2024-09-01,iPhone16,0,999,2024-09-15,Growth,Smartphones,1098.9
2024-09-02,iPhone16,0,999,2024-09-15,Growth,Smartphones,1043.96
2024-09-03,iPhone16,0,999,2024-09-15,Growth,Smartphones,1043.96
2024-09-04,iPhone16,0,999,2024-09-15,Growth,Smartphones,1043.96
2024-09-05,iPhone16,0,999,2024-09-15,Growth,Smartphones,1098.9
2024-09-06,iPhone16,0,999,2024-09-15,Growth,Smartphones,1098.9
2024-09-07,iPhone16,0,999,2024-09-15,Growth,Smartphones,1098.9
2024-09-08,iPhone16,0,999,2024-09-15,Growth,Smartphones,1098.9
2024-09-09,iPhone16,0,999,2024-09-15,Growth,Smartphones,1043.96
2024-09-10,iPhone16,0,999,2024-09-15,Growth,Smartphones,1098.9
2024-09-11,iPhone16,0,999,2024-09-15,Growth,Smartphones,1098.9
2024-09-12,iPhone16,0,999,2024-09-15,Growth,Smartphones,1043.96
2024-09-13,iPhone16,0,999,2024-09-15,Growth,Smartphones,1098.9
2024-09-14,iPhone16,0,999,2024-09-15,Growth,Smartphones,1098.9
2024-09-15,iPhone16,70,999,2024-09-15,Growth,Smartphones,1098.9
2024-09-16,iPhone16,60,999,2024-09-15,Growth,Smartphones,1098.9
2024-09-17,iPhone16,61,999,2024-09-15,Growth,Smartphones,1098.9
2024-09-18,iPhone16,55,999,2024-09-15,Growth,Smartphones,1043.96
2024-09-19,iPhone16,60,999,2024-09-15,Growth,Smartphones,1098.9
2024-09-20,iPhone16,71,999,2024-09-15,Growth,Smartphones,1098.9
2024-09-21,iPhone16,68,999,2024-09-15,Growth,Smartphones,1098.9
2024-09-22,iPhone16,71,999,2024-09-15,Growth,Smartphones,1043.96
2024-09-23,iPhone16,62,999,2024-09-15,Growth,Smartphones,1098.9
2024-09-24,iPhone16,62,999,2024-09-15,Growth,Smartphones,1098.9
2024-09-25,iPhone16,60,999,2024-09-15,Growth,Smartphones,1098.9
2024-09-26,iPhone16,62,999,2024-09-15,Growth,Smartphones,1098.9
2024-09-27,iPhone16,72,999,2024-09-15,Growth,Smartphones,1098.9
2024-09-28,iPhone16,82,999,2024-09-15,Growth,Smartphones,1098.9
2024-09-29,iPhone16,71,999,2024-09-15,Growth,Smartphones,1098.9
2024-09-30,iPhone16,62,999,2024-09-15,Growth,Smartphones,1098.9
2024-10-01,iPhone16,58,999,2024-09-15,Growth,Smartphones,1043.96
2024-10-02,iPhone16,62,999,2024-09-15,Growth,Smartphones,1098.9
2024-10-03,iPhone16,54,999,2024-09-15,Growth,Smartphones,1098.9
2024-10-04,iPhone16,65,999,2024-09-15,Growth,Smartphones,1043.96
2024-10-05,iPhone16,65,999,2024-09-15,Growth,Smartphones,1098.9
2024-10-06,iPhone16,71,999,2024-09-15,Growth,Smartphones,1098.9
2024-10-07,iPhone16,55,999,2024-09-15,Growth,Smartphones,1098.9
2024-10-08,iPhone16,58,999,2024-09-15,Growth,Smartphones,1043.96
2024-10-09,iPhone16,59,999,2024-09-15,Growth,Smartphones,1043.96
2024-10-10,iPhone16,61,999,2024-09-15,Growth,Smartphones,1098.9
2024-10-11,iPhone16,68,999,2024-09-15,Growth,Smartphones,1098.9
2024-10-12,iPhone16,71,999,2024-09-15,Growth,Smartphones,1098.9
2024-10-13,iPhone16,70,999,2024-09-15,Growth,Smartphones,1098.9
2024-10-14,iPhone16,59,999,2024-09-15,Growth,Smartphones,1098.9
2024-10-15,iPhone16,63,999,2024-09-15,Growth,Smartphones,949.05
2024-10-16,iPhone16,68,999,2024-09-15,Growth,Smartphones,999
2024-10-17,iPhone16,64,999,2024-09-15,Growth,Smartphones,949.05
2024-10-18,iPhone16,77,999,2024-09-15,Growth,Smartphones,1048.95
2024-10-19,iPhone16,74,999,2024-09-15,Growth,Smartphones,999
2024-10-20,iPhone16,71,999,2024-09-15,Growth,Smartphones,999
2024-10-21,iPhone16,66,999,2024-09-15,Growth,Smartphones,999
2024-10-22,iPhone16,64,999,2024-09-15,Growth,Smartphones,999
2024-10-23,iPhone16,63,999,2024-09-15,Growth,Smartphones,949.05
2024-10-24,iPhone16,58,999,2024-09-15,Growth,Smartphones,949.05
2024-10-25,iPhone16,79,999,2024-09-15,Growth,Smartphones,999
2024-10-26,iPhone16,73,999,2024-09-15,Growth,Smartphones,999
2024-10-27,iPhone16,73,999,2024-09-15,Growth,Smartphones,999
2024-10-28,iPhone16,69,999,2024-09-15,Growth,Smartphones,999
2024-10-29,iPhone16,70,999,2024-09-15,Growth,Smartphones,949.05
2024-10-30,iPhone16,64,999,2024-09-15,Growth,Smartphones,1048.95
2024-10-31,iPhone16,67,999,2024-09-15,Growth,Smartphones,999
2024-11-01,iPhone16,78,999,2024-09-15,Growth,Smartphones,849.15
2024-11-02,iPhone16,77,999,2024-09-15,Growth,Smartphones,849.15
2024-11-03,iPhone16,75,999,2024-09-15,Growth,Smartphones,849.15
2024-11-04,iPhone16,59,999,2024-09-15,Growth,Smartphones,806.69
2024-11-05,iPhone16,65,999,2024-09-15,Growth,Smartphones,891.61
2024-11-06,iPhone16,59,999,2024-09-15,Growth,Smartphones,849.15
2024-11-07,iPhone16,64,999,2024-09-15,Growth,Smartphones,891.61
2024-11-08,iPhone16,73,999,2024-09-15,Growth,Smartphones,849.15
2024-11-09,iPhone16,66,999,2024-09-15,Growth,Smartphones,891.61
2024-11-10,iPhone16,75,999,2024-09-15,Growth,Smartphones,806.69
2024-11-11,iPhone16,69,999,2024-09-15,Growth,Smartphones,849.15
2024-11-12,iPhone16,62,999,2024-09-15,Growth,Smartphones,849.15
2024-11-13,iPhone16,69,999,2024-09-15,Growth,Smartphones,806.69
2024-11-14,iPhone16,73,999,2024-09-15,Growth,Smartphones,849.15
2024-11-15,iPhone16,87,999,2024-09-15,Growth,Smartphones,891.61
2024-11-16,iPhone16,83,999,2024-09-15,Growth,Smartphones,849.15
2024-11-17,iPhone16,89,999,2024-09-15,Growth,Smartphones,849.15
2024-11-18,iPhone16,73,999,2024-09-15,Growth,Smartphones,849.15
2024-11-19,iPhone16,74,999,2024-09-15,Growth,Smartphones,849.15
2024-11-20,iPhone16,74,999,2024-09-15,Growth,Smartphones,806.69
2024-11-21,iPhone16,73,999,2024-09-15,Growth,Smartphones,806.69
2024-11-22,iPhone16,87,999,2024-09-15,Growth,Smartphones,849.15
2024-11-23,iPhone16,89,999,2024-09-15,Growth,Smartphones,849.15
2024-11-24,iPhone16,91,999,2024-09-15,Growth,Smartphones,849.15
2024-11-25,iPhone16,71,999,2024-09-15,Growth,Smartphones,891.61
2024-11-26,iPhone16,75,999,2024-09-15,Growth,Smartphones,849.15
2024-11-27,iPhone16,73,999,2024-09-15,Growth,Smartphones,849.15
2024-11-28,iPhone16,76,999,2024-09-15,Growth,Smartphones,849.15
2024-11-29,iPhone16,80,999,2024-09-15,Growth,Smartphones,849.15
2024-11-30,iPhone16,79,999,2024-09-15,Growth,Smartphones,849.15
2024-12-01,iPhone16,85,999,2024-09-15,Growth,Smartphones,1048.95
2024-12-02,iPhone16,76,999,2024-09-15,Growth,Smartphones,999
2024-12-03,iPhone16,78,999,2024-09-15,Growth,Smartphones,999
2024-12-04,iPhone16,72,999,2024-09-15,Growth,Smartphones,999
2024-12-05,iPhone16,70,999,2024-09-15,Growth,Smartphones,1048.95
2024-12-06,iPhone16,89,999,2024-09-15,Growth,Smartphones,999
2024-12-07,iPhone16,81,999,2024-09-15,Growth,Smartphones,1048.95
2024-12-08,iPhone16,84,999,2024-09-15,Growth,Smartphones,999
2024-12-09,iPhone16,76,999,2024-09-15,Growth,Smartphones,999
2024-12-10,iPhone16,69,999,2024-09-15,Growth,Smartphones,999
2024-12-11,iPhone16,75,999,2024-09-15,Growth,Smartphones,999
2024-12-12,iPhone16,63,999,2024-09-15,Growth,Smartphones,949.05
2024-12-13,iPhone16,77,999,2024-09-15,Growth,Smartphones,999
2024-12-14,iPhone16,89,999,2024-09-15,Growth,Smartphones,949.05
2024-12-15,iPhone16,86,999,2024-09-15,Growth,Smartphones,999
2024-12-16,iPhone16,79,999,2024-09-15,Growth,Smartphones,999
2024-12-17,iPhone16,79,999,2024-09-15,Growth,Smartphones,999
2024-12-18,iPhone16,85,999,2024-09-15,Growth,Smartphones,999
2024-12-19,iPhone16,86,999,2024-09-15,Growth,Smartphones,1048.95
2024-12-20,iPhone16,123,999,2024-09-15,Growth,Smartphones,1048.95
2024-12-21,iPhone16,135,999,2024-09-15,Growth,Smartphones,999
2024-12-22,iPhone16,142,999,2024-09-15,Growth,Smartphones,1048.95
2024-12-23,iPhone16,109,999,2024-09-15,Growth,Smartphones,1048.95
2024-12-24,iPhone16,117,999,2024-09-15,Growth,Smartphones,949.05
2024-12-25,iPhone16,125,999,2024-09-15,Growth,Smartphones,999
2024-12-26,iPhone16,123,999,2024-09-15,Growth,Smartphones,999
2024-12-27,iPhone16,144,999,2024-09-15,Growth,Smartphones,999
2024-12-28,iPhone16,131,999,2024-09-15,Growth,Smartphones,1048.95
2024-12-29,iPhone16,140,999,2024-09-15,Growth,Smartphones,999
2024-12-30,iPhone16,136,999,2024-09-15,Growth,Smartphones,999
2024-12-31,iPhone16,123,999,2024-09-15,Growth,Smartphones,1048.95
2025-01-01,iPhone16,85,999,2024-09-15,Growth,Smartphones,999
2025-01-02,iPhone16,84,999,2024-09-15,Growth,Smartphones,999
2025-01-03,iPhone16,86,999,2024-09-15,Growth,Smartphones,999
2025-01-04,iPhone16,92,999,2024-09-15,Growth,Smartphones,999
2025-01-05,iPhone16,86,999,2024-09-15,Growth,Smartphones,999
2025-01-06,iPhone16,78,999,2024-09-15,Growth,Smartphones,999
2025-01-07,iPhone16,84,999,2024-09-15,Growth,Smartphones,999
2025-01-08,iPhone16,80,999,2024-09-15,Growth,Smartphones,949.05
2025-01-09,iPhone16,82,999,2024-09-15,Growth,Smartphones,999
2025-01-10,iPhone16,90,999,2024-09-15,Growth,Smartphones,949.05
2025-01-11,iPhone16,91,999,2024-09-15,Growth,Smartphones,999
2025-01-12,iPhone16,89,999,2024-09-15,Growth,Smartphones,1048.95
2025-01-13,iPhone16,84,999,2024-09-15,Growth,Smartphones,1048.95
2025-01-14,iPhone16,86,999,2024-09-15,Growth,Smartphones,999
