data/sales_with_pricing_new(1).csv
date,product_id,units_sold,base_price,release_date,lifecycle,category,current_price
2025-01-15,iPhone16,86,999,2024-09-15,Growth,Smartphones,999
2025-01-16,iPhone16,93,999,2024-09-15,Growth,Smartphones,999
2025-01-17,iPhone16,104,999,2024-09-15,Growth,Smartphones,999
2025-01-18,iPhone16,98,999,2024-09-15,Growth,Smartphones,999
2025-01-19,iPhone16,106,999,2024-09-15,Growth,Smartphones,999
2025-01-20,iPhone16,83,999,2024-09-15,Growth,Smartphones,999
2025-01-21,iPhone16,81,999,2024-09-15,Growth,Smartphones,1048.95
2025-01-22,iPhone16,90,999,2024-09-15,Growth,Smartphones,1048.95
2025-01-23,iPhone16,83,999,2024-09-15,Growth,Smartphones,999
2025-01-24,iPhone16,94,999,2024-09-15,Growth,Smartphones,999
2025-01-25,iPhone16,101,999,2024-09-15,Growth,Smartphones,999
2025-01-26,iPhone16,105,999,2024-09-15,Growth,Smartphones,949.05
2025-01-27,iPhone16,89,999,2024-09-15,Growth,Smartphones,999
2025-01-28,iPhone16,86,999,2024-09-15,Growth,Smartphones,1048.95
2025-01-29,iPhone16,90,999,2024-09-15,Growth,Smartphones,999
2025-01-30,iPhone16,85,999,2024-09-15,Growth,Smartphones,999
2025-01-31,iPhone16,91,999,2024-09-15,Growth,Smartphones,999
2025-02-01,iPhone16,110,999,2024-09-15,Growth,Smartphones,1048.95
2025-02-02,iPhone16,97,999,2024-09-15,Growth,Smartphones,999
2025-02-03,iPhone16,89,999,2024-09-15,Growth,Smartphones,1048.95
2025-02-04,iPhone16,84,999,2024-09-15,Growth,Smartphones,999
2025-02-05,iPhone16,92,999,2024-09-15,Growth,Smartphones,999
2025-02-06,iPhone16,86,999,2024-09-15,Growth,Smartphones,1048.95
2025-02-07,iPhone16,106,999,2024-09-15,Growth,Smartphones,949.05
2025-02-08,iPhone16,107,999,2024-09-15,Growth,Smartphones,999
2025-02-09,iPhone16,98,999,2024-09-15,Growth,Smartphones,949.05
2025-02-10,iPhone16,85,999,2024-09-15,Growth,Smartphones,999
2025-02-11,iPhone16,86,999,2024-09-15,Growth,Smartphones,999
2025-02-12,iPhone16,98,999,2024-09-15,Growth,Smartphones,999
2025-02-13,iPhone16,114,999,2024-09-15,Growth,Smartphones,1048.95
2025-02-14,iPhone16,112,999,2024-09-15,Growth,Smartphones,949.05
2025-02-15,iPhone16,111,999,2024-09-15,Growth,Smartphones,1048.95
2025-02-16,iPhone16,108,999,2024-09-15,Growth,Smartphones,999
2025-02-17,iPhone16,92,999,2024-09-15,Growth,Smartphones,999
2025-02-18,iPhone16,88,999,2024-09-15,Growth,Smartphones,999
2025-02-19,iPhone16,95,999,2024-09-15,Growth,Smartphones,999
2025-02-20,iPhone16,95,999,2024-09-15,Growth,Smartphones,999
2025-02-21,iPhone16,114,999,2024-09-15,Growth,Smartphones,1048.95
2025-02-22,iPhone16,103,999,2024-09-15,Growth,Smartphones,999
2025-02-23,iPhone16,121,999,2024-09-15,Growth,Smartphones,1048.95
2025-02-24,iPhone16,98,999,2024-09-15,Growth,Smartphones,999
2025-02-25,iPhone16,92,999,2024-09-15,Growth,Smartphones,999
2025-02-26,iPhone16,91,999,2024-09-15,Growth,Smartphones,999
2025-02-27,iPhone16,100,999,2024-09-15,Growth,Smartphones,999
2025-02-28,iPhone16,112,999,2024-09-15,Growth,Smartphones,999
2025-03-01,iPhone16,106,999,2024-09-15,Growth,Smartphones,999
2025-03-02,iPhone16,111,999,2024-09-15,Growth,Smartphones,1048.95
2025-03-03,iPhone16,101,999,2024-09-15,Growth,Smartphones,999
2025-03-04,iPhone16,94,999,2024-09-15,Growth,Smartphones,999
2025-03-05,iPhone16,100,999,2024-09-15,Growth,Smartphones,999
2025-03-06,iPhone16,92,999,2024-09-15,Growth,Smartphones,1048.95
2025-03-07,iPhone16,117,999,2024-09-15,Growth,Smartphones,1048.95
2025-03-08,iPhone16,97,999,2024-09-15,Growth,Smartphones,999
2025-03-09,iPhone16,107,999,2024-09-15,Growth,Smartphones,949.05
2025-03-10,iPhone16,103,999,2024-09-15,Growth,Smartphones,999
2025-03-11,iPhone16,106,999,2024-09-15,Growth,Smartphones,999
2025-03-12,iPhone16,99,999,2024-09-15,Growth,Smartphones,999
2025-03-13,iPhone16,101,999,2024-09-15,Growth,Smartphones,999
2025-03-14,iPhone16,122,999,2024-09-15,Growth,Smartphones,999
2025-03-15,iPhone16,118,999,2024-09-15,Growth,Smartphones,999
2025-03-16,iPhone16,133,999,2024-09-15,Growth,Smartphones,1048.95
2025-03-17,iPhone16,110,999,2024-09-15,Growth,Smartphones,999
2025-03-18,iPhone16,105,999,2024-09-15,Growth,Smartphones,949.05
2025-03-19,iPhone16,103,999,2024-09-15,Growth,Smartphones,999
2025-03-20,iPhone16,95,999,2024-09-15,Growth,Smartphones,999
2025-03-21,iPhone16,132,999,2024-09-15,Growth,Smartphones,999
2025-03-22,iPhone16,123,999,2024-09-15,Growth,Smartphones,1048.95
2025-03-23,iPhone16,106,999,2024-09-15,Growth,Smartphones,999
2025-03-24,iPhone16,112,999,2024-09-15,Growth,Smartphones,999
2025-03-25,iPhone16,106,999,2024-09-15,Growth,Smartphones,949.05
2025-03-26,iPhone16,130,999,2024-09-15,Growth,Smartphones,949.05
2025-03-27,iPhone16,128,999,2024-09-15,Growth,Smartphones,999
2025-03-28,iPhone16,140,999,2024-09-15,Growth,Smartphones,1048.95
2025-03-29,iPhone16,137,999,2024-09-15,Growth,Smartphones,999
2025-03-30,iPhone16,131,999,2024-09-15,Growth,Smartphones,949.05
2025-03-31,iPhone16,110,999,2024-09-15,Growth,Smartphones,1048.95
2024-01-01,GalaxyS24,0,799,2024-01-10,Maturity,Smartphones,799
2024-01-02,GalaxyS24,0,799,2024-01-10,Maturity,Smartphones,799
2024-01-03,GalaxyS24,0,799,2024-01-10,Maturity,Smartphones,838.95
2024-01-04,GalaxyS24,0,799,2024-01-10,Maturity,Smartphones,799
2024-01-05,GalaxyS24,0,799,2024-01-10,Maturity,Smartphones,799
2024-01-06,GalaxyS24,0,799,2024-01-10,Maturity,Smartphones,799
2024-01-07,GalaxyS24,0,799,2024-01-10,Maturity,Smartphones,838.95
2024-01-08,GalaxyS24,0,799,2024-01-10,Maturity,Smartphones,759.05
2024-01-09,GalaxyS24,0,799,2024-01-10,Maturity,Smartphones,838.95
2024-01-10,GalaxyS24,56,799,2024-01-10,Maturity,Smartphones,759.05
2024-01-11,GalaxyS24,55,799,2024-01-10,Maturity,Smartphones,799
2024-01-12,GalaxyS24,70,799,2024-01-10,Maturity,Smartphones,838.95
2024-01-13,GalaxyS24,60,799,2024-01-10,Maturity,Smartphones,838.95
2024-01-14,GalaxyS24,60,799,2024-01-10,Maturity,Smartphones,838.95
2024-01-15,GalaxyS24,54,799,2024-01-10,Maturity,Smartphones,838.95
2024-01-16,GalaxyS24,55,799,2024-01-10,Maturity,Smartphones,759.05
2024-01-17,GalaxyS24,55,799,2024-01-10,Maturity,Smartphones,799
2024-01-18,GalaxyS24,54,799,2024-01-10,Maturity,Smartphones,799
2024-01-19,GalaxyS24,63,799,2024-01-10,Maturity,Smartphones,838.95
2024-01-20,GalaxyS24,62,799,2024-01-10,Maturity,Smartphones,799
2024-01-21,GalaxyS24,61,799,2024-01-10,Maturity,Smartphones,799
2024-01-22,GalaxyS24,55,799,2024-01-10,Maturity,Smartphones,838.95
2024-01-23,GalaxyS24,55,799,2024-01-10,Maturity,Smartphones,799
2024-01-24,GalaxyS24,52,799,2024-01-10,Maturity,Smartphones,799
2024-01-25,GalaxyS24,53,799,2024-01-10,Maturity,Smartphones,799
2024-01-26,GalaxyS24,62,799,2024-01-10,Maturity,Smartphones,838.95
2024-01-27,GalaxyS24,67,799,2024-01-10,Maturity,Smartphones,838.95
2024-01-28,GalaxyS24,65,799,2024-01-10,Maturity,Smartphones,838.95
2024-01-29,GalaxyS24,56,799,2024-01-10,Maturity,Smartphones,799
2024-01-30,GalaxyS24,58,799,2024-01-10,Maturity,Smartphones,838.95
2024-01-31,GalaxyS24,56,799,2024-01-10,Maturity,Smartphones,838.95
2024-02-01,GalaxyS24,55,799,2024-01-10,Maturity,Smartphones,799
2024-02-02,GalaxyS24,67,799,2024-01-10,Maturity,Smartphones,799
2024-02-03,GalaxyS24,58,799,2024-01-10,Maturity,Smartphones,799
2024-02-04,GalaxyS24,60,799,2024-01-10,Maturity,Smartphones,799
2024-02-05,GalaxyS24,55,799,2024-01-10,Maturity,Smartphones,838.95
2024-02-06,GalaxyS24,59,799,2024-01-10,Maturity,Smartphones,799
2024-02-07,GalaxyS24,57,799,2024-01-10,Maturity,Smartphones,838.95
2024-02-08,GalaxyS24,50,799,2024-01-10,Maturity,Smartphones,838.95
2024-02-09,GalaxyS24,61,799,2024-01-10,Maturity,Smartphones,799
2024-02-10,GalaxyS24,63,799,2024-01-10,Maturity,Smartphones,799
2024-02-11,GalaxyS24,65,799,2024-01-10,Maturity,Smartphones,838.95
2024-02-12,GalaxyS24,54,799,2024-01-10,Maturity,Smartphones,799
2024-02-13,GalaxyS24,56,799,2024-01-10,Maturity,Smartphones,799
2024-02-14,GalaxyS24,56,799,2024-01-10,Maturity,Smartphones,799
2024-02-15,GalaxyS24,59,799,2024-01-10,Maturity,Smartphones,838.95
2024-02-16,GalaxyS24,63,799,2024-01-10,Maturity,Smartphones,799
2024-02-17,GalaxyS24,63,799,2024-01-10,Maturity,Smartphones,759.05
2024-02-18,GalaxyS24,61,799,2024-01-10,Maturity,Smartphones,799
2024-02-19,GalaxyS24,51,799,2024-01-10,Maturity,Smartphones,799
2024-02-20,GalaxyS24,54,799,2024-01-10,Maturity,Smartphones,759.05
2024-02-21,GalaxyS24,55,799,2024-01-10,Maturity,Smartphones,799
2024-02-22,GalaxyS24,54,799,2024-01-10,Maturity,Smartphones,799
2024-02-23,GalaxyS24,70,799,2024-01-10,Maturity,Smartphones,799
2024-02-24,GalaxyS24,64,799,2024-01-10,Maturity,Smartphones,799
2024-02-25,GalaxyS24,63,799,2024-01-10,Maturity,Smartphones,799
2024-02-26,GalaxyS24,51,799,2024-01-10,Maturity,Smartphones,799
2024-02-27,GalaxyS24,51,799,2024-01-10,Maturity,Smartphones,759.05
2024-02-28,GalaxyS24,55,799,2024-01-10,Maturity,Smartphones,799
2024-02-29,GalaxyS24,50,799,2024-01-10,Maturity,Smartphones,759.05
2024-03-01,GalaxyS24,63,799,2024-01-10,Maturity,Smartphones,838.95
2024-03-02,GalaxyS24,64,799,2024-01-10,Maturity,Smartphones,799
2024-03-03,GalaxyS24,58,799,2024-01-10,Maturity,Smartphones,759.05
2024-03-04,GalaxyS24,53,799,2024-01-10,Maturity,Smartphones,838.95
2024-03-05,GalaxyS24,58,799,2024-01-10,Maturity,Smartphones,759.05
2024-03-06,GalaxyS24,56,799,2024-01-10,Maturity,Smartphones,799
2024-03-07,GalaxyS24,55,799,2024-01-10,Maturity,Smartphones,799
2024-03-08,GalaxyS24,62,799,2024-01-10,Maturity,Smartphones,799
2024-03-09,GalaxyS24,60,799,2024-01-10,Maturity,Smartphones,838.95
2024-03-10,GalaxyS24,56,799,2024-01-10,Maturity,Smartphones,799
2024-03-11,GalaxyS24,55,799,2024-01-10,Maturity,Smartphones,799
2024-03-12,GalaxyS24,51,799,2024-01-10,Maturity,Smartphones,799
2024-03-13,GalaxyS24,55,799,2024-01-10,Maturity,Smartphones,799
2024-03-14,GalaxyS24,56,799,2024-01-10,Maturity,Smartphones,759.05
2024-03-15,GalaxyS24,53,799,2024-01-10,Maturity,Smartphones,838.95
2024-03-16,GalaxyS24,55,799,2024-01-10,Maturity,Smartphones,838.95
2024-03-17,GalaxyS24,62,799,2024-01-10,Maturity,Smartphones,799
2024-03-18,GalaxyS24,56,799,2024-01-10,Maturity,Smartphones,759.05
2024-03-19,GalaxyS24,53,799,2024-01-10,Maturity,Smartphones,838.95
2024-03-20,GalaxyS24,52,799,2024-01-10,Maturity,Smartphones,759.05
2024-03-21,GalaxyS24,53,799,2024-01-10,Maturity,Smartphones,838.95
2024-03-22,GalaxyS24,61,799,2024-01-10,Maturity,Smartphones,799
2024-03-23,GalaxyS24,63,799,2024-01-10,Maturity,Smartphones,799
2024-03-24,GalaxyS24,62,799,2024-01-10,Maturity,Smartphones,838.95
2024-03-25,GalaxyS24,51,799,2024-01-10,Maturity,Smartphones,799
2024-03-26,GalaxyS24,65,799,2024-01-10,Maturity,Smartphones,799
2024-03-27,GalaxyS24,59,799,2024-01-10,Maturity,Smartphones,799
2024-03-28,GalaxyS24,58,799,2024-01-10,Maturity,Smartphones,838.95
2024-03-29,GalaxyS24,60,799,2024-01-10,Maturity,Smartphones,759.05
2024-03-30,GalaxyS24,62,799,2024-01-10,Maturity,Smartphones,799
2024-03-31,GalaxyS24,69,799,2024-01-10,Maturity,Smartphones,799
2024-04-01,GalaxyS24,54,799,2024-01-10,Maturity,Smartphones,838.95
2024-04-02,GalaxyS24,52,799,2024-01-10,Maturity,Smartphones,759.05
2024-04-03,GalaxyS24,58,799,2024-01-10,Maturity,Smartphones,799
2024-04-04,GalaxyS24,58,799,2024-01-10,Maturity,Smartphones,838.95
2024-04-05,GalaxyS24,65,799,2024-01-10,Maturity,Smartphones,838.95
2024-04-06,GalaxyS24,56,799,2024-01-10,Maturity,Smartphones,759.05
2024-04-07,GalaxyS24,63,799,2024-01-10,Maturity,Smartphones,799
2024-04-08,GalaxyS24,56,799,2024-01-10,Maturity,Smartphones,838.95
2024-04-09,GalaxyS24,49,799,2024-01-10,Maturity,Smartphones,759.05
2024-04-10,GalaxyS24,53,799,2024-01-10,Maturity,Smartphones,799
2024-04-11,GalaxyS24,56,799,2024-01-10,Maturity,Smartphones,838.95
2024-04-12,GalaxyS24,62,799,2024-01-10,Maturity,Smartphones,799
2024-04-13,GalaxyS24,64,799,2024-01-10,Maturity,Smartphones,838.95
2024-04-14,GalaxyS24,63,799,2024-01-10,Maturity,Smartphones,799
2024-04-15,GalaxyS24,52,799,2024-01-10,Maturity,Smartphones,838.95
2024-04-16,GalaxyS24,55,799,2024-01-10,Maturity,Smartphones,759.05
2024-04-17,GalaxyS24,53,799,2024-01-10,Maturity,Smartphones,759.05
2024-04-18,GalaxyS24,56,799,2024-01-10,Maturity,Smartphones,799
2024-04-19,GalaxyS24,61,799,2024-01-10,Maturity,Smartphones,799
2024-04-20,GalaxyS24,63,799,2024-01-10,Maturity,Smartphones,799
2024-04-21,GalaxyS24,66,799,2024-01-10,Maturity,Smartphones,799
2024-04-22,GalaxyS24,51,799,2024-01-10,Maturity,Smartphones,799
2024-04-23,GalaxyS24,52,799,2024-01-10,Maturity,Smartphones,799
2024-04-24,GalaxyS24,49,799,2024-01-10,Maturity,Smartphones,759.05
2024-04-25,GalaxyS24,53,799,2024-01-10,Maturity,Smartphones,838.95
2024-04-26,GalaxyS24,61,799,2024-01-10,Maturity,Smartphones,759.05
2024-04-27,GalaxyS24,56,799,2024-01-10,Maturity,Smartphones,838.95
2024-04-28,GalaxyS24,63,799,2024-01-10,Maturity,Smartphones,838.95
2024-04-29,GalaxyS24,51,799,2024-01-10,Maturity,Smartphones,799
2024-04-30,GalaxyS24,54,799,2024-01-10,Maturity,Smartphones,799
2024-05-01,GalaxyS24,50,799,2024-01-10,Maturity,Smartphones,799
2024-05-02,GalaxyS24,49,799,2024-01-10,Maturity,Smartphones,838.95
2024-05-03,GalaxyS24,62,799,2024-01-10,Maturity,Smartphones,799
2024-05-04,GalaxyS24,59,799,2024-01-10,Maturity,Smartphones,759.05
2024-05-05,GalaxyS24,59,799,2024-01-10,Maturity,Smartphones,799
2024-05-06,GalaxyS24,53,799,2024-01-10,Maturity,Smartphones,799
2024-05-07,GalaxyS24,52,799,2024-01-10,Maturity,Smartphones,799
2024-05-08,GalaxyS24,58,799,2024-01-10,Maturity,Smartphones,838.95
2024-05-09,GalaxyS24,60,799,2024-01-10,Maturity,Smartphones,838.95
2024-05-10,GalaxyS24,55,799,2024-01-10,Maturity,Smartphones,759.05
2024-05-11,GalaxyS24,60,799,2024-01-10,Maturity,Smartphones,799
2024-05-12,GalaxyS24,55,799,2024-01-10,Maturity,Smartphones,799
2024-05-13,GalaxyS24,52,799,2024-01-10,Maturity,Smartphones,799
2024-05-14,GalaxyS24,58,799,2024-01-10,Maturity,Smartphones,838.95
2024-05-15,GalaxyS24,48,799,2024-01-10,Maturity,Smartphones,759.05
2024-05-16,GalaxyS24,47,799,2024-01-10,Maturity,Smartphones,838.95
2024-05-17,GalaxyS24,65,799,2024-01-10,Maturity,Smartphones,759.05
2024-05-18,GalaxyS24,61,799,2024-01-10,Maturity,Smartphones,799
2024-05-19,GalaxyS24,62,799,2024-01-10,Maturity,Smartphones,799
2024-05-20,GalaxyS24,52,799,2024-01-10,Maturity,Smartphones,759.05
2024-05-21,GalaxyS24,55,799,2024-01-10,Maturity,Smartphones,799
2024-05-22,GalaxyS24,52,799,2024-01-10,Maturity,Smartphones,799
2024-05-23,GalaxyS24,51,799,2024-01-10,Maturity,Smartphones,799
2024-05-24,GalaxyS24,63,799,2024-01-10,Maturity,Smartphones,759.05
2024-05-25,GalaxyS24,59,799,2024-01-10,Maturity,Smartphones,799
2024-05-26,GalaxyS24,61,799,2024-01-10,Maturity,Smartphones,759.05
2024-05-27,GalaxyS24,54,799,2024-01-10,Maturity,Smartphones,799
2024-05-28,GalaxyS24,49,799,2024-01-10,Maturity,Smartphones,759.05
2024-05-29,GalaxyS24,51,799,2024-01-10,Maturity,Smartphones,759.05
2024-05-30,GalaxyS24,56,799,2024-01-10,Maturity,Smartphones,799
2024-05-31,GalaxyS24,64,799,2024-01-10,Maturity,Smartphones,799
2024-06-01,GalaxyS24,57,799,2024-01-10,Maturity,Smartphones,799
2024-06-02,GalaxyS24,61,799,2024-01-10,Maturity,Smartphones,838.95
2024-06-03,GalaxyS24,57,799,2024-01-10,Maturity,Smartphones,799
2024-06-04,GalaxyS24,50,799,2024-01-10,Maturity,Smartphones,838.95
2024-06-05,GalaxyS24,53,799,2024-01-10,Maturity,Smartphones,759.05
2024-06-06,GalaxyS24,48,799,2024-01-10,Maturity,Smartphones,799
2024-06-07,GalaxyS24,62,799,2024-01-10,Maturity,Smartphones,759.05
2024-06-08,GalaxyS24,60,799,2024-01-10,Maturity,Smartphones,799
2024-06-09,GalaxyS24,60,799,2024-01-10,Maturity,Smartphones,759.05
2024-06-10,GalaxyS24,52,799,2024-01-10,Maturity,Smartphones,799
2024-06-11,GalaxyS24,53,799,2024-01-10,Maturity,Smartphones,799
2024-06-12,GalaxyS24,48,799,2024-01-10,Maturity,Smartphones,838.95
2024-06-13,GalaxyS24,50,799,2024-01-10,Maturity,Smartphones,799
2024-06-14,GalaxyS24,58,799,2024-01-10,Maturity,Smartphones,838.95
2024-06-15,GalaxyS24,60,799,2024-01-10,Maturity,Smartphones,838.95
2024-06-16,GalaxyS24,60,799,2024-01-10,Maturity,Smartphones,799
2024-06-17,GalaxyS24,50,799,2024-01-10,Maturity,Smartphones,838.95
2024-06-18,GalaxyS24,48,799,2024-01-10,Maturity,Smartphones,799
2024-06-19,GalaxyS24,50,799,2024-01-10,Maturity,Smartphones,799
2024-06-20,GalaxyS24,54,799,2024-01-10,Maturity,Smartphones,799
2024-06-21,GalaxyS24,63,799,2024-01-10,Maturity,Smartphones,799
2024-06-22,GalaxyS24,54,799,2024-01-10,Maturity,Smartphones,838.95
2024-06-23,GalaxyS24,63,799,2024-01-10,Maturity,Smartphones,799
2024-06-24,GalaxyS24,55,799,2024-01-10,Maturity,Smartphones,759.05
2024-06-25,GalaxyS24,52,799,2024-01-10,Maturity,Smartphones,759.05
2024-06-26,GalaxyS24,61,799,2024-01-10,Maturity,Smartphones,759.05
2024-06-27,GalaxyS24,59,799,2024-01-10,Maturity,Smartphones,799
2024-06-28,GalaxyS24,62,799,2024-01-10,Maturity,Smartphones,799
2024-06-29,GalaxyS24,63,799,2024-01-10,Maturity,Smartphones,759.05
2024-06-30,GalaxyS24,68,799,2024-01-10,Maturity,Smartphones,799
2024-07-01,GalaxyS24,52,799,2024-01-10,Maturity,Smartphones,838.95
2024-07-02,GalaxyS24,48,799,2024-01-10,Maturity,Smartphones,799
2024-07-03,GalaxyS24,53,799,2024-01-10,Maturity,Smartphones,799
2024-07-04,GalaxyS24,47,799,2024-01-10,Maturity,Smartphones,759.05
2024-07-05,GalaxyS24,57,799,2024-01-10,Maturity,Smartphones,799
2024-07-06,GalaxyS24,59,799,2024-01-10,Maturity,Smartphones,799
2024-07-07,GalaxyS24,55,799,2024-01-10,Maturity,Smartphones,799
2024-07-08,GalaxyS24,55,799,2024-01-10,Maturity,Smartphones,759.05
2024-07-09,GalaxyS24,53,799,2024-01-10,Maturity,Smartphones,759.05
2024-07-10,GalaxyS24,52,799,2024-01-10,Maturity,Smartphones,799
2024-07-11,GalaxyS24,48,799,2024-01-10,Maturity,Smartphones,799
2024-07-12,GalaxyS24,54,799,2024-01-10,Maturity,Smartphones,799
2024-07-13,GalaxyS24,62,799,2024-01-10,Maturity,Smartphones,799
2024-07-14,GalaxyS24,61,799,2024-01-10,Maturity,Smartphones,799
2024-07-15,GalaxyS24,52,799,2024-01-10,Maturity,Smartphones,759.05
2024-07-16,GalaxyS24,50,799,2024-01-10,Maturity,Smartphones,759.05
2024-07-17,GalaxyS24,52,799,2024-01-10,Maturity,Smartphones,838.95
2024-07-18,GalaxyS24,54,799,2024-01-10,Maturity,Smartphones,799
