data/sales_with_pricing_new(1).csv
date,product_id,units_sold,base_price,release_date,lifecycle,category,current_price
2024-07-19,GalaxyS24,58,799,2024-01-10,Maturity,Smartphones,759.05
2024-07-20,GalaxyS24,54,799,2024-01-10,Maturity,Smartphones,799
2024-07-21,GalaxyS24,56,799,2024-01-10,Maturity,Smartphones,799
2024-07-22,GalaxyS24,52,799,2024-01-10,Maturity,Smartphones,838.95
2024-07-23,GalaxyS24,50,799,2024-01-10,Maturity,Smartphones,799
2024-07-24,GalaxyS24,52,799,2024-01-10,Maturity,Smartphones,799
2024-07-25,GalaxyS24,53,799,2024-01-10,Maturity,Smartphones,799
2024-07-26,GalaxyS24,63,799,2024-01-10,Maturity,Smartphones,799
2024-07-27,GalaxyS24,63,799,2024-01-10,Maturity,Smartphones,838.95
2024-07-28,GalaxyS24,55,799,2024-01-10,Maturity,Smartphones,838.95
2024-07-29,GalaxyS24,54,799,2024-01-10,Maturity,Smartphones,838.95
2024-07-30,GalaxyS24,54,799,2024-01-10,Maturity,Smartphones,838.95
2024-07-31,GalaxyS24,50,799,2024-01-10,Maturity,Smartphones,799
2024-08-01,GalaxyS24,54,799,2024-01-10,Maturity,Smartphones,838.95
2024-08-02,GalaxyS24,57,799,2024-01-10,Maturity,Smartphones,838.95
2024-08-03,GalaxyS24,57,799,2024-01-10,Maturity,Smartphones,799
2024-08-04,GalaxyS24,61,799,2024-01-10,Maturity,Smartphones,759.05
2024-08-05,GalaxyS24,49,799,2024-01-10,Maturity,Smartphones,838.95
2024-08-06,GalaxyS24,50,799,2024-01-10,Maturity,Smartphones,759.05
2024-08-07,GalaxyS24,52,799,2024-01-10,Maturity,Smartphones,759.05
2024-08-08,GalaxyS24,57,799,2024-01-10,Maturity,Smartphones,799
2024-08-09,GalaxyS24,57,799,2024-01-10,Maturity,Smartphones,759.05
2024-08-10,GalaxyS24,59,799,2024-01-10,Maturity,Smartphones,759.05
2024-08-11,GalaxyS24,66,799,2024-01-10,Maturity,Smartphones,799
2024-08-12,GalaxyS24,52,799,2024-01-10,Maturity,Smartphones,799
2024-08-13,GalaxyS24,54,799,2024-01-10,Maturity,Smartphones,759.05
2024-08-14,GalaxyS24,51,799,2024-01-10,Maturity,Smartphones,799
2024-08-15,GalaxyS24,51,799,2024-01-10,Maturity,Smartphones,799
2024-08-16,GalaxyS24,61,799,2024-01-10,Maturity,Smartphones,799
2024-08-17,GalaxyS24,53,799,2024-01-10,Maturity,Smartphones,838.95
2024-08-18,GalaxyS24,55,799,2024-01-10,Maturity,Smartphones,799
2024-08-19,GalaxyS24,51,799,2024-01-10,Maturity,Smartphones,838.95
2024-08-20,GalaxyS24,47,799,2024-01-10,Maturity,Smartphones,759.05
2024-08-21,GalaxyS24,49,799,2024-01-10,Maturity,Smartphones,799
2024-08-22,GalaxyS24,51,799,2024-01-10,Maturity,Smartphones,799
2024-08-23,GalaxyS24,53,799,2024-01-10,Maturity,Smartphones,799
2024-08-24,GalaxyS24,58,799,2024-01-10,Maturity,Smartphones,799
2024-08-25,GalaxyS24,58,799,2024-01-10,Maturity,Smartphones,759.05
2024-08-26,GalaxyS24,54,799,2024-01-10,Maturity,Smartphones,799
2024-08-27,GalaxyS24,50,799,2024-01-10,Maturity,Smartphones,759.05
2024-08-28,GalaxyS24,52,799,2024-01-10,Maturity,Smartphones,799
2024-08-29,GalaxyS24,51,799,2024-01-10,Maturity,Smartphones,799
2024-08-30,GalaxyS24,54,799,2024-01-10,Maturity,Smartphones,799
2024-08-31,GalaxyS24,60,799,2024-01-10,Maturity,Smartphones,799
2024-09-01,GalaxyS24,56,799,2024-01-10,Maturity,Smartphones,799
2024-09-02,GalaxyS24,53,799,2024-01-10,Maturity,Smartphones,799
2024-09-03,GalaxyS24,52,799,2024-01-10,Maturity,Smartphones,799
2024-09-04,GalaxyS24,48,799,2024-01-10,Maturity,Smartphones,759.05
2024-09-05,GalaxyS24,53,799,2024-01-10,Maturity,Smartphones,799
2024-09-06,GalaxyS24,61,799,2024-01-10,Maturity,Smartphones,799
2024-09-07,GalaxyS24,59,799,2024-01-10,Maturity,Smartphones,799
2024-09-08,GalaxyS24,55,799,2024-01-10,Maturity,Smartphones,799
2024-09-09,GalaxyS24,48,799,2024-01-10,Maturity,Smartphones,799
2024-09-10,GalaxyS24,49,799,2024-01-10,Maturity,Smartphones,799
2024-09-11,GalaxyS24,48,799,2024-01-10,Maturity,Smartphones,759.05
2024-09-12,GalaxyS24,52,799,2024-01-10,Maturity,Smartphones,838.95
2024-09-13,GalaxyS24,64,799,2024-01-10,Maturity,Smartphones,838.95
2024-09-14,GalaxyS24,65,799,2024-01-10,Maturity,Smartphones,838.95
2024-09-15,GalaxyS24,59,799,2024-01-10,Maturity,Smartphones,838.95
2024-09-16,GalaxyS24,49,799,2024-01-10,Maturity,Smartphones,799
2024-09-17,GalaxyS24,50,799,2024-01-10,Maturity,Smartphones,799
2024-09-18,GalaxyS24,50,799,2024-01-10,Maturity,Smartphones,799
2024-09-19,GalaxyS24,54,799,2024-01-10,Maturity,Smartphones,799
2024-09-20,GalaxyS24,58,799,2024-01-10,Maturity,Smartphones,799
2024-09-21,GalaxyS24,57,799,2024-01-10,Maturity,Smartphones,799
2024-09-22,GalaxyS24,63,799,2024-01-10,Maturity,Smartphones,838.95
2024-09-23,GalaxyS24,49,799,2024-01-10,Maturity,Smartphones,759.05
2024-09-24,GalaxyS24,49,799,2024-01-10,Maturity,Smartphones,838.95
2024-09-25,GalaxyS24,55,799,2024-01-10,Maturity,Smartphones,799
2024-09-26,GalaxyS24,59,799,2024-01-10,Maturity,Smartphones,759.05
2024-09-27,GalaxyS24,64,799,2024-01-10,Maturity,Smartphones,799
2024-09-28,GalaxyS24,66,799,2024-01-10,Maturity,Smartphones,838.95
2024-09-29,GalaxyS24,69,799,2024-01-10,Maturity,Smartphones,759.05
2024-09-30,GalaxyS24,57,799,2024-01-10,Maturity,Smartphones,759.05
2024-10-01,GalaxyS24,53,799,2024-01-10,Maturity,Smartphones,799
2024-10-02,GalaxyS24,51,799,2024-01-10,Maturity,Smartphones,799
2024-10-03,GalaxyS24,53,799,2024-01-10,Maturity,Smartphones,799
2024-10-04,GalaxyS24,54,799,2024-01-10,Maturity,Smartphones,759.05
2024-10-05,GalaxyS24,50,799,2024-01-10,Maturity,Smartphones,799
2024-10-06,GalaxyS24,59,799,2024-01-10,Maturity,Smartphones,838.95
2024-10-07,GalaxyS24,53,799,2024-01-10,Maturity,Smartphones,799
2024-10-08,GalaxyS24,49,799,2024-01-10,Maturity,Smartphones,759.05
2024-10-09,GalaxyS24,52,799,2024-01-10,Maturity,Smartphones,838.95
2024-10-10,GalaxyS24,48,799,2024-01-10,Maturity,Smartphones,799
2024-10-11,GalaxyS24,61,799,2024-01-10,Maturity,Smartphones,759.05
2024-10-12,GalaxyS24,62,799,2024-01-10,Maturity,Smartphones,759.05
2024-10-13,GalaxyS24,53,799,2024-01-10,Maturity,Smartphones,799
2024-10-14,GalaxyS24,50,799,2024-01-10,Maturity,Smartphones,799
2024-10-15,GalaxyS24,52,799,2024-01-10,Maturity,Smartphones,759.05
2024-10-16,GalaxyS24,47,799,2024-01-10,Maturity,Smartphones,799
2024-10-17,GalaxyS24,53,799,2024-01-10,Maturity,Smartphones,799
2024-10-18,GalaxyS24,64,799,2024-01-10,Maturity,Smartphones,799
2024-10-19,GalaxyS24,54,799,2024-01-10,Maturity,Smartphones,799
2024-10-20,GalaxyS24,61,799,2024-01-10,Maturity,Smartphones,759.05
2024-10-21,GalaxyS24,48,799,2024-01-10,Maturity,Smartphones,799
2024-10-22,GalaxyS24,52,799,2024-01-10,Maturity,Smartphones,799
2024-10-23,GalaxyS24,57,799,2024-01-10,Maturity,Smartphones,799
2024-10-24,GalaxyS24,49,799,2024-01-10,Maturity,Smartphones,759.05
2024-10-25,GalaxyS24,61,799,2024-01-10,Maturity,Smartphones,799
2024-10-26,GalaxyS24,53,799,2024-01-10,Maturity,Smartphones,799
2024-10-27,GalaxyS24,59,799,2024-01-10,Maturity,Smartphones,759.05
2024-10-28,GalaxyS24,50,799,2024-01-10,Maturity,Smartphones,799
2024-10-29,GalaxyS24,47,799,2024-01-10,Maturity,Smartphones,799
2024-10-30,GalaxyS24,49,799,2024-01-10,Maturity,Smartphones,799
2024-10-31,GalaxyS24,54,799,2024-01-10,Maturity,Smartphones,838.95
2024-11-01,GalaxyS24,59,799,2024-01-10,Maturity,Smartphones,713.11
2024-11-02,GalaxyS24,58,799,2024-01-10,Maturity,Smartphones,679.15
2024-11-03,GalaxyS24,57,799,2024-01-10,Maturity,Smartphones,679.15
2024-11-04,GalaxyS24,50,799,2024-01-10,Maturity,Smartphones,679.15
2024-11-05,GalaxyS24,53,799,2024-01-10,Maturity,Smartphones,679.15
2024-11-06,GalaxyS24,51,799,2024-01-10,Maturity,Smartphones,713.11
2024-11-07,GalaxyS24,49,799,2024-01-10,Maturity,Smartphones,679.15
2024-11-08,GalaxyS24,54,799,2024-01-10,Maturity,Smartphones,679.15
2024-11-09,GalaxyS24,53,799,2024-01-10,Maturity,Smartphones,713.11
2024-11-10,GalaxyS24,57,799,2024-01-10,Maturity,Smartphones,679.15
2024-11-11,GalaxyS24,49,799,2024-01-10,Maturity,Smartphones,645.19
2024-11-12,GalaxyS24,49,799,2024-01-10,Maturity,Smartphones,713.11
2024-11-13,GalaxyS24,48,799,2024-01-10,Maturity,Smartphones,679.15
2024-11-14,GalaxyS24,44,799,2024-01-10,Maturity,Smartphones,645.19
2024-11-15,GalaxyS24,54,799,2024-01-10,Maturity,Smartphones,713.11
2024-11-16,GalaxyS24,58,799,2024-01-10,Maturity,Smartphones,713.11
2024-11-17,GalaxyS24,59,799,2024-01-10,Maturity,Smartphones,645.19
2024-11-18,GalaxyS24,50,799,2024-01-10,Maturity,Smartphones,679.15
2024-11-19,GalaxyS24,52,799,2024-01-10,Maturity,Smartphones,679.15
2024-11-20,GalaxyS24,52,799,2024-01-10,Maturity,Smartphones,679.15
2024-11-21,GalaxyS24,52,799,2024-01-10,Maturity,Smartphones,645.19
2024-11-22,GalaxyS24,63,799,2024-01-10,Maturity,Smartphones,645.19
2024-11-23,GalaxyS24,50,799,2024-01-10,Maturity,Smartphones,713.11
2024-11-24,GalaxyS24,58,799,2024-01-10,Maturity,Smartphones,713.11
2024-11-25,GalaxyS24,47,799,2024-01-10,Maturity,Smartphones,713.11
2024-11-26,GalaxyS24,53,799,2024-01-10,Maturity,Smartphones,679.15
2024-11-27,GalaxyS24,49,799,2024-01-10,Maturity,Smartphones,645.19
2024-11-28,GalaxyS24,52,799,2024-01-10,Maturity,Smartphones,679.15
2024-11-29,GalaxyS24,55,799,2024-01-10,Maturity,Smartphones,679.15
2024-11-30,GalaxyS24,54,799,2024-01-10,Maturity,Smartphones,679.15
2024-12-01,GalaxyS24,59,799,2024-01-10,Maturity,Smartphones,799
2024-12-02,GalaxyS24,48,799,2024-01-10,Maturity,Smartphones,799
2024-12-03,GalaxyS24,48,799,2024-01-10,Maturity,Smartphones,838.95
2024-12-04,GalaxyS24,46,799,2024-01-10,Maturity,Smartphones,759.05
2024-12-05,GalaxyS24,43,799,2024-01-10,Maturity,Smartphones,799
2024-12-06,GalaxyS24,61,799,2024-01-10,Maturity,Smartphones,799
2024-12-07,GalaxyS24,55,799,2024-01-10,Maturity,Smartphones,799
2024-12-08,GalaxyS24,50,799,2024-01-10,Maturity,Smartphones,799
2024-12-09,GalaxyS24,46,799,2024-01-10,Maturity,Smartphones,799
2024-12-10,GalaxyS24,48,799,2024-01-10,Maturity,Smartphones,799
2024-12-11,GalaxyS24,55,799,2024-01-10,Maturity,Smartphones,799
2024-12-12,GalaxyS24,45,799,2024-01-10,Maturity,Smartphones,838.95
2024-12-13,GalaxyS24,63,799,2024-01-10,Maturity,Smartphones,838.95
2024-12-14,GalaxyS24,62,799,2024-01-10,Maturity,Smartphones,838.95
2024-12-15,GalaxyS24,56,799,2024-01-10,Maturity,Smartphones,799
2024-12-16,GalaxyS24,49,799,2024-01-10,Maturity,Smartphones,759.05
2024-12-17,GalaxyS24,51,799,2024-01-10,Maturity,Smartphones,799
2024-12-18,GalaxyS24,49,799,2024-01-10,Maturity,Smartphones,799
2024-12-19,GalaxyS24,52,799,2024-01-10,Maturity,Smartphones,799
2024-12-20,GalaxyS24,81,799,2024-01-10,Maturity,Smartphones,799
2024-12-21,GalaxyS24,84,799,2024-01-10,Maturity,Smartphones,799
2024-12-22,GalaxyS24,80,799,2024-01-10,Maturity,Smartphones,799
2024-12-23,GalaxyS24,71,799,2024-01-10,Maturity,Smartphones,799
2024-12-24,GalaxyS24,72,799,2024-01-10,Maturity,Smartphones,838.95
2024-12-25,GalaxyS24,72,799,2024-01-10,Maturity,Smartphones,799
2024-12-26,GalaxyS24,73,799,2024-01-10,Maturity,Smartphones,799
2024-12-27,GalaxyS24,84,799,2024-01-10,Maturity,Smartphones,838.95
2024-12-28,GalaxyS24,83,799,2024-01-10,Maturity,Smartphones,799
2024-12-29,GalaxyS24,90,799,2024-01-10,Maturity,Smartphones,838.95
2024-12-30,GalaxyS24,75,799,2024-01-10,Maturity,Smartphones,799
2024-12-31,GalaxyS24,74,799,2024-01-10,Maturity,Smartphones,799
2025-01-01,GalaxyS24,53,799,2024-01-10,Maturity,Smartphones,799
2025-01-02,GalaxyS24,51,799,2024-01-10,Maturity,Smartphones,799
2025-01-03,GalaxyS24,57,799,2024-01-10,Maturity,Smartphones,759.05
2025-01-04,GalaxyS24,47,799,2024-01-10,Maturity,Smartphones,838.95
2025-01-05,GalaxyS24,52,799,2024-01-10,Maturity,Smartphones,838.95
2025-01-06,GalaxyS24,47,799,2024-01-10,Maturity,Smartphones,759.05
2025-01-07,GalaxyS24,46,799,2024-01-10,Maturity,Smartphones,799
2025-01-08,GalaxyS24,48,799,2024-01-10,Maturity,Smartphones,799
2025-01-09,GalaxyS24,46,799,2024-01-10,Maturity,Smartphones,799
2025-01-10,GalaxyS24,58,799,2024-01-10,Maturity,Smartphones,838.95
2025-01-11,GalaxyS24,53,799,2024-01-10,Maturity,Smartphones,799
2025-01-12,GalaxyS24,57,799,2024-01-10,Maturity,Smartphones,799
2025-01-13,GalaxyS24,49,799,2024-01-10,Maturity,Smartphones,799
2025-01-14,GalaxyS24,51,799,2024-01-10,Maturity,Smartphones,799
2025-01-15,GalaxyS24,50,799,2024-01-10,Maturity,Smartphones,799
2025-01-16,GalaxyS24,47,799,2024-01-10,Maturity,Smartphones,799
2025-01-17,GalaxyS24,51,799,2024-01-10,Maturity,Smartphones,799
2025-01-18,GalaxyS24,54,799,2024-01-10,Maturity,Smartphones,799
2025-01-19,GalaxyS24,57,799,2024-01-10,Maturity,Smartphones,799
2025-01-20,GalaxyS24,44,799,2024-01-10,Maturity,Smartphones,799
2025-01-21,GalaxyS24,48,799,2024-01-10,Maturity,Smartphones,799
2025-01-22,GalaxyS24,41,799,2024-01-10,Maturity,Smartphones,799
2025-01-23,GalaxyS24,47,799,2024-01-10,Maturity,Smartphones,799
2025-01-24,GalaxyS24,54,799,2024-01-10,Maturity,Smartphones,759.05
2025-01-25,GalaxyS24,55,799,2024-01-10,Maturity,Smartphones,799
2025-01-26,GalaxyS24,59,799,2024-01-10,Maturity,Smartphones,799
2025-01-27,GalaxyS24,45,799,2024-01-10,Maturity,Smartphones,799
2025-01-28,GalaxyS24,48,799,2024-01-10,Maturity,Smartphones,799
2025-01-29,GalaxyS24,47,799,2024-01-10,Maturity,Smartphones,799
2025-01-30,GalaxyS24,40,799,2024-01-10,Maturity,Smartphones,799
2025-01-31,GalaxyS24,56,799,2024-01-10,Maturity,Smartphones,799
2025-02-01,GalaxyS24,53,799,2024-01-10,Maturity,Smartphones,838.95
2025-02-02,GalaxyS24,54,799,2024-01-10,Maturity,Smartphones,759.05
2025-02-03,GalaxyS24,53,799,2024-01-10,Maturity,Smartphones,799
2025-02-04,GalaxyS24,47,799,2024-01-10,Maturity,Smartphones,759.05
2025-02-05,GalaxyS24,48,799,2024-01-10,Maturity,Smartphones,838.95
2025-02-06,GalaxyS24,48,799,2024-01-10,Maturity,Smartphones,799
2025-02-07,GalaxyS24,50,799,2024-01-10,Maturity,Smartphones,799
2025-02-08,GalaxyS24,57,799,2024-01-10,Maturity,Smartphones,759.05
2025-02-09,GalaxyS24,56,799,2024-01-10,Maturity,Smartphones,799
2025-02-10,GalaxyS24,47,799,2024-01-10,Maturity,Smartphones,759.05
2025-02-11,GalaxyS24,46,799,2024-01-10,Maturity,Smartphones,799
2025-02-12,GalaxyS24,46,799,2024-01-10,Maturity,Smartphones,799
2025-02-13,GalaxyS24,47,799,2024-01-10,Maturity,Smartphones,799
2025-02-14,GalaxyS24,60,799,2024-01-10,Maturity,Smartphones,799
2025-02-15,GalaxyS24,54,799,2024-01-10,Maturity,Smartphones,759.05
2025-02-16,GalaxyS24,52,799,2024-01-10,Maturity,Smartphones,838.95
2025-02-17,GalaxyS24,43,799,2024-01-10,Maturity,Smartphones,799
2025-02-18,GalaxyS24,50,799,2024-01-10,Maturity,Smartphones,799
2025-02-19,GalaxyS24,49,799,2024-01-10,Maturity,Smartphones,799
2025-02-20,GalaxyS24,47,799,2024-01-10,Maturity,Smartphones,799
2025-02-21,GalaxyS24,57,799,2024-01-10,Maturity,Smartphones,799
2025-02-22,GalaxyS24,60,799,2024-01-10,Maturity,Smartphones,799
2025-02-23,GalaxyS24,54,799,2024-01-10,Maturity,Smartphones,838.95
2025-02-24,GalaxyS24,47,799,2024-01-10,Maturity,Smartphones,799
2025-02-25,GalaxyS24,50,799,2024-01-10,Maturity,Smartphones,799
2025-02-26,GalaxyS24,45,799,2024-01-10,Maturity,Smartphones,799
2025-02-27,GalaxyS24,51,799,2024-01-10,Maturity,Smartphones,799
2025-02-28,GalaxyS24,58,799,2024-01-10,Maturity,Smartphones,799
2025-03-01,GalaxyS24,57,799,2024-01-10,Maturity,Smartphones,799
2025-03-02,GalaxyS24,62,799,2024-01-10,Maturity,Smartphones,838.95
2025-03-03,GalaxyS24,48,799,2024-01-10,Maturity,Smartphones,799
2025-03-04,GalaxyS24,46,799,2024-01-10,Maturity,Smartphones,799
2025-03-05,GalaxyS24,46,799,2024-01-10,Maturity,Smartphones,838.95
2025-03-06,GalaxyS24,46,799,2024-01-10,Maturity,Smartphones,799
2025-03-07,GalaxyS24,50,799,2024-01-10,Maturity,Smartphones,759.05
2025-03-08,GalaxyS24,54,799,2024-01-10,Maturity,Smartphones,799
2025-03-09,GalaxyS24,55,799,2024-01-10,Maturity,Smartphones,799
2025-03-10,GalaxyS24,48,799,2024-01-10,Maturity,Smartphones,799
2025-03-11,GalaxyS24,48,799,2024-01-10,Maturity,Smartphones,799
2025-03-12,GalaxyS24,50,799,2024-01-10,Maturity,Smartphones,759.05
2025-03-13,GalaxyS24,52,799,2024-01-10,Maturity,Smartphones,799
2025-03-14,GalaxyS24,54,799,2024-01-10,Maturity,Smartphones,799
2025-03-15,GalaxyS24,50,799,2024-01-10,Maturity,Smartphones,799
2025-03-16,GalaxyS24,56,799,2024-01-10,Maturity,Smartphones,759.05
2025-03-17,GalaxyS24,48,799,2024-01-10,Maturity,Smartphones,759.05
2025-03-18,GalaxyS24,45,799,2024-01-10,Maturity,Smartphones,799
2025-03-19,GalaxyS24,46,799,2024-01-10,Maturity,Smartphones,799
2025-03-20,GalaxyS24,50,799,2024-01-10,Maturity,Smartphones,799
2025-03-21,GalaxyS24,56,799,2024-01-10,Maturity,Smartphones,799
2025-03-22,GalaxyS24,48,799,2024-01-10,Maturity,Smartphones,799
2025-03-23,GalaxyS24,44,799,2024-01-10,Maturity,Smartphones,838.95
2025-03-24,GalaxyS24,41,799,2024-01-10,Maturity,Smartphones,799
2025-03-25,GalaxyS24,50,799,2024-01-10,Maturity,Smartphones,799
2025-03-26,GalaxyS24,46,799,2024-01-10,Maturity,Smartphones,799
2025-03-27,GalaxyS24,42,799,2024-01-10,Maturity,Smartphones,838.95
2025-03-28,GalaxyS24,59,799,2024-01-10,Maturity,Smartphones,759.05
2025-03-29,GalaxyS24,51,799,2024-01-10,Maturity,Smartphones,799
2025-03-30,GalaxyS24,54,799,2024-01-10,Maturity,Smartphones,759.05
2025-03-31,GalaxyS24,46,799,2024-01-10,Maturity,Smartphones,799
2024-01-01,GalaxyS25,0,899,2025-02-20,Growth,Smartphones,988.9
2024-01-02,GalaxyS25,0,899,2025-02-20,Growth,Smartphones,988.9
2024-01-03,GalaxyS25,0,899,2025-02-20,Growth,Smartphones,988.9
2024-01-04,GalaxyS25,0,899,2025-02-20,Growth,Smartphones,939.46
2024-01-05,GalaxyS25,0,899,2025-02-20,Growth,Smartphones,988.9
2024-01-06,GalaxyS25,0,899,2025-02-20,Growth,Smartphones,988.9
2024-01-07,GalaxyS25,0,899,2025-02-20,Growth,Smartphones,988.9
2024-01-08,GalaxyS25,0,899,2025-02-20,Growth,Smartphones,939.46
2024-01-09,GalaxyS25,0,899,2025-02-20,Growth,Smartphones,988.9
2024-01-10,GalaxyS25,0,899,2025-02-20,Growth,Smartphones,988.9
2024-01-11,GalaxyS25,0,899,2025-02-20,Growth,Smartphones,988.9
2024-01-12,GalaxyS25,0,899,2025-02-20,Growth,Smartphones,939.46
2024-01-13,GalaxyS25,0,899,2025-02-20,Growth,Smartphones,988.9
2024-01-14,GalaxyS25,0,899,2025-02-20,Growth,Smartphones,939.46
2024-01-15,GalaxyS25,0,899,2025-02-20,Growth,Smartphones,988.9
2024-01-16,GalaxyS25,0,899,2025-02-20,Growth,Smartphones,988.9
2024-01-17,GalaxyS25,0,899,2025-02-20,Growth,Smartphones,988.9
2024-01-18,GalaxyS25,0,899,2025-02-20,Growth,Smartphones,988.9
