data/sales_with_pricing_new(1).csv
date,product_id,units_sold,base_price,release_date,lifecycle,category,current_price
2024-10-27,GalaxyS25,0,899,2025-02-20,Growth,Smartphones,988.9
2024-10-28,GalaxyS25,0,899,2025-02-20,Growth,Smartphones,988.9
2024-10-29,GalaxyS25,0,899,2025-02-20,Growth,Smartphones,988.9
2024-10-30,GalaxyS25,0,899,2025-02-20,Growth,Smartphones,988.9
2024-10-31,GalaxyS25,0,899,2025-02-20,Growth,Smartphones,939.46
2024-11-01,GalaxyS25,0,899,2025-02-20,Growth,Smartphones,882.59
2024-11-02,GalaxyS25,0,899,2025-02-20,Growth,Smartphones,840.56
2024-11-03,GalaxyS25,0,899,2025-02-20,Growth,Smartphones,798.54
2024-11-04,GalaxyS25,0,899,2025-02-20,Growth,Smartphones,840.56
2024-11-05,GalaxyS25,0,899,2025-02-20,Growth,Smartphones,840.56
2024-11-06,GalaxyS25,0,899,2025-02-20,Growth,Smartphones,798.54
2024-11-07,GalaxyS25,0,899,2025-02-20,Growth,Smartphones,882.59
2024-11-08,GalaxyS25,0,899,2025-02-20,Growth,Smartphones,882.59
2024-11-09,GalaxyS25,0,899,2025-02-20,Growth,Smartphones,840.56
2024-11-10,GalaxyS25,0,899,2025-02-20,Growth,Smartphones,840.56
2024-11-11,GalaxyS25,0,899,2025-02-20,Growth,Smartphones,840.56
2024-11-12,GalaxyS25,0,899,2025-02-20,Growth,Smartphones,840.56
2024-11-13,GalaxyS25,0,899,2025-02-20,Growth,Smartphones,840.56
2024-11-14,GalaxyS25,0,899,2025-02-20,Growth,Smartphones,882.59
2024-11-15,GalaxyS25,0,899,2025-02-20,Growth,Smartphones,840.56
2024-11-16,GalaxyS25,0,899,2025-02-20,Growth,Smartphones,840.56
2024-11-17,GalaxyS25,0,899,2025-02-20,Growth,Smartphones,882.59
2024-11-18,GalaxyS25,0,899,2025-02-20,Growth,Smartphones,840.56
2024-11-19,GalaxyS25,0,899,2025-02-20,Growth,Smartphones,840.56
2024-11-20,GalaxyS25,0,899,2025-02-20,Growth,Smartphones,798.54
2024-11-21,GalaxyS25,0,899,2025-02-20,Growth,Smartphones,840.56
2024-11-22,GalaxyS25,0,899,2025-02-20,Growth,Smartphones,840.56
2024-11-23,GalaxyS25,0,899,2025-02-20,Growth,Smartphones,840.56
2024-11-24,GalaxyS25,0,899,2025-02-20,Growth,Smartphones,840.56
2024-11-25,GalaxyS25,0,899,2025-02-20,Growth,Smartphones,798.54
2024-11-26,GalaxyS25,0,899,2025-02-20,Growth,Smartphones,798.54
2024-11-27,GalaxyS25,0,899,2025-02-20,Growth,Smartphones,798.54
2024-11-28,GalaxyS25,0,899,2025-02-20,Growth,Smartphones,882.59
2024-11-29,GalaxyS25,0,899,2025-02-20,Growth,Smartphones,840.56
2024-11-30,GalaxyS25,0,899,2025-02-20,Growth,Smartphones,840.56
2024-12-01,GalaxyS25,0,899,2025-02-20,Growth,Smartphones,988.9
2024-12-02,GalaxyS25,0,899,2025-02-20,Growth,Smartphones,988.9
2024-12-03,GalaxyS25,0,899,2025-02-20,Growth,Smartphones,988.9
2024-12-04,GalaxyS25,0,899,2025-02-20,Growth,Smartphones,939.46
2024-12-05,GalaxyS25,0,899,2025-02-20,Growth,Smartphones,988.9
2024-12-06,GalaxyS25,0,899,2025-02-20,Growth,Smartphones,939.46
2024-12-07,GalaxyS25,0,899,2025-02-20,Growth,Smartphones,939.46
2024-12-08,GalaxyS25,0,899,2025-02-20,Growth,Smartphones,939.46
2024-12-09,GalaxyS25,0,899,2025-02-20,Growth,Smartphones,988.9
2024-12-10,GalaxyS25,0,899,2025-02-20,Growth,Smartphones,988.9
2024-12-11,GalaxyS25,0,899,2025-02-20,Growth,Smartphones,988.9
2024-12-12,GalaxyS25,0,899,2025-02-20,Growth,Smartphones,988.9
2024-12-13,GalaxyS25,0,899,2025-02-20,Growth,Smartphones,988.9
2024-12-14,GalaxyS25,0,899,2025-02-20,Growth,Smartphones,988.9
2024-12-15,GalaxyS25,0,899,2025-02-20,Growth,Smartphones,988.9
2024-12-16,GalaxyS25,0,899,2025-02-20,Growth,Smartphones,939.46
2024-12-17,GalaxyS25,0,899,2025-02-20,Growth,Smartphones,988.9
2024-12-18,GalaxyS25,0,899,2025-02-20,Growth,Smartphones,939.46
2024-12-19,GalaxyS25,0,899,2025-02-20,Growth,Smartphones,939.46
2024-12-20,GalaxyS25,0,899,2025-02-20,Growth,Smartphones,988.9
2024-12-21,GalaxyS25,0,899,2025-02-20,Growth,Smartphones,988.9
2024-12-22,GalaxyS25,0,899,2025-02-20,Growth,Smartphones,988.9
2024-12-23,GalaxyS25,0,899,2025-02-20,Growth,Smartphones,988.9
2024-12-24,GalaxyS25,0,899,2025-02-20,Growth,Smartphones,988.9
2024-12-25,GalaxyS25,0,899,2025-02-20,Growth,Smartphones,988.9
2024-12-26,GalaxyS25,0,899,2025-02-20,Growth,Smartphones,988.9
2024-12-27,GalaxyS25,0,899,2025-02-20,Growth,Smartphones,988.9
2024-12-28,GalaxyS25,0,899,2025-02-20,Growth,Smartphones,988.9
2024-12-29,GalaxyS25,0,899,2025-02-20,Growth,Smartphones,988.9
2024-12-30,GalaxyS25,0,899,2025-02-20,Growth,Smartphones,988.9
2024-12-31,GalaxyS25,0,899,2025-02-20,Growth,Smartphones,988.9
2025-01-01,GalaxyS25,0,899,2025-02-20,Growth,Smartphones,988.9
2025-01-02,GalaxyS25,0,899,2025-02-20,Growth,Smartphones,939.46
2025-01-03,GalaxyS25,0,899,2025-02-20,Growth,Smartphones,939.46
2025-01-04,GalaxyS25,0,899,2025-02-20,Growth,Smartphones,988.9
2025-01-05,GalaxyS25,0,899,2025-02-20,Growth,Smartphones,988.9
2025-01-06,GalaxyS25,0,899,2025-02-20,Growth,Smartphones,988.9
2025-01-07,GalaxyS25,0,899,2025-02-20,Growth,Smartphones,988.9
2025-01-08,GalaxyS25,0,899,2025-02-20,Growth,Smartphones,988.9
2025-01-09,GalaxyS25,0,899,2025-02-20,Growth,Smartphones,988.9
2025-01-10,GalaxyS25,0,899,2025-02-20,Growth,Smartphones,988.9
2025-01-11,GalaxyS25,0,899,2025-02-20,Growth,Smartphones,939.46
2025-01-12,GalaxyS25,0,899,2025-02-20,Growth,Smartphones,988.9
2025-01-13,GalaxyS25,0,899,2025-02-20,Growth,Smartphones,988.9
2025-01-14,GalaxyS25,0,899,2025-02-20,Growth,Smartphones,988.9
2025-01-15,GalaxyS25,0,899,2025-02-20,Growth,Smartphones,988.9
2025-01-16,GalaxyS25,0,899,2025-02-20,Growth,Smartphones,939.46
2025-01-17,GalaxyS25,0,899,2025-02-20,Growth,Smartphones,988.9
2025-01-18,GalaxyS25,0,899,2025-02-20,Growth,Smartphones,988.9
2025-01-19,GalaxyS25,0,899,2025-02-20,Growth,Smartphones,939.46
2025-01-20,GalaxyS25,0,899,2025-02-20,Growth,Smartphones,988.9
2025-01-21,GalaxyS25,0,899,2025-02-20,Growth,Smartphones,988.9
2025-01-22,GalaxyS25,0,899,2025-02-20,Growth,Smartphones,988.9
2025-01-23,GalaxyS25,0,899,2025-02-20,Growth,Smartphones,988.9
2025-01-24,GalaxyS25,0,899,2025-02-20,Growth,Smartphones,988.9
2025-01-25,GalaxyS25,0,899,2025-02-20,Growth,Smartphones,988.9
2025-01-26,GalaxyS25,0,899,2025-02-20,Growth,Smartphones,988.9
2025-01-27,GalaxyS25,0,899,2025-02-20,Growth,Smartphones,988.9
2025-01-28,GalaxyS25,0,899,2025-02-20,Growth,Smartphones,988.9
2025-01-29,GalaxyS25,0,899,2025-02-20,Growth,Smartphones,988.9
2025-01-30,GalaxyS25,0,899,2025-02-20,Growth,Smartphones,988.9
2025-01-31,GalaxyS25,0,899,2025-02-20,Growth,Smartphones,988.9
2025-02-01,GalaxyS25,0,899,2025-02-20,Growth,Smartphones,939.46
2025-02-02,GalaxyS25,0,899,2025-02-20,Growth,Smartphones,988.9
2025-02-03,GalaxyS25,0,899,2025-02-20,Growth,Smartphones,988.9
2025-02-04,GalaxyS25,0,899,2025-02-20,Growth,Smartphones,988.9
2025-02-05,GalaxyS25,0,899,2025-02-20,Growth,Smartphones,988.9
2025-02-06,GalaxyS25,0,899,2025-02-20,Growth,Smartphones,988.9
2025-02-07,GalaxyS25,0,899,2025-02-20,Growth,Smartphones,988.9
2025-02-08,GalaxyS25,0,899,2025-02-20,Growth,Smartphones,988.9
2025-02-09,GalaxyS25,0,899,2025-02-20,Growth,Smartphones,988.9
2025-02-10,GalaxyS25,0,899,2025-02-20,Growth,Smartphones,988.9
2025-02-11,GalaxyS25,0,899,2025-02-20,Growth,Smartphones,988.9
2025-02-12,GalaxyS25,0,899,2025-02-20,Growth,Smartphones,988.9
2025-02-13,GalaxyS25,0,899,2025-02-20,Growth,Smartphones,939.46
2025-02-14,GalaxyS25,0,899,2025-02-20,Growth,Smartphones,988.9
2025-02-15,GalaxyS25,0,899,2025-02-20,Growth,Smartphones,988.9
2025-02-16,GalaxyS25,0,899,2025-02-20,Growth,Smartphones,939.46
2025-02-17,GalaxyS25,0,899,2025-02-20,Growth,Smartphones,939.46
2025-02-18,GalaxyS25,0,899,2025-02-20,Growth,Smartphones,988.9
2025-02-19,GalaxyS25,0,899,2025-02-20,Growth,Smartphones,988.9
2025-02-20,GalaxyS25,45,899,2025-02-20,Growth,Smartphones,988.9
2025-02-21,GalaxyS25,47,899,2025-02-20,Growth,Smartphones,988.9
2025-02-22,GalaxyS25,51,899,2025-02-20,Growth,Smartphones,939.46
2025-02-23,GalaxyS25,48,899,2025-02-20,Growth,Smartphones,988.9
2025-02-24,GalaxyS25,45,899,2025-02-20,Growth,Smartphones,988.9
2025-02-25,GalaxyS25,45,899,2025-02-20,Growth,Smartphones,988.9
2025-02-26,GalaxyS25,46,899,2025-02-20,Growth,Smartphones,988.9
2025-02-27,GalaxyS25,42,899,2025-02-20,Growth,Smartphones,988.9
2025-02-28,GalaxyS25,54,899,2025-02-20,Growth,Smartphones,939.46
2025-03-01,GalaxyS25,54,899,2025-02-20,Growth,Smartphones,939.46
2025-03-02,GalaxyS25,55,899,2025-02-20,Growth,Smartphones,988.9
2025-03-03,GalaxyS25,47,899,2025-02-20,Growth,Smartphones,988.9
2025-03-04,GalaxyS25,45,899,2025-02-20,Growth,Smartphones,988.9
2025-03-05,GalaxyS25,47,899,2025-02-20,Growth,Smartphones,988.9
2025-03-06,GalaxyS25,47,899,2025-02-20,Growth,Smartphones,988.9
2025-03-07,GalaxyS25,50,899,2025-02-20,Growth,Smartphones,988.9
2025-03-08,GalaxyS25,55,899,2025-02-20,Growth,Smartphones,939.46
2025-03-09,GalaxyS25,52,899,2025-02-20,Growth,Smartphones,988.9
2025-03-10,GalaxyS25,48,899,2025-02-20,Growth,Smartphones,988.9
2025-03-11,GalaxyS25,44,899,2025-02-20,Growth,Smartphones,939.46
2025-03-12,GalaxyS25,44,899,2025-02-20,Growth,Smartphones,988.9
2025-03-13,GalaxyS25,45,899,2025-02-20,Growth,Smartphones,988.9
2025-03-14,GalaxyS25,52,899,2025-02-20,Growth,Smartphones,988.9
2025-03-15,GalaxyS25,56,899,2025-02-20,Growth,Smartphones,939.46
2025-03-16,GalaxyS25,52,899,2025-02-20,Growth,Smartphones,988.9
2025-03-17,GalaxyS25,42,899,2025-02-20,Growth,Smartphones,988.9
2025-03-18,GalaxyS25,45,899,2025-02-20,Growth,Smartphones,988.9
2025-03-19,GalaxyS25,45,899,2025-02-20,Growth,Smartphones,939.46
2025-03-20,GalaxyS25,43,899,2025-02-20,Growth,Smartphones,988.9
2025-03-21,GalaxyS25,54,899,2025-02-20,Growth,Smartphones,939.46
2025-03-22,GalaxyS25,62,899,2025-02-20,Growth,Smartphones,899
2025-03-23,GalaxyS25,61,899,2025-02-20,Growth,Smartphones,943.95
2025-03-24,GalaxyS25,51,899,2025-02-20,Growth,Smartphones,943.95
2025-03-25,GalaxyS25,52,899,2025-02-20,Growth,Smartphones,854.05
2025-03-26,GalaxyS25,54,899,2025-02-20,Growth,Smartphones,854.05
2025-03-27,GalaxyS25,54,899,2025-02-20,Growth,Smartphones,854.05
2025-03-28,GalaxyS25,64,899,2025-02-20,Growth,Smartphones,899
2025-03-29,GalaxyS25,65,899,2025-02-20,Growth,Smartphones,943.95
2025-03-30,GalaxyS25,63,899,2025-02-20,Growth,Smartphones,854.05
2025-03-31,GalaxyS25,53,899,2025-02-20,Growth,Smartphones,854.05
2024-01-01,Pixel8,28,699,2023-10-01,Decline,Smartphones,679.71
2024-01-02,Pixel8,29,699,2023-10-01,Decline,Smartphones,679.5
2024-01-03,Pixel8,32,699,2023-10-01,Decline,Smartphones,645.32
2024-01-04,Pixel8,29,699,2023-10-01,Decline,Smartphones,679.08
2024-01-05,Pixel8,34,699,2023-10-01,Decline,Smartphones,644.93
2024-01-06,Pixel8,34,699,2023-10-01,Decline,Smartphones,678.66
2024-01-07,Pixel8,32,699,2023-10-01,Decline,Smartphones,678.45
2024-01-08,Pixel8,28,699,2023-10-01,Decline,Smartphones,644.33
2024-01-09,Pixel8,33,699,2023-10-01,Decline,Smartphones,644.13
2024-01-10,Pixel8,29,699,2023-10-01,Decline,Smartphones,643.93
2024-01-11,Pixel8,29,699,2023-10-01,Decline,Smartphones,677.61
2024-01-12,Pixel8,33,699,2023-10-01,Decline,Smartphones,677.4
2024-01-13,Pixel8,31,699,2023-10-01,Decline,Smartphones,677.19
2024-01-14,Pixel8,34,699,2023-10-01,Decline,Smartphones,643.13
2024-01-15,Pixel8,31,699,2023-10-01,Decline,Smartphones,676.77
2024-01-16,Pixel8,27,699,2023-10-01,Decline,Smartphones,710.39
2024-01-17,Pixel8,30,699,2023-10-01,Decline,Smartphones,642.53
2024-01-18,Pixel8,30,699,2023-10-01,Decline,Smartphones,642.34
2024-01-19,Pixel8,34,699,2023-10-01,Decline,Smartphones,675.93
2024-01-20,Pixel8,36,699,2023-10-01,Decline,Smartphones,675.72
2024-01-21,Pixel8,37,699,2023-10-01,Decline,Smartphones,675.51
2024-01-22,Pixel8,29,699,2023-10-01,Decline,Smartphones,709.07
2024-01-23,Pixel8,30,699,2023-10-01,Decline,Smartphones,675.09
2024-01-24,Pixel8,26,699,2023-10-01,Decline,Smartphones,674.88
2024-01-25,Pixel8,29,699,2023-10-01,Decline,Smartphones,640.94
2024-01-26,Pixel8,34,699,2023-10-01,Decline,Smartphones,674.47
2024-01-27,Pixel8,33,699,2023-10-01,Decline,Smartphones,674.26
2024-01-28,Pixel8,33,699,2023-10-01,Decline,Smartphones,674.05
2024-01-29,Pixel8,25,699,2023-10-01,Decline,Smartphones,673.84
2024-01-30,Pixel8,30,699,2023-10-01,Decline,Smartphones,673.63
2024-01-31,Pixel8,28,699,2023-10-01,Decline,Smartphones,673.42
2024-02-01,Pixel8,27,699,2023-10-01,Decline,Smartphones,673.21
2024-02-02,Pixel8,31,699,2023-10-01,Decline,Smartphones,639.35
2024-02-03,Pixel8,32,699,2023-10-01,Decline,Smartphones,639.15
2024-02-04,Pixel8,31,699,2023-10-01,Decline,Smartphones,672.58
2024-02-05,Pixel8,30,699,2023-10-01,Decline,Smartphones,705.99
2024-02-06,Pixel8,28,699,2023-10-01,Decline,Smartphones,672.16
2024-02-07,Pixel8,29,699,2023-10-01,Decline,Smartphones,705.55
2024-02-08,Pixel8,26,699,2023-10-01,Decline,Smartphones,705.33
2024-02-09,Pixel8,32,699,2023-10-01,Decline,Smartphones,671.53
2024-02-10,Pixel8,35,699,2023-10-01,Decline,Smartphones,637.75
2024-02-11,Pixel8,34,699,2023-10-01,Decline,Smartphones,671.11
2024-02-12,Pixel8,29,699,2023-10-01,Decline,Smartphones,704.45
2024-02-13,Pixel8,28,699,2023-10-01,Decline,Smartphones,704.23
2024-02-14,Pixel8,27,699,2023-10-01,Decline,Smartphones,670.48
2024-02-15,Pixel8,28,699,2023-10-01,Decline,Smartphones,703.78
2024-02-16,Pixel8,33,699,2023-10-01,Decline,Smartphones,703.56
2024-02-17,Pixel8,31,699,2023-10-01,Decline,Smartphones,636.36
2024-02-18,Pixel8,33,699,2023-10-01,Decline,Smartphones,669.64
2024-02-19,Pixel8,29,699,2023-10-01,Decline,Smartphones,635.96
2024-02-20,Pixel8,28,699,2023-10-01,Decline,Smartphones,702.68
2024-02-21,Pixel8,26,699,2023-10-01,Decline,Smartphones,669.01
2024-02-22,Pixel8,25,699,2023-10-01,Decline,Smartphones,668.8
2024-02-23,Pixel8,34,699,2023-10-01,Decline,Smartphones,668.59
2024-02-24,Pixel8,33,699,2023-10-01,Decline,Smartphones,668.38
2024-02-25,Pixel8,30,699,2023-10-01,Decline,Smartphones,668.17
2024-02-26,Pixel8,28,699,2023-10-01,Decline,Smartphones,667.96
2024-02-27,Pixel8,27,699,2023-10-01,Decline,Smartphones,667.75
2024-02-28,Pixel8,27,699,2023-10-01,Decline,Smartphones,667.54
2024-02-29,Pixel8,29,699,2023-10-01,Decline,Smartphones,667.34
2024-03-01,Pixel8,30,699,2023-10-01,Decline,Smartphones,700.48
2024-03-02,Pixel8,28,699,2023-10-01,Decline,Smartphones,633.57
2024-03-03,Pixel8,29,699,2023-10-01,Decline,Smartphones,633.37
2024-03-04,Pixel8,25,699,2023-10-01,Decline,Smartphones,699.82
2024-03-05,Pixel8,26,699,2023-10-01,Decline,Smartphones,699.6
2024-03-06,Pixel8,29,699,2023-10-01,Decline,Smartphones,666.08
2024-03-07,Pixel8,29,699,2023-10-01,Decline,Smartphones,665.87
2024-03-08,Pixel8,30,699,2023-10-01,Decline,Smartphones,632.37
2024-03-09,Pixel8,32,699,2023-10-01,Decline,Smartphones,665.45
2024-03-10,Pixel8,31,699,2023-10-01,Decline,Smartphones,698.5
2024-03-11,Pixel8,26,699,2023-10-01,Decline,Smartphones,698.28
2024-03-12,Pixel8,26,699,2023-10-01,Decline,Smartphones,664.82
2024-03-13,Pixel8,24,699,2023-10-01,Decline,Smartphones,664.61
2024-03-14,Pixel8,27,699,2023-10-01,Decline,Smartphones,697.62
2024-03-15,Pixel8,30,699,2023-10-01,Decline,Smartphones,664.19
2024-03-16,Pixel8,31,699,2023-10-01,Decline,Smartphones,663.98
2024-03-17,Pixel8,28,699,2023-10-01,Decline,Smartphones,663.77
2024-03-18,Pixel8,25,699,2023-10-01,Decline,Smartphones,630.38
2024-03-19,Pixel8,28,699,2023-10-01,Decline,Smartphones,696.52
2024-03-20,Pixel8,27,699,2023-10-01,Decline,Smartphones,663.14
2024-03-21,Pixel8,27,699,2023-10-01,Decline,Smartphones,662.93
2024-03-22,Pixel8,30,699,2023-10-01,Decline,Smartphones,662.72
2024-03-23,Pixel8,31,699,2023-10-01,Decline,Smartphones,629.39
2024-03-24,Pixel8,29,699,2023-10-01,Decline,Smartphones,662.3
2024-03-25,Pixel8,27,699,2023-10-01,Decline,Smartphones,662.09
2024-03-26,Pixel8,28,699,2023-10-01,Decline,Smartphones,628.79
2024-03-27,Pixel8,29,699,2023-10-01,Decline,Smartphones,661.67
2024-03-28,Pixel8,28,699,2023-10-01,Decline,Smartphones,628.39
2024-03-29,Pixel8,31,699,2023-10-01,Decline,Smartphones,628.19
2024-03-30,Pixel8,33,699,2023-10-01,Decline,Smartphones,694.1
2024-03-31,Pixel8,30,699,2023-10-01,Decline,Smartphones,660.83
2024-04-01,Pixel8,25,699,2023-10-01,Decline,Smartphones,660.62
2024-04-02,Pixel8,25,699,2023-10-01,Decline,Smartphones,660.42
2024-04-03,Pixel8,24,699,2023-10-01,Decline,Smartphones,660.21
2024-04-04,Pixel8,23,699,2023-10-01,Decline,Smartphones,627
2024-04-05,Pixel8,26,699,2023-10-01,Decline,Smartphones,659.79
2024-04-06,Pixel8,31,699,2023-10-01,Decline,Smartphones,659.58
2024-04-07,Pixel8,30,699,2023-10-01,Decline,Smartphones,659.37
2024-04-08,Pixel8,27,699,2023-10-01,Decline,Smartphones,692.11
2024-04-09,Pixel8,24,699,2023-10-01,Decline,Smartphones,658.95
2024-04-10,Pixel8,27,699,2023-10-01,Decline,Smartphones,625.8
2024-04-11,Pixel8,26,699,2023-10-01,Decline,Smartphones,658.53
2024-04-12,Pixel8,29,699,2023-10-01,Decline,Smartphones,658.32
2024-04-13,Pixel8,28,699,2023-10-01,Decline,Smartphones,658.11
2024-04-14,Pixel8,29,699,2023-10-01,Decline,Smartphones,657.9
2024-04-15,Pixel8,25,699,2023-10-01,Decline,Smartphones,690.57
2024-04-16,Pixel8,25,699,2023-10-01,Decline,Smartphones,657.48
2024-04-17,Pixel8,27,699,2023-10-01,Decline,Smartphones,657.27
2024-04-18,Pixel8,27,699,2023-10-01,Decline,Smartphones,657.06
2024-04-19,Pixel8,27,699,2023-10-01,Decline,Smartphones,656.85
2024-04-20,Pixel8,27,699,2023-10-01,Decline,Smartphones,623.81
2024-04-21,Pixel8,26,699,2023-10-01,Decline,Smartphones,623.61
2024-04-22,Pixel8,26,699,2023-10-01,Decline,Smartphones,623.41
2024-04-23,Pixel8,25,699,2023-10-01,Decline,Smartphones,623.21
2024-04-24,Pixel8,27,699,2023-10-01,Decline,Smartphones,623.01
2024-04-25,Pixel8,23,699,2023-10-01,Decline,Smartphones,688.37
2024-04-26,Pixel8,29,699,2023-10-01,Decline,Smartphones,688.15
2024-04-27,Pixel8,28,699,2023-10-01,Decline,Smartphones,687.93
2024-04-28,Pixel8,30,699,2023-10-01,Decline,Smartphones,654.96
2024-04-29,Pixel8,23,699,2023-10-01,Decline,Smartphones,687.49
2024-04-30,Pixel8,22,699,2023-10-01,Decline,Smartphones,654.54
2024-05-01,Pixel8,25,699,2023-10-01,Decline,Smartphones,654.33
2024-05-02,Pixel8,25,699,2023-10-01,Decline,Smartphones,686.83
2024-05-03,Pixel8,25,699,2023-10-01,Decline,Smartphones,653.91
2024-05-04,Pixel8,28,699,2023-10-01,Decline,Smartphones,686.39
2024-05-05,Pixel8,26,699,2023-10-01,Decline,Smartphones,653.5
