data/sales_with_pricing_new(1).csv
date,product_id,units_sold,base_price,release_date,lifecycle,category,current_price
2024-05-06,Pixel8,23,699,2023-10-01,Decline,Smartphones,620.62
2024-05-07,Pixel8,24,699,2023-10-01,Decline,Smartphones,620.42
2024-05-08,Pixel8,23,699,2023-10-01,Decline,Smartphones,620.22
2024-05-09,Pixel8,23,699,2023-10-01,Decline,Smartphones,685.29
2024-05-10,Pixel8,28,699,2023-10-01,Decline,Smartphones,619.82
2024-05-11,Pixel8,31,699,2023-10-01,Decline,Smartphones,652.24
2024-05-12,Pixel8,27,699,2023-10-01,Decline,Smartphones,652.03
2024-05-13,Pixel8,23,699,2023-10-01,Decline,Smartphones,651.82
2024-05-14,Pixel8,25,699,2023-10-01,Decline,Smartphones,651.61
2024-05-15,Pixel8,23,699,2023-10-01,Decline,Smartphones,683.97
2024-05-16,Pixel8,25,699,2023-10-01,Decline,Smartphones,651.19
2024-05-17,Pixel8,28,699,2023-10-01,Decline,Smartphones,650.98
2024-05-18,Pixel8,27,699,2023-10-01,Decline,Smartphones,618.23
2024-05-19,Pixel8,26,699,2023-10-01,Decline,Smartphones,618.03
2024-05-20,Pixel8,24,699,2023-10-01,Decline,Smartphones,650.35
2024-05-21,Pixel8,23,699,2023-10-01,Decline,Smartphones,617.63
2024-05-22,Pixel8,23,699,2023-10-01,Decline,Smartphones,682.43
2024-05-23,Pixel8,24,699,2023-10-01,Decline,Smartphones,649.72
2024-05-24,Pixel8,26,699,2023-10-01,Decline,Smartphones,617.04
2024-05-25,Pixel8,28,699,2023-10-01,Decline,Smartphones,649.3
2024-05-26,Pixel8,27,699,2023-10-01,Decline,Smartphones,616.64
2024-05-27,Pixel8,23,699,2023-10-01,Decline,Smartphones,648.88
2024-05-28,Pixel8,23,699,2023-10-01,Decline,Smartphones,681.11
2024-05-29,Pixel8,24,699,2023-10-01,Decline,Smartphones,616.04
2024-05-30,Pixel8,23,699,2023-10-01,Decline,Smartphones,648.25
2024-05-31,Pixel8,25,699,2023-10-01,Decline,Smartphones,680.45
2024-06-01,Pixel8,25,699,2023-10-01,Decline,Smartphones,647.83
2024-06-02,Pixel8,27,699,2023-10-01,Decline,Smartphones,647.62
2024-06-03,Pixel8,23,699,2023-10-01,Decline,Smartphones,647.41
2024-06-04,Pixel8,24,699,2023-10-01,Decline,Smartphones,647.2
2024-06-05,Pixel8,21,699,2023-10-01,Decline,Smartphones,679.34
2024-06-06,Pixel8,21,699,2023-10-01,Decline,Smartphones,614.45
2024-06-07,Pixel8,27,699,2023-10-01,Decline,Smartphones,678.9
2024-06-08,Pixel8,26,699,2023-10-01,Decline,Smartphones,646.37
2024-06-09,Pixel8,27,699,2023-10-01,Decline,Smartphones,646.16
2024-06-10,Pixel8,24,699,2023-10-01,Decline,Smartphones,645.95
2024-06-11,Pixel8,23,699,2023-10-01,Decline,Smartphones,678.02
2024-06-12,Pixel8,22,699,2023-10-01,Decline,Smartphones,645.53
2024-06-13,Pixel8,23,699,2023-10-01,Decline,Smartphones,645.32
2024-06-14,Pixel8,27,699,2023-10-01,Decline,Smartphones,677.36
2024-06-15,Pixel8,28,699,2023-10-01,Decline,Smartphones,612.65
2024-06-16,Pixel8,26,699,2023-10-01,Decline,Smartphones,676.92
2024-06-17,Pixel8,22,699,2023-10-01,Decline,Smartphones,612.25
2024-06-18,Pixel8,22,699,2023-10-01,Decline,Smartphones,644.27
2024-06-19,Pixel8,21,699,2023-10-01,Decline,Smartphones,676.26
2024-06-20,Pixel8,23,699,2023-10-01,Decline,Smartphones,676.04
2024-06-21,Pixel8,28,699,2023-10-01,Decline,Smartphones,643.64
2024-06-22,Pixel8,28,699,2023-10-01,Decline,Smartphones,643.43
2024-06-23,Pixel8,27,699,2023-10-01,Decline,Smartphones,643.22
2024-06-24,Pixel8,22,699,2023-10-01,Decline,Smartphones,643.01
2024-06-25,Pixel8,26,699,2023-10-01,Decline,Smartphones,642.8
2024-06-26,Pixel8,24,699,2023-10-01,Decline,Smartphones,674.72
2024-06-27,Pixel8,26,699,2023-10-01,Decline,Smartphones,674.5
2024-06-28,Pixel8,28,699,2023-10-01,Decline,Smartphones,642.17
2024-06-29,Pixel8,27,699,2023-10-01,Decline,Smartphones,641.96
2024-06-30,Pixel8,28,699,2023-10-01,Decline,Smartphones,641.75
2024-07-01,Pixel8,22,699,2023-10-01,Decline,Smartphones,609.47
2024-07-02,Pixel8,19,699,2023-10-01,Decline,Smartphones,641.33
2024-07-03,Pixel8,22,699,2023-10-01,Decline,Smartphones,641.12
2024-07-04,Pixel8,21,699,2023-10-01,Decline,Smartphones,640.91
2024-07-05,Pixel8,24,699,2023-10-01,Decline,Smartphones,608.67
2024-07-06,Pixel8,25,699,2023-10-01,Decline,Smartphones,608.47
2024-07-07,Pixel8,26,699,2023-10-01,Decline,Smartphones,672.3
2024-07-08,Pixel8,21,699,2023-10-01,Decline,Smartphones,672.08
2024-07-09,Pixel8,21,699,2023-10-01,Decline,Smartphones,607.87
2024-07-10,Pixel8,22,699,2023-10-01,Decline,Smartphones,639.65
2024-07-11,Pixel8,22,699,2023-10-01,Decline,Smartphones,607.47
2024-07-12,Pixel8,24,699,2023-10-01,Decline,Smartphones,607.27
2024-07-13,Pixel8,24,699,2023-10-01,Decline,Smartphones,607.07
2024-07-14,Pixel8,24,699,2023-10-01,Decline,Smartphones,670.76
2024-07-15,Pixel8,23,699,2023-10-01,Decline,Smartphones,638.61
2024-07-16,Pixel8,22,699,2023-10-01,Decline,Smartphones,670.32
2024-07-17,Pixel8,21,699,2023-10-01,Decline,Smartphones,606.28
2024-07-18,Pixel8,19,699,2023-10-01,Decline,Smartphones,637.98
2024-07-19,Pixel8,25,699,2023-10-01,Decline,Smartphones,637.77
2024-07-20,Pixel8,22,699,2023-10-01,Decline,Smartphones,637.56
2024-07-21,Pixel8,27,699,2023-10-01,Decline,Smartphones,637.35
2024-07-22,Pixel8,19,699,2023-10-01,Decline,Smartphones,637.14
2024-07-23,Pixel8,21,699,2023-10-01,Decline,Smartphones,636.93
2024-07-24,Pixel8,21,699,2023-10-01,Decline,Smartphones,636.72
2024-07-25,Pixel8,22,699,2023-10-01,Decline,Smartphones,636.51
2024-07-26,Pixel8,26,699,2023-10-01,Decline,Smartphones,636.3
2024-07-27,Pixel8,25,699,2023-10-01,Decline,Smartphones,667.89
2024-07-28,Pixel8,24,699,2023-10-01,Decline,Smartphones,635.88
2024-07-29,Pixel8,20,699,2023-10-01,Decline,Smartphones,635.67
2024-07-30,Pixel8,20,699,2023-10-01,Decline,Smartphones,667.23
2024-07-31,Pixel8,20,699,2023-10-01,Decline,Smartphones,667.01
2024-08-01,Pixel8,22,699,2023-10-01,Decline,Smartphones,635.04
2024-08-02,Pixel8,25,699,2023-10-01,Decline,Smartphones,634.83
2024-08-03,Pixel8,25,699,2023-10-01,Decline,Smartphones,634.62
2024-08-04,Pixel8,23,699,2023-10-01,Decline,Smartphones,634.41
2024-08-05,Pixel8,20,699,2023-10-01,Decline,Smartphones,602.49
2024-08-06,Pixel8,21,699,2023-10-01,Decline,Smartphones,602.29
2024-08-07,Pixel8,21,699,2023-10-01,Decline,Smartphones,665.47
2024-08-08,Pixel8,20,699,2023-10-01,Decline,Smartphones,665.25
2024-08-09,Pixel8,24,699,2023-10-01,Decline,Smartphones,633.36
2024-08-10,Pixel8,24,699,2023-10-01,Decline,Smartphones,633.15
2024-08-11,Pixel8,25,699,2023-10-01,Decline,Smartphones,632.94
2024-08-12,Pixel8,19,699,2023-10-01,Decline,Smartphones,632.73
2024-08-13,Pixel8,21,699,2023-10-01,Decline,Smartphones,632.53
2024-08-14,Pixel8,21,699,2023-10-01,Decline,Smartphones,632.32
2024-08-15,Pixel8,20,699,2023-10-01,Decline,Smartphones,632.11
2024-08-16,Pixel8,23,699,2023-10-01,Decline,Smartphones,631.9
2024-08-17,Pixel8,23,699,2023-10-01,Decline,Smartphones,663.27
2024-08-18,Pixel8,23,699,2023-10-01,Decline,Smartphones,631.48
2024-08-19,Pixel8,19,699,2023-10-01,Decline,Smartphones,631.27
2024-08-20,Pixel8,21,699,2023-10-01,Decline,Smartphones,631.06
2024-08-21,Pixel8,19,699,2023-10-01,Decline,Smartphones,630.85
2024-08-22,Pixel8,21,699,2023-10-01,Decline,Smartphones,662.17
2024-08-23,Pixel8,24,699,2023-10-01,Decline,Smartphones,630.43
2024-08-24,Pixel8,25,699,2023-10-01,Decline,Smartphones,598.71
2024-08-25,Pixel8,26,699,2023-10-01,Decline,Smartphones,630.01
2024-08-26,Pixel8,18,699,2023-10-01,Decline,Smartphones,598.31
2024-08-27,Pixel8,19,699,2023-10-01,Decline,Smartphones,629.59
2024-08-28,Pixel8,20,699,2023-10-01,Decline,Smartphones,660.85
2024-08-29,Pixel8,20,699,2023-10-01,Decline,Smartphones,629.17
2024-08-30,Pixel8,21,699,2023-10-01,Decline,Smartphones,660.41
2024-08-31,Pixel8,23,699,2023-10-01,Decline,Smartphones,628.75
2024-09-01,Pixel8,22,699,2023-10-01,Decline,Smartphones,628.54
2024-09-02,Pixel8,19,699,2023-10-01,Decline,Smartphones,628.33
2024-09-03,Pixel8,19,699,2023-10-01,Decline,Smartphones,659.53
2024-09-04,Pixel8,20,699,2023-10-01,Decline,Smartphones,627.91
2024-09-05,Pixel8,20,699,2023-10-01,Decline,Smartphones,596.32
2024-09-06,Pixel8,24,699,2023-10-01,Decline,Smartphones,627.49
2024-09-07,Pixel8,23,699,2023-10-01,Decline,Smartphones,627.28
2024-09-08,Pixel8,24,699,2023-10-01,Decline,Smartphones,627.07
2024-09-09,Pixel8,19,699,2023-10-01,Decline,Smartphones,658.21
2024-09-10,Pixel8,19,699,2023-10-01,Decline,Smartphones,595.32
2024-09-11,Pixel8,19,699,2023-10-01,Decline,Smartphones,626.44
2024-09-12,Pixel8,22,699,2023-10-01,Decline,Smartphones,626.23
2024-09-13,Pixel8,22,699,2023-10-01,Decline,Smartphones,594.72
2024-09-14,Pixel8,21,699,2023-10-01,Decline,Smartphones,625.81
2024-09-15,Pixel8,23,699,2023-10-01,Decline,Smartphones,625.6
2024-09-16,Pixel8,18,699,2023-10-01,Decline,Smartphones,625.4
2024-09-17,Pixel8,20,699,2023-10-01,Decline,Smartphones,625.19
2024-09-18,Pixel8,20,699,2023-10-01,Decline,Smartphones,656.22
2024-09-19,Pixel8,18,699,2023-10-01,Decline,Smartphones,656
2024-09-20,Pixel8,21,699,2023-10-01,Decline,Smartphones,624.56
2024-09-21,Pixel8,22,699,2023-10-01,Decline,Smartphones,655.56
2024-09-22,Pixel8,23,699,2023-10-01,Decline,Smartphones,624.14
2024-09-23,Pixel8,20,699,2023-10-01,Decline,Smartphones,592.73
2024-09-24,Pixel8,20,699,2023-10-01,Decline,Smartphones,623.72
2024-09-25,Pixel8,22,699,2023-10-01,Decline,Smartphones,592.33
2024-09-26,Pixel8,20,699,2023-10-01,Decline,Smartphones,592.13
2024-09-27,Pixel8,23,699,2023-10-01,Decline,Smartphones,623.09
2024-09-28,Pixel8,23,699,2023-10-01,Decline,Smartphones,654.02
2024-09-29,Pixel8,25,699,2023-10-01,Decline,Smartphones,622.67
2024-09-30,Pixel8,20,699,2023-10-01,Decline,Smartphones,622.46
2024-10-01,Pixel8,18,699,2023-10-01,Decline,Smartphones,653.36
2024-10-02,Pixel8,19,699,2023-10-01,Decline,Smartphones,653.14
2024-10-03,Pixel8,19,699,2023-10-01,Decline,Smartphones,621.83
2024-10-04,Pixel8,22,699,2023-10-01,Decline,Smartphones,621.62
2024-10-05,Pixel8,22,699,2023-10-01,Decline,Smartphones,652.48
2024-10-06,Pixel8,22,699,2023-10-01,Decline,Smartphones,652.26
2024-10-07,Pixel8,19,699,2023-10-01,Decline,Smartphones,652.04
2024-10-08,Pixel8,20,699,2023-10-01,Decline,Smartphones,651.82
2024-10-09,Pixel8,18,699,2023-10-01,Decline,Smartphones,589.54
2024-10-10,Pixel8,19,699,2023-10-01,Decline,Smartphones,620.36
2024-10-11,Pixel8,21,699,2023-10-01,Decline,Smartphones,620.15
2024-10-12,Pixel8,19,699,2023-10-01,Decline,Smartphones,619.94
2024-10-13,Pixel8,22,699,2023-10-01,Decline,Smartphones,619.73
2024-10-14,Pixel8,20,699,2023-10-01,Decline,Smartphones,588.55
2024-10-15,Pixel8,18,699,2023-10-01,Decline,Smartphones,619.31
2024-10-16,Pixel8,18,699,2023-10-01,Decline,Smartphones,619.1
2024-10-17,Pixel8,19,699,2023-10-01,Decline,Smartphones,618.89
2024-10-18,Pixel8,24,699,2023-10-01,Decline,Smartphones,618.68
2024-10-19,Pixel8,21,699,2023-10-01,Decline,Smartphones,618.48
2024-10-20,Pixel8,20,699,2023-10-01,Decline,Smartphones,587.35
2024-10-21,Pixel8,18,699,2023-10-01,Decline,Smartphones,587.15
2024-10-22,Pixel8,18,699,2023-10-01,Decline,Smartphones,617.85
2024-10-23,Pixel8,17,699,2023-10-01,Decline,Smartphones,617.64
2024-10-24,Pixel8,18,699,2023-10-01,Decline,Smartphones,617.43
2024-10-25,Pixel8,21,699,2023-10-01,Decline,Smartphones,586.36
2024-10-26,Pixel8,19,699,2023-10-01,Decline,Smartphones,586.16
2024-10-27,Pixel8,21,699,2023-10-01,Decline,Smartphones,616.8
2024-10-28,Pixel8,18,699,2023-10-01,Decline,Smartphones,616.59
2024-10-29,Pixel8,18,699,2023-10-01,Decline,Smartphones,616.38
2024-10-30,Pixel8,16,699,2023-10-01,Decline,Smartphones,616.17
2024-10-31,Pixel8,18,699,2023-10-01,Decline,Smartphones,615.96
2024-11-01,Pixel8,22,699,2023-10-01,Decline,Smartphones,523.39
2024-11-02,Pixel8,20,699,2023-10-01,Decline,Smartphones,549.37
2024-11-03,Pixel8,20,699,2023-10-01,Decline,Smartphones,523.03
2024-11-04,Pixel8,17,699,2023-10-01,Decline,Smartphones,522.85
2024-11-05,Pixel8,18,699,2023-10-01,Decline,Smartphones,522.67
2024-11-06,Pixel8,17,699,2023-10-01,Decline,Smartphones,522.5
2024-11-07,Pixel8,17,699,2023-10-01,Decline,Smartphones,548.43
2024-11-08,Pixel8,20,699,2023-10-01,Decline,Smartphones,548.25
2024-11-09,Pixel8,22,699,2023-10-01,Decline,Smartphones,521.96
2024-11-10,Pixel8,21,699,2023-10-01,Decline,Smartphones,521.78
2024-11-11,Pixel8,18,699,2023-10-01,Decline,Smartphones,521.6
2024-11-12,Pixel8,18,699,2023-10-01,Decline,Smartphones,521.43
2024-11-13,Pixel8,17,699,2023-10-01,Decline,Smartphones,495.19
2024-11-14,Pixel8,18,699,2023-10-01,Decline,Smartphones,547.12
2024-11-15,Pixel8,19,699,2023-10-01,Decline,Smartphones,520.89
2024-11-16,Pixel8,21,699,2023-10-01,Decline,Smartphones,520.71
2024-11-17,Pixel8,20,699,2023-10-01,Decline,Smartphones,546.56
2024-11-18,Pixel8,16,699,2023-10-01,Decline,Smartphones,520.36
2024-11-19,Pixel8,17,699,2023-10-01,Decline,Smartphones,520.18
2024-11-20,Pixel8,17,699,2023-10-01,Decline,Smartphones,546
2024-11-21,Pixel8,18,699,2023-10-01,Decline,Smartphones,519.82
2024-11-22,Pixel8,21,699,2023-10-01,Decline,Smartphones,545.63
2024-11-23,Pixel8,20,699,2023-10-01,Decline,Smartphones,519.47
2024-11-24,Pixel8,20,699,2023-10-01,Decline,Smartphones,519.29
2024-11-25,Pixel8,17,699,2023-10-01,Decline,Smartphones,519.11
2024-11-26,Pixel8,17,699,2023-10-01,Decline,Smartphones,518.93
2024-11-27,Pixel8,17,699,2023-10-01,Decline,Smartphones,518.75
2024-11-28,Pixel8,16,699,2023-10-01,Decline,Smartphones,518.57
2024-11-29,Pixel8,18,699,2023-10-01,Decline,Smartphones,518.4
2024-11-30,Pixel8,19,699,2023-10-01,Decline,Smartphones,518.22
2024-12-01,Pixel8,20,699,2023-10-01,Decline,Smartphones,609.46
2024-12-02,Pixel8,17,699,2023-10-01,Decline,Smartphones,578.79
2024-12-03,Pixel8,16,699,2023-10-01,Decline,Smartphones,639.49
2024-12-04,Pixel8,16,699,2023-10-01,Decline,Smartphones,608.83
2024-12-05,Pixel8,17,699,2023-10-01,Decline,Smartphones,578.19
2024-12-06,Pixel8,20,699,2023-10-01,Decline,Smartphones,577.99
2024-12-07,Pixel8,18,699,2023-10-01,Decline,Smartphones,608.2
2024-12-08,Pixel8,20,699,2023-10-01,Decline,Smartphones,607.99
2024-12-09,Pixel8,16,699,2023-10-01,Decline,Smartphones,638.17
2024-12-10,Pixel8,16,699,2023-10-01,Decline,Smartphones,607.57
2024-12-11,Pixel8,17,699,2023-10-01,Decline,Smartphones,607.36
2024-12-12,Pixel8,16,699,2023-10-01,Decline,Smartphones,637.51
2024-12-13,Pixel8,19,699,2023-10-01,Decline,Smartphones,606.94
2024-12-14,Pixel8,20,699,2023-10-01,Decline,Smartphones,606.73
2024-12-15,Pixel8,20,699,2023-10-01,Decline,Smartphones,636.85
2024-12-16,Pixel8,18,699,2023-10-01,Decline,Smartphones,606.31
2024-12-17,Pixel8,16,699,2023-10-01,Decline,Smartphones,575.8
2024-12-18,Pixel8,17,699,2023-10-01,Decline,Smartphones,605.89
2024-12-19,Pixel8,17,699,2023-10-01,Decline,Smartphones,605.68
2024-12-20,Pixel8,26,699,2023-10-01,Decline,Smartphones,605.47
2024-12-21,Pixel8,26,699,2023-10-01,Decline,Smartphones,605.26
2024-12-22,Pixel8,27,699,2023-10-01,Decline,Smartphones,635.31
2024-12-23,Pixel8,22,699,2023-10-01,Decline,Smartphones,604.84
2024-12-24,Pixel8,20,699,2023-10-01,Decline,Smartphones,604.64
2024-12-25,Pixel8,22,699,2023-10-01,Decline,Smartphones,634.65
2024-12-26,Pixel8,25,699,2023-10-01,Decline,Smartphones,604.22
2024-12-27,Pixel8,28,699,2023-10-01,Decline,Smartphones,604.01
2024-12-28,Pixel8,28,699,2023-10-01,Decline,Smartphones,603.8
2024-12-29,Pixel8,28,699,2023-10-01,Decline,Smartphones,603.59
2024-12-30,Pixel8,24,699,2023-10-01,Decline,Smartphones,573.21
2024-12-31,Pixel8,26,699,2023-10-01,Decline,Smartphones,633.33
2025-01-01,Pixel8,17,699,2023-10-01,Decline,Smartphones,633.11
2025-01-02,Pixel8,16,699,2023-10-01,Decline,Smartphones,632.89
2025-01-03,Pixel8,17,699,2023-10-01,Decline,Smartphones,572.41
2025-01-04,Pixel8,17,699,2023-10-01,Decline,Smartphones,602.33
2025-01-05,Pixel8,16,699,2023-10-01,Decline,Smartphones,602.12
2025-01-06,Pixel8,14,699,2023-10-01,Decline,Smartphones,601.91
2025-01-07,Pixel8,15,699,2023-10-01,Decline,Smartphones,601.7
2025-01-08,Pixel8,16,699,2023-10-01,Decline,Smartphones,571.42
2025-01-09,Pixel8,16,699,2023-10-01,Decline,Smartphones,571.22
2025-01-10,Pixel8,18,699,2023-10-01,Decline,Smartphones,571.02
2025-01-11,Pixel8,18,699,2023-10-01,Decline,Smartphones,600.86
2025-01-12,Pixel8,18,699,2023-10-01,Decline,Smartphones,600.65
2025-01-13,Pixel8,16,699,2023-10-01,Decline,Smartphones,600.44
2025-01-14,Pixel8,16,699,2023-10-01,Decline,Smartphones,600.23
2025-01-15,Pixel8,16,699,2023-10-01,Decline,Smartphones,600.02
2025-01-16,Pixel8,16,699,2023-10-01,Decline,Smartphones,599.81
2025-01-17,Pixel8,18,699,2023-10-01,Decline,Smartphones,599.6
2025-01-18,Pixel8,18,699,2023-10-01,Decline,Smartphones,599.39
2025-01-19,Pixel8,19,699,2023-10-01,Decline,Smartphones,599.18
2025-01-20,Pixel8,17,699,2023-10-01,Decline,Smartphones,598.97
2025-01-21,Pixel8,18,699,2023-10-01,Decline,Smartphones,598.76
2025-01-22,Pixel8,15,699,2023-10-01,Decline,Smartphones,628.48
2025-01-23,Pixel8,15,699,2023-10-01,Decline,Smartphones,598.34
2025-01-24,Pixel8,17,699,2023-10-01,Decline,Smartphones,598.13
2025-01-25,Pixel8,15,699,2023-10-01,Decline,Smartphones,597.92
2025-01-26,Pixel8,17,699,2023-10-01,Decline,Smartphones,597.71
2025-01-27,Pixel8,15,699,2023-10-01,Decline,Smartphones,597.51
2025-01-28,Pixel8,15,699,2023-10-01,Decline,Smartphones,597.3
2025-01-29,Pixel8,16,699,2023-10-01,Decline,Smartphones,597.09
2025-01-30,Pixel8,16,699,2023-10-01,Decline,Smartphones,626.72
2025-01-31,Pixel8,18,699,2023-10-01,Decline,Smartphones,596.67
2025-02-01,Pixel8,17,699,2023-10-01,Decline,Smartphones,596.46
2025-02-02,Pixel8,16,699,2023-10-01,Decline,Smartphones,626.06
2025-02-03,Pixel8,16,699,2023-10-01,Decline,Smartphones,625.84
2025-02-04,Pixel8,15,699,2023-10-01,Decline,Smartphones,625.62
2025-02-05,Pixel8,13,699,2023-10-01,Decline,Smartphones,595.62
2025-02-06,Pixel8,16,699,2023-10-01,Decline,Smartphones,595.41
2025-02-07,Pixel8,17,699,2023-10-01,Decline,Smartphones,595.2
2025-02-08,Pixel8,17,699,2023-10-01,Decline,Smartphones,624.74
2025-02-09,Pixel8,17,699,2023-10-01,Decline,Smartphones,594.78
2025-02-10,Pixel8,14,699,2023-10-01,Decline,Smartphones,594.57
2025-02-11,Pixel8,15,699,2023-10-01,Decline,Smartphones,594.36
2025-02-12,Pixel8,13,699,2023-10-01,Decline,Smartphones,594.15
2025-02-13,Pixel8,15,699,2023-10-01,Decline,Smartphones,593.94
