data/sales_with_pricing_new(1).csv
date,product_id,units_sold,base_price,release_date,lifecycle,category,current_price
2025-02-14,Pixel8,17,699,2023-10-01,Decline,Smartphones,623.42
2025-02-15,Pixel8,17,699,2023-10-01,Decline,Smartphones,623.2
2025-02-16,Pixel8,17,699,2023-10-01,Decline,Smartphones,563.65
2025-02-17,Pixel8,15,699,2023-10-01,Decline,Smartphones,593.1
2025-02-18,Pixel8,15,699,2023-10-01,Decline,Smartphones,592.89
2025-02-19,Pixel8,16,699,2023-10-01,Decline,Smartphones,592.68
2025-02-20,Pixel8,14,699,2023-10-01,Decline,Smartphones,622.1
2025-02-21,Pixel8,16,699,2023-10-01,Decline,Smartphones,592.26
2025-02-22,Pixel8,18,699,2023-10-01,Decline,Smartphones,562.45
2025-02-23,Pixel8,15,699,2023-10-01,Decline,Smartphones,591.84
2025-02-24,Pixel8,14,699,2023-10-01,Decline,Smartphones,591.63
2025-02-25,Pixel8,14,699,2023-10-01,Decline,Smartphones,591.42
2025-02-26,Pixel8,14,699,2023-10-01,Decline,Smartphones,591.21
2025-02-27,Pixel8,14,699,2023-10-01,Decline,Smartphones,591
2025-02-28,Pixel8,16,699,2023-10-01,Decline,Smartphones,590.79
2025-03-01,Pixel8,15,699,2023-10-01,Decline,Smartphones,590.59
2025-03-02,Pixel8,17,699,2023-10-01,Decline,Smartphones,560.86
2025-03-03,Pixel8,13,699,2023-10-01,Decline,Smartphones,619.67
2025-03-04,Pixel8,13,699,2023-10-01,Decline,Smartphones,589.96
2025-03-05,Pixel8,15,699,2023-10-01,Decline,Smartphones,619.23
2025-03-06,Pixel8,14,699,2023-10-01,Decline,Smartphones,619.01
2025-03-07,Pixel8,17,699,2023-10-01,Decline,Smartphones,559.86
2025-03-08,Pixel8,17,699,2023-10-01,Decline,Smartphones,618.57
2025-03-09,Pixel8,18,699,2023-10-01,Decline,Smartphones,588.91
2025-03-10,Pixel8,14,699,2023-10-01,Decline,Smartphones,618.13
2025-03-11,Pixel8,14,699,2023-10-01,Decline,Smartphones,588.49
2025-03-12,Pixel8,14,699,2023-10-01,Decline,Smartphones,558.86
2025-03-13,Pixel8,14,699,2023-10-01,Decline,Smartphones,588.07
2025-03-14,Pixel8,16,699,2023-10-01,Decline,Smartphones,587.86
2025-03-15,Pixel8,17,699,2023-10-01,Decline,Smartphones,587.65
2025-03-16,Pixel8,15,699,2023-10-01,Decline,Smartphones,616.81
2025-03-17,Pixel8,16,699,2023-10-01,Decline,Smartphones,587.23
2025-03-18,Pixel8,13,699,2023-10-01,Decline,Smartphones,587.02
2025-03-19,Pixel8,14,699,2023-10-01,Decline,Smartphones,586.81
2025-03-20,Pixel8,15,699,2023-10-01,Decline,Smartphones,586.6
2025-03-21,Pixel8,17,699,2023-10-01,Decline,Smartphones,586.39
2025-03-22,Pixel8,18,699,2023-10-01,Decline,Smartphones,556.87
2025-03-23,Pixel8,17,699,2023-10-01,Decline,Smartphones,585.97
2025-03-24,Pixel8,13,699,2023-10-01,Decline,Smartphones,615.05
2025-03-25,Pixel8,15,699,2023-10-01,Decline,Smartphones,585.55
2025-03-26,Pixel8,14,699,2023-10-01,Decline,Smartphones,585.34
2025-03-27,Pixel8,15,699,2023-10-01,Decline,Smartphones,555.88
2025-03-28,Pixel8,17,699,2023-10-01,Decline,Smartphones,584.92
2025-03-29,Pixel8,18,699,2023-10-01,Decline,Smartphones,584.71
2025-03-30,Pixel8,19,699,2023-10-01,Decline,Smartphones,584.5
2025-03-31,Pixel8,14,699,2023-10-01,Decline,Smartphones,555.08
2024-01-01,Pixel9,0,799,2024-10-15,Growth,Smartphones,878.9
2024-01-02,Pixel9,0,799,2024-10-15,Growth,Smartphones,834.96
2024-01-03,Pixel9,0,799,2024-10-15,Growth,Smartphones,878.9
2024-01-04,Pixel9,0,799,2024-10-15,Growth,Smartphones,878.9
2024-01-05,Pixel9,0,799,2024-10-15,Growth,Smartphones,834.96
2024-01-06,Pixel9,0,799,2024-10-15,Growth,Smartphones,834.96
2024-01-07,Pixel9,0,799,2024-10-15,Growth,Smartphones,878.9
2024-01-08,Pixel9,0,799,2024-10-15,Growth,Smartphones,878.9
2024-01-09,Pixel9,0,799,2024-10-15,Growth,Smartphones,878.9
2024-01-10,Pixel9,0,799,2024-10-15,Growth,Smartphones,878.9
2024-01-11,Pixel9,0,799,2024-10-15,Growth,Smartphones,878.9
2024-01-12,Pixel9,0,799,2024-10-15,Growth,Smartphones,878.9
2024-01-13,Pixel9,0,799,2024-10-15,Growth,Smartphones,878.9
2024-01-14,Pixel9,0,799,2024-10-15,Growth,Smartphones,878.9
2024-01-15,Pixel9,0,799,2024-10-15,Growth,Smartphones,878.9
2024-01-16,Pixel9,0,799,2024-10-15,Growth,Smartphones,834.96
2024-01-17,Pixel9,0,799,2024-10-15,Growth,Smartphones,878.9
2024-01-18,Pixel9,0,799,2024-10-15,Growth,Smartphones,878.9
2024-01-19,Pixel9,0,799,2024-10-15,Growth,Smartphones,878.9
2024-01-20,Pixel9,0,799,2024-10-15,Growth,Smartphones,834.96
2024-01-21,Pixel9,0,799,2024-10-15,Growth,Smartphones,834.96
2024-01-22,Pixel9,0,799,2024-10-15,Growth,Smartphones,878.9
2024-01-23,Pixel9,0,799,2024-10-15,Growth,Smartphones,834.96
2024-01-24,Pixel9,0,799,2024-10-15,Growth,Smartphones,878.9
2024-01-25,Pixel9,0,799,2024-10-15,Growth,Smartphones,878.9
2024-01-26,Pixel9,0,799,2024-10-15,Growth,Smartphones,834.96
2024-01-27,Pixel9,0,799,2024-10-15,Growth,Smartphones,878.9
2024-01-28,Pixel9,0,799,2024-10-15,Growth,Smartphones,834.96
2024-01-29,Pixel9,0,799,2024-10-15,Growth,Smartphones,878.9
2024-01-30,Pixel9,0,799,2024-10-15,Growth,Smartphones,878.9
2024-01-31,Pixel9,0,799,2024-10-15,Growth,Smartphones,834.96
2024-02-01,Pixel9,0,799,2024-10-15,Growth,Smartphones,878.9
2024-02-02,Pixel9,0,799,2024-10-15,Growth,Smartphones,878.9
2024-02-03,Pixel9,0,799,2024-10-15,Growth,Smartphones,878.9
2024-02-04,Pixel9,0,799,2024-10-15,Growth,Smartphones,834.96
2024-02-05,Pixel9,0,799,2024-10-15,Growth,Smartphones,834.96
2024-02-06,Pixel9,0,799,2024-10-15,Growth,Smartphones,878.9
2024-02-07,Pixel9,0,799,2024-10-15,Growth,Smartphones,878.9
2024-02-08,Pixel9,0,799,2024-10-15,Growth,Smartphones,878.9
2024-02-09,Pixel9,0,799,2024-10-15,Growth,Smartphones,834.96
2024-02-10,Pixel9,0,799,2024-10-15,Growth,Smartphones,878.9
2024-02-11,Pixel9,0,799,2024-10-15,Growth,Smartphones,834.96
2024-02-12,Pixel9,0,799,2024-10-15,Growth,Smartphones,834.96
2024-02-13,Pixel9,0,799,2024-10-15,Growth,Smartphones,878.9
2024-02-14,Pixel9,0,799,2024-10-15,Growth,Smartphones,878.9
2024-02-15,Pixel9,0,799,2024-10-15,Growth,Smartphones,878.9
2024-02-16,Pixel9,0,799,2024-10-15,Growth,Smartphones,878.9
2024-02-17,Pixel9,0,799,2024-10-15,Growth,Smartphones,834.96
2024-02-18,Pixel9,0,799,2024-10-15,Growth,Smartphones,878.9
2024-02-19,Pixel9,0,799,2024-10-15,Growth,Smartphones,878.9
2024-02-20,Pixel9,0,799,2024-10-15,Growth,Smartphones,878.9
2024-02-21,Pixel9,0,799,2024-10-15,Growth,Smartphones,878.9
2024-02-22,Pixel9,0,799,2024-10-15,Growth,Smartphones,878.9
2024-02-23,Pixel9,0,799,2024-10-15,Growth,Smartphones,878.9
2024-02-24,Pixel9,0,799,2024-10-15,Growth,Smartphones,878.9
2024-02-25,Pixel9,0,799,2024-10-15,Growth,Smartphones,834.96
2024-02-26,Pixel9,0,799,2024-10-15,Growth,Smartphones,878.9
2024-02-27,Pixel9,0,799,2024-10-15,Growth,Smartphones,878.9
2024-02-28,Pixel9,0,799,2024-10-15,Growth,Smartphones,878.9
2024-02-29,Pixel9,0,799,2024-10-15,Growth,Smartphones,878.9
2024-03-01,Pixel9,0,799,2024-10-15,Growth,Smartphones,834.96
2024-03-02,Pixel9,0,799,2024-10-15,Growth,Smartphones,878.9
2024-03-03,Pixel9,0,799,2024-10-15,Growth,Smartphones,834.96
2024-03-04,Pixel9,0,799,2024-10-15,Growth,Smartphones,878.9
2024-03-05,Pixel9,0,799,2024-10-15,Growth,Smartphones,878.9
2024-03-06,Pixel9,0,799,2024-10-15,Growth,Smartphones,878.9
2024-03-07,Pixel9,0,799,2024-10-15,Growth,Smartphones,878.9
2024-03-08,Pixel9,0,799,2024-10-15,Growth,Smartphones,834.96
2024-03-09,Pixel9,0,799,2024-10-15,Growth,Smartphones,878.9
2024-03-10,Pixel9,0,799,2024-10-15,Growth,Smartphones,878.9
2024-03-11,Pixel9,0,799,2024-10-15,Growth,Smartphones,878.9
2024-03-12,Pixel9,0,799,2024-10-15,Growth,Smartphones,878.9
2024-03-13,Pixel9,0,799,2024-10-15,Growth,Smartphones,878.9
2024-03-14,Pixel9,0,799,2024-10-15,Growth,Smartphones,878.9
2024-03-15,Pixel9,0,799,2024-10-15,Growth,Smartphones,878.9
2024-03-16,Pixel9,0,799,2024-10-15,Growth,Smartphones,878.9
2024-03-17,Pixel9,0,799,2024-10-15,Growth,Smartphones,878.9
2024-03-18,Pixel9,0,799,2024-10-15,Growth,Smartphones,878.9
2024-03-19,Pixel9,0,799,2024-10-15,Growth,Smartphones,878.9
2024-03-20,Pixel9,0,799,2024-10-15,Growth,Smartphones,878.9
2024-03-21,Pixel9,0,799,2024-10-15,Growth,Smartphones,878.9
2024-03-22,Pixel9,0,799,2024-10-15,Growth,Smartphones,878.9
2024-03-23,Pixel9,0,799,2024-10-15,Growth,Smartphones,878.9
2024-03-24,Pixel9,0,799,2024-10-15,Growth,Smartphones,878.9
2024-03-25,Pixel9,0,799,2024-10-15,Growth,Smartphones,878.9
2024-03-26,Pixel9,0,799,2024-10-15,Growth,Smartphones,878.9
2024-03-27,Pixel9,0,799,2024-10-15,Growth,Smartphones,878.9
2024-03-28,Pixel9,0,799,2024-10-15,Growth,Smartphones,878.9
2024-03-29,Pixel9,0,799,2024-10-15,Growth,Smartphones,878.9
2024-03-30,Pixel9,0,799,2024-10-15,Growth,Smartphones,834.96
2024-03-31,Pixel9,0,799,2024-10-15,Growth,Smartphones,878.9
2024-04-01,Pixel9,0,799,2024-10-15,Growth,Smartphones,878.9
2024-04-02,Pixel9,0,799,2024-10-15,Growth,Smartphones,878.9
2024-04-03,Pixel9,0,799,2024-10-15,Growth,Smartphones,878.9
2024-04-04,Pixel9,0,799,2024-10-15,Growth,Smartphones,878.9
2024-04-05,Pixel9,0,799,2024-10-15,Growth,Smartphones,878.9
2024-04-06,Pixel9,0,799,2024-10-15,Growth,Smartphones,878.9
2024-04-07,Pixel9,0,799,2024-10-15,Growth,Smartphones,878.9
2024-04-08,Pixel9,0,799,2024-10-15,Growth,Smartphones,878.9
2024-04-09,Pixel9,0,799,2024-10-15,Growth,Smartphones,878.9
2024-04-10,Pixel9,0,799,2024-10-15,Growth,Smartphones,878.9
2024-04-11,Pixel9,0,799,2024-10-15,Growth,Smartphones,878.9
2024-04-12,Pixel9,0,799,2024-10-15,Growth,Smartphones,834.96
2024-04-13,Pixel9,0,799,2024-10-15,Growth,Smartphones,878.9
2024-04-14,Pixel9,0,799,2024-10-15,Growth,Smartphones,878.9
2024-04-15,Pixel9,0,799,2024-10-15,Growth,Smartphones,878.9
2024-04-16,Pixel9,0,799,2024-10-15,Growth,Smartphones,878.9
2024-04-17,Pixel9,0,799,2024-10-15,Growth,Smartphones,878.9
2024-04-18,Pixel9,0,799,2024-10-15,Growth,Smartphones,878.9
2024-04-19,Pixel9,0,799,2024-10-15,Growth,Smartphones,878.9
2024-04-20,Pixel9,0,799,2024-10-15,Growth,Smartphones,878.9
2024-04-21,Pixel9,0,799,2024-10-15,Growth,Smartphones,878.9
2024-04-22,Pixel9,0,799,2024-10-15,Growth,Smartphones,878.9
2024-04-23,Pixel9,0,799,2024-10-15,Growth,Smartphones,834.96
2024-04-24,Pixel9,0,799,2024-10-15,Growth,Smartphones,878.9
2024-04-25,Pixel9,0,799,2024-10-15,Growth,Smartphones,878.9
2024-04-26,Pixel9,0,799,2024-10-15,Growth,Smartphones,878.9
2024-04-27,Pixel9,0,799,2024-10-15,Growth,Smartphones,878.9
2024-04-28,Pixel9,0,799,2024-10-15,Growth,Smartphones,834.96
2024-04-29,Pixel9,0,799,2024-10-15,Growth,Smartphones,878.9
2024-04-30,Pixel9,0,799,2024-10-15,Growth,Smartphones,878.9
2024-05-01,Pixel9,0,799,2024-10-15,Growth,Smartphones,878.9
2024-05-02,Pixel9,0,799,2024-10-15,Growth,Smartphones,878.9
2024-05-03,Pixel9,0,799,2024-10-15,Growth,Smartphones,878.9
2024-05-04,Pixel9,0,799,2024-10-15,Growth,Smartphones,878.9
2024-05-05,Pixel9,0,799,2024-10-15,Growth,Smartphones,878.9
2024-05-06,Pixel9,0,799,2024-10-15,Growth,Smartphones,834.96
2024-05-07,Pixel9,0,799,2024-10-15,Growth,Smartphones,878.9
2024-05-08,Pixel9,0,799,2024-10-15,Growth,Smartphones,878.9
2024-05-09,Pixel9,0,799,2024-10-15,Growth,Smartphones,878.9
2024-05-10,Pixel9,0,799,2024-10-15,Growth,Smartphones,834.96
2024-05-11,Pixel9,0,799,2024-10-15,Growth,Smartphones,878.9
2024-05-12,Pixel9,0,799,2024-10-15,Growth,Smartphones,878.9
2024-05-13,Pixel9,0,799,2024-10-15,Growth,Smartphones,878.9
2024-05-14,Pixel9,0,799,2024-10-15,Growth,Smartphones,878.9
2024-05-15,Pixel9,0,799,2024-10-15,Growth,Smartphones,878.9
2024-05-16,Pixel9,0,799,2024-10-15,Growth,Smartphones,878.9
2024-05-17,Pixel9,0,799,2024-10-15,Growth,Smartphones,878.9
2024-05-18,Pixel9,0,799,2024-10-15,Growth,Smartphones,834.96
2024-05-19,Pixel9,0,799,2024-10-15,Growth,Smartphones,878.9
2024-05-20,Pixel9,0,799,2024-10-15,Growth,Smartphones,878.9
2024-05-21,Pixel9,0,799,2024-10-15,Growth,Smartphones,834.96
2024-05-22,Pixel9,0,799,2024-10-15,Growth,Smartphones,878.9
2024-05-23,Pixel9,0,799,2024-10-15,Growth,Smartphones,834.96
2024-05-24,Pixel9,0,799,2024-10-15,Growth,Smartphones,878.9
2024-05-25,Pixel9,0,799,2024-10-15,Growth,Smartphones,878.9
2024-05-26,Pixel9,0,799,2024-10-15,Growth,Smartphones,878.9
2024-05-27,Pixel9,0,799,2024-10-15,Growth,Smartphones,878.9
2024-05-28,Pixel9,0,799,2024-10-15,Growth,Smartphones,878.9
2024-05-29,Pixel9,0,799,2024-10-15,Growth,Smartphones,878.9
2024-05-30,Pixel9,0,799,2024-10-15,Growth,Smartphones,834.96
2024-05-31,Pixel9,0,799,2024-10-15,Growth,Smartphones,878.9
2024-06-01,Pixel9,0,799,2024-10-15,Growth,Smartphones,878.9
2024-06-02,Pixel9,0,799,2024-10-15,Growth,Smartphones,878.9
2024-06-03,Pixel9,0,799,2024-10-15,Growth,Smartphones,878.9
2024-06-04,Pixel9,0,799,2024-10-15,Growth,Smartphones,834.96
2024-06-05,Pixel9,0,799,2024-10-15,Growth,Smartphones,834.96
2024-06-06,Pixel9,0,799,2024-10-15,Growth,Smartphones,878.9
2024-06-07,Pixel9,0,799,2024-10-15,Growth,Smartphones,878.9
2024-06-08,Pixel9,0,799,2024-10-15,Growth,Smartphones,878.9
2024-06-09,Pixel9,0,799,2024-10-15,Growth,Smartphones,878.9
2024-06-10,Pixel9,0,799,2024-10-15,Growth,Smartphones,878.9
2024-06-11,Pixel9,0,799,2024-10-15,Growth,Smartphones,878.9
2024-06-12,Pixel9,0,799,2024-10-15,Growth,Smartphones,878.9
2024-06-13,Pixel9,0,799,2024-10-15,Growth,Smartphones,878.9
2024-06-14,Pixel9,0,799,2024-10-15,Growth,Smartphones,834.96
2024-06-15,Pixel9,0,799,2024-10-15,Growth,Smartphones,878.9
2024-06-16,Pixel9,0,799,2024-10-15,Growth,Smartphones,878.9
2024-06-17,Pixel9,0,799,2024-10-15,Growth,Smartphones,878.9
2024-06-18,Pixel9,0,799,2024-10-15,Growth,Smartphones,834.96
2024-06-19,Pixel9,0,799,2024-10-15,Growth,Smartphones,878.9
2024-06-20,Pixel9,0,799,2024-10-15,Growth,Smartphones,878.9
2024-06-21,Pixel9,0,799,2024-10-15,Growth,Smartphones,878.9
2024-06-22,Pixel9,0,799,2024-10-15,Growth,Smartphones,878.9
2024-06-23,Pixel9,0,799,2024-10-15,Growth,Smartphones,878.9
2024-06-24,Pixel9,0,799,2024-10-15,Growth,Smartphones,878.9
2024-06-25,Pixel9,0,799,2024-10-15,Growth,Smartphones,878.9
2024-06-26,Pixel9,0,799,2024-10-15,Growth,Smartphones,878.9
2024-06-27,Pixel9,0,799,2024-10-15,Growth,Smartphones,878.9
2024-06-28,Pixel9,0,799,2024-10-15,Growth,Smartphones,878.9
2024-06-29,Pixel9,0,799,2024-10-15,Growth,Smartphones,878.9
2024-06-30,Pixel9,0,799,2024-10-15,Growth,Smartphones,878.9
2024-07-01,Pixel9,0,799,2024-10-15,Growth,Smartphones,878.9
2024-07-02,Pixel9,0,799,2024-10-15,Growth,Smartphones,878.9
2024-07-03,Pixel9,0,799,2024-10-15,Growth,Smartphones,878.9
2024-07-04,Pixel9,0,799,2024-10-15,Growth,Smartphones,878.9
2024-07-05,Pixel9,0,799,2024-10-15,Growth,Smartphones,878.9
2024-07-06,Pixel9,0,799,2024-10-15,Growth,Smartphones,834.96
2024-07-07,Pixel9,0,799,2024-10-15,Growth,Smartphones,834.96
2024-07-08,Pixel9,0,799,2024-10-15,Growth,Smartphones,834.96
2024-07-09,Pixel9,0,799,2024-10-15,Growth,Smartphones,878.9
2024-07-10,Pixel9,0,799,2024-10-15,Growth,Smartphones,878.9
2024-07-11,Pixel9,0,799,2024-10-15,Growth,Smartphones,834.96
2024-07-12,Pixel9,0,799,2024-10-15,Growth,Smartphones,878.9
2024-07-13,Pixel9,0,799,2024-10-15,Growth,Smartphones,878.9
2024-07-14,Pixel9,0,799,2024-10-15,Growth,Smartphones,834.96
2024-07-15,Pixel9,0,799,2024-10-15,Growth,Smartphones,834.96
2024-07-16,Pixel9,0,799,2024-10-15,Growth,Smartphones,878.9
2024-07-17,Pixel9,0,799,2024-10-15,Growth,Smartphones,878.9
2024-07-18,Pixel9,0,799,2024-10-15,Growth,Smartphones,878.9
2024-07-19,Pixel9,0,799,2024-10-15,Growth,Smartphones,878.9
2024-07-20,Pixel9,0,799,2024-10-15,Growth,Smartphones,834.96
2024-07-21,Pixel9,0,799,2024-10-15,Growth,Smartphones,878.9
2024-07-22,Pixel9,0,799,2024-10-15,Growth,Smartphones,878.9
2024-07-23,Pixel9,0,799,2024-10-15,Growth,Smartphones,834.96
2024-07-24,Pixel9,0,799,2024-10-15,Growth,Smartphones,878.9
2024-07-25,Pixel9,0,799,2024-10-15,Growth,Smartphones,878.9
2024-07-26,Pixel9,0,799,2024-10-15,Growth,Smartphones,878.9
2024-07-27,Pixel9,0,799,2024-10-15,Growth,Smartphones,834.96
2024-07-28,Pixel9,0,799,2024-10-15,Growth,Smartphones,834.96
2024-07-29,Pixel9,0,799,2024-10-15,Growth,Smartphones,878.9
2024-07-30,Pixel9,0,799,2024-10-15,Growth,Smartphones,834.96
2024-07-31,Pixel9,0,799,2024-10-15,Growth,Smartphones,834.96
2024-08-01,Pixel9,0,799,2024-10-15,Growth,Smartphones,878.9
2024-08-02,Pixel9,0,799,2024-10-15,Growth,Smartphones,878.9
2024-08-03,Pixel9,0,799,2024-10-15,Growth,Smartphones,878.9
2024-08-04,Pixel9,0,799,2024-10-15,Growth,Smartphones,878.9
2024-08-05,Pixel9,0,799,2024-10-15,Growth,Smartphones,878.9
2024-08-06,Pixel9,0,799,2024-10-15,Growth,Smartphones,878.9
2024-08-07,Pixel9,0,799,2024-10-15,Growth,Smartphones,878.9
2024-08-08,Pixel9,0,799,2024-10-15,Growth,Smartphones,878.9
2024-08-09,Pixel9,0,799,2024-10-15,Growth,Smartphones,878.9
2024-08-10,Pixel9,0,799,2024-10-15,Growth,Smartphones,878.9
2024-08-11,Pixel9,0,799,2024-10-15,Growth,Smartphones,878.9
2024-08-12,Pixel9,0,799,2024-10-15,Growth,Smartphones,834.96
2024-08-13,Pixel9,0,799,2024-10-15,Growth,Smartphones,878.9
2024-08-14,Pixel9,0,799,2024-10-15,Growth,Smartphones,878.9
2024-08-15,Pixel9,0,799,2024-10-15,Growth,Smartphones,878.9
2024-08-16,Pixel9,0,799,2024-10-15,Growth,Smartphones,878.9
2024-08-17,Pixel9,0,799,2024-10-15,Growth,Smartphones,834.96
2024-08-18,Pixel9,0,799,2024-10-15,Growth,Smartphones,834.96
2024-08-19,Pixel9,0,799,2024-10-15,Growth,Smartphones,878.9
2024-08-20,Pixel9,0,799,2024-10-15,Growth,Smartphones,878.9
2024-08-21,Pixel9,0,799,2024-10-15,Growth,Smartphones,878.9
2024-08-22,Pixel9,0,799,2024-10-15,Growth,Smartphones,834.96
2024-08-23,Pixel9,0,799,2024-10-15,Growth,Smartphones,878.9
2024-08-24,Pixel9,0,799,2024-10-15,Growth,Smartphones,878.9
2024-08-25,Pixel9,0,799,2024-10-15,Growth,Smartphones,878.9
2024-08-26,Pixel9,0,799,2024-10-15,Growth,Smartphones,834.96
2024-08-27,Pixel9,0,799,2024-10-15,Growth,Smartphones,878.9
2024-08-28,Pixel9,0,799,2024-10-15,Growth,Smartphones,878.9
2024-08-29,Pixel9,0,799,2024-10-15,Growth,Smartphones,834.96
2024-08-30,Pixel9,0,799,2024-10-15,Growth,Smartphones,878.9
2024-08-31,Pixel9,0,799,2024-10-15,Growth,Smartphones,834.96
2024-09-01,Pixel9,0,799,2024-10-15,Growth,Smartphones,834.96
2024-09-02,Pixel9,0,799,2024-10-15,Growth,Smartphones,878.9
2024-09-03,Pixel9,0,799,2024-10-15,Growth,Smartphones,878.9
2024-09-04,Pixel9,0,799,2024-10-15,Growth,Smartphones,878.9
