data/sales_with_pricing_new(1).csv
date,product_id,units_sold,base_price,release_date,lifecycle,category,current_price
2024-09-05,Pixel9,0,799,2024-10-15,Growth,Smartphones,878.9
2024-09-06,Pixel9,0,799,2024-10-15,Growth,Smartphones,878.9
2024-09-07,Pixel9,0,799,2024-10-15,Growth,Smartphones,878.9
2024-09-08,Pixel9,0,799,2024-10-15,Growth,Smartphones,834.96
2024-09-09,Pixel9,0,799,2024-10-15,Growth,Smartphones,878.9
2024-09-10,Pixel9,0,799,2024-10-15,Growth,Smartphones,834.96
2024-09-11,Pixel9,0,799,2024-10-15,Growth,Smartphones,878.9
2024-09-12,Pixel9,0,799,2024-10-15,Growth,Smartphones,878.9
2024-09-13,Pixel9,0,799,2024-10-15,Growth,Smartphones,878.9
2024-09-14,Pixel9,0,799,2024-10-15,Growth,Smartphones,878.9
2024-09-15,Pixel9,0,799,2024-10-15,Growth,Smartphones,878.9
2024-09-16,Pixel9,0,799,2024-10-15,Growth,Smartphones,878.9
2024-09-17,Pixel9,0,799,2024-10-15,Growth,Smartphones,878.9
2024-09-18,Pixel9,0,799,2024-10-15,Growth,Smartphones,878.9
2024-09-19,Pixel9,0,799,2024-10-15,Growth,Smartphones,878.9
2024-09-20,Pixel9,0,799,2024-10-15,Growth,Smartphones,878.9
2024-09-21,Pixel9,0,799,2024-10-15,Growth,Smartphones,878.9
2024-09-22,Pixel9,0,799,2024-10-15,Growth,Smartphones,878.9
2024-09-23,Pixel9,0,799,2024-10-15,Growth,Smartphones,878.9
2024-09-24,Pixel9,0,799,2024-10-15,Growth,Smartphones,878.9
2024-09-25,Pixel9,0,799,2024-10-15,Growth,Smartphones,878.9
2024-09-26,Pixel9,0,799,2024-10-15,Growth,Smartphones,878.9
2024-09-27,Pixel9,0,799,2024-10-15,Growth,Smartphones,878.9
2024-09-28,Pixel9,0,799,2024-10-15,Growth,Smartphones,878.9
2024-09-29,Pixel9,0,799,2024-10-15,Growth,Smartphones,878.9
2024-09-30,Pixel9,0,799,2024-10-15,Growth,Smartphones,834.96
2024-10-01,Pixel9,0,799,2024-10-15,Growth,Smartphones,878.9
2024-10-02,Pixel9,0,799,2024-10-15,Growth,Smartphones,878.9
2024-10-03,Pixel9,0,799,2024-10-15,Growth,Smartphones,834.96
2024-10-04,Pixel9,0,799,2024-10-15,Growth,Smartphones,878.9
2024-10-05,Pixel9,0,799,2024-10-15,Growth,Smartphones,878.9
2024-10-06,Pixel9,0,799,2024-10-15,Growth,Smartphones,878.9
2024-10-07,Pixel9,0,799,2024-10-15,Growth,Smartphones,878.9
2024-10-08,Pixel9,0,799,2024-10-15,Growth,Smartphones,878.9
2024-10-09,Pixel9,0,799,2024-10-15,Growth,Smartphones,834.96
2024-10-10,Pixel9,0,799,2024-10-15,Growth,Smartphones,878.9
2024-10-11,Pixel9,0,799,2024-10-15,Growth,Smartphones,834.96
2024-10-12,Pixel9,0,799,2024-10-15,Growth,Smartphones,878.9
2024-10-13,Pixel9,0,799,2024-10-15,Growth,Smartphones,878.9
2024-10-14,Pixel9,0,799,2024-10-15,Growth,Smartphones,878.9
2024-10-15,Pixel9,49,799,2024-10-15,Growth,Smartphones,878.9
2024-10-16,Pixel9,44,799,2024-10-15,Growth,Smartphones,834.96
2024-10-17,Pixel9,46,799,2024-10-15,Growth,Smartphones,878.9
2024-10-18,Pixel9,55,799,2024-10-15,Growth,Smartphones,834.96
2024-10-19,Pixel9,55,799,2024-10-15,Growth,Smartphones,878.9
2024-10-20,Pixel9,55,799,2024-10-15,Growth,Smartphones,834.96
2024-10-21,Pixel9,49,799,2024-10-15,Growth,Smartphones,878.9
2024-10-22,Pixel9,50,799,2024-10-15,Growth,Smartphones,878.9
2024-10-23,Pixel9,49,799,2024-10-15,Growth,Smartphones,878.9
2024-10-24,Pixel9,42,799,2024-10-15,Growth,Smartphones,878.9
2024-10-25,Pixel9,58,799,2024-10-15,Growth,Smartphones,878.9
2024-10-26,Pixel9,54,799,2024-10-15,Growth,Smartphones,878.9
2024-10-27,Pixel9,56,799,2024-10-15,Growth,Smartphones,878.9
2024-10-28,Pixel9,51,799,2024-10-15,Growth,Smartphones,878.9
2024-10-29,Pixel9,50,799,2024-10-15,Growth,Smartphones,834.96
2024-10-30,Pixel9,45,799,2024-10-15,Growth,Smartphones,834.96
2024-10-31,Pixel9,51,799,2024-10-15,Growth,Smartphones,878.9
2024-11-01,Pixel9,56,799,2024-10-15,Growth,Smartphones,747.06
2024-11-02,Pixel9,56,799,2024-10-15,Growth,Smartphones,747.06
2024-11-03,Pixel9,55,799,2024-10-15,Growth,Smartphones,784.42
2024-11-04,Pixel9,45,799,2024-10-15,Growth,Smartphones,747.06
2024-11-05,Pixel9,46,799,2024-10-15,Growth,Smartphones,784.42
2024-11-06,Pixel9,51,799,2024-10-15,Growth,Smartphones,747.06
2024-11-07,Pixel9,47,799,2024-10-15,Growth,Smartphones,747.06
2024-11-08,Pixel9,54,799,2024-10-15,Growth,Smartphones,784.42
2024-11-09,Pixel9,60,799,2024-10-15,Growth,Smartphones,784.42
2024-11-10,Pixel9,56,799,2024-10-15,Growth,Smartphones,784.42
2024-11-11,Pixel9,53,799,2024-10-15,Growth,Smartphones,709.71
2024-11-12,Pixel9,50,799,2024-10-15,Growth,Smartphones,784.42
2024-11-13,Pixel9,49,799,2024-10-15,Growth,Smartphones,784.42
2024-11-14,Pixel9,56,799,2024-10-15,Growth,Smartphones,679.15
2024-11-15,Pixel9,62,799,2024-10-15,Growth,Smartphones,679.15
2024-11-16,Pixel9,64,799,2024-10-15,Growth,Smartphones,679.15
2024-11-17,Pixel9,62,799,2024-10-15,Growth,Smartphones,679.15
2024-11-18,Pixel9,56,799,2024-10-15,Growth,Smartphones,679.15
2024-11-19,Pixel9,52,799,2024-10-15,Growth,Smartphones,713.11
2024-11-20,Pixel9,51,799,2024-10-15,Growth,Smartphones,713.11
2024-11-21,Pixel9,51,799,2024-10-15,Growth,Smartphones,679.15
2024-11-22,Pixel9,61,799,2024-10-15,Growth,Smartphones,679.15
2024-11-23,Pixel9,63,799,2024-10-15,Growth,Smartphones,679.15
2024-11-24,Pixel9,65,799,2024-10-15,Growth,Smartphones,679.15
2024-11-25,Pixel9,60,799,2024-10-15,Growth,Smartphones,679.15
2024-11-26,Pixel9,56,799,2024-10-15,Growth,Smartphones,679.15
2024-11-27,Pixel9,58,799,2024-10-15,Growth,Smartphones,679.15
2024-11-28,Pixel9,59,799,2024-10-15,Growth,Smartphones,645.19
2024-11-29,Pixel9,58,799,2024-10-15,Growth,Smartphones,679.15
2024-11-30,Pixel9,57,799,2024-10-15,Growth,Smartphones,679.15
2024-12-01,Pixel9,57,799,2024-10-15,Growth,Smartphones,799
2024-12-02,Pixel9,57,799,2024-10-15,Growth,Smartphones,799
2024-12-03,Pixel9,54,799,2024-10-15,Growth,Smartphones,838.95
2024-12-04,Pixel9,55,799,2024-10-15,Growth,Smartphones,799
2024-12-05,Pixel9,60,799,2024-10-15,Growth,Smartphones,799
2024-12-06,Pixel9,60,799,2024-10-15,Growth,Smartphones,838.95
2024-12-07,Pixel9,68,799,2024-10-15,Growth,Smartphones,799
2024-12-08,Pixel9,63,799,2024-10-15,Growth,Smartphones,799
2024-12-09,Pixel9,52,799,2024-10-15,Growth,Smartphones,799
2024-12-10,Pixel9,59,799,2024-10-15,Growth,Smartphones,799
2024-12-11,Pixel9,58,799,2024-10-15,Growth,Smartphones,799
2024-12-12,Pixel9,59,799,2024-10-15,Growth,Smartphones,759.05
2024-12-13,Pixel9,62,799,2024-10-15,Growth,Smartphones,759.05
2024-12-14,Pixel9,66,799,2024-10-15,Growth,Smartphones,799
2024-12-15,Pixel9,75,799,2024-10-15,Growth,Smartphones,759.05
2024-12-16,Pixel9,62,799,2024-10-15,Growth,Smartphones,799
2024-12-17,Pixel9,61,799,2024-10-15,Growth,Smartphones,838.95
2024-12-18,Pixel9,61,799,2024-10-15,Growth,Smartphones,799
2024-12-19,Pixel9,57,799,2024-10-15,Growth,Smartphones,759.05
2024-12-20,Pixel9,91,799,2024-10-15,Growth,Smartphones,799
2024-12-21,Pixel9,95,799,2024-10-15,Growth,Smartphones,799
2024-12-22,Pixel9,101,799,2024-10-15,Growth,Smartphones,799
2024-12-23,Pixel9,81,799,2024-10-15,Growth,Smartphones,799
2024-12-24,Pixel9,84,799,2024-10-15,Growth,Smartphones,838.95
2024-12-25,Pixel9,89,799,2024-10-15,Growth,Smartphones,799
2024-12-26,Pixel9,86,799,2024-10-15,Growth,Smartphones,838.95
2024-12-27,Pixel9,107,799,2024-10-15,Growth,Smartphones,799
2024-12-28,Pixel9,113,799,2024-10-15,Growth,Smartphones,838.95
2024-12-29,Pixel9,108,799,2024-10-15,Growth,Smartphones,799
2024-12-30,Pixel9,84,799,2024-10-15,Growth,Smartphones,799
2024-12-31,Pixel9,89,799,2024-10-15,Growth,Smartphones,759.05
2025-01-01,Pixel9,61,799,2024-10-15,Growth,Smartphones,799
2025-01-02,Pixel9,61,799,2024-10-15,Growth,Smartphones,759.05
2025-01-03,Pixel9,66,799,2024-10-15,Growth,Smartphones,838.95
2025-01-04,Pixel9,77,799,2024-10-15,Growth,Smartphones,838.95
2025-01-05,Pixel9,68,799,2024-10-15,Growth,Smartphones,759.05
2025-01-06,Pixel9,60,799,2024-10-15,Growth,Smartphones,799
2025-01-07,Pixel9,65,799,2024-10-15,Growth,Smartphones,799
2025-01-08,Pixel9,57,799,2024-10-15,Growth,Smartphones,799
2025-01-09,Pixel9,62,799,2024-10-15,Growth,Smartphones,759.05
2025-01-10,Pixel9,72,799,2024-10-15,Growth,Smartphones,838.95
2025-01-11,Pixel9,76,799,2024-10-15,Growth,Smartphones,799
2025-01-12,Pixel9,76,799,2024-10-15,Growth,Smartphones,759.05
2025-01-13,Pixel9,61,799,2024-10-15,Growth,Smartphones,759.05
2025-01-14,Pixel9,69,799,2024-10-15,Growth,Smartphones,838.95
2025-01-15,Pixel9,60,799,2024-10-15,Growth,Smartphones,799
2025-01-16,Pixel9,60,799,2024-10-15,Growth,Smartphones,838.95
2025-01-17,Pixel9,71,799,2024-10-15,Growth,Smartphones,759.05
2025-01-18,Pixel9,74,799,2024-10-15,Growth,Smartphones,799
2025-01-19,Pixel9,75,799,2024-10-15,Growth,Smartphones,838.95
2025-01-20,Pixel9,67,799,2024-10-15,Growth,Smartphones,759.05
2025-01-21,Pixel9,65,799,2024-10-15,Growth,Smartphones,759.05
2025-01-22,Pixel9,67,799,2024-10-15,Growth,Smartphones,799
2025-01-23,Pixel9,70,799,2024-10-15,Growth,Smartphones,799
2025-01-24,Pixel9,76,799,2024-10-15,Growth,Smartphones,799
2025-01-25,Pixel9,74,799,2024-10-15,Growth,Smartphones,838.95
2025-01-26,Pixel9,77,799,2024-10-15,Growth,Smartphones,838.95
2025-01-27,Pixel9,73,799,2024-10-15,Growth,Smartphones,799
2025-01-28,Pixel9,67,799,2024-10-15,Growth,Smartphones,799
2025-01-29,Pixel9,68,799,2024-10-15,Growth,Smartphones,838.95
2025-01-30,Pixel9,69,799,2024-10-15,Growth,Smartphones,799
2025-01-31,Pixel9,74,799,2024-10-15,Growth,Smartphones,838.95
2025-02-01,Pixel9,73,799,2024-10-15,Growth,Smartphones,799
2025-02-02,Pixel9,78,799,2024-10-15,Growth,Smartphones,838.95
2025-02-03,Pixel9,56,799,2024-10-15,Growth,Smartphones,799
2025-02-04,Pixel9,69,799,2024-10-15,Growth,Smartphones,799
2025-02-05,Pixel9,68,799,2024-10-15,Growth,Smartphones,799
2025-02-06,Pixel9,67,799,2024-10-15,Growth,Smartphones,799
2025-02-07,Pixel9,73,799,2024-10-15,Growth,Smartphones,759.05
2025-02-08,Pixel9,72,799,2024-10-15,Growth,Smartphones,759.05
2025-02-09,Pixel9,79,799,2024-10-15,Growth,Smartphones,799
2025-02-10,Pixel9,63,799,2024-10-15,Growth,Smartphones,799
2025-02-11,Pixel9,63,799,2024-10-15,Growth,Smartphones,799
2025-02-12,Pixel9,71,799,2024-10-15,Growth,Smartphones,799
2025-02-13,Pixel9,74,799,2024-10-15,Growth,Smartphones,799
2025-02-14,Pixel9,85,799,2024-10-15,Growth,Smartphones,799
2025-02-15,Pixel9,80,799,2024-10-15,Growth,Smartphones,799
2025-02-16,Pixel9,74,799,2024-10-15,Growth,Smartphones,838.95
2025-02-17,Pixel9,73,799,2024-10-15,Growth,Smartphones,759.05
2025-02-18,Pixel9,76,799,2024-10-15,Growth,Smartphones,838.95
2025-02-19,Pixel9,71,799,2024-10-15,Growth,Smartphones,838.95
2025-02-20,Pixel9,73,799,2024-10-15,Growth,Smartphones,799
2025-02-21,Pixel9,82,799,2024-10-15,Growth,Smartphones,838.95
2025-02-22,Pixel9,80,799,2024-10-15,Growth,Smartphones,799
2025-02-23,Pixel9,76,799,2024-10-15,Growth,Smartphones,799
2025-02-24,Pixel9,75,799,2024-10-15,Growth,Smartphones,799
2025-02-25,Pixel9,77,799,2024-10-15,Growth,Smartphones,759.05
2025-02-26,Pixel9,77,799,2024-10-15,Growth,Smartphones,799
2025-02-27,Pixel9,68,799,2024-10-15,Growth,Smartphones,838.95
2025-02-28,Pixel9,76,799,2024-10-15,Growth,Smartphones,838.95
2025-03-01,Pixel9,85,799,2024-10-15,Growth,Smartphones,799
2025-03-02,Pixel9,85,799,2024-10-15,Growth,Smartphones,838.95
2025-03-03,Pixel9,68,799,2024-10-15,Growth,Smartphones,759.05
2025-03-04,Pixel9,75,799,2024-10-15,Growth,Smartphones,799
2025-03-05,Pixel9,71,799,2024-10-15,Growth,Smartphones,838.95
2025-03-06,Pixel9,76,799,2024-10-15,Growth,Smartphones,799
2025-03-07,Pixel9,81,799,2024-10-15,Growth,Smartphones,799
2025-03-08,Pixel9,81,799,2024-10-15,Growth,Smartphones,799
2025-03-09,Pixel9,90,799,2024-10-15,Growth,Smartphones,799
2025-03-10,Pixel9,76,799,2024-10-15,Growth,Smartphones,799
2025-03-11,Pixel9,69,799,2024-10-15,Growth,Smartphones,838.95
2025-03-12,Pixel9,71,799,2024-10-15,Growth,Smartphones,759.05
2025-03-13,Pixel9,72,799,2024-10-15,Growth,Smartphones,799
2025-03-14,Pixel9,94,799,2024-10-15,Growth,Smartphones,838.95
2025-03-15,Pixel9,94,799,2024-10-15,Growth,Smartphones,838.95
2025-03-16,Pixel9,93,799,2024-10-15,Growth,Smartphones,799
2025-03-17,Pixel9,75,799,2024-10-15,Growth,Smartphones,799
2025-03-18,Pixel9,77,799,2024-10-15,Growth,Smartphones,759.05
2025-03-19,Pixel9,80,799,2024-10-15,Growth,Smartphones,799
2025-03-20,Pixel9,82,799,2024-10-15,Growth,Smartphones,799
2025-03-21,Pixel9,94,799,2024-10-15,Growth,Smartphones,799
2025-03-22,Pixel9,97,799,2024-10-15,Growth,Smartphones,799
2025-03-23,Pixel9,94,799,2024-10-15,Growth,Smartphones,759.05
2025-03-24,Pixel9,85,799,2024-10-15,Growth,Smartphones,799
2025-03-25,Pixel9,82,799,2024-10-15,Growth,Smartphones,799
2025-03-26,Pixel9,90,799,2024-10-15,Growth,Smartphones,799
2025-03-27,Pixel9,95,799,2024-10-15,Growth,Smartphones,799
2025-03-28,Pixel9,102,799,2024-10-15,Growth,Smartphones,759.05
2025-03-29,Pixel9,98,799,2024-10-15,Growth,Smartphones,838.95
2025-03-30,Pixel9,93,799,2024-10-15,Growth,Smartphones,799
2025-03-31,Pixel9,84,799,2024-10-15,Growth,Smartphones,799
2024-01-01,OnePlus12,0,699,2024-04-01,Maturity,Smartphones,699
2024-01-02,OnePlus12,0,699,2024-04-01,Maturity,Smartphones,699
2024-01-03,OnePlus12,0,699,2024-04-01,Maturity,Smartphones,699
2024-01-04,OnePlus12,0,699,2024-04-01,Maturity,Smartphones,664.05
2024-01-05,OnePlus12,0,699,2024-04-01,Maturity,Smartphones,699
2024-01-06,OnePlus12,0,699,2024-04-01,Maturity,Smartphones,733.95
2024-01-07,OnePlus12,0,699,2024-04-01,Maturity,Smartphones,699
2024-01-08,OnePlus12,0,699,2024-04-01,Maturity,Smartphones,699
2024-01-09,OnePlus12,0,699,2024-04-01,Maturity,Smartphones,699
2024-01-10,OnePlus12,0,699,2024-04-01,Maturity,Smartphones,699
2024-01-11,OnePlus12,0,699,2024-04-01,Maturity,Smartphones,733.95
2024-01-12,OnePlus12,0,699,2024-04-01,Maturity,Smartphones,733.95
2024-01-13,OnePlus12,0,699,2024-04-01,Maturity,Smartphones,664.05
2024-01-14,OnePlus12,0,699,2024-04-01,Maturity,Smartphones,664.05
2024-01-15,OnePlus12,0,699,2024-04-01,Maturity,Smartphones,664.05
2024-01-16,OnePlus12,0,699,2024-04-01,Maturity,Smartphones,733.95
2024-01-17,OnePlus12,0,699,2024-04-01,Maturity,Smartphones,664.05
2024-01-18,OnePlus12,0,699,2024-04-01,Maturity,Smartphones,699
2024-01-19,OnePlus12,0,699,2024-04-01,Maturity,Smartphones,733.95
2024-01-20,OnePlus12,0,699,2024-04-01,Maturity,Smartphones,699
2024-01-21,OnePlus12,0,699,2024-04-01,Maturity,Smartphones,664.05
2024-01-22,OnePlus12,0,699,2024-04-01,Maturity,Smartphones,699
2024-01-23,OnePlus12,0,699,2024-04-01,Maturity,Smartphones,733.95
2024-01-24,OnePlus12,0,699,2024-04-01,Maturity,Smartphones,664.05
2024-01-25,OnePlus12,0,699,2024-04-01,Maturity,Smartphones,699
2024-01-26,OnePlus12,0,699,2024-04-01,Maturity,Smartphones,733.95
2024-01-27,OnePlus12,0,699,2024-04-01,Maturity,Smartphones,699
2024-01-28,OnePlus12,0,699,2024-04-01,Maturity,Smartphones,699
2024-01-29,OnePlus12,0,699,2024-04-01,Maturity,Smartphones,664.05
2024-01-30,OnePlus12,0,699,2024-04-01,Maturity,Smartphones,699
2024-01-31,OnePlus12,0,699,2024-04-01,Maturity,Smartphones,699
2024-02-01,OnePlus12,0,699,2024-04-01,Maturity,Smartphones,699
2024-02-02,OnePlus12,0,699,2024-04-01,Maturity,Smartphones,699
2024-02-03,OnePlus12,0,699,2024-04-01,Maturity,Smartphones,699
2024-02-04,OnePlus12,0,699,2024-04-01,Maturity,Smartphones,699
2024-02-05,OnePlus12,0,699,2024-04-01,Maturity,Smartphones,699
2024-02-06,OnePlus12,0,699,2024-04-01,Maturity,Smartphones,699
2024-02-07,OnePlus12,0,699,2024-04-01,Maturity,Smartphones,699
2024-02-08,OnePlus12,0,699,2024-04-01,Maturity,Smartphones,664.05
2024-02-09,OnePlus12,0,699,2024-04-01,Maturity,Smartphones,699
2024-02-10,OnePlus12,0,699,2024-04-01,Maturity,Smartphones,699
2024-02-11,OnePlus12,0,699,2024-04-01,Maturity,Smartphones,699
2024-02-12,OnePlus12,0,699,2024-04-01,Maturity,Smartphones,699
2024-02-13,OnePlus12,0,699,2024-04-01,Maturity,Smartphones,733.95
2024-02-14,OnePlus12,0,699,2024-04-01,Maturity,Smartphones,699
2024-02-15,OnePlus12,0,699,2024-04-01,Maturity,Smartphones,699
2024-02-16,OnePlus12,0,699,2024-04-01,Maturity,Smartphones,733.95
2024-02-17,OnePlus12,0,699,2024-04-01,Maturity,Smartphones,699
2024-02-18,OnePlus12,0,699,2024-04-01,Maturity,Smartphones,699
2024-02-19,OnePlus12,0,699,2024-04-01,Maturity,Smartphones,733.95
2024-02-20,OnePlus12,0,699,2024-04-01,Maturity,Smartphones,699
2024-02-21,OnePlus12,0,699,2024-04-01,Maturity,Smartphones,699
2024-02-22,OnePlus12,0,699,2024-04-01,Maturity,Smartphones,699
2024-02-23,OnePlus12,0,699,2024-04-01,Maturity,Smartphones,733.95
2024-02-24,OnePlus12,0,699,2024-04-01,Maturity,Smartphones,699
2024-02-25,OnePlus12,0,699,2024-04-01,Maturity,Smartphones,699
2024-02-26,OnePlus12,0,699,2024-04-01,Maturity,Smartphones,699
2024-02-27,OnePlus12,0,699,2024-04-01,Maturity,Smartphones,699
2024-02-28,OnePlus12,0,699,2024-04-01,Maturity,Smartphones,664.05
2024-02-29,OnePlus12,0,699,2024-04-01,Maturity,Smartphones,699
2024-03-01,OnePlus12,0,699,2024-04-01,Maturity,Smartphones,733.95
2024-03-02,OnePlus12,0,699,2024-04-01,Maturity,Smartphones,699
2024-03-03,OnePlus12,0,699,2024-04-01,Maturity,Smartphones,733.95
2024-03-04,OnePlus12,0,699,2024-04-01,Maturity,Smartphones,699
2024-03-05,OnePlus12,0,699,2024-04-01,Maturity,Smartphones,699
2024-03-06,OnePlus12,0,699,2024-04-01,Maturity,Smartphones,699
2024-03-07,OnePlus12,0,699,2024-04-01,Maturity,Smartphones,733.95
2024-03-08,OnePlus12,0,699,2024-04-01,Maturity,Smartphones,699
2024-03-09,OnePlus12,0,699,2024-04-01,Maturity,Smartphones,733.95
2024-03-10,OnePlus12,0,699,2024-04-01,Maturity,Smartphones,699
2024-03-11,OnePlus12,0,699,2024-04-01,Maturity,Smartphones,699
2024-03-12,OnePlus12,0,699,2024-04-01,Maturity,Smartphones,699
2024-03-13,OnePlus12,0,699,2024-04-01,Maturity,Smartphones,699
2024-03-14,OnePlus12,0,699,2024-04-01,Maturity,Smartphones,699
2024-03-15,OnePlus12,0,699,2024-04-01,Maturity,Smartphones,699
2024-03-16,OnePlus12,0,699,2024-04-01,Maturity,Smartphones,733.95
2024-03-17,OnePlus12,0,699,2024-04-01,Maturity,Smartphones,733.95
2024-03-18,OnePlus12,0,699,2024-04-01,Maturity,Smartphones,699
2024-03-19,OnePlus12,0,699,2024-04-01,Maturity,Smartphones,699
2024-03-20,OnePlus12,0,699,2024-04-01,Maturity,Smartphones,699
2024-03-21,OnePlus12,0,699,2024-04-01,Maturity,Smartphones,699
2024-03-22,OnePlus12,0,699,2024-04-01,Maturity,Smartphones,699
