data/sales_with_pricing_new(1).csv
date,product_id,units_sold,base_price,release_date,lifecycle,category,current_price
2024-03-23,OnePlus12,0,699,2024-04-01,Maturity,Smartphones,699
2024-03-24,OnePlus12,0,699,2024-04-01,Maturity,Smartphones,699
2024-03-25,OnePlus12,0,699,2024-04-01,Maturity,Smartphones,733.95
2024-03-26,OnePlus12,0,699,2024-04-01,Maturity,Smartphones,699
2024-03-27,OnePlus12,0,699,2024-04-01,Maturity,Smartphones,699
2024-03-28,OnePlus12,0,699,2024-04-01,Maturity,Smartphones,699
2024-03-29,OnePlus12,0,699,2024-04-01,Maturity,Smartphones,699
2024-03-30,OnePlus12,0,699,2024-04-01,Maturity,Smartphones,699
2024-03-31,OnePlus12,0,699,2024-04-01,Maturity,Smartphones,733.95
2024-04-01,OnePlus12,40,699,2024-04-01,Maturity,Smartphones,664.05
2024-04-02,OnePlus12,37,699,2024-04-01,Maturity,Smartphones,733.95
2024-04-03,OnePlus12,34,699,2024-04-01,Maturity,Smartphones,699
2024-04-04,OnePlus12,39,699,2024-04-01,Maturity,Smartphones,699
2024-04-05,OnePlus12,48,699,2024-04-01,Maturity,Smartphones,733.95
2024-04-06,OnePlus12,48,699,2024-04-01,Maturity,Smartphones,699
2024-04-07,OnePlus12,46,699,2024-04-01,Maturity,Smartphones,699
2024-04-08,OnePlus12,38,699,2024-04-01,Maturity,Smartphones,699
2024-04-09,OnePlus12,39,699,2024-04-01,Maturity,Smartphones,699
2024-04-10,OnePlus12,38,699,2024-04-01,Maturity,Smartphones,733.95
2024-04-11,OnePlus12,37,699,2024-04-01,Maturity,Smartphones,664.05
2024-04-12,OnePlus12,44,699,2024-04-01,Maturity,Smartphones,699
2024-04-13,OnePlus12,48,699,2024-04-01,Maturity,Smartphones,664.05
2024-04-14,OnePlus12,45,699,2024-04-01,Maturity,Smartphones,699
2024-04-15,OnePlus12,38,699,2024-04-01,Maturity,Smartphones,664.05
2024-04-16,OnePlus12,42,699,2024-04-01,Maturity,Smartphones,699
2024-04-17,OnePlus12,41,699,2024-04-01,Maturity,Smartphones,699
2024-04-18,OnePlus12,39,699,2024-04-01,Maturity,Smartphones,699
2024-04-19,OnePlus12,42,699,2024-04-01,Maturity,Smartphones,664.05
2024-04-20,OnePlus12,44,699,2024-04-01,Maturity,Smartphones,699
2024-04-21,OnePlus12,44,699,2024-04-01,Maturity,Smartphones,733.95
2024-04-22,OnePlus12,37,699,2024-04-01,Maturity,Smartphones,699
2024-04-23,OnePlus12,40,699,2024-04-01,Maturity,Smartphones,699
2024-04-24,OnePlus12,41,699,2024-04-01,Maturity,Smartphones,699
2024-04-25,OnePlus12,43,699,2024-04-01,Maturity,Smartphones,699
2024-04-26,OnePlus12,45,699,2024-04-01,Maturity,Smartphones,699
2024-04-27,OnePlus12,48,699,2024-04-01,Maturity,Smartphones,733.95
2024-04-28,OnePlus12,43,699,2024-04-01,Maturity,Smartphones,699
2024-04-29,OnePlus12,38,699,2024-04-01,Maturity,Smartphones,733.95
2024-04-30,OnePlus12,39,699,2024-04-01,Maturity,Smartphones,699
2024-05-01,OnePlus12,36,699,2024-04-01,Maturity,Smartphones,699
2024-05-02,OnePlus12,40,699,2024-04-01,Maturity,Smartphones,733.95
2024-05-03,OnePlus12,44,699,2024-04-01,Maturity,Smartphones,699
2024-05-04,OnePlus12,44,699,2024-04-01,Maturity,Smartphones,733.95
2024-05-05,OnePlus12,42,699,2024-04-01,Maturity,Smartphones,699
2024-05-06,OnePlus12,40,699,2024-04-01,Maturity,Smartphones,699
2024-05-07,OnePlus12,39,699,2024-04-01,Maturity,Smartphones,664.05
2024-05-08,OnePlus12,39,699,2024-04-01,Maturity,Smartphones,699
2024-05-09,OnePlus12,42,699,2024-04-01,Maturity,Smartphones,699
2024-05-10,OnePlus12,47,699,2024-04-01,Maturity,Smartphones,699
2024-05-11,OnePlus12,45,699,2024-04-01,Maturity,Smartphones,664.05
2024-05-12,OnePlus12,41,699,2024-04-01,Maturity,Smartphones,733.95
2024-05-13,OnePlus12,36,699,2024-04-01,Maturity,Smartphones,699
2024-05-14,OnePlus12,39,699,2024-04-01,Maturity,Smartphones,699
2024-05-15,OnePlus12,38,699,2024-04-01,Maturity,Smartphones,664.05
2024-05-16,OnePlus12,41,699,2024-04-01,Maturity,Smartphones,699
2024-05-17,OnePlus12,43,699,2024-04-01,Maturity,Smartphones,664.05
2024-05-18,OnePlus12,45,699,2024-04-01,Maturity,Smartphones,699
2024-05-19,OnePlus12,47,699,2024-04-01,Maturity,Smartphones,699
2024-05-20,OnePlus12,41,699,2024-04-01,Maturity,Smartphones,699
2024-05-21,OnePlus12,41,699,2024-04-01,Maturity,Smartphones,699
2024-05-22,OnePlus12,36,699,2024-04-01,Maturity,Smartphones,699
2024-05-23,OnePlus12,38,699,2024-04-01,Maturity,Smartphones,699
2024-05-24,OnePlus12,46,699,2024-04-01,Maturity,Smartphones,699
2024-05-25,OnePlus12,47,699,2024-04-01,Maturity,Smartphones,733.95
2024-05-26,OnePlus12,42,699,2024-04-01,Maturity,Smartphones,699
2024-05-27,OnePlus12,45,699,2024-04-01,Maturity,Smartphones,733.95
2024-05-28,OnePlus12,35,699,2024-04-01,Maturity,Smartphones,699
2024-05-29,OnePlus12,38,699,2024-04-01,Maturity,Smartphones,699
2024-05-30,OnePlus12,39,699,2024-04-01,Maturity,Smartphones,699
2024-05-31,OnePlus12,45,699,2024-04-01,Maturity,Smartphones,664.05
2024-06-01,OnePlus12,44,699,2024-04-01,Maturity,Smartphones,699
2024-06-02,OnePlus12,42,699,2024-04-01,Maturity,Smartphones,733.95
2024-06-03,OnePlus12,37,699,2024-04-01,Maturity,Smartphones,699
2024-06-04,OnePlus12,39,699,2024-04-01,Maturity,Smartphones,699
2024-06-05,OnePlus12,38,699,2024-04-01,Maturity,Smartphones,664.05
2024-06-06,OnePlus12,37,699,2024-04-01,Maturity,Smartphones,664.05
2024-06-07,OnePlus12,44,699,2024-04-01,Maturity,Smartphones,699
2024-06-08,OnePlus12,46,699,2024-04-01,Maturity,Smartphones,699
2024-06-09,OnePlus12,44,699,2024-04-01,Maturity,Smartphones,664.05
2024-06-10,OnePlus12,39,699,2024-04-01,Maturity,Smartphones,699
2024-06-11,OnePlus12,41,699,2024-04-01,Maturity,Smartphones,699
2024-06-12,OnePlus12,35,699,2024-04-01,Maturity,Smartphones,699
2024-06-13,OnePlus12,41,699,2024-04-01,Maturity,Smartphones,664.05
2024-06-14,OnePlus12,45,699,2024-04-01,Maturity,Smartphones,733.95
2024-06-15,OnePlus12,45,699,2024-04-01,Maturity,Smartphones,664.05
2024-06-16,OnePlus12,43,699,2024-04-01,Maturity,Smartphones,699
2024-06-17,OnePlus12,39,699,2024-04-01,Maturity,Smartphones,664.05
2024-06-18,OnePlus12,39,699,2024-04-01,Maturity,Smartphones,699
2024-06-19,OnePlus12,37,699,2024-04-01,Maturity,Smartphones,664.05
2024-06-20,OnePlus12,37,699,2024-04-01,Maturity,Smartphones,733.95
2024-06-21,OnePlus12,48,699,2024-04-01,Maturity,Smartphones,699
2024-06-22,OnePlus12,45,699,2024-04-01,Maturity,Smartphones,733.95
2024-06-23,OnePlus12,43,699,2024-04-01,Maturity,Smartphones,699
2024-06-24,OnePlus12,41,699,2024-04-01,Maturity,Smartphones,699
2024-06-25,OnePlus12,47,699,2024-04-01,Maturity,Smartphones,699
2024-06-26,OnePlus12,41,699,2024-04-01,Maturity,Smartphones,699
2024-06-27,OnePlus12,45,699,2024-04-01,Maturity,Smartphones,733.95
2024-06-28,OnePlus12,46,699,2024-04-01,Maturity,Smartphones,664.05
2024-06-29,OnePlus12,46,699,2024-04-01,Maturity,Smartphones,699
2024-06-30,OnePlus12,47,699,2024-04-01,Maturity,Smartphones,664.05
2024-07-01,OnePlus12,37,699,2024-04-01,Maturity,Smartphones,733.95
2024-07-02,OnePlus12,37,699,2024-04-01,Maturity,Smartphones,699
2024-07-03,OnePlus12,37,699,2024-04-01,Maturity,Smartphones,733.95
2024-07-04,OnePlus12,39,699,2024-04-01,Maturity,Smartphones,699
2024-07-05,OnePlus12,42,699,2024-04-01,Maturity,Smartphones,664.05
2024-07-06,OnePlus12,42,699,2024-04-01,Maturity,Smartphones,699
2024-07-07,OnePlus12,41,699,2024-04-01,Maturity,Smartphones,699
2024-07-08,OnePlus12,39,699,2024-04-01,Maturity,Smartphones,733.95
2024-07-09,OnePlus12,41,699,2024-04-01,Maturity,Smartphones,664.05
2024-07-10,OnePlus12,38,699,2024-04-01,Maturity,Smartphones,733.95
2024-07-11,OnePlus12,38,699,2024-04-01,Maturity,Smartphones,699
2024-07-12,OnePlus12,46,699,2024-04-01,Maturity,Smartphones,699
2024-07-13,OnePlus12,46,699,2024-04-01,Maturity,Smartphones,699
2024-07-14,OnePlus12,45,699,2024-04-01,Maturity,Smartphones,699
2024-07-15,OnePlus12,38,699,2024-04-01,Maturity,Smartphones,699
2024-07-16,OnePlus12,36,699,2024-04-01,Maturity,Smartphones,699
2024-07-17,OnePlus12,38,699,2024-04-01,Maturity,Smartphones,699
2024-07-18,OnePlus12,36,699,2024-04-01,Maturity,Smartphones,699
2024-07-19,OnePlus12,42,699,2024-04-01,Maturity,Smartphones,699
2024-07-20,OnePlus12,44,699,2024-04-01,Maturity,Smartphones,699
2024-07-21,OnePlus12,40,699,2024-04-01,Maturity,Smartphones,664.05
2024-07-22,OnePlus12,37,699,2024-04-01,Maturity,Smartphones,699
2024-07-23,OnePlus12,39,699,2024-04-01,Maturity,Smartphones,664.05
2024-07-24,OnePlus12,37,699,2024-04-01,Maturity,Smartphones,699
2024-07-25,OnePlus12,39,699,2024-04-01,Maturity,Smartphones,664.05
2024-07-26,OnePlus12,46,699,2024-04-01,Maturity,Smartphones,664.05
2024-07-27,OnePlus12,41,699,2024-04-01,Maturity,Smartphones,699
2024-07-28,OnePlus12,46,699,2024-04-01,Maturity,Smartphones,699
2024-07-29,OnePlus12,34,699,2024-04-01,Maturity,Smartphones,733.95
2024-07-30,OnePlus12,37,699,2024-04-01,Maturity,Smartphones,699
2024-07-31,OnePlus12,36,699,2024-04-01,Maturity,Smartphones,699
2024-08-01,OnePlus12,39,699,2024-04-01,Maturity,Smartphones,733.95
2024-08-02,OnePlus12,42,699,2024-04-01,Maturity,Smartphones,699
2024-08-03,OnePlus12,44,699,2024-04-01,Maturity,Smartphones,699
2024-08-04,OnePlus12,43,699,2024-04-01,Maturity,Smartphones,664.05
2024-08-05,OnePlus12,40,699,2024-04-01,Maturity,Smartphones,699
2024-08-06,OnePlus12,40,699,2024-04-01,Maturity,Smartphones,664.05
2024-08-07,OnePlus12,37,699,2024-04-01,Maturity,Smartphones,733.95
2024-08-08,OnePlus12,39,699,2024-04-01,Maturity,Smartphones,733.95
2024-08-09,OnePlus12,47,699,2024-04-01,Maturity,Smartphones,664.05
2024-08-10,OnePlus12,44,699,2024-04-01,Maturity,Smartphones,699
2024-08-11,OnePlus12,45,699,2024-04-01,Maturity,Smartphones,699
2024-08-12,OnePlus12,40,699,2024-04-01,Maturity,Smartphones,699
2024-08-13,OnePlus12,37,699,2024-04-01,Maturity,Smartphones,699
2024-08-14,OnePlus12,36,699,2024-04-01,Maturity,Smartphones,699
2024-08-15,OnePlus12,40,699,2024-04-01,Maturity,Smartphones,699
2024-08-16,OnePlus12,45,699,2024-04-01,Maturity,Smartphones,699
2024-08-17,OnePlus12,47,699,2024-04-01,Maturity,Smartphones,733.95
2024-08-18,OnePlus12,42,699,2024-04-01,Maturity,Smartphones,699
2024-08-19,OnePlus12,37,699,2024-04-01,Maturity,Smartphones,699
2024-08-20,OnePlus12,38,699,2024-04-01,Maturity,Smartphones,699
2024-08-21,OnePlus12,36,699,2024-04-01,Maturity,Smartphones,699
2024-08-22,OnePlus12,39,699,2024-04-01,Maturity,Smartphones,664.05
2024-08-23,OnePlus12,44,699,2024-04-01,Maturity,Smartphones,733.95
2024-08-24,OnePlus12,40,699,2024-04-01,Maturity,Smartphones,699
2024-08-25,OnePlus12,47,699,2024-04-01,Maturity,Smartphones,699
2024-08-26,OnePlus12,39,699,2024-04-01,Maturity,Smartphones,699
2024-08-27,OnePlus12,36,699,2024-04-01,Maturity,Smartphones,699
2024-08-28,OnePlus12,37,699,2024-04-01,Maturity,Smartphones,699
2024-08-29,OnePlus12,39,699,2024-04-01,Maturity,Smartphones,699
2024-08-30,OnePlus12,43,699,2024-04-01,Maturity,Smartphones,699
2024-08-31,OnePlus12,42,699,2024-04-01,Maturity,Smartphones,699
2024-09-01,OnePlus12,45,699,2024-04-01,Maturity,Smartphones,664.05
2024-09-02,OnePlus12,40,699,2024-04-01,Maturity,Smartphones,699
2024-09-03,OnePlus12,35,699,2024-04-01,Maturity,Smartphones,699
2024-09-04,OnePlus12,35,699,2024-04-01,Maturity,Smartphones,699
2024-09-05,OnePlus12,41,699,2024-04-01,Maturity,Smartphones,699
2024-09-06,OnePlus12,43,699,2024-04-01,Maturity,Smartphones,699
2024-09-07,OnePlus12,46,699,2024-04-01,Maturity,Smartphones,699
2024-09-08,OnePlus12,37,699,2024-04-01,Maturity,Smartphones,699
2024-09-09,OnePlus12,42,699,2024-04-01,Maturity,Smartphones,699
2024-09-10,OnePlus12,41,699,2024-04-01,Maturity,Smartphones,699
2024-09-11,OnePlus12,37,699,2024-04-01,Maturity,Smartphones,699
2024-09-12,OnePlus12,38,699,2024-04-01,Maturity,Smartphones,699
2024-09-13,OnePlus12,43,699,2024-04-01,Maturity,Smartphones,699
2024-09-14,OnePlus12,44,699,2024-04-01,Maturity,Smartphones,699
2024-09-15,OnePlus12,44,699,2024-04-01,Maturity,Smartphones,664.05
2024-09-16,OnePlus12,39,699,2024-04-01,Maturity,Smartphones,664.05
2024-09-17,OnePlus12,38,699,2024-04-01,Maturity,Smartphones,699
2024-09-18,OnePlus12,37,699,2024-04-01,Maturity,Smartphones,699
2024-09-19,OnePlus12,39,699,2024-04-01,Maturity,Smartphones,699
2024-09-20,OnePlus12,46,699,2024-04-01,Maturity,Smartphones,664.05
2024-09-21,OnePlus12,41,699,2024-04-01,Maturity,Smartphones,699
2024-09-22,OnePlus12,46,699,2024-04-01,Maturity,Smartphones,733.95
2024-09-23,OnePlus12,39,699,2024-04-01,Maturity,Smartphones,664.05
2024-09-24,OnePlus12,40,699,2024-04-01,Maturity,Smartphones,664.05
2024-09-25,OnePlus12,38,699,2024-04-01,Maturity,Smartphones,699
2024-09-26,OnePlus12,41,699,2024-04-01,Maturity,Smartphones,699
2024-09-27,OnePlus12,48,699,2024-04-01,Maturity,Smartphones,699
2024-09-28,OnePlus12,43,699,2024-04-01,Maturity,Smartphones,733.95
2024-09-29,OnePlus12,50,699,2024-04-01,Maturity,Smartphones,699
2024-09-30,OnePlus12,40,699,2024-04-01,Maturity,Smartphones,699
2024-10-01,OnePlus12,41,699,2024-04-01,Maturity,Smartphones,699
2024-10-02,OnePlus12,36,699,2024-04-01,Maturity,Smartphones,699
2024-10-03,OnePlus12,37,699,2024-04-01,Maturity,Smartphones,664.05
2024-10-04,OnePlus12,45,699,2024-04-01,Maturity,Smartphones,664.05
2024-10-05,OnePlus12,40,699,2024-04-01,Maturity,Smartphones,733.95
2024-10-06,OnePlus12,43,699,2024-04-01,Maturity,Smartphones,733.95
2024-10-07,OnePlus12,39,699,2024-04-01,Maturity,Smartphones,664.05
2024-10-08,OnePlus12,38,699,2024-04-01,Maturity,Smartphones,664.05
2024-10-09,OnePlus12,39,699,2024-04-01,Maturity,Smartphones,664.05
2024-10-10,OnePlus12,40,699,2024-04-01,Maturity,Smartphones,699
2024-10-11,OnePlus12,44,699,2024-04-01,Maturity,Smartphones,699
2024-10-12,OnePlus12,45,699,2024-04-01,Maturity,Smartphones,733.95
2024-10-13,OnePlus12,45,699,2024-04-01,Maturity,Smartphones,699
2024-10-14,OnePlus12,39,699,2024-04-01,Maturity,Smartphones,664.05
2024-10-15,OnePlus12,35,699,2024-04-01,Maturity,Smartphones,699
2024-10-16,OnePlus12,36,699,2024-04-01,Maturity,Smartphones,699
2024-10-17,OnePlus12,38,699,2024-04-01,Maturity,Smartphones,699
2024-10-18,OnePlus12,43,699,2024-04-01,Maturity,Smartphones,664.05
2024-10-19,OnePlus12,43,699,2024-04-01,Maturity,Smartphones,699
2024-10-20,OnePlus12,46,699,2024-04-01,Maturity,Smartphones,699
2024-10-21,OnePlus12,37,699,2024-04-01,Maturity,Smartphones,699
2024-10-22,OnePlus12,40,699,2024-04-01,Maturity,Smartphones,699
2024-10-23,OnePlus12,36,699,2024-04-01,Maturity,Smartphones,699
2024-10-24,OnePlus12,37,699,2024-04-01,Maturity,Smartphones,664.05
2024-10-25,OnePlus12,45,699,2024-04-01,Maturity,Smartphones,699
2024-10-26,OnePlus12,41,699,2024-04-01,Maturity,Smartphones,733.95
2024-10-27,OnePlus12,44,699,2024-04-01,Maturity,Smartphones,699
2024-10-28,OnePlus12,34,699,2024-04-01,Maturity,Smartphones,699
2024-10-29,OnePlus12,39,699,2024-04-01,Maturity,Smartphones,699
2024-10-30,OnePlus12,39,699,2024-04-01,Maturity,Smartphones,664.05
2024-10-31,OnePlus12,34,699,2024-04-01,Maturity,Smartphones,699
2024-11-01,OnePlus12,45,699,2024-04-01,Maturity,Smartphones,594.15
2024-11-02,OnePlus12,43,699,2024-04-01,Maturity,Smartphones,623.86
2024-11-03,OnePlus12,43,699,2024-04-01,Maturity,Smartphones,594.15
2024-11-04,OnePlus12,37,699,2024-04-01,Maturity,Smartphones,594.15
2024-11-05,OnePlus12,41,699,2024-04-01,Maturity,Smartphones,564.44
2024-11-06,OnePlus12,40,699,2024-04-01,Maturity,Smartphones,594.15
2024-11-07,OnePlus12,36,699,2024-04-01,Maturity,Smartphones,623.86
2024-11-08,OnePlus12,41,699,2024-04-01,Maturity,Smartphones,564.44
2024-11-09,OnePlus12,44,699,2024-04-01,Maturity,Smartphones,623.86
2024-11-10,OnePlus12,42,699,2024-04-01,Maturity,Smartphones,564.44
2024-11-11,OnePlus12,38,699,2024-04-01,Maturity,Smartphones,594.15
2024-11-12,OnePlus12,37,699,2024-04-01,Maturity,Smartphones,594.15
2024-11-13,OnePlus12,38,699,2024-04-01,Maturity,Smartphones,623.86
2024-11-14,OnePlus12,36,699,2024-04-01,Maturity,Smartphones,594.15
2024-11-15,OnePlus12,41,699,2024-04-01,Maturity,Smartphones,594.15
2024-11-16,OnePlus12,43,699,2024-04-01,Maturity,Smartphones,594.15
2024-11-17,OnePlus12,42,699,2024-04-01,Maturity,Smartphones,594.15
2024-11-18,OnePlus12,36,699,2024-04-01,Maturity,Smartphones,623.86
2024-11-19,OnePlus12,40,699,2024-04-01,Maturity,Smartphones,623.86
2024-11-20,OnePlus12,41,699,2024-04-01,Maturity,Smartphones,564.44
2024-11-21,OnePlus12,37,699,2024-04-01,Maturity,Smartphones,594.15
2024-11-22,OnePlus12,39,699,2024-04-01,Maturity,Smartphones,564.44
2024-11-23,OnePlus12,42,699,2024-04-01,Maturity,Smartphones,623.86
2024-11-24,OnePlus12,43,699,2024-04-01,Maturity,Smartphones,564.44
2024-11-25,OnePlus12,37,699,2024-04-01,Maturity,Smartphones,594.15
2024-11-26,OnePlus12,36,699,2024-04-01,Maturity,Smartphones,623.86
2024-11-27,OnePlus12,36,699,2024-04-01,Maturity,Smartphones,594.15
2024-11-28,OnePlus12,37,699,2024-04-01,Maturity,Smartphones,594.15
2024-11-29,OnePlus12,42,699,2024-04-01,Maturity,Smartphones,564.44
2024-11-30,OnePlus12,40,699,2024-04-01,Maturity,Smartphones,564.44
2024-12-01,OnePlus12,45,699,2024-04-01,Maturity,Smartphones,699
2024-12-02,OnePlus12,38,699,2024-04-01,Maturity,Smartphones,733.95
2024-12-03,OnePlus12,35,699,2024-04-01,Maturity,Smartphones,699
2024-12-04,OnePlus12,37,699,2024-04-01,Maturity,Smartphones,699
2024-12-05,OnePlus12,35,699,2024-04-01,Maturity,Smartphones,664.05
2024-12-06,OnePlus12,40,699,2024-04-01,Maturity,Smartphones,699
2024-12-07,OnePlus12,43,699,2024-04-01,Maturity,Smartphones,699
2024-12-08,OnePlus12,43,699,2024-04-01,Maturity,Smartphones,699
2024-12-09,OnePlus12,36,699,2024-04-01,Maturity,Smartphones,733.95
2024-12-10,OnePlus12,39,699,2024-04-01,Maturity,Smartphones,733.95
2024-12-11,OnePlus12,36,699,2024-04-01,Maturity,Smartphones,733.95
2024-12-12,OnePlus12,35,699,2024-04-01,Maturity,Smartphones,733.95
2024-12-13,OnePlus12,41,699,2024-04-01,Maturity,Smartphones,733.95
2024-12-14,OnePlus12,44,699,2024-04-01,Maturity,Smartphones,733.95
2024-12-15,OnePlus12,43,699,2024-04-01,Maturity,Smartphones,699
2024-12-16,OnePlus12,40,699,2024-04-01,Maturity,Smartphones,699
2024-12-17,OnePlus12,35,699,2024-04-01,Maturity,Smartphones,699
2024-12-18,OnePlus12,36,699,2024-04-01,Maturity,Smartphones,664.05
2024-12-19,OnePlus12,37,699,2024-04-01,Maturity,Smartphones,699
2024-12-20,OnePlus12,60,699,2024-04-01,Maturity,Smartphones,664.05
2024-12-21,OnePlus12,63,699,2024-04-01,Maturity,Smartphones,699
