data/sales_with_pricing_new(1).csv
date,product_id,units_sold,base_price,release_date,lifecycle,category,current_price
2024-12-22,OnePlus12,54,699,2024-04-01,Maturity,Smartphones,664.05
2024-12-23,OnePlus12,47,699,2024-04-01,Maturity,Smartphones,699
2024-12-24,OnePlus12,51,699,2024-04-01,Maturity,Smartphones,699
2024-12-25,OnePlus12,57,699,2024-04-01,Maturity,Smartphones,664.05
2024-12-26,OnePlus12,57,699,2024-04-01,Maturity,Smartphones,699
2024-12-27,OnePlus12,64,699,2024-04-01,Maturity,Smartphones,664.05
2024-12-28,OnePlus12,68,699,2024-04-01,Maturity,Smartphones,699
2024-12-29,OnePlus12,61,699,2024-04-01,Maturity,Smartphones,664.05
2024-12-30,OnePlus12,56,699,2024-04-01,Maturity,Smartphones,699
2024-12-31,OnePlus12,60,699,2024-04-01,Maturity,Smartphones,699
2025-01-01,OnePlus12,36,699,2024-04-01,Maturity,Smartphones,699
2025-01-02,OnePlus12,37,699,2024-04-01,Maturity,Smartphones,664.05
2025-01-03,OnePlus12,42,699,2024-04-01,Maturity,Smartphones,699
2025-01-04,OnePlus12,45,699,2024-04-01,Maturity,Smartphones,699
2025-01-05,OnePlus12,41,699,2024-04-01,Maturity,Smartphones,699
2025-01-06,OnePlus12,34,699,2024-04-01,Maturity,Smartphones,733.95
2025-01-07,OnePlus12,35,699,2024-04-01,Maturity,Smartphones,664.05
2025-01-08,OnePlus12,38,699,2024-04-01,Maturity,Smartphones,699
2025-01-09,OnePlus12,35,699,2024-04-01,Maturity,Smartphones,664.05
2025-01-10,OnePlus12,40,699,2024-04-01,Maturity,Smartphones,664.05
2025-01-11,OnePlus12,42,699,2024-04-01,Maturity,Smartphones,699
2025-01-12,OnePlus12,36,699,2024-04-01,Maturity,Smartphones,699
2025-01-13,OnePlus12,38,699,2024-04-01,Maturity,Smartphones,699
2025-01-14,OnePlus12,35,699,2024-04-01,Maturity,Smartphones,699
2025-01-15,OnePlus12,37,699,2024-04-01,Maturity,Smartphones,699
2025-01-16,OnePlus12,36,699,2024-04-01,Maturity,Smartphones,699
2025-01-17,OnePlus12,40,699,2024-04-01,Maturity,Smartphones,699
2025-01-18,OnePlus12,43,699,2024-04-01,Maturity,Smartphones,664.05
2025-01-19,OnePlus12,41,699,2024-04-01,Maturity,Smartphones,699
2025-01-20,OnePlus12,34,699,2024-04-01,Maturity,Smartphones,664.05
2025-01-21,OnePlus12,37,699,2024-04-01,Maturity,Smartphones,699
2025-01-22,OnePlus12,35,699,2024-04-01,Maturity,Smartphones,699
2025-01-23,OnePlus12,36,699,2024-04-01,Maturity,Smartphones,699
2025-01-24,OnePlus12,43,699,2024-04-01,Maturity,Smartphones,733.95
2025-01-25,OnePlus12,43,699,2024-04-01,Maturity,Smartphones,699
2025-01-26,OnePlus12,42,699,2024-04-01,Maturity,Smartphones,699
2025-01-27,OnePlus12,38,699,2024-04-01,Maturity,Smartphones,699
2025-01-28,OnePlus12,30,699,2024-04-01,Maturity,Smartphones,699
2025-01-29,OnePlus12,37,699,2024-04-01,Maturity,Smartphones,699
2025-01-30,OnePlus12,35,699,2024-04-01,Maturity,Smartphones,733.95
2025-01-31,OnePlus12,38,699,2024-04-01,Maturity,Smartphones,699
2025-02-01,OnePlus12,41,699,2024-04-01,Maturity,Smartphones,733.95
2025-02-02,OnePlus12,39,699,2024-04-01,Maturity,Smartphones,699
2025-02-03,OnePlus12,37,699,2024-04-01,Maturity,Smartphones,699
2025-02-04,OnePlus12,31,699,2024-04-01,Maturity,Smartphones,664.05
2025-02-05,OnePlus12,38,699,2024-04-01,Maturity,Smartphones,664.05
2025-02-06,OnePlus12,36,699,2024-04-01,Maturity,Smartphones,699
2025-02-07,OnePlus12,42,699,2024-04-01,Maturity,Smartphones,733.95
2025-02-08,OnePlus12,41,699,2024-04-01,Maturity,Smartphones,699
2025-02-09,OnePlus12,41,699,2024-04-01,Maturity,Smartphones,699
2025-02-10,OnePlus12,37,699,2024-04-01,Maturity,Smartphones,699
2025-02-11,OnePlus12,34,699,2024-04-01,Maturity,Smartphones,699
2025-02-12,OnePlus12,33,699,2024-04-01,Maturity,Smartphones,699
2025-02-13,OnePlus12,36,699,2024-04-01,Maturity,Smartphones,699
2025-02-14,OnePlus12,39,699,2024-04-01,Maturity,Smartphones,699
2025-02-15,OnePlus12,38,699,2024-04-01,Maturity,Smartphones,733.95
2025-02-16,OnePlus12,41,699,2024-04-01,Maturity,Smartphones,699
2025-02-17,OnePlus12,34,699,2024-04-01,Maturity,Smartphones,699
2025-02-18,OnePlus12,36,699,2024-04-01,Maturity,Smartphones,664.05
2025-02-19,OnePlus12,35,699,2024-04-01,Maturity,Smartphones,664.05
2025-02-20,OnePlus12,37,699,2024-04-01,Maturity,Smartphones,699
2025-02-21,OnePlus12,43,699,2024-04-01,Maturity,Smartphones,699
2025-02-22,OnePlus12,39,699,2024-04-01,Maturity,Smartphones,664.05
2025-02-23,OnePlus12,43,699,2024-04-01,Maturity,Smartphones,664.05
2025-02-24,OnePlus12,36,699,2024-04-01,Maturity,Smartphones,699
2025-02-25,OnePlus12,38,699,2024-04-01,Maturity,Smartphones,699
2025-02-26,OnePlus12,36,699,2024-04-01,Maturity,Smartphones,733.95
2025-02-27,OnePlus12,33,699,2024-04-01,Maturity,Smartphones,733.95
2025-02-28,OnePlus12,39,699,2024-04-01,Maturity,Smartphones,664.05
2025-03-01,OnePlus12,42,699,2024-04-01,Maturity,Smartphones,664.05
2025-03-02,OnePlus12,40,699,2024-04-01,Maturity,Smartphones,699
2025-03-03,OnePlus12,34,699,2024-04-01,Maturity,Smartphones,733.95
2025-03-04,OnePlus12,37,699,2024-04-01,Maturity,Smartphones,699
2025-03-05,OnePlus12,36,699,2024-04-01,Maturity,Smartphones,699
2025-03-06,OnePlus12,38,699,2024-04-01,Maturity,Smartphones,699
2025-03-07,OnePlus12,37,699,2024-04-01,Maturity,Smartphones,699
2025-03-08,OnePlus12,43,699,2024-04-01,Maturity,Smartphones,664.05
2025-03-09,OnePlus12,42,699,2024-04-01,Maturity,Smartphones,699
2025-03-10,OnePlus12,35,699,2024-04-01,Maturity,Smartphones,699
2025-03-11,OnePlus12,38,699,2024-04-01,Maturity,Smartphones,699
2025-03-12,OnePlus12,36,699,2024-04-01,Maturity,Smartphones,664.05
2025-03-13,OnePlus12,37,699,2024-04-01,Maturity,Smartphones,733.95
2025-03-14,OnePlus12,38,699,2024-04-01,Maturity,Smartphones,699
2025-03-15,OnePlus12,41,699,2024-04-01,Maturity,Smartphones,664.05
2025-03-16,OnePlus12,40,699,2024-04-01,Maturity,Smartphones,699
2025-03-17,OnePlus12,33,699,2024-04-01,Maturity,Smartphones,699
2025-03-18,OnePlus12,36,699,2024-04-01,Maturity,Smartphones,699
2025-03-19,OnePlus12,35,699,2024-04-01,Maturity,Smartphones,733.95
2025-03-20,OnePlus12,33,699,2024-04-01,Maturity,Smartphones,699
2025-03-21,OnePlus12,41,699,2024-04-01,Maturity,Smartphones,664.05
2025-03-22,OnePlus12,36,699,2024-04-01,Maturity,Smartphones,664.05
2025-03-23,OnePlus12,42,699,2024-04-01,Maturity,Smartphones,733.95
2025-03-24,OnePlus12,33,699,2024-04-01,Maturity,Smartphones,733.95
2025-03-25,OnePlus12,42,699,2024-04-01,Maturity,Smartphones,699
2025-03-26,OnePlus12,35,699,2024-04-01,Maturity,Smartphones,699
2025-03-27,OnePlus12,36,699,2024-04-01,Maturity,Smartphones,733.95
2025-03-28,OnePlus12,44,699,2024-04-01,Maturity,Smartphones,699
2025-03-29,OnePlus12,44,699,2024-04-01,Maturity,Smartphones,664.05
2025-03-30,OnePlus12,46,699,2024-04-01,Maturity,Smartphones,699
2025-03-31,OnePlus12,34,699,2024-04-01,Maturity,Smartphones,664.05
2024-01-01,OnePlus13,0,799,2025-03-01,Growth,Smartphones,878.9
2024-01-02,OnePlus13,0,799,2025-03-01,Growth,Smartphones,834.96
2024-01-03,OnePlus13,0,799,2025-03-01,Growth,Smartphones,878.9
2024-01-04,OnePlus13,0,799,2025-03-01,Growth,Smartphones,834.96
2024-01-05,OnePlus13,0,799,2025-03-01,Growth,Smartphones,878.9
2024-01-06,OnePlus13,0,799,2025-03-01,Growth,Smartphones,834.96
2024-01-07,OnePlus13,0,799,2025-03-01,Growth,Smartphones,878.9
2024-01-08,OnePlus13,0,799,2025-03-01,Growth,Smartphones,878.9
2024-01-09,OnePlus13,0,799,2025-03-01,Growth,Smartphones,834.96
2024-01-10,OnePlus13,0,799,2025-03-01,Growth,Smartphones,878.9
2024-01-11,OnePlus13,0,799,2025-03-01,Growth,Smartphones,878.9
2024-01-12,OnePlus13,0,799,2025-03-01,Growth,Smartphones,878.9
2024-01-13,OnePlus13,0,799,2025-03-01,Growth,Smartphones,878.9
2024-01-14,OnePlus13,0,799,2025-03-01,Growth,Smartphones,878.9
2024-01-15,OnePlus13,0,799,2025-03-01,Growth,Smartphones,878.9
2024-01-16,OnePlus13,0,799,2025-03-01,Growth,Smartphones,878.9
2024-01-17,OnePlus13,0,799,2025-03-01,Growth,Smartphones,878.9
2024-01-18,OnePlus13,0,799,2025-03-01,Growth,Smartphones,834.96
2024-01-19,OnePlus13,0,799,2025-03-01,Growth,Smartphones,834.96
2024-01-20,OnePlus13,0,799,2025-03-01,Growth,Smartphones,878.9
2024-01-21,OnePlus13,0,799,2025-03-01,Growth,Smartphones,878.9
2024-01-22,OnePlus13,0,799,2025-03-01,Growth,Smartphones,878.9
2024-01-23,OnePlus13,0,799,2025-03-01,Growth,Smartphones,834.96
2024-01-24,OnePlus13,0,799,2025-03-01,Growth,Smartphones,878.9
2024-01-25,OnePlus13,0,799,2025-03-01,Growth,Smartphones,878.9
2024-01-26,OnePlus13,0,799,2025-03-01,Growth,Smartphones,878.9
2024-01-27,OnePlus13,0,799,2025-03-01,Growth,Smartphones,878.9
2024-01-28,OnePlus13,0,799,2025-03-01,Growth,Smartphones,878.9
2024-01-29,OnePlus13,0,799,2025-03-01,Growth,Smartphones,834.96
2024-01-30,OnePlus13,0,799,2025-03-01,Growth,Smartphones,878.9
2024-01-31,OnePlus13,0,799,2025-03-01,Growth,Smartphones,878.9
2024-02-01,OnePlus13,0,799,2025-03-01,Growth,Smartphones,834.96
2024-02-02,OnePlus13,0,799,2025-03-01,Growth,Smartphones,834.96
2024-02-03,OnePlus13,0,799,2025-03-01,Growth,Smartphones,878.9
2024-02-04,OnePlus13,0,799,2025-03-01,Growth,Smartphones,878.9
2024-02-05,OnePlus13,0,799,2025-03-01,Growth,Smartphones,878.9
2024-02-06,OnePlus13,0,799,2025-03-01,Growth,Smartphones,878.9
2024-02-07,OnePlus13,0,799,2025-03-01,Growth,Smartphones,878.9
2024-02-08,OnePlus13,0,799,2025-03-01,Growth,Smartphones,878.9
2024-02-09,OnePlus13,0,799,2025-03-01,Growth,Smartphones,878.9
2024-02-10,OnePlus13,0,799,2025-03-01,Growth,Smartphones,834.96
2024-02-11,OnePlus13,0,799,2025-03-01,Growth,Smartphones,834.96
2024-02-12,OnePlus13,0,799,2025-03-01,Growth,Smartphones,878.9
2024-02-13,OnePlus13,0,799,2025-03-01,Growth,Smartphones,834.96
2024-02-14,OnePlus13,0,799,2025-03-01,Growth,Smartphones,834.96
2024-02-15,OnePlus13,0,799,2025-03-01,Growth,Smartphones,878.9
2024-02-16,OnePlus13,0,799,2025-03-01,Growth,Smartphones,834.96
2024-02-17,OnePlus13,0,799,2025-03-01,Growth,Smartphones,878.9
2024-02-18,OnePlus13,0,799,2025-03-01,Growth,Smartphones,878.9
2024-02-19,OnePlus13,0,799,2025-03-01,Growth,Smartphones,878.9
2024-02-20,OnePlus13,0,799,2025-03-01,Growth,Smartphones,834.96
2024-02-21,OnePlus13,0,799,2025-03-01,Growth,Smartphones,878.9
2024-02-22,OnePlus13,0,799,2025-03-01,Growth,Smartphones,878.9
2024-02-23,OnePlus13,0,799,2025-03-01,Growth,Smartphones,878.9
2024-02-24,OnePlus13,0,799,2025-03-01,Growth,Smartphones,878.9
2024-02-25,OnePlus13,0,799,2025-03-01,Growth,Smartphones,878.9
2024-02-26,OnePlus13,0,799,2025-03-01,Growth,Smartphones,834.96
2024-02-27,OnePlus13,0,799,2025-03-01,Growth,Smartphones,878.9
2024-02-28,OnePlus13,0,799,2025-03-01,Growth,Smartphones,878.9
2024-02-29,OnePlus13,0,799,2025-03-01,Growth,Smartphones,878.9
2024-03-01,OnePlus13,0,799,2025-03-01,Growth,Smartphones,878.9
2024-03-02,OnePlus13,0,799,2025-03-01,Growth,Smartphones,878.9
2024-03-03,OnePlus13,0,799,2025-03-01,Growth,Smartphones,878.9
2024-03-04,OnePlus13,0,799,2025-03-01,Growth,Smartphones,878.9
2024-03-05,OnePlus13,0,799,2025-03-01,Growth,Smartphones,878.9
2024-03-06,OnePlus13,0,799,2025-03-01,Growth,Smartphones,878.9
2024-03-07,OnePlus13,0,799,2025-03-01,Growth,Smartphones,878.9
2024-03-08,OnePlus13,0,799,2025-03-01,Growth,Smartphones,834.96
2024-03-09,OnePlus13,0,799,2025-03-01,Growth,Smartphones,834.96
2024-03-10,OnePlus13,0,799,2025-03-01,Growth,Smartphones,878.9
2024-03-11,OnePlus13,0,799,2025-03-01,Growth,Smartphones,878.9
2024-03-12,OnePlus13,0,799,2025-03-01,Growth,Smartphones,878.9
2024-03-13,OnePlus13,0,799,2025-03-01,Growth,Smartphones,834.96
2024-03-14,OnePlus13,0,799,2025-03-01,Growth,Smartphones,878.9
2024-03-15,OnePlus13,0,799,2025-03-01,Growth,Smartphones,878.9
2024-03-16,OnePlus13,0,799,2025-03-01,Growth,Smartphones,878.9
2024-03-17,OnePlus13,0,799,2025-03-01,Growth,Smartphones,878.9
2024-03-18,OnePlus13,0,799,2025-03-01,Growth,Smartphones,878.9
2024-03-19,OnePlus13,0,799,2025-03-01,Growth,Smartphones,878.9
2024-03-20,OnePlus13,0,799,2025-03-01,Growth,Smartphones,878.9
2024-03-21,OnePlus13,0,799,2025-03-01,Growth,Smartphones,834.96
2024-03-22,OnePlus13,0,799,2025-03-01,Growth,Smartphones,878.9
2024-03-23,OnePlus13,0,799,2025-03-01,Growth,Smartphones,878.9
2024-03-24,OnePlus13,0,799,2025-03-01,Growth,Smartphones,878.9
2024-03-25,OnePlus13,0,799,2025-03-01,Growth,Smartphones,834.96
2024-03-26,OnePlus13,0,799,2025-03-01,Growth,Smartphones,878.9
2024-03-27,OnePlus13,0,799,2025-03-01,Growth,Smartphones,834.96
2024-03-28,OnePlus13,0,799,2025-03-01,Growth,Smartphones,834.96
2024-03-29,OnePlus13,0,799,2025-03-01,Growth,Smartphones,878.9
2024-03-30,OnePlus13,0,799,2025-03-01,Growth,Smartphones,878.9
2024-03-31,OnePlus13,0,799,2025-03-01,Growth,Smartphones,878.9
2024-04-01,OnePlus13,0,799,2025-03-01,Growth,Smartphones,878.9
2024-04-02,OnePlus13,0,799,2025-03-01,Growth,Smartphones,878.9
2024-04-03,OnePlus13,0,799,2025-03-01,Growth,Smartphones,834.96
2024-04-04,OnePlus13,0,799,2025-03-01,Growth,Smartphones,878.9
2024-04-05,OnePlus13,0,799,2025-03-01,Growth,Smartphones,878.9
2024-04-06,OnePlus13,0,799,2025-03-01,Growth,Smartphones,834.96
2024-04-07,OnePlus13,0,799,2025-03-01,Growth,Smartphones,878.9
2024-04-08,OnePlus13,0,799,2025-03-01,Growth,Smartphones,878.9
2024-04-09,OnePlus13,0,799,2025-03-01,Growth,Smartphones,878.9
2024-04-10,OnePlus13,0,799,2025-03-01,Growth,Smartphones,878.9
2024-04-11,OnePlus13,0,799,2025-03-01,Growth,Smartphones,878.9
2024-04-12,OnePlus13,0,799,2025-03-01,Growth,Smartphones,878.9
2024-04-13,OnePlus13,0,799,2025-03-01,Growth,Smartphones,878.9
2024-04-14,OnePlus13,0,799,2025-03-01,Growth,Smartphones,878.9
2024-04-15,OnePlus13,0,799,2025-03-01,Growth,Smartphones,878.9
2024-04-16,OnePlus13,0,799,2025-03-01,Growth,Smartphones,878.9
2024-04-17,OnePlus13,0,799,2025-03-01,Growth,Smartphones,834.96
2024-04-18,OnePlus13,0,799,2025-03-01,Growth,Smartphones,834.96
2024-04-19,OnePlus13,0,799,2025-03-01,Growth,Smartphones,878.9
2024-04-20,OnePlus13,0,799,2025-03-01,Growth,Smartphones,878.9
2024-04-21,OnePlus13,0,799,2025-03-01,Growth,Smartphones,878.9
2024-04-22,OnePlus13,0,799,2025-03-01,Growth,Smartphones,834.96
2024-04-23,OnePlus13,0,799,2025-03-01,Growth,Smartphones,878.9
2024-04-24,OnePlus13,0,799,2025-03-01,Growth,Smartphones,878.9
2024-04-25,OnePlus13,0,799,2025-03-01,Growth,Smartphones,878.9
2024-04-26,OnePlus13,0,799,2025-03-01,Growth,Smartphones,878.9
2024-04-27,OnePlus13,0,799,2025-03-01,Growth,Smartphones,878.9
2024-04-28,OnePlus13,0,799,2025-03-01,Growth,Smartphones,878.9
2024-04-29,OnePlus13,0,799,2025-03-01,Growth,Smartphones,878.9
2024-04-30,OnePlus13,0,799,2025-03-01,Growth,Smartphones,878.9
2024-05-01,OnePlus13,0,799,2025-03-01,Growth,Smartphones,878.9
2024-05-02,OnePlus13,0,799,2025-03-01,Growth,Smartphones,878.9
2024-05-03,OnePlus13,0,799,2025-03-01,Growth,Smartphones,878.9
2024-05-04,OnePlus13,0,799,2025-03-01,Growth,Smartphones,878.9
2024-05-05,OnePlus13,0,799,2025-03-01,Growth,Smartphones,878.9
2024-05-06,OnePlus13,0,799,2025-03-01,Growth,Smartphones,878.9
2024-05-07,OnePlus13,0,799,2025-03-01,Growth,Smartphones,878.9
2024-05-08,OnePlus13,0,799,2025-03-01,Growth,Smartphones,834.96
2024-05-09,OnePlus13,0,799,2025-03-01,Growth,Smartphones,878.9
2024-05-10,OnePlus13,0,799,2025-03-01,Growth,Smartphones,878.9
2024-05-11,OnePlus13,0,799,2025-03-01,Growth,Smartphones,878.9
2024-05-12,OnePlus13,0,799,2025-03-01,Growth,Smartphones,878.9
2024-05-13,OnePlus13,0,799,2025-03-01,Growth,Smartphones,878.9
2024-05-14,OnePlus13,0,799,2025-03-01,Growth,Smartphones,878.9
2024-05-15,OnePlus13,0,799,2025-03-01,Growth,Smartphones,878.9
2024-05-16,OnePlus13,0,799,2025-03-01,Growth,Smartphones,878.9
2024-05-17,OnePlus13,0,799,2025-03-01,Growth,Smartphones,878.9
2024-05-18,OnePlus13,0,799,2025-03-01,Growth,Smartphones,834.96
2024-05-19,OnePlus13,0,799,2025-03-01,Growth,Smartphones,878.9
2024-05-20,OnePlus13,0,799,2025-03-01,Growth,Smartphones,878.9
2024-05-21,OnePlus13,0,799,2025-03-01,Growth,Smartphones,878.9
2024-05-22,OnePlus13,0,799,2025-03-01,Growth,Smartphones,878.9
2024-05-23,OnePlus13,0,799,2025-03-01,Growth,Smartphones,878.9
2024-05-24,OnePlus13,0,799,2025-03-01,Growth,Smartphones,834.96
2024-05-25,OnePlus13,0,799,2025-03-01,Growth,Smartphones,878.9
2024-05-26,OnePlus13,0,799,2025-03-01,Growth,Smartphones,834.96
2024-05-27,OnePlus13,0,799,2025-03-01,Growth,Smartphones,878.9
2024-05-28,OnePlus13,0,799,2025-03-01,Growth,Smartphones,878.9
2024-05-29,OnePlus13,0,799,2025-03-01,Growth,Smartphones,834.96
2024-05-30,OnePlus13,0,799,2025-03-01,Growth,Smartphones,834.96
2024-05-31,OnePlus13,0,799,2025-03-01,Growth,Smartphones,834.96
2024-06-01,OnePlus13,0,799,2025-03-01,Growth,Smartphones,834.96
2024-06-02,OnePlus13,0,799,2025-03-01,Growth,Smartphones,878.9
2024-06-03,OnePlus13,0,799,2025-03-01,Growth,Smartphones,834.96
2024-06-04,OnePlus13,0,799,2025-03-01,Growth,Smartphones,878.9
2024-06-05,OnePlus13,0,799,2025-03-01,Growth,Smartphones,834.96
2024-06-06,OnePlus13,0,799,2025-03-01,Growth,Smartphones,878.9
2024-06-07,OnePlus13,0,799,2025-03-01,Growth,Smartphones,834.96
2024-06-08,OnePlus13,0,799,2025-03-01,Growth,Smartphones,878.9
2024-06-09,OnePlus13,0,799,2025-03-01,Growth,Smartphones,834.96
2024-06-10,OnePlus13,0,799,2025-03-01,Growth,Smartphones,878.9
2024-06-11,OnePlus13,0,799,2025-03-01,Growth,Smartphones,878.9
2024-06-12,OnePlus13,0,799,2025-03-01,Growth,Smartphones,878.9
2024-06-13,OnePlus13,0,799,2025-03-01,Growth,Smartphones,878.9
2024-06-14,OnePlus13,0,799,2025-03-01,Growth,Smartphones,878.9
2024-06-15,OnePlus13,0,799,2025-03-01,Growth,Smartphones,834.96
2024-06-16,OnePlus13,0,799,2025-03-01,Growth,Smartphones,878.9
2024-06-17,OnePlus13,0,799,2025-03-01,Growth,Smartphones,878.9
2024-06-18,OnePlus13,0,799,2025-03-01,Growth,Smartphones,878.9
2024-06-19,OnePlus13,0,799,2025-03-01,Growth,Smartphones,878.9
2024-06-20,OnePlus13,0,799,2025-03-01,Growth,Smartphones,878.9
2024-06-21,OnePlus13,0,799,2025-03-01,Growth,Smartphones,878.9
2024-06-22,OnePlus13,0,799,2025-03-01,Growth,Smartphones,878.9
2024-06-23,OnePlus13,0,799,2025-03-01,Growth,Smartphones,878.9
2024-06-24,OnePlus13,0,799,2025-03-01,Growth,Smartphones,878.9
2024-06-25,OnePlus13,0,799,2025-03-01,Growth,Smartphones,878.9
2024-06-26,OnePlus13,0,799,2025-03-01,Growth,Smartphones,878.9
2024-06-27,OnePlus13,0,799,2025-03-01,Growth,Smartphones,878.9
