data/sales_with_pricing_new(1).csv
date,product_id,units_sold,base_price,release_date,lifecycle,category,current_price
2024-06-28,OnePlus13,0,799,2025-03-01,Growth,Smartphones,878.9
2024-06-29,OnePlus13,0,799,2025-03-01,Growth,Smartphones,834.96
2024-06-30,OnePlus13,0,799,2025-03-01,Growth,Smartphones,878.9
2024-07-01,OnePlus13,0,799,2025-03-01,Growth,Smartphones,878.9
2024-07-02,OnePlus13,0,799,2025-03-01,Growth,Smartphones,878.9
2024-07-03,OnePlus13,0,799,2025-03-01,Growth,Smartphones,878.9
2024-07-04,OnePlus13,0,799,2025-03-01,Growth,Smartphones,878.9
2024-07-05,OnePlus13,0,799,2025-03-01,Growth,Smartphones,878.9
2024-07-06,OnePlus13,0,799,2025-03-01,Growth,Smartphones,834.96
2024-07-07,OnePlus13,0,799,2025-03-01,Growth,Smartphones,878.9
2024-07-08,OnePlus13,0,799,2025-03-01,Growth,Smartphones,878.9
2024-07-09,OnePlus13,0,799,2025-03-01,Growth,Smartphones,878.9
2024-07-10,OnePlus13,0,799,2025-03-01,Growth,Smartphones,878.9
2024-07-11,OnePlus13,0,799,2025-03-01,Growth,Smartphones,878.9
2024-07-12,OnePlus13,0,799,2025-03-01,Growth,Smartphones,878.9
2024-07-13,OnePlus13,0,799,2025-03-01,Growth,Smartphones,878.9
2024-07-14,OnePlus13,0,799,2025-03-01,Growth,Smartphones,878.9
2024-07-15,OnePlus13,0,799,2025-03-01,Growth,Smartphones,878.9
2024-07-16,OnePlus13,0,799,2025-03-01,Growth,Smartphones,834.96
2024-07-17,OnePlus13,0,799,2025-03-01,Growth,Smartphones,878.9
2024-07-18,OnePlus13,0,799,2025-03-01,Growth,Smartphones,878.9
2024-07-19,OnePlus13,0,799,2025-03-01,Growth,Smartphones,878.9
2024-07-20,OnePlus13,0,799,2025-03-01,Growth,Smartphones,878.9
2024-07-21,OnePlus13,0,799,2025-03-01,Growth,Smartphones,878.9
2024-07-22,OnePlus13,0,799,2025-03-01,Growth,Smartphones,878.9
2024-07-23,OnePlus13,0,799,2025-03-01,Growth,Smartphones,878.9
2024-07-24,OnePlus13,0,799,2025-03-01,Growth,Smartphones,878.9
2024-07-25,OnePlus13,0,799,2025-03-01,Growth,Smartphones,878.9
2024-07-26,OnePlus13,0,799,2025-03-01,Growth,Smartphones,878.9
2024-07-27,OnePlus13,0,799,2025-03-01,Growth,Smartphones,878.9
2024-07-28,OnePlus13,0,799,2025-03-01,Growth,Smartphones,878.9
2024-07-29,OnePlus13,0,799,2025-03-01,Growth,Smartphones,878.9
2024-07-30,OnePlus13,0,799,2025-03-01,Growth,Smartphones,878.9
2024-07-31,OnePlus13,0,799,2025-03-01,Growth,Smartphones,878.9
2024-08-01,OnePlus13,0,799,2025-03-01,Growth,Smartphones,878.9
2024-08-02,OnePlus13,0,799,2025-03-01,Growth,Smartphones,878.9
2024-08-03,OnePlus13,0,799,2025-03-01,Growth,Smartphones,834.96
2024-08-04,OnePlus13,0,799,2025-03-01,Growth,Smartphones,878.9
2024-08-05,OnePlus13,0,799,2025-03-01,Growth,Smartphones,878.9
2024-08-06,OnePlus13,0,799,2025-03-01,Growth,Smartphones,834.96
2024-08-07,OnePlus13,0,799,2025-03-01,Growth,Smartphones,878.9
2024-08-08,OnePlus13,0,799,2025-03-01,Growth,Smartphones,878.9
2024-08-09,OnePlus13,0,799,2025-03-01,Growth,Smartphones,878.9
2024-08-10,OnePlus13,0,799,2025-03-01,Growth,Smartphones,878.9
2024-08-11,OnePlus13,0,799,2025-03-01,Growth,Smartphones,878.9
2024-08-12,OnePlus13,0,799,2025-03-01,Growth,Smartphones,878.9
2024-08-13,OnePlus13,0,799,2025-03-01,Growth,Smartphones,878.9
2024-08-14,OnePlus13,0,799,2025-03-01,Growth,Smartphones,878.9
2024-08-15,OnePlus13,0,799,2025-03-01,Growth,Smartphones,878.9
2024-08-16,OnePlus13,0,799,2025-03-01,Growth,Smartphones,878.9
2024-08-17,OnePlus13,0,799,2025-03-01,Growth,Smartphones,878.9
2024-08-18,OnePlus13,0,799,2025-03-01,Growth,Smartphones,834.96
2024-08-19,OnePlus13,0,799,2025-03-01,Growth,Smartphones,878.9
2024-08-20,OnePlus13,0,799,2025-03-01,Growth,Smartphones,878.9
2024-08-21,OnePlus13,0,799,2025-03-01,Growth,Smartphones,878.9
2024-08-22,OnePlus13,0,799,2025-03-01,Growth,Smartphones,834.96
2024-08-23,OnePlus13,0,799,2025-03-01,Growth,Smartphones,878.9
2024-08-24,OnePlus13,0,799,2025-03-01,Growth,Smartphones,878.9
2024-08-25,OnePlus13,0,799,2025-03-01,Growth,Smartphones,878.9
2024-08-26,OnePlus13,0,799,2025-03-01,Growth,Smartphones,878.9
2024-08-27,OnePlus13,0,799,2025-03-01,Growth,Smartphones,878.9
2024-08-28,OnePlus13,0,799,2025-03-01,Growth,Smartphones,834.96
2024-08-29,OnePlus13,0,799,2025-03-01,Growth,Smartphones,878.9
2024-08-30,OnePlus13,0,799,2025-03-01,Growth,Smartphones,878.9
2024-08-31,OnePlus13,0,799,2025-03-01,Growth,Smartphones,834.96
2024-09-01,OnePlus13,0,799,2025-03-01,Growth,Smartphones,834.96
2024-09-02,OnePlus13,0,799,2025-03-01,Growth,Smartphones,878.9
2024-09-03,OnePlus13,0,799,2025-03-01,Growth,Smartphones,878.9
2024-09-04,OnePlus13,0,799,2025-03-01,Growth,Smartphones,878.9
2024-09-05,OnePlus13,0,799,2025-03-01,Growth,Smartphones,878.9
2024-09-06,OnePlus13,0,799,2025-03-01,Growth,Smartphones,834.96
2024-09-07,OnePlus13,0,799,2025-03-01,Growth,Smartphones,878.9
2024-09-08,OnePlus13,0,799,2025-03-01,Growth,Smartphones,878.9
2024-09-09,OnePlus13,0,799,2025-03-01,Growth,Smartphones,834.96
2024-09-10,OnePlus13,0,799,2025-03-01,Growth,Smartphones,878.9
2024-09-11,OnePlus13,0,799,2025-03-01,Growth,Smartphones,878.9
2024-09-12,OnePlus13,0,799,2025-03-01,Growth,Smartphones,834.96
2024-09-13,OnePlus13,0,799,2025-03-01,Growth,Smartphones,878.9
2024-09-14,OnePlus13,0,799,2025-03-01,Growth,Smartphones,878.9
2024-09-15,OnePlus13,0,799,2025-03-01,Growth,Smartphones,878.9
2024-09-16,OnePlus13,0,799,2025-03-01,Growth,Smartphones,878.9
2024-09-17,OnePlus13,0,799,2025-03-01,Growth,Smartphones,878.9
2024-09-18,OnePlus13,0,799,2025-03-01,Growth,Smartphones,878.9
2024-09-19,OnePlus13,0,799,2025-03-01,Growth,Smartphones,878.9
2024-09-20,OnePlus13,0,799,2025-03-01,Growth,Smartphones,878.9
2024-09-21,OnePlus13,0,799,2025-03-01,Growth,Smartphones,878.9
2024-09-22,OnePlus13,0,799,2025-03-01,Growth,Smartphones,878.9
2024-09-23,OnePlus13,0,799,2025-03-01,Growth,Smartphones,878.9
2024-09-24,OnePlus13,0,799,2025-03-01,Growth,Smartphones,878.9
2024-09-25,OnePlus13,0,799,2025-03-01,Growth,Smartphones,878.9
2024-09-26,OnePlus13,0,799,2025-03-01,Growth,Smartphones,878.9
2024-09-27,OnePlus13,0,799,2025-03-01,Growth,Smartphones,878.9
2024-09-28,OnePlus13,0,799,2025-03-01,Growth,Smartphones,878.9
2024-09-29,OnePlus13,0,799,2025-03-01,Growth,Smartphones,878.9
2024-09-30,OnePlus13,0,799,2025-03-01,Growth,Smartphones,878.9
2024-10-01,OnePlus13,0,799,2025-03-01,Growth,Smartphones,878.9
2024-10-02,OnePlus13,0,799,2025-03-01,Growth,Smartphones,878.9
2024-10-03,OnePlus13,0,799,2025-03-01,Growth,Smartphones,834.96
2024-10-04,OnePlus13,0,799,2025-03-01,Growth,Smartphones,878.9
2024-10-05,OnePlus13,0,799,2025-03-01,Growth,Smartphones,878.9
2024-10-06,OnePlus13,0,799,2025-03-01,Growth,Smartphones,878.9
2024-10-07,OnePlus13,0,799,2025-03-01,Growth,Smartphones,878.9
2024-10-08,OnePlus13,0,799,2025-03-01,Growth,Smartphones,878.9
2024-10-09,OnePlus13,0,799,2025-03-01,Growth,Smartphones,878.9
2024-10-10,OnePlus13,0,799,2025-03-01,Growth,Smartphones,878.9
2024-10-11,OnePlus13,0,799,2025-03-01,Growth,Smartphones,878.9
2024-10-12,OnePlus13,0,799,2025-03-01,Growth,Smartphones,878.9
2024-10-13,OnePlus13,0,799,2025-03-01,Growth,Smartphones,878.9
2024-10-14,OnePlus13,0,799,2025-03-01,Growth,Smartphones,834.96
2024-10-15,OnePlus13,0,799,2025-03-01,Growth,Smartphones,878.9
2024-10-16,OnePlus13,0,799,2025-03-01,Growth,Smartphones,878.9
2024-10-17,OnePlus13,0,799,2025-03-01,Growth,Smartphones,878.9
2024-10-18,OnePlus13,0,799,2025-03-01,Growth,Smartphones,878.9
2024-10-19,OnePlus13,0,799,2025-03-01,Growth,Smartphones,878.9
2024-10-20,OnePlus13,0,799,2025-03-01,Growth,Smartphones,878.9
2024-10-21,OnePlus13,0,799,2025-03-01,Growth,Smartphones,878.9
2024-10-22,OnePlus13,0,799,2025-03-01,Growth,Smartphones,878.9
2024-10-23,OnePlus13,0,799,2025-03-01,Growth,Smartphones,834.96
2024-10-24,OnePlus13,0,799,2025-03-01,Growth,Smartphones,878.9
2024-10-25,OnePlus13,0,799,2025-03-01,Growth,Smartphones,878.9
2024-10-26,OnePlus13,0,799,2025-03-01,Growth,Smartphones,834.96
2024-10-27,OnePlus13,0,799,2025-03-01,Growth,Smartphones,878.9
2024-10-28,OnePlus13,0,799,2025-03-01,Growth,Smartphones,878.9
2024-10-29,OnePlus13,0,799,2025-03-01,Growth,Smartphones,878.9
2024-10-30,OnePlus13,0,799,2025-03-01,Growth,Smartphones,878.9
2024-10-31,OnePlus13,0,799,2025-03-01,Growth,Smartphones,878.9
2024-11-01,OnePlus13,0,799,2025-03-01,Growth,Smartphones,784.42
2024-11-02,OnePlus13,0,799,2025-03-01,Growth,Smartphones,747.06
2024-11-03,OnePlus13,0,799,2025-03-01,Growth,Smartphones,784.42
2024-11-04,OnePlus13,0,799,2025-03-01,Growth,Smartphones,747.06
2024-11-05,OnePlus13,0,799,2025-03-01,Growth,Smartphones,747.06
2024-11-06,OnePlus13,0,799,2025-03-01,Growth,Smartphones,747.06
2024-11-07,OnePlus13,0,799,2025-03-01,Growth,Smartphones,747.06
2024-11-08,OnePlus13,0,799,2025-03-01,Growth,Smartphones,709.71
2024-11-09,OnePlus13,0,799,2025-03-01,Growth,Smartphones,747.06
2024-11-10,OnePlus13,0,799,2025-03-01,Growth,Smartphones,709.71
2024-11-11,OnePlus13,0,799,2025-03-01,Growth,Smartphones,747.06
2024-11-12,OnePlus13,0,799,2025-03-01,Growth,Smartphones,709.71
2024-11-13,OnePlus13,0,799,2025-03-01,Growth,Smartphones,747.06
2024-11-14,OnePlus13,0,799,2025-03-01,Growth,Smartphones,747.06
2024-11-15,OnePlus13,0,799,2025-03-01,Growth,Smartphones,747.06
2024-11-16,OnePlus13,0,799,2025-03-01,Growth,Smartphones,709.71
2024-11-17,OnePlus13,0,799,2025-03-01,Growth,Smartphones,784.42
2024-11-18,OnePlus13,0,799,2025-03-01,Growth,Smartphones,747.06
2024-11-19,OnePlus13,0,799,2025-03-01,Growth,Smartphones,784.42
2024-11-20,OnePlus13,0,799,2025-03-01,Growth,Smartphones,747.06
2024-11-21,OnePlus13,0,799,2025-03-01,Growth,Smartphones,747.06
2024-11-22,OnePlus13,0,799,2025-03-01,Growth,Smartphones,709.71
2024-11-23,OnePlus13,0,799,2025-03-01,Growth,Smartphones,747.06
2024-11-24,OnePlus13,0,799,2025-03-01,Growth,Smartphones,747.06
2024-11-25,OnePlus13,0,799,2025-03-01,Growth,Smartphones,709.71
2024-11-26,OnePlus13,0,799,2025-03-01,Growth,Smartphones,709.71
2024-11-27,OnePlus13,0,799,2025-03-01,Growth,Smartphones,747.06
2024-11-28,OnePlus13,0,799,2025-03-01,Growth,Smartphones,747.06
2024-11-29,OnePlus13,0,799,2025-03-01,Growth,Smartphones,747.06
2024-11-30,OnePlus13,0,799,2025-03-01,Growth,Smartphones,784.42
2024-12-01,OnePlus13,0,799,2025-03-01,Growth,Smartphones,878.9
2024-12-02,OnePlus13,0,799,2025-03-01,Growth,Smartphones,834.96
2024-12-03,OnePlus13,0,799,2025-03-01,Growth,Smartphones,878.9
2024-12-04,OnePlus13,0,799,2025-03-01,Growth,Smartphones,878.9
2024-12-05,OnePlus13,0,799,2025-03-01,Growth,Smartphones,878.9
2024-12-06,OnePlus13,0,799,2025-03-01,Growth,Smartphones,878.9
2024-12-07,OnePlus13,0,799,2025-03-01,Growth,Smartphones,878.9
2024-12-08,OnePlus13,0,799,2025-03-01,Growth,Smartphones,878.9
2024-12-09,OnePlus13,0,799,2025-03-01,Growth,Smartphones,878.9
2024-12-10,OnePlus13,0,799,2025-03-01,Growth,Smartphones,878.9
2024-12-11,OnePlus13,0,799,2025-03-01,Growth,Smartphones,878.9
2024-12-12,OnePlus13,0,799,2025-03-01,Growth,Smartphones,878.9
2024-12-13,OnePlus13,0,799,2025-03-01,Growth,Smartphones,834.96
2024-12-14,OnePlus13,0,799,2025-03-01,Growth,Smartphones,878.9
2024-12-15,OnePlus13,0,799,2025-03-01,Growth,Smartphones,878.9
2024-12-16,OnePlus13,0,799,2025-03-01,Growth,Smartphones,834.96
2024-12-17,OnePlus13,0,799,2025-03-01,Growth,Smartphones,878.9
2024-12-18,OnePlus13,0,799,2025-03-01,Growth,Smartphones,878.9
2024-12-19,OnePlus13,0,799,2025-03-01,Growth,Smartphones,878.9
2024-12-20,OnePlus13,0,799,2025-03-01,Growth,Smartphones,878.9
2024-12-21,OnePlus13,0,799,2025-03-01,Growth,Smartphones,878.9
2024-12-22,OnePlus13,0,799,2025-03-01,Growth,Smartphones,878.9
2024-12-23,OnePlus13,0,799,2025-03-01,Growth,Smartphones,878.9
2024-12-24,OnePlus13,0,799,2025-03-01,Growth,Smartphones,834.96
2024-12-25,OnePlus13,0,799,2025-03-01,Growth,Smartphones,834.96
2024-12-26,OnePlus13,0,799,2025-03-01,Growth,Smartphones,878.9
2024-12-27,OnePlus13,0,799,2025-03-01,Growth,Smartphones,878.9
2024-12-28,OnePlus13,0,799,2025-03-01,Growth,Smartphones,878.9
2024-12-29,OnePlus13,0,799,2025-03-01,Growth,Smartphones,878.9
2024-12-30,OnePlus13,0,799,2025-03-01,Growth,Smartphones,878.9
2024-12-31,OnePlus13,0,799,2025-03-01,Growth,Smartphones,834.96
2025-01-01,OnePlus13,0,799,2025-03-01,Growth,Smartphones,878.9
2025-01-02,OnePlus13,0,799,2025-03-01,Growth,Smartphones,878.9
2025-01-03,OnePlus13,0,799,2025-03-01,Growth,Smartphones,878.9
2025-01-04,OnePlus13,0,799,2025-03-01,Growth,Smartphones,878.9
2025-01-05,OnePlus13,0,799,2025-03-01,Growth,Smartphones,878.9
2025-01-06,OnePlus13,0,799,2025-03-01,Growth,Smartphones,878.9
2025-01-07,OnePlus13,0,799,2025-03-01,Growth,Smartphones,834.96
2025-01-08,OnePlus13,0,799,2025-03-01,Growth,Smartphones,878.9
2025-01-09,OnePlus13,0,799,2025-03-01,Growth,Smartphones,878.9
2025-01-10,OnePlus13,0,799,2025-03-01,Growth,Smartphones,878.9
2025-01-11,OnePlus13,0,799,2025-03-01,Growth,Smartphones,878.9
2025-01-12,OnePlus13,0,799,2025-03-01,Growth,Smartphones,834.96
2025-01-13,OnePlus13,0,799,2025-03-01,Growth,Smartphones,878.9
2025-01-14,OnePlus13,0,799,2025-03-01,Growth,Smartphones,878.9
2025-01-15,OnePlus13,0,799,2025-03-01,Growth,Smartphones,878.9
2025-01-16,OnePlus13,0,799,2025-03-01,Growth,Smartphones,834.96
2025-01-17,OnePlus13,0,799,2025-03-01,Growth,Smartphones,834.96
2025-01-18,OnePlus13,0,799,2025-03-01,Growth,Smartphones,878.9
2025-01-19,OnePlus13,0,799,2025-03-01,Growth,Smartphones,878.9
2025-01-20,OnePlus13,0,799,2025-03-01,Growth,Smartphones,834.96
2025-01-21,OnePlus13,0,799,2025-03-01,Growth,Smartphones,878.9
2025-01-22,OnePlus13,0,799,2025-03-01,Growth,Smartphones,878.9
2025-01-23,OnePlus13,0,799,2025-03-01,Growth,Smartphones,878.9
2025-01-24,OnePlus13,0,799,2025-03-01,Growth,Smartphones,834.96
2025-01-25,OnePlus13,0,799,2025-03-01,Growth,Smartphones,878.9
2025-01-26,OnePlus13,0,799,2025-03-01,Growth,Smartphones,878.9
2025-01-27,OnePlus13,0,799,2025-03-01,Growth,Smartphones,878.9
2025-01-28,OnePlus13,0,799,2025-03-01,Growth,Smartphones,834.96
2025-01-29,OnePlus13,0,799,2025-03-01,Growth,Smartphones,878.9
2025-01-30,OnePlus13,0,799,2025-03-01,Growth,Smartphones,834.96
2025-01-31,OnePlus13,0,799,2025-03-01,Growth,Smartphones,878.9
2025-02-01,OnePlus13,0,799,2025-03-01,Growth,Smartphones,878.9
2025-02-02,OnePlus13,0,799,2025-03-01,Growth,Smartphones,834.96
2025-02-03,OnePlus13,0,799,2025-03-01,Growth,Smartphones,878.9
2025-02-04,OnePlus13,0,799,2025-03-01,Growth,Smartphones,878.9
2025-02-05,OnePlus13,0,799,2025-03-01,Growth,Smartphones,878.9
2025-02-06,OnePlus13,0,799,2025-03-01,Growth,Smartphones,878.9
2025-02-07,OnePlus13,0,799,2025-03-01,Growth,Smartphones,878.9
2025-02-08,OnePlus13,0,799,2025-03-01,Growth,Smartphones,878.9
2025-02-09,OnePlus13,0,799,2025-03-01,Growth,Smartphones,878.9
2025-02-10,OnePlus13,0,799,2025-03-01,Growth,Smartphones,878.9
2025-02-11,OnePlus13,0,799,2025-03-01,Growth,Smartphones,878.9
2025-02-12,OnePlus13,0,799,2025-03-01,Growth,Smartphones,834.96
2025-02-13,OnePlus13,0,799,2025-03-01,Growth,Smartphones,878.9
2025-02-14,OnePlus13,0,799,2025-03-01,Growth,Smartphones,878.9
2025-02-15,OnePlus13,0,799,2025-03-01,Growth,Smartphones,878.9
2025-02-16,OnePlus13,0,799,2025-03-01,Growth,Smartphones,878.9
2025-02-17,OnePlus13,0,799,2025-03-01,Growth,Smartphones,834.96
2025-02-18,OnePlus13,0,799,2025-03-01,Growth,Smartphones,834.96
2025-02-19,OnePlus13,0,799,2025-03-01,Growth,Smartphones,878.9
2025-02-20,OnePlus13,0,799,2025-03-01,Growth,Smartphones,878.9
2025-02-21,OnePlus13,0,799,2025-03-01,Growth,Smartphones,878.9
2025-02-22,OnePlus13,0,799,2025-03-01,Growth,Smartphones,878.9
2025-02-23,OnePlus13,0,799,2025-03-01,Growth,Smartphones,834.96
2025-02-24,OnePlus13,0,799,2025-03-01,Growth,Smartphones,878.9
2025-02-25,OnePlus13,0,799,2025-03-01,Growth,Smartphones,878.9
2025-02-26,OnePlus13,0,799,2025-03-01,Growth,Smartphones,878.9
2025-02-27,OnePlus13,0,799,2025-03-01,Growth,Smartphones,878.9
2025-02-28,OnePlus13,0,799,2025-03-01,Growth,Smartphones,878.9
2025-03-01,OnePlus13,63,799,2025-03-01,Growth,Smartphones,878.9
2025-03-02,OnePlus13,67,799,2025-03-01,Growth,Smartphones,878.9
2025-03-03,OnePlus13,60,799,2025-03-01,Growth,Smartphones,878.9
2025-03-04,OnePlus13,59,799,2025-03-01,Growth,Smartphones,878.9
2025-03-05,OnePlus13,60,799,2025-03-01,Growth,Smartphones,834.96
2025-03-06,OnePlus13,60,799,2025-03-01,Growth,Smartphones,878.9
2025-03-07,OnePlus13,72,799,2025-03-01,Growth,Smartphones,878.9
2025-03-08,OnePlus13,68,799,2025-03-01,Growth,Smartphones,878.9
2025-03-09,OnePlus13,70,799,2025-03-01,Growth,Smartphones,878.9
2025-03-10,OnePlus13,56,799,2025-03-01,Growth,Smartphones,878.9
2025-03-11,OnePlus13,61,799,2025-03-01,Growth,Smartphones,878.9
2025-03-12,OnePlus13,68,799,2025-03-01,Growth,Smartphones,878.9
2025-03-13,OnePlus13,65,799,2025-03-01,Growth,Smartphones,878.9
2025-03-14,OnePlus13,66,799,2025-03-01,Growth,Smartphones,878.9
2025-03-15,OnePlus13,69,799,2025-03-01,Growth,Smartphones,878.9
2025-03-16,OnePlus13,66,799,2025-03-01,Growth,Smartphones,878.9
2025-03-17,OnePlus13,61,799,2025-03-01,Growth,Smartphones,878.9
2025-03-18,OnePlus13,62,799,2025-03-01,Growth,Smartphones,878.9
2025-03-19,OnePlus13,59,799,2025-03-01,Growth,Smartphones,878.9
2025-03-20,OnePlus13,60,799,2025-03-01,Growth,Smartphones,878.9
2025-03-21,OnePlus13,65,799,2025-03-01,Growth,Smartphones,878.9
2025-03-22,OnePlus13,69,799,2025-03-01,Growth,Smartphones,878.9
2025-03-23,OnePlus13,72,799,2025-03-01,Growth,Smartphones,878.9
2025-03-24,OnePlus13,64,799,2025-03-01,Growth,Smartphones,878.9
2025-03-25,OnePlus13,71,799,2025-03-01,Growth,Smartphones,878.9
2025-03-26,OnePlus13,67,799,2025-03-01,Growth,Smartphones,878.9
2025-03-27,OnePlus13,58,799,2025-03-01,Growth,Smartphones,878.9
2025-03-28,OnePlus13,73,799,2025-03-01,Growth,Smartphones,834.96
2025-03-29,OnePlus13,77,799,2025-03-01,Growth,Smartphones,878.9
2025-03-30,OnePlus13,78,799,2025-03-01,Growth,Smartphones,878.9
2025-03-31,OnePlus13,73,799,2025-03-01,Growth,Smartphones,799
2024-01-01,Xiaomi14,0,599,2024-05-01,Maturity,Smartphones,599
2024-01-02,Xiaomi14,0,599,2024-05-01,Maturity,Smartphones,628.95
2024-01-03,Xiaomi14,0,599,2024-05-01,Maturity,Smartphones,599
2024-01-04,Xiaomi14,0,599,2024-05-01,Maturity,Smartphones,599
2024-01-05,Xiaomi14,0,599,2024-05-01,Maturity,Smartphones,628.95
