data/sales_with_pricing_new(1).csv
date,product_id,units_sold,base_price,release_date,lifecycle,category,current_price
2024-01-06,Xiaomi14,0,599,2024-05-01,Maturity,Smartphones,599
2024-01-07,Xiaomi14,0,599,2024-05-01,Maturity,Smartphones,599
2024-01-08,Xiaomi14,0,599,2024-05-01,Maturity,Smartphones,569.05
2024-01-09,Xiaomi14,0,599,2024-05-01,Maturity,Smartphones,569.05
2024-01-10,Xiaomi14,0,599,2024-05-01,Maturity,Smartphones,599
2024-01-11,Xiaomi14,0,599,2024-05-01,Maturity,Smartphones,599
2024-01-12,Xiaomi14,0,599,2024-05-01,Maturity,Smartphones,599
2024-01-13,Xiaomi14,0,599,2024-05-01,Maturity,Smartphones,599
2024-01-14,Xiaomi14,0,599,2024-05-01,Maturity,Smartphones,599
2024-01-15,Xiaomi14,0,599,2024-05-01,Maturity,Smartphones,628.95
2024-01-16,Xiaomi14,0,599,2024-05-01,Maturity,Smartphones,628.95
2024-01-17,Xiaomi14,0,599,2024-05-01,Maturity,Smartphones,628.95
2024-01-18,Xiaomi14,0,599,2024-05-01,Maturity,Smartphones,569.05
2024-01-19,Xiaomi14,0,599,2024-05-01,Maturity,Smartphones,599
2024-01-20,Xiaomi14,0,599,2024-05-01,Maturity,Smartphones,599
2024-01-21,Xiaomi14,0,599,2024-05-01,Maturity,Smartphones,599
2024-01-22,Xiaomi14,0,599,2024-05-01,Maturity,Smartphones,599
2024-01-23,Xiaomi14,0,599,2024-05-01,Maturity,Smartphones,599
2024-01-24,Xiaomi14,0,599,2024-05-01,Maturity,Smartphones,599
2024-01-25,Xiaomi14,0,599,2024-05-01,Maturity,Smartphones,599
2024-01-26,Xiaomi14,0,599,2024-05-01,Maturity,Smartphones,569.05
2024-01-27,Xiaomi14,0,599,2024-05-01,Maturity,Smartphones,599
2024-01-28,Xiaomi14,0,599,2024-05-01,Maturity,Smartphones,628.95
2024-01-29,Xiaomi14,0,599,2024-05-01,Maturity,Smartphones,599
2024-01-30,Xiaomi14,0,599,2024-05-01,Maturity,Smartphones,599
2024-01-31,Xiaomi14,0,599,2024-05-01,Maturity,Smartphones,599
2024-02-01,Xiaomi14,0,599,2024-05-01,Maturity,Smartphones,599
2024-02-02,Xiaomi14,0,599,2024-05-01,Maturity,Smartphones,569.05
2024-02-03,Xiaomi14,0,599,2024-05-01,Maturity,Smartphones,599
2024-02-04,Xiaomi14,0,599,2024-05-01,Maturity,Smartphones,569.05
2024-02-05,Xiaomi14,0,599,2024-05-01,Maturity,Smartphones,628.95
2024-02-06,Xiaomi14,0,599,2024-05-01,Maturity,Smartphones,599
2024-02-07,Xiaomi14,0,599,2024-05-01,Maturity,Smartphones,599
2024-02-08,Xiaomi14,0,599,2024-05-01,Maturity,Smartphones,569.05
2024-02-09,Xiaomi14,0,599,2024-05-01,Maturity,Smartphones,569.05
2024-02-10,Xiaomi14,0,599,2024-05-01,Maturity,Smartphones,599
2024-02-11,Xiaomi14,0,599,2024-05-01,Maturity,Smartphones,599
2024-02-12,Xiaomi14,0,599,2024-05-01,Maturity,Smartphones,628.95
2024-02-13,Xiaomi14,0,599,2024-05-01,Maturity,Smartphones,599
2024-02-14,Xiaomi14,0,599,2024-05-01,Maturity,Smartphones,599
2024-02-15,Xiaomi14,0,599,2024-05-01,Maturity,Smartphones,599
2024-02-16,Xiaomi14,0,599,2024-05-01,Maturity,Smartphones,599
2024-02-17,Xiaomi14,0,599,2024-05-01,Maturity,Smartphones,599
2024-02-18,Xiaomi14,0,599,2024-05-01,Maturity,Smartphones,599
2024-02-19,Xiaomi14,0,599,2024-05-01,Maturity,Smartphones,599
2024-02-20,Xiaomi14,0,599,2024-05-01,Maturity,Smartphones,599
2024-02-21,Xiaomi14,0,599,2024-05-01,Maturity,Smartphones,569.05
2024-02-22,Xiaomi14,0,599,2024-05-01,Maturity,Smartphones,569.05
2024-02-23,Xiaomi14,0,599,2024-05-01,Maturity,Smartphones,599
2024-02-24,Xiaomi14,0,599,2024-05-01,Maturity,Smartphones,599
2024-02-25,Xiaomi14,0,599,2024-05-01,Maturity,Smartphones,569.05
2024-02-26,Xiaomi14,0,599,2024-05-01,Maturity,Smartphones,599
2024-02-27,Xiaomi14,0,599,2024-05-01,Maturity,Smartphones,599
2024-02-28,Xiaomi14,0,599,2024-05-01,Maturity,Smartphones,599
2024-02-29,Xiaomi14,0,599,2024-05-01,Maturity,Smartphones,599
2024-03-01,Xiaomi14,0,599,2024-05-01,Maturity,Smartphones,628.95
2024-03-02,Xiaomi14,0,599,2024-05-01,Maturity,Smartphones,569.05
2024-03-03,Xiaomi14,0,599,2024-05-01,Maturity,Smartphones,569.05
2024-03-04,Xiaomi14,0,599,2024-05-01,Maturity,Smartphones,599
2024-03-05,Xiaomi14,0,599,2024-05-01,Maturity,Smartphones,599
2024-03-06,Xiaomi14,0,599,2024-05-01,Maturity,Smartphones,569.05
2024-03-07,Xiaomi14,0,599,2024-05-01,Maturity,Smartphones,569.05
2024-03-08,Xiaomi14,0,599,2024-05-01,Maturity,Smartphones,599
2024-03-09,Xiaomi14,0,599,2024-05-01,Maturity,Smartphones,599
2024-03-10,Xiaomi14,0,599,2024-05-01,Maturity,Smartphones,569.05
2024-03-11,Xiaomi14,0,599,2024-05-01,Maturity,Smartphones,599
2024-03-12,Xiaomi14,0,599,2024-05-01,Maturity,Smartphones,599
2024-03-13,Xiaomi14,0,599,2024-05-01,Maturity,Smartphones,599
2024-03-14,Xiaomi14,0,599,2024-05-01,Maturity,Smartphones,599
2024-03-15,Xiaomi14,0,599,2024-05-01,Maturity,Smartphones,599
2024-03-16,Xiaomi14,0,599,2024-05-01,Maturity,Smartphones,599
2024-03-17,Xiaomi14,0,599,2024-05-01,Maturity,Smartphones,628.95
2024-03-18,Xiaomi14,0,599,2024-05-01,Maturity,Smartphones,569.05
2024-03-19,Xiaomi14,0,599,2024-05-01,Maturity,Smartphones,628.95
2024-03-20,Xiaomi14,0,599,2024-05-01,Maturity,Smartphones,599
2024-03-21,Xiaomi14,0,599,2024-05-01,Maturity,Smartphones,569.05
2024-03-22,Xiaomi14,0,599,2024-05-01,Maturity,Smartphones,599
2024-03-23,Xiaomi14,0,599,2024-05-01,Maturity,Smartphones,628.95
2024-03-24,Xiaomi14,0,599,2024-05-01,Maturity,Smartphones,569.05
2024-03-25,Xiaomi14,0,599,2024-05-01,Maturity,Smartphones,569.05
2024-03-26,Xiaomi14,0,599,2024-05-01,Maturity,Smartphones,628.95
2024-03-27,Xiaomi14,0,599,2024-05-01,Maturity,Smartphones,569.05
2024-03-28,Xiaomi14,0,599,2024-05-01,Maturity,Smartphones,628.95
2024-03-29,Xiaomi14,0,599,2024-05-01,Maturity,Smartphones,599
2024-03-30,Xiaomi14,0,599,2024-05-01,Maturity,Smartphones,599
2024-03-31,Xiaomi14,0,599,2024-05-01,Maturity,Smartphones,599
2024-04-01,Xiaomi14,0,599,2024-05-01,Maturity,Smartphones,599
2024-04-02,Xiaomi14,0,599,2024-05-01,Maturity,Smartphones,628.95
2024-04-03,Xiaomi14,0,599,2024-05-01,Maturity,Smartphones,628.95
2024-04-04,Xiaomi14,0,599,2024-05-01,Maturity,Smartphones,628.95
2024-04-05,Xiaomi14,0,599,2024-05-01,Maturity,Smartphones,628.95
2024-04-06,Xiaomi14,0,599,2024-05-01,Maturity,Smartphones,569.05
2024-04-07,Xiaomi14,0,599,2024-05-01,Maturity,Smartphones,599
2024-04-08,Xiaomi14,0,599,2024-05-01,Maturity,Smartphones,599
2024-04-09,Xiaomi14,0,599,2024-05-01,Maturity,Smartphones,599
2024-04-10,Xiaomi14,0,599,2024-05-01,Maturity,Smartphones,599
2024-04-11,Xiaomi14,0,599,2024-05-01,Maturity,Smartphones,599
2024-04-12,Xiaomi14,0,599,2024-05-01,Maturity,Smartphones,599
2024-04-13,Xiaomi14,0,599,2024-05-01,Maturity,Smartphones,599
2024-04-14,Xiaomi14,0,599,2024-05-01,Maturity,Smartphones,569.05
2024-04-15,Xiaomi14,0,599,2024-05-01,Maturity,Smartphones,599
2024-04-16,Xiaomi14,0,599,2024-05-01,Maturity,Smartphones,599
2024-04-17,Xiaomi14,0,599,2024-05-01,Maturity,Smartphones,599
2024-04-18,Xiaomi14,0,599,2024-05-01,Maturity,Smartphones,599
2024-04-19,Xiaomi14,0,599,2024-05-01,Maturity,Smartphones,599
2024-04-20,Xiaomi14,0,599,2024-05-01,Maturity,Smartphones,628.95
2024-04-21,Xiaomi14,0,599,2024-05-01,Maturity,Smartphones,599
2024-04-22,Xiaomi14,0,599,2024-05-01,Maturity,Smartphones,599
2024-04-23,Xiaomi14,0,599,2024-05-01,Maturity,Smartphones,599
2024-04-24,Xiaomi14,0,599,2024-05-01,Maturity,Smartphones,569.05
2024-04-25,Xiaomi14,0,599,2024-05-01,Maturity,Smartphones,628.95
2024-04-26,Xiaomi14,0,599,2024-05-01,Maturity,Smartphones,599
2024-04-27,Xiaomi14,0,599,2024-05-01,Maturity,Smartphones,599
2024-04-28,Xiaomi14,0,599,2024-05-01,Maturity,Smartphones,599
2024-04-29,Xiaomi14,0,599,2024-05-01,Maturity,Smartphones,599
2024-04-30,Xiaomi14,0,599,2024-05-01,Maturity,Smartphones,599
2024-05-01,Xiaomi14,34,599,2024-05-01,Maturity,Smartphones,599
2024-05-02,Xiaomi14,35,599,2024-05-01,Maturity,Smartphones,628.95
2024-05-03,Xiaomi14,38,599,2024-05-01,Maturity,Smartphones,569.05
2024-05-04,Xiaomi14,40,599,2024-05-01,Maturity,Smartphones,599
2024-05-05,Xiaomi14,38,599,2024-05-01,Maturity,Smartphones,599
2024-05-06,Xiaomi14,34,599,2024-05-01,Maturity,Smartphones,628.95
2024-05-07,Xiaomi14,33,599,2024-05-01,Maturity,Smartphones,569.05
2024-05-08,Xiaomi14,36,599,2024-05-01,Maturity,Smartphones,599
2024-05-09,Xiaomi14,32,599,2024-05-01,Maturity,Smartphones,599
2024-05-10,Xiaomi14,41,599,2024-05-01,Maturity,Smartphones,569.05
2024-05-11,Xiaomi14,40,599,2024-05-01,Maturity,Smartphones,599
2024-05-12,Xiaomi14,42,599,2024-05-01,Maturity,Smartphones,599
2024-05-13,Xiaomi14,37,599,2024-05-01,Maturity,Smartphones,599
2024-05-14,Xiaomi14,32,599,2024-05-01,Maturity,Smartphones,599
2024-05-15,Xiaomi14,35,599,2024-05-01,Maturity,Smartphones,599
2024-05-16,Xiaomi14,34,599,2024-05-01,Maturity,Smartphones,599
2024-05-17,Xiaomi14,38,599,2024-05-01,Maturity,Smartphones,599
2024-05-18,Xiaomi14,41,599,2024-05-01,Maturity,Smartphones,599
2024-05-19,Xiaomi14,40,599,2024-05-01,Maturity,Smartphones,599
2024-05-20,Xiaomi14,35,599,2024-05-01,Maturity,Smartphones,599
2024-05-21,Xiaomi14,35,599,2024-05-01,Maturity,Smartphones,628.95
2024-05-22,Xiaomi14,33,599,2024-05-01,Maturity,Smartphones,599
2024-05-23,Xiaomi14,33,599,2024-05-01,Maturity,Smartphones,569.05
2024-05-24,Xiaomi14,42,599,2024-05-01,Maturity,Smartphones,599
2024-05-25,Xiaomi14,41,599,2024-05-01,Maturity,Smartphones,599
2024-05-26,Xiaomi14,41,599,2024-05-01,Maturity,Smartphones,628.95
2024-05-27,Xiaomi14,33,599,2024-05-01,Maturity,Smartphones,599
2024-05-28,Xiaomi14,33,599,2024-05-01,Maturity,Smartphones,599
2024-05-29,Xiaomi14,32,599,2024-05-01,Maturity,Smartphones,599
2024-05-30,Xiaomi14,34,599,2024-05-01,Maturity,Smartphones,599
2024-05-31,Xiaomi14,35,599,2024-05-01,Maturity,Smartphones,569.05
2024-06-01,Xiaomi14,41,599,2024-05-01,Maturity,Smartphones,569.05
2024-06-02,Xiaomi14,39,599,2024-05-01,Maturity,Smartphones,599
2024-06-03,Xiaomi14,32,599,2024-05-01,Maturity,Smartphones,599
2024-06-04,Xiaomi14,36,599,2024-05-01,Maturity,Smartphones,599
2024-06-05,Xiaomi14,34,599,2024-05-01,Maturity,Smartphones,599
2024-06-06,Xiaomi14,34,599,2024-05-01,Maturity,Smartphones,599
2024-06-07,Xiaomi14,38,599,2024-05-01,Maturity,Smartphones,628.95
2024-06-08,Xiaomi14,40,599,2024-05-01,Maturity,Smartphones,628.95
2024-06-09,Xiaomi14,38,599,2024-05-01,Maturity,Smartphones,599
2024-06-10,Xiaomi14,35,599,2024-05-01,Maturity,Smartphones,599
2024-06-11,Xiaomi14,35,599,2024-05-01,Maturity,Smartphones,628.95
2024-06-12,Xiaomi14,36,599,2024-05-01,Maturity,Smartphones,599
2024-06-13,Xiaomi14,34,599,2024-05-01,Maturity,Smartphones,599
2024-06-14,Xiaomi14,38,599,2024-05-01,Maturity,Smartphones,599
2024-06-15,Xiaomi14,37,599,2024-05-01,Maturity,Smartphones,599
2024-06-16,Xiaomi14,39,599,2024-05-01,Maturity,Smartphones,599
2024-06-17,Xiaomi14,35,599,2024-05-01,Maturity,Smartphones,569.05
2024-06-18,Xiaomi14,35,599,2024-05-01,Maturity,Smartphones,599
2024-06-19,Xiaomi14,33,599,2024-05-01,Maturity,Smartphones,599
2024-06-20,Xiaomi14,35,599,2024-05-01,Maturity,Smartphones,628.95
2024-06-21,Xiaomi14,39,599,2024-05-01,Maturity,Smartphones,599
2024-06-22,Xiaomi14,38,599,2024-05-01,Maturity,Smartphones,599
2024-06-23,Xiaomi14,35,599,2024-05-01,Maturity,Smartphones,599
2024-06-24,Xiaomi14,34,599,2024-05-01,Maturity,Smartphones,599
2024-06-25,Xiaomi14,39,599,2024-05-01,Maturity,Smartphones,599
2024-06-26,Xiaomi14,41,599,2024-05-01,Maturity,Smartphones,599
2024-06-27,Xiaomi14,39,599,2024-05-01,Maturity,Smartphones,599
2024-06-28,Xiaomi14,42,599,2024-05-01,Maturity,Smartphones,628.95
2024-06-29,Xiaomi14,42,599,2024-05-01,Maturity,Smartphones,599
2024-06-30,Xiaomi14,42,599,2024-05-01,Maturity,Smartphones,599
2024-07-01,Xiaomi14,36,599,2024-05-01,Maturity,Smartphones,599
2024-07-02,Xiaomi14,32,599,2024-05-01,Maturity,Smartphones,599
2024-07-03,Xiaomi14,35,599,2024-05-01,Maturity,Smartphones,569.05
2024-07-04,Xiaomi14,32,599,2024-05-01,Maturity,Smartphones,569.05
2024-07-05,Xiaomi14,35,599,2024-05-01,Maturity,Smartphones,569.05
2024-07-06,Xiaomi14,39,599,2024-05-01,Maturity,Smartphones,628.95
2024-07-07,Xiaomi14,38,599,2024-05-01,Maturity,Smartphones,628.95
2024-07-08,Xiaomi14,32,599,2024-05-01,Maturity,Smartphones,599
2024-07-09,Xiaomi14,35,599,2024-05-01,Maturity,Smartphones,599
2024-07-10,Xiaomi14,33,599,2024-05-01,Maturity,Smartphones,599
2024-07-11,Xiaomi14,37,599,2024-05-01,Maturity,Smartphones,628.95
2024-07-12,Xiaomi14,42,599,2024-05-01,Maturity,Smartphones,628.95
2024-07-13,Xiaomi14,38,599,2024-05-01,Maturity,Smartphones,599
2024-07-14,Xiaomi14,37,599,2024-05-01,Maturity,Smartphones,569.05
2024-07-15,Xiaomi14,35,599,2024-05-01,Maturity,Smartphones,599
2024-07-16,Xiaomi14,33,599,2024-05-01,Maturity,Smartphones,628.95
2024-07-17,Xiaomi14,34,599,2024-05-01,Maturity,Smartphones,599
2024-07-18,Xiaomi14,37,599,2024-05-01,Maturity,Smartphones,628.95
2024-07-19,Xiaomi14,38,599,2024-05-01,Maturity,Smartphones,599
2024-07-20,Xiaomi14,37,599,2024-05-01,Maturity,Smartphones,599
2024-07-21,Xiaomi14,38,599,2024-05-01,Maturity,Smartphones,628.95
2024-07-22,Xiaomi14,34,599,2024-05-01,Maturity,Smartphones,628.95
2024-07-23,Xiaomi14,32,599,2024-05-01,Maturity,Smartphones,599
2024-07-24,Xiaomi14,36,599,2024-05-01,Maturity,Smartphones,599
2024-07-25,Xiaomi14,35,599,2024-05-01,Maturity,Smartphones,599
2024-07-26,Xiaomi14,38,599,2024-05-01,Maturity,Smartphones,569.05
2024-07-27,Xiaomi14,38,599,2024-05-01,Maturity,Smartphones,569.05
2024-07-28,Xiaomi14,42,599,2024-05-01,Maturity,Smartphones,599
2024-07-29,Xiaomi14,35,599,2024-05-01,Maturity,Smartphones,628.95
2024-07-30,Xiaomi14,31,599,2024-05-01,Maturity,Smartphones,599
2024-07-31,Xiaomi14,35,599,2024-05-01,Maturity,Smartphones,599
2024-08-01,Xiaomi14,33,599,2024-05-01,Maturity,Smartphones,628.95
2024-08-02,Xiaomi14,41,599,2024-05-01,Maturity,Smartphones,599
2024-08-03,Xiaomi14,42,599,2024-05-01,Maturity,Smartphones,599
2024-08-04,Xiaomi14,41,599,2024-05-01,Maturity,Smartphones,599
2024-08-05,Xiaomi14,33,599,2024-05-01,Maturity,Smartphones,628.95
2024-08-06,Xiaomi14,35,599,2024-05-01,Maturity,Smartphones,599
2024-08-07,Xiaomi14,34,599,2024-05-01,Maturity,Smartphones,599
2024-08-08,Xiaomi14,36,599,2024-05-01,Maturity,Smartphones,599
2024-08-09,Xiaomi14,38,599,2024-05-01,Maturity,Smartphones,599
2024-08-10,Xiaomi14,38,599,2024-05-01,Maturity,Smartphones,628.95
2024-08-11,Xiaomi14,38,599,2024-05-01,Maturity,Smartphones,628.95
2024-08-12,Xiaomi14,33,599,2024-05-01,Maturity,Smartphones,599
2024-08-13,Xiaomi14,34,599,2024-05-01,Maturity,Smartphones,599
2024-08-14,Xiaomi14,33,599,2024-05-01,Maturity,Smartphones,569.05
2024-08-15,Xiaomi14,32,599,2024-05-01,Maturity,Smartphones,599
2024-08-16,Xiaomi14,41,599,2024-05-01,Maturity,Smartphones,599
2024-08-17,Xiaomi14,39,599,2024-05-01,Maturity,Smartphones,599
2024-08-18,Xiaomi14,41,599,2024-05-01,Maturity,Smartphones,599
2024-08-19,Xiaomi14,32,599,2024-05-01,Maturity,Smartphones,599
2024-08-20,Xiaomi14,33,599,2024-05-01,Maturity,Smartphones,599
2024-08-21,Xiaomi14,37,599,2024-05-01,Maturity,Smartphones,599
2024-08-22,Xiaomi14,30,599,2024-05-01,Maturity,Smartphones,599
2024-08-23,Xiaomi14,36,599,2024-05-01,Maturity,Smartphones,628.95
2024-08-24,Xiaomi14,40,599,2024-05-01,Maturity,Smartphones,599
2024-08-25,Xiaomi14,41,599,2024-05-01,Maturity,Smartphones,599
2024-08-26,Xiaomi14,33,599,2024-05-01,Maturity,Smartphones,599
2024-08-27,Xiaomi14,31,599,2024-05-01,Maturity,Smartphones,628.95
2024-08-28,Xiaomi14,34,599,2024-05-01,Maturity,Smartphones,569.05
2024-08-29,Xiaomi14,34,599,2024-05-01,Maturity,Smartphones,628.95
2024-08-30,Xiaomi14,39,599,2024-05-01,Maturity,Smartphones,628.95
2024-08-31,Xiaomi14,41,599,2024-05-01,Maturity,Smartphones,569.05
2024-09-01,Xiaomi14,39,599,2024-05-01,Maturity,Smartphones,569.05
2024-09-02,Xiaomi14,31,599,2024-05-01,Maturity,Smartphones,628.95
2024-09-03,Xiaomi14,35,599,2024-05-01,Maturity,Smartphones,599
2024-09-04,Xiaomi14,32,599,2024-05-01,Maturity,Smartphones,569.05
2024-09-05,Xiaomi14,35,599,2024-05-01,Maturity,Smartphones,599
2024-09-06,Xiaomi14,36,599,2024-05-01,Maturity,Smartphones,569.05
2024-09-07,Xiaomi14,39,599,2024-05-01,Maturity,Smartphones,599
2024-09-08,Xiaomi14,38,599,2024-05-01,Maturity,Smartphones,599
2024-09-09,Xiaomi14,34,599,2024-05-01,Maturity,Smartphones,599
2024-09-10,Xiaomi14,31,599,2024-05-01,Maturity,Smartphones,599
2024-09-11,Xiaomi14,32,599,2024-05-01,Maturity,Smartphones,569.05
2024-09-12,Xiaomi14,35,599,2024-05-01,Maturity,Smartphones,628.95
2024-09-13,Xiaomi14,37,599,2024-05-01,Maturity,Smartphones,599
2024-09-14,Xiaomi14,43,599,2024-05-01,Maturity,Smartphones,599
2024-09-15,Xiaomi14,38,599,2024-05-01,Maturity,Smartphones,569.05
2024-09-16,Xiaomi14,30,599,2024-05-01,Maturity,Smartphones,599
2024-09-17,Xiaomi14,33,599,2024-05-01,Maturity,Smartphones,599
2024-09-18,Xiaomi14,35,599,2024-05-01,Maturity,Smartphones,569.05
2024-09-19,Xiaomi14,31,599,2024-05-01,Maturity,Smartphones,599
2024-09-20,Xiaomi14,38,599,2024-05-01,Maturity,Smartphones,599
2024-09-21,Xiaomi14,39,599,2024-05-01,Maturity,Smartphones,599
2024-09-22,Xiaomi14,41,599,2024-05-01,Maturity,Smartphones,599
2024-09-23,Xiaomi14,32,599,2024-05-01,Maturity,Smartphones,599
2024-09-24,Xiaomi14,31,599,2024-05-01,Maturity,Smartphones,628.95
2024-09-25,Xiaomi14,37,599,2024-05-01,Maturity,Smartphones,599
2024-09-26,Xiaomi14,37,599,2024-05-01,Maturity,Smartphones,628.95
2024-09-27,Xiaomi14,45,599,2024-05-01,Maturity,Smartphones,599
2024-09-28,Xiaomi14,41,599,2024-05-01,Maturity,Smartphones,569.05
2024-09-29,Xiaomi14,39,599,2024-05-01,Maturity,Smartphones,628.95
2024-09-30,Xiaomi14,37,599,2024-05-01,Maturity,Smartphones,599
2024-10-01,Xiaomi14,32,599,2024-05-01,Maturity,Smartphones,628.95
2024-10-02,Xiaomi14,32,599,2024-05-01,Maturity,Smartphones,599
2024-10-03,Xiaomi14,33,599,2024-05-01,Maturity,Smartphones,599
2024-10-04,Xiaomi14,36,599,2024-05-01,Maturity,Smartphones,599
2024-10-05,Xiaomi14,38,599,2024-05-01,Maturity,Smartphones,599
2024-10-06,Xiaomi14,35,599,2024-05-01,Maturity,Smartphones,628.95
2024-10-07,Xiaomi14,35,599,2024-05-01,Maturity,Smartphones,628.95
2024-10-08,Xiaomi14,33,599,2024-05-01,Maturity,Smartphones,599
2024-10-09,Xiaomi14,35,599,2024-05-01,Maturity,Smartphones,628.95
2024-10-10,Xiaomi14,34,599,2024-05-01,Maturity,Smartphones,599
2024-10-11,Xiaomi14,36,599,2024-05-01,Maturity,Smartphones,599
