data/sales_with_pricing_new(1).csv
date,product_id,units_sold,base_price,release_date,lifecycle,category,current_price
2024-10-12,Xiaomi14,38,599,2024-05-01,Maturity,Smartphones,599
2024-10-13,Xiaomi14,37,599,2024-05-01,Maturity,Smartphones,599
2024-10-14,Xiaomi14,35,599,2024-05-01,Maturity,Smartphones,599
2024-10-15,Xiaomi14,31,599,2024-05-01,Maturity,Smartphones,599
2024-10-16,Xiaomi14,31,599,2024-05-01,Maturity,Smartphones,569.05
2024-10-17,Xiaomi14,33,599,2024-05-01,Maturity,Smartphones,599
2024-10-18,Xiaomi14,39,599,2024-05-01,Maturity,Smartphones,599
2024-10-19,Xiaomi14,38,599,2024-05-01,Maturity,Smartphones,599
2024-10-20,Xiaomi14,33,599,2024-05-01,Maturity,Smartphones,599
2024-10-21,Xiaomi14,31,599,2024-05-01,Maturity,Smartphones,628.95
2024-10-22,Xiaomi14,30,599,2024-05-01,Maturity,Smartphones,628.95
2024-10-23,Xiaomi14,31,599,2024-05-01,Maturity,Smartphones,599
2024-10-24,Xiaomi14,34,599,2024-05-01,Maturity,Smartphones,599
2024-10-25,Xiaomi14,35,599,2024-05-01,Maturity,Smartphones,628.95
2024-10-26,Xiaomi14,38,599,2024-05-01,Maturity,Smartphones,599
2024-10-27,Xiaomi14,40,599,2024-05-01,Maturity,Smartphones,628.95
2024-10-28,Xiaomi14,33,599,2024-05-01,Maturity,Smartphones,599
2024-10-29,Xiaomi14,31,599,2024-05-01,Maturity,Smartphones,599
2024-10-30,Xiaomi14,34,599,2024-05-01,Maturity,Smartphones,599
2024-10-31,Xiaomi14,34,599,2024-05-01,Maturity,Smartphones,599
2024-11-01,Xiaomi14,37,599,2024-05-01,Maturity,Smartphones,509.15
2024-11-02,Xiaomi14,39,599,2024-05-01,Maturity,Smartphones,483.69
2024-11-03,Xiaomi14,38,599,2024-05-01,Maturity,Smartphones,483.69
2024-11-04,Xiaomi14,33,599,2024-05-01,Maturity,Smartphones,534.61
2024-11-05,Xiaomi14,33,599,2024-05-01,Maturity,Smartphones,509.15
2024-11-06,Xiaomi14,35,599,2024-05-01,Maturity,Smartphones,509.15
2024-11-07,Xiaomi14,35,599,2024-05-01,Maturity,Smartphones,509.15
2024-11-08,Xiaomi14,38,599,2024-05-01,Maturity,Smartphones,534.61
2024-11-09,Xiaomi14,38,599,2024-05-01,Maturity,Smartphones,483.69
2024-11-10,Xiaomi14,39,599,2024-05-01,Maturity,Smartphones,509.15
2024-11-11,Xiaomi14,33,599,2024-05-01,Maturity,Smartphones,483.69
2024-11-12,Xiaomi14,33,599,2024-05-01,Maturity,Smartphones,534.61
2024-11-13,Xiaomi14,33,599,2024-05-01,Maturity,Smartphones,509.15
2024-11-14,Xiaomi14,33,599,2024-05-01,Maturity,Smartphones,509.15
2024-11-15,Xiaomi14,37,599,2024-05-01,Maturity,Smartphones,534.61
2024-11-16,Xiaomi14,33,599,2024-05-01,Maturity,Smartphones,534.61
2024-11-17,Xiaomi14,38,599,2024-05-01,Maturity,Smartphones,509.15
2024-11-18,Xiaomi14,32,599,2024-05-01,Maturity,Smartphones,509.15
2024-11-19,Xiaomi14,29,599,2024-05-01,Maturity,Smartphones,509.15
2024-11-20,Xiaomi14,32,599,2024-05-01,Maturity,Smartphones,509.15
2024-11-21,Xiaomi14,33,599,2024-05-01,Maturity,Smartphones,509.15
2024-11-22,Xiaomi14,39,599,2024-05-01,Maturity,Smartphones,509.15
2024-11-23,Xiaomi14,33,599,2024-05-01,Maturity,Smartphones,534.61
2024-11-24,Xiaomi14,40,599,2024-05-01,Maturity,Smartphones,509.15
2024-11-25,Xiaomi14,29,599,2024-05-01,Maturity,Smartphones,483.69
2024-11-26,Xiaomi14,34,599,2024-05-01,Maturity,Smartphones,509.15
2024-11-27,Xiaomi14,32,599,2024-05-01,Maturity,Smartphones,534.61
2024-11-28,Xiaomi14,35,599,2024-05-01,Maturity,Smartphones,509.15
2024-11-29,Xiaomi14,39,599,2024-05-01,Maturity,Smartphones,509.15
2024-11-30,Xiaomi14,36,599,2024-05-01,Maturity,Smartphones,483.69
2024-12-01,Xiaomi14,34,599,2024-05-01,Maturity,Smartphones,599
2024-12-02,Xiaomi14,33,599,2024-05-01,Maturity,Smartphones,628.95
2024-12-03,Xiaomi14,32,599,2024-05-01,Maturity,Smartphones,569.05
2024-12-04,Xiaomi14,30,599,2024-05-01,Maturity,Smartphones,599
2024-12-05,Xiaomi14,34,599,2024-05-01,Maturity,Smartphones,599
2024-12-06,Xiaomi14,36,599,2024-05-01,Maturity,Smartphones,569.05
2024-12-07,Xiaomi14,38,599,2024-05-01,Maturity,Smartphones,628.95
2024-12-08,Xiaomi14,37,599,2024-05-01,Maturity,Smartphones,569.05
2024-12-09,Xiaomi14,32,599,2024-05-01,Maturity,Smartphones,628.95
2024-12-10,Xiaomi14,31,599,2024-05-01,Maturity,Smartphones,599
2024-12-11,Xiaomi14,32,599,2024-05-01,Maturity,Smartphones,599
2024-12-12,Xiaomi14,29,599,2024-05-01,Maturity,Smartphones,599
2024-12-13,Xiaomi14,37,599,2024-05-01,Maturity,Smartphones,599
2024-12-14,Xiaomi14,41,599,2024-05-01,Maturity,Smartphones,599
2024-12-15,Xiaomi14,38,599,2024-05-01,Maturity,Smartphones,569.05
2024-12-16,Xiaomi14,33,599,2024-05-01,Maturity,Smartphones,569.05
2024-12-17,Xiaomi14,33,599,2024-05-01,Maturity,Smartphones,599
2024-12-18,Xiaomi14,34,599,2024-05-01,Maturity,Smartphones,599
2024-12-19,Xiaomi14,30,599,2024-05-01,Maturity,Smartphones,628.95
2024-12-20,Xiaomi14,50,599,2024-05-01,Maturity,Smartphones,599
2024-12-21,Xiaomi14,52,599,2024-05-01,Maturity,Smartphones,569.05
2024-12-22,Xiaomi14,52,599,2024-05-01,Maturity,Smartphones,569.05
2024-12-23,Xiaomi14,47,599,2024-05-01,Maturity,Smartphones,569.05
2024-12-24,Xiaomi14,47,599,2024-05-01,Maturity,Smartphones,599
2024-12-25,Xiaomi14,50,599,2024-05-01,Maturity,Smartphones,628.95
2024-12-26,Xiaomi14,54,599,2024-05-01,Maturity,Smartphones,599
2024-12-27,Xiaomi14,59,599,2024-05-01,Maturity,Smartphones,599
2024-12-28,Xiaomi14,59,599,2024-05-01,Maturity,Smartphones,599
2024-12-29,Xiaomi14,55,599,2024-05-01,Maturity,Smartphones,599
2024-12-30,Xiaomi14,49,599,2024-05-01,Maturity,Smartphones,599
2024-12-31,Xiaomi14,51,599,2024-05-01,Maturity,Smartphones,599
2025-01-01,Xiaomi14,32,599,2024-05-01,Maturity,Smartphones,569.05
2025-01-02,Xiaomi14,30,599,2024-05-01,Maturity,Smartphones,599
2025-01-03,Xiaomi14,37,599,2024-05-01,Maturity,Smartphones,599
2025-01-04,Xiaomi14,35,599,2024-05-01,Maturity,Smartphones,599
2025-01-05,Xiaomi14,38,599,2024-05-01,Maturity,Smartphones,569.05
2025-01-06,Xiaomi14,31,599,2024-05-01,Maturity,Smartphones,599
2025-01-07,Xiaomi14,30,599,2024-05-01,Maturity,Smartphones,599
2025-01-08,Xiaomi14,33,599,2024-05-01,Maturity,Smartphones,599
2025-01-09,Xiaomi14,32,599,2024-05-01,Maturity,Smartphones,599
2025-01-10,Xiaomi14,38,599,2024-05-01,Maturity,Smartphones,628.95
2025-01-11,Xiaomi14,37,599,2024-05-01,Maturity,Smartphones,599
2025-01-12,Xiaomi14,40,599,2024-05-01,Maturity,Smartphones,599
2025-01-13,Xiaomi14,33,599,2024-05-01,Maturity,Smartphones,569.05
2025-01-14,Xiaomi14,30,599,2024-05-01,Maturity,Smartphones,599
2025-01-15,Xiaomi14,30,599,2024-05-01,Maturity,Smartphones,599
2025-01-16,Xiaomi14,31,599,2024-05-01,Maturity,Smartphones,628.95
2025-01-17,Xiaomi14,34,599,2024-05-01,Maturity,Smartphones,599
2025-01-18,Xiaomi14,36,599,2024-05-01,Maturity,Smartphones,599
2025-01-19,Xiaomi14,37,599,2024-05-01,Maturity,Smartphones,599
2025-01-20,Xiaomi14,31,599,2024-05-01,Maturity,Smartphones,599
2025-01-21,Xiaomi14,30,599,2024-05-01,Maturity,Smartphones,599
2025-01-22,Xiaomi14,32,599,2024-05-01,Maturity,Smartphones,569.05
2025-01-23,Xiaomi14,31,599,2024-05-01,Maturity,Smartphones,599
2025-01-24,Xiaomi14,35,599,2024-05-01,Maturity,Smartphones,599
2025-01-25,Xiaomi14,39,599,2024-05-01,Maturity,Smartphones,599
2025-01-26,Xiaomi14,36,599,2024-05-01,Maturity,Smartphones,599
2025-01-27,Xiaomi14,30,599,2024-05-01,Maturity,Smartphones,599
2025-01-28,Xiaomi14,32,599,2024-05-01,Maturity,Smartphones,599
2025-01-29,Xiaomi14,32,599,2024-05-01,Maturity,Smartphones,569.05
2025-01-30,Xiaomi14,31,599,2024-05-01,Maturity,Smartphones,599
2025-01-31,Xiaomi14,37,599,2024-05-01,Maturity,Smartphones,599
2025-02-01,Xiaomi14,34,599,2024-05-01,Maturity,Smartphones,599
2025-02-02,Xiaomi14,41,599,2024-05-01,Maturity,Smartphones,569.05
2025-02-03,Xiaomi14,33,599,2024-05-01,Maturity,Smartphones,628.95
2025-02-04,Xiaomi14,33,599,2024-05-01,Maturity,Smartphones,599
2025-02-05,Xiaomi14,31,599,2024-05-01,Maturity,Smartphones,599
2025-02-06,Xiaomi14,33,599,2024-05-01,Maturity,Smartphones,569.05
2025-02-07,Xiaomi14,34,599,2024-05-01,Maturity,Smartphones,628.95
2025-02-08,Xiaomi14,40,599,2024-05-01,Maturity,Smartphones,599
2025-02-09,Xiaomi14,36,599,2024-05-01,Maturity,Smartphones,599
2025-02-10,Xiaomi14,30,599,2024-05-01,Maturity,Smartphones,599
2025-02-11,Xiaomi14,33,599,2024-05-01,Maturity,Smartphones,628.95
2025-02-12,Xiaomi14,32,599,2024-05-01,Maturity,Smartphones,599
2025-02-13,Xiaomi14,33,599,2024-05-01,Maturity,Smartphones,599
2025-02-14,Xiaomi14,35,599,2024-05-01,Maturity,Smartphones,599
2025-02-15,Xiaomi14,34,599,2024-05-01,Maturity,Smartphones,569.05
2025-02-16,Xiaomi14,33,599,2024-05-01,Maturity,Smartphones,628.95
2025-02-17,Xiaomi14,30,599,2024-05-01,Maturity,Smartphones,569.05
2025-02-18,Xiaomi14,31,599,2024-05-01,Maturity,Smartphones,599
2025-02-19,Xiaomi14,32,599,2024-05-01,Maturity,Smartphones,628.95
2025-02-20,Xiaomi14,31,599,2024-05-01,Maturity,Smartphones,599
2025-02-21,Xiaomi14,39,599,2024-05-01,Maturity,Smartphones,569.05
2025-02-22,Xiaomi14,35,599,2024-05-01,Maturity,Smartphones,599
2025-02-23,Xiaomi14,39,599,2024-05-01,Maturity,Smartphones,569.05
2025-02-24,Xiaomi14,30,599,2024-05-01,Maturity,Smartphones,599
2025-02-25,Xiaomi14,30,599,2024-05-01,Maturity,Smartphones,599
2025-02-26,Xiaomi14,31,599,2024-05-01,Maturity,Smartphones,599
2025-02-27,Xiaomi14,31,599,2024-05-01,Maturity,Smartphones,569.05
2025-02-28,Xiaomi14,35,599,2024-05-01,Maturity,Smartphones,599
2025-03-01,Xiaomi14,36,599,2024-05-01,Maturity,Smartphones,628.95
2025-03-02,Xiaomi14,38,599,2024-05-01,Maturity,Smartphones,599
2025-03-03,Xiaomi14,30,599,2024-05-01,Maturity,Smartphones,569.05
2025-03-04,Xiaomi14,28,599,2024-05-01,Maturity,Smartphones,599
2025-03-05,Xiaomi14,29,599,2024-05-01,Maturity,Smartphones,628.95
2025-03-06,Xiaomi14,31,599,2024-05-01,Maturity,Smartphones,599
2025-03-07,Xiaomi14,37,599,2024-05-01,Maturity,Smartphones,599
2025-03-08,Xiaomi14,35,599,2024-05-01,Maturity,Smartphones,599
2025-03-09,Xiaomi14,36,599,2024-05-01,Maturity,Smartphones,599
2025-03-10,Xiaomi14,31,599,2024-05-01,Maturity,Smartphones,599
2025-03-11,Xiaomi14,30,599,2024-05-01,Maturity,Smartphones,599
2025-03-12,Xiaomi14,33,599,2024-05-01,Maturity,Smartphones,599
2025-03-13,Xiaomi14,29,599,2024-05-01,Maturity,Smartphones,599
2025-03-14,Xiaomi14,39,599,2024-05-01,Maturity,Smartphones,628.95
2025-03-15,Xiaomi14,40,599,2024-05-01,Maturity,Smartphones,599
2025-03-16,Xiaomi14,36,599,2024-05-01,Maturity,Smartphones,628.95
2025-03-17,Xiaomi14,32,599,2024-05-01,Maturity,Smartphones,569.05
2025-03-18,Xiaomi14,31,599,2024-05-01,Maturity,Smartphones,599
2025-03-19,Xiaomi14,32,599,2024-05-01,Maturity,Smartphones,569.05
2025-03-20,Xiaomi14,31,599,2024-05-01,Maturity,Smartphones,628.95
2025-03-21,Xiaomi14,37,599,2024-05-01,Maturity,Smartphones,599
2025-03-22,Xiaomi14,33,599,2024-05-01,Maturity,Smartphones,599
2025-03-23,Xiaomi14,37,599,2024-05-01,Maturity,Smartphones,628.95
2025-03-24,Xiaomi14,33,599,2024-05-01,Maturity,Smartphones,599
2025-03-25,Xiaomi14,33,599,2024-05-01,Maturity,Smartphones,599
2025-03-26,Xiaomi14,38,599,2024-05-01,Maturity,Smartphones,599
2025-03-27,Xiaomi14,34,599,2024-05-01,Maturity,Smartphones,599
2025-03-28,Xiaomi14,40,599,2024-05-01,Maturity,Smartphones,599
2025-03-29,Xiaomi14,41,599,2024-05-01,Maturity,Smartphones,599
2025-03-30,Xiaomi14,42,599,2024-05-01,Maturity,Smartphones,599
2025-03-31,Xiaomi14,35,599,2024-05-01,Maturity,Smartphones,599
2024-01-01,Xiaomi15,0,649,2025-01-15,Growth,Smartphones,713.9
2024-01-02,Xiaomi15,0,649,2025-01-15,Growth,Smartphones,713.9
2024-01-03,Xiaomi15,0,649,2025-01-15,Growth,Smartphones,713.9
2024-01-04,Xiaomi15,0,649,2025-01-15,Growth,Smartphones,713.9
2024-01-05,Xiaomi15,0,649,2025-01-15,Growth,Smartphones,713.9
2024-01-06,Xiaomi15,0,649,2025-01-15,Growth,Smartphones,713.9
2024-01-07,Xiaomi15,0,649,2025-01-15,Growth,Smartphones,678.2
2024-01-08,Xiaomi15,0,649,2025-01-15,Growth,Smartphones,713.9
2024-01-09,Xiaomi15,0,649,2025-01-15,Growth,Smartphones,713.9
2024-01-10,Xiaomi15,0,649,2025-01-15,Growth,Smartphones,713.9
2024-01-11,Xiaomi15,0,649,2025-01-15,Growth,Smartphones,713.9
2024-01-12,Xiaomi15,0,649,2025-01-15,Growth,Smartphones,713.9
2024-01-13,Xiaomi15,0,649,2025-01-15,Growth,Smartphones,713.9
2024-01-14,Xiaomi15,0,649,2025-01-15,Growth,Smartphones,713.9
2024-01-15,Xiaomi15,0,649,2025-01-15,Growth,Smartphones,713.9
2024-01-16,Xiaomi15,0,649,2025-01-15,Growth,Smartphones,678.2
2024-01-17,Xiaomi15,0,649,2025-01-15,Growth,Smartphones,713.9
2024-01-18,Xiaomi15,0,649,2025-01-15,Growth,Smartphones,678.2
2024-01-19,Xiaomi15,0,649,2025-01-15,Growth,Smartphones,713.9
2024-01-20,Xiaomi15,0,649,2025-01-15,Growth,Smartphones,713.9
2024-01-21,Xiaomi15,0,649,2025-01-15,Growth,Smartphones,678.2
2024-01-22,Xiaomi15,0,649,2025-01-15,Growth,Smartphones,713.9
2024-01-23,Xiaomi15,0,649,2025-01-15,Growth,Smartphones,713.9
2024-01-24,Xiaomi15,0,649,2025-01-15,Growth,Smartphones,713.9
2024-01-25,Xiaomi15,0,649,2025-01-15,Growth,Smartphones,713.9
2024-01-26,Xiaomi15,0,649,2025-01-15,Growth,Smartphones,678.2
2024-01-27,Xiaomi15,0,649,2025-01-15,Growth,Smartphones,713.9
2024-01-28,Xiaomi15,0,649,2025-01-15,Growth,Smartphones,678.2
2024-01-29,Xiaomi15,0,649,2025-01-15,Growth,Smartphones,713.9
2024-01-30,Xiaomi15,0,649,2025-01-15,Growth,Smartphones,713.9
2024-01-31,Xiaomi15,0,649,2025-01-15,Growth,Smartphones,713.9
2024-02-01,Xiaomi15,0,649,2025-01-15,Growth,Smartphones,713.9
2024-02-02,Xiaomi15,0,649,2025-01-15,Growth,Smartphones,678.2
2024-02-03,Xiaomi15,0,649,2025-01-15,Growth,Smartphones,713.9
2024-02-04,Xiaomi15,0,649,2025-01-15,Growth,Smartphones,713.9
2024-02-05,Xiaomi15,0,649,2025-01-15,Growth,Smartphones,713.9
2024-02-06,Xiaomi15,0,649,2025-01-15,Growth,Smartphones,713.9
2024-02-07,Xiaomi15,0,649,2025-01-15,Growth,Smartphones,678.2
2024-02-08,Xiaomi15,0,649,2025-01-15,Growth,Smartphones,713.9
2024-02-09,Xiaomi15,0,649,2025-01-15,Growth,Smartphones,713.9
2024-02-10,Xiaomi15,0,649,2025-01-15,Growth,Smartphones,713.9
2024-02-11,Xiaomi15,0,649,2025-01-15,Growth,Smartphones,713.9
2024-02-12,Xiaomi15,0,649,2025-01-15,Growth,Smartphones,713.9
2024-02-13,Xiaomi15,0,649,2025-01-15,Growth,Smartphones,678.2
2024-02-14,Xiaomi15,0,649,2025-01-15,Growth,Smartphones,713.9
2024-02-15,Xiaomi15,0,649,2025-01-15,Growth,Smartphones,713.9
2024-02-16,Xiaomi15,0,649,2025-01-15,Growth,Smartphones,713.9
2024-02-17,Xiaomi15,0,649,2025-01-15,Growth,Smartphones,713.9
2024-02-18,Xiaomi15,0,649,2025-01-15,Growth,Smartphones,678.2
2024-02-19,Xiaomi15,0,649,2025-01-15,Growth,Smartphones,678.2
2024-02-20,Xiaomi15,0,649,2025-01-15,Growth,Smartphones,713.9
2024-02-21,Xiaomi15,0,649,2025-01-15,Growth,Smartphones,713.9
2024-02-22,Xiaomi15,0,649,2025-01-15,Growth,Smartphones,713.9
2024-02-23,Xiaomi15,0,649,2025-01-15,Growth,Smartphones,678.2
2024-02-24,Xiaomi15,0,649,2025-01-15,Growth,Smartphones,713.9
2024-02-25,Xiaomi15,0,649,2025-01-15,Growth,Smartphones,713.9
2024-02-26,Xiaomi15,0,649,2025-01-15,Growth,Smartphones,713.9
2024-02-27,Xiaomi15,0,649,2025-01-15,Growth,Smartphones,713.9
2024-02-28,Xiaomi15,0,649,2025-01-15,Growth,Smartphones,713.9
2024-02-29,Xiaomi15,0,649,2025-01-15,Growth,Smartphones,713.9
2024-03-01,Xiaomi15,0,649,2025-01-15,Growth,Smartphones,678.2
2024-03-02,Xiaomi15,0,649,2025-01-15,Growth,Smartphones,678.2
2024-03-03,Xiaomi15,0,649,2025-01-15,Growth,Smartphones,713.9
2024-03-04,Xiaomi15,0,649,2025-01-15,Growth,Smartphones,713.9
2024-03-05,Xiaomi15,0,649,2025-01-15,Growth,Smartphones,713.9
2024-03-06,Xiaomi15,0,649,2025-01-15,Growth,Smartphones,713.9
2024-03-07,Xiaomi15,0,649,2025-01-15,Growth,Smartphones,713.9
2024-03-08,Xiaomi15,0,649,2025-01-15,Growth,Smartphones,713.9
2024-03-09,Xiaomi15,0,649,2025-01-15,Growth,Smartphones,713.9
2024-03-10,Xiaomi15,0,649,2025-01-15,Growth,Smartphones,678.2
2024-03-11,Xiaomi15,0,649,2025-01-15,Growth,Smartphones,713.9
2024-03-12,Xiaomi15,0,649,2025-01-15,Growth,Smartphones,713.9
2024-03-13,Xiaomi15,0,649,2025-01-15,Growth,Smartphones,713.9
2024-03-14,Xiaomi15,0,649,2025-01-15,Growth,Smartphones,713.9
2024-03-15,Xiaomi15,0,649,2025-01-15,Growth,Smartphones,713.9
2024-03-16,Xiaomi15,0,649,2025-01-15,Growth,Smartphones,678.2
2024-03-17,Xiaomi15,0,649,2025-01-15,Growth,Smartphones,678.2
2024-03-18,Xiaomi15,0,649,2025-01-15,Growth,Smartphones,713.9
2024-03-19,Xiaomi15,0,649,2025-01-15,Growth,Smartphones,713.9
2024-03-20,Xiaomi15,0,649,2025-01-15,Growth,Smartphones,678.2
2024-03-21,Xiaomi15,0,649,2025-01-15,Growth,Smartphones,713.9
2024-03-22,Xiaomi15,0,649,2025-01-15,Growth,Smartphones,678.2
2024-03-23,Xiaomi15,0,649,2025-01-15,Growth,Smartphones,713.9
2024-03-24,Xiaomi15,0,649,2025-01-15,Growth,Smartphones,713.9
2024-03-25,Xiaomi15,0,649,2025-01-15,Growth,Smartphones,713.9
2024-03-26,Xiaomi15,0,649,2025-01-15,Growth,Smartphones,713.9
2024-03-27,Xiaomi15,0,649,2025-01-15,Growth,Smartphones,713.9
2024-03-28,Xiaomi15,0,649,2025-01-15,Growth,Smartphones,713.9
2024-03-29,Xiaomi15,0,649,2025-01-15,Growth,Smartphones,678.2
2024-03-30,Xiaomi15,0,649,2025-01-15,Growth,Smartphones,713.9
2024-03-31,Xiaomi15,0,649,2025-01-15,Growth,Smartphones,678.2
2024-04-01,Xiaomi15,0,649,2025-01-15,Growth,Smartphones,678.2
2024-04-02,Xiaomi15,0,649,2025-01-15,Growth,Smartphones,713.9
2024-04-03,Xiaomi15,0,649,2025-01-15,Growth,Smartphones,713.9
2024-04-04,Xiaomi15,0,649,2025-01-15,Growth,Smartphones,678.2
2024-04-05,Xiaomi15,0,649,2025-01-15,Growth,Smartphones,713.9
2024-04-06,Xiaomi15,0,649,2025-01-15,Growth,Smartphones,713.9
2024-04-07,Xiaomi15,0,649,2025-01-15,Growth,Smartphones,713.9
2024-04-08,Xiaomi15,0,649,2025-01-15,Growth,Smartphones,713.9
2024-04-09,Xiaomi15,0,649,2025-01-15,Growth,Smartphones,713.9
2024-04-10,Xiaomi15,0,649,2025-01-15,Growth,Smartphones,678.2
2024-04-11,Xiaomi15,0,649,2025-01-15,Growth,Smartphones,713.9
2024-04-12,Xiaomi15,0,649,2025-01-15,Growth,Smartphones,713.9
2024-04-13,Xiaomi15,0,649,2025-01-15,Growth,Smartphones,678.2
2024-04-14,Xiaomi15,0,649,2025-01-15,Growth,Smartphones,713.9
2024-04-15,Xiaomi15,0,649,2025-01-15,Growth,Smartphones,678.2
2024-04-16,Xiaomi15,0,649,2025-01-15,Growth,Smartphones,713.9
2024-04-17,Xiaomi15,0,649,2025-01-15,Growth,Smartphones,678.2
2024-04-18,Xiaomi15,0,649,2025-01-15,Growth,Smartphones,713.9
2024-04-19,Xiaomi15,0,649,2025-01-15,Growth,Smartphones,713.9
