data/sales_with_pricing_new(1).csv
date,product_id,units_sold,base_price,release_date,lifecycle,category,current_price
2024-04-20,Xiaomi15,0,649,2025-01-15,Growth,Smartphones,713.9
2024-04-21,Xiaomi15,0,649,2025-01-15,Growth,Smartphones,713.9
2024-04-22,Xiaomi15,0,649,2025-01-15,Growth,Smartphones,678.2
2024-04-23,Xiaomi15,0,649,2025-01-15,Growth,Smartphones,713.9
2024-04-24,Xiaomi15,0,649,2025-01-15,Growth,Smartphones,713.9
2024-04-25,Xiaomi15,0,649,2025-01-15,Growth,Smartphones,713.9
2024-04-26,Xiaomi15,0,649,2025-01-15,Growth,Smartphones,713.9
2024-04-27,Xiaomi15,0,649,2025-01-15,Growth,Smartphones,713.9
2024-04-28,Xiaomi15,0,649,2025-01-15,Growth,Smartphones,713.9
2024-04-29,Xiaomi15,0,649,2025-01-15,Growth,Smartphones,713.9
2024-04-30,Xiaomi15,0,649,2025-01-15,Growth,Smartphones,713.9
2024-05-01,Xiaomi15,0,649,2025-01-15,Growth,Smartphones,713.9
2024-05-02,Xiaomi15,0,649,2025-01-15,Growth,Smartphones,713.9
2024-05-03,Xiaomi15,0,649,2025-01-15,Growth,Smartphones,713.9
2024-05-04,Xiaomi15,0,649,2025-01-15,Growth,Smartphones,713.9
2024-05-05,Xiaomi15,0,649,2025-01-15,Growth,Smartphones,713.9
2024-05-06,Xiaomi15,0,649,2025-01-15,Growth,Smartphones,713.9
2024-05-07,Xiaomi15,0,649,2025-01-15,Growth,Smartphones,678.2
2024-05-08,Xiaomi15,0,649,2025-01-15,Growth,Smartphones,713.9
2024-05-09,Xiaomi15,0,649,2025-01-15,Growth,Smartphones,713.9
2024-05-10,Xiaomi15,0,649,2025-01-15,Growth,Smartphones,713.9
2024-05-11,Xiaomi15,0,649,2025-01-15,Growth,Smartphones,713.9
2024-05-12,Xiaomi15,0,649,2025-01-15,Growth,Smartphones,713.9
2024-05-13,Xiaomi15,0,649,2025-01-15,Growth,Smartphones,713.9
2024-05-14,Xiaomi15,0,649,2025-01-15,Growth,Smartphones,678.2
2024-05-15,Xiaomi15,0,649,2025-01-15,Growth,Smartphones,713.9
2024-05-16,Xiaomi15,0,649,2025-01-15,Growth,Smartphones,713.9
2024-05-17,Xiaomi15,0,649,2025-01-15,Growth,Smartphones,713.9
2024-05-18,Xiaomi15,0,649,2025-01-15,Growth,Smartphones,713.9
2024-05-19,Xiaomi15,0,649,2025-01-15,Growth,Smartphones,678.2
2024-05-20,Xiaomi15,0,649,2025-01-15,Growth,Smartphones,713.9
2024-05-21,Xiaomi15,0,649,2025-01-15,Growth,Smartphones,713.9
2024-05-22,Xiaomi15,0,649,2025-01-15,Growth,Smartphones,678.2
2024-05-23,Xiaomi15,0,649,2025-01-15,Growth,Smartphones,713.9
2024-05-24,Xiaomi15,0,649,2025-01-15,Growth,Smartphones,713.9
2024-05-25,Xiaomi15,0,649,2025-01-15,Growth,Smartphones,713.9
2024-05-26,Xiaomi15,0,649,2025-01-15,Growth,Smartphones,713.9
2024-05-27,Xiaomi15,0,649,2025-01-15,Growth,Smartphones,713.9
2024-05-28,Xiaomi15,0,649,2025-01-15,Growth,Smartphones,713.9
2024-05-29,Xiaomi15,0,649,2025-01-15,Growth,Smartphones,713.9
2024-05-30,Xiaomi15,0,649,2025-01-15,Growth,Smartphones,713.9
2024-05-31,Xiaomi15,0,649,2025-01-15,Growth,Smartphones,713.9
2024-06-01,Xiaomi15,0,649,2025-01-15,Growth,Smartphones,713.9
2024-06-02,Xiaomi15,0,649,2025-01-15,Growth,Smartphones,713.9
2024-06-03,Xiaomi15,0,649,2025-01-15,Growth,Smartphones,713.9
2024-06-04,Xiaomi15,0,649,2025-01-15,Growth,Smartphones,713.9
2024-06-05,Xiaomi15,0,649,2025-01-15,Growth,Smartphones,713.9
2024-06-06,Xiaomi15,0,649,2025-01-15,Growth,Smartphones,678.2
2024-06-07,Xiaomi15,0,649,2025-01-15,Growth,Smartphones,713.9
2024-06-08,Xiaomi15,0,649,2025-01-15,Growth,Smartphones,713.9
2024-06-09,Xiaomi15,0,649,2025-01-15,Growth,Smartphones,713.9
2024-06-10,Xiaomi15,0,649,2025-01-15,Growth,Smartphones,713.9
2024-06-11,Xiaomi15,0,649,2025-01-15,Growth,Smartphones,713.9
2024-06-12,Xiaomi15,0,649,2025-01-15,Growth,Smartphones,713.9
2024-06-13,Xiaomi15,0,649,2025-01-15,Growth,Smartphones,713.9
2024-06-14,Xiaomi15,0,649,2025-01-15,Growth,Smartphones,678.2
2024-06-15,Xiaomi15,0,649,2025-01-15,Growth,Smartphones,678.2
2024-06-16,Xiaomi15,0,649,2025-01-15,Growth,Smartphones,678.2
2024-06-17,Xiaomi15,0,649,2025-01-15,Growth,Smartphones,713.9
2024-06-18,Xiaomi15,0,649,2025-01-15,Growth,Smartphones,713.9
2024-06-19,Xiaomi15,0,649,2025-01-15,Growth,Smartphones,713.9
2024-06-20,Xiaomi15,0,649,2025-01-15,Growth,Smartphones,713.9
2024-06-21,Xiaomi15,0,649,2025-01-15,Growth,Smartphones,713.9
2024-06-22,Xiaomi15,0,649,2025-01-15,Growth,Smartphones,713.9
2024-06-23,Xiaomi15,0,649,2025-01-15,Growth,Smartphones,713.9
2024-06-24,Xiaomi15,0,649,2025-01-15,Growth,Smartphones,713.9
2024-06-25,Xiaomi15,0,649,2025-01-15,Growth,Smartphones,713.9
2024-06-26,Xiaomi15,0,649,2025-01-15,Growth,Smartphones,713.9
2024-06-27,Xiaomi15,0,649,2025-01-15,Growth,Smartphones,678.2
2024-06-28,Xiaomi15,0,649,2025-01-15,Growth,Smartphones,678.2
2024-06-29,Xiaomi15,0,649,2025-01-15,Growth,Smartphones,713.9
2024-06-30,Xiaomi15,0,649,2025-01-15,Growth,Smartphones,713.9
2024-07-01,Xiaomi15,0,649,2025-01-15,Growth,Smartphones,713.9
2024-07-02,Xiaomi15,0,649,2025-01-15,Growth,Smartphones,678.2
2024-07-03,Xiaomi15,0,649,2025-01-15,Growth,Smartphones,678.2
2024-07-04,Xiaomi15,0,649,2025-01-15,Growth,Smartphones,713.9
2024-07-05,Xiaomi15,0,649,2025-01-15,Growth,Smartphones,713.9
2024-07-06,Xiaomi15,0,649,2025-01-15,Growth,Smartphones,713.9
2024-07-07,Xiaomi15,0,649,2025-01-15,Growth,Smartphones,713.9
2024-07-08,Xiaomi15,0,649,2025-01-15,Growth,Smartphones,713.9
2024-07-09,Xiaomi15,0,649,2025-01-15,Growth,Smartphones,678.2
2024-07-10,Xiaomi15,0,649,2025-01-15,Growth,Smartphones,678.2
2024-07-11,Xiaomi15,0,649,2025-01-15,Growth,Smartphones,713.9
2024-07-12,Xiaomi15,0,649,2025-01-15,Growth,Smartphones,713.9
2024-07-13,Xiaomi15,0,649,2025-01-15,Growth,Smartphones,713.9
2024-07-14,Xiaomi15,0,649,2025-01-15,Growth,Smartphones,713.9
2024-07-15,Xiaomi15,0,649,2025-01-15,Growth,Smartphones,713.9
2024-07-16,Xiaomi15,0,649,2025-01-15,Growth,Smartphones,713.9
2024-07-17,Xiaomi15,0,649,2025-01-15,Growth,Smartphones,678.2
2024-07-18,Xiaomi15,0,649,2025-01-15,Growth,Smartphones,713.9
2024-07-19,Xiaomi15,0,649,2025-01-15,Growth,Smartphones,678.2
2024-07-20,Xiaomi15,0,649,2025-01-15,Growth,Smartphones,678.2
2024-07-21,Xiaomi15,0,649,2025-01-15,Growth,Smartphones,713.9
2024-07-22,Xiaomi15,0,649,2025-01-15,Growth,Smartphones,713.9
2024-07-23,Xiaomi15,0,649,2025-01-15,Growth,Smartphones,678.2
2024-07-24,Xiaomi15,0,649,2025-01-15,Growth,Smartphones,713.9
2024-07-25,Xiaomi15,0,649,2025-01-15,Growth,Smartphones,713.9
2024-07-26,Xiaomi15,0,649,2025-01-15,Growth,Smartphones,713.9
2024-07-27,Xiaomi15,0,649,2025-01-15,Growth,Smartphones,713.9
2024-07-28,Xiaomi15,0,649,2025-01-15,Growth,Smartphones,713.9
2024-07-29,Xiaomi15,0,649,2025-01-15,Growth,Smartphones,713.9
2024-07-30,Xiaomi15,0,649,2025-01-15,Growth,Smartphones,713.9
2024-07-31,Xiaomi15,0,649,2025-01-15,Growth,Smartphones,713.9
2024-08-01,Xiaomi15,0,649,2025-01-15,Growth,Smartphones,678.2
2024-08-02,Xiaomi15,0,649,2025-01-15,Growth,Smartphones,713.9
2024-08-03,Xiaomi15,0,649,2025-01-15,Growth,Smartphones,713.9
2024-08-04,Xiaomi15,0,649,2025-01-15,Growth,Smartphones,713.9
2024-08-05,Xiaomi15,0,649,2025-01-15,Growth,Smartphones,713.9
2024-08-06,Xiaomi15,0,649,2025-01-15,Growth,Smartphones,713.9
2024-08-07,Xiaomi15,0,649,2025-01-15,Growth,Smartphones,713.9
2024-08-08,Xiaomi15,0,649,2025-01-15,Growth,Smartphones,713.9
2024-08-09,Xiaomi15,0,649,2025-01-15,Growth,Smartphones,713.9
2024-08-10,Xiaomi15,0,649,2025-01-15,Growth,Smartphones,678.2
2024-08-11,Xiaomi15,0,649,2025-01-15,Growth,Smartphones,713.9
2024-08-12,Xiaomi15,0,649,2025-01-15,Growth,Smartphones,678.2
2024-08-13,Xiaomi15,0,649,2025-01-15,Growth,Smartphones,713.9
2024-08-14,Xiaomi15,0,649,2025-01-15,Growth,Smartphones,713.9
2024-08-15,Xiaomi15,0,649,2025-01-15,Growth,Smartphones,713.9
2024-08-16,Xiaomi15,0,649,2025-01-15,Growth,Smartphones,713.9
2024-08-17,Xiaomi15,0,649,2025-01-15,Growth,Smartphones,713.9
2024-08-18,Xiaomi15,0,649,2025-01-15,Growth,Smartphones,713.9
2024-08-19,Xiaomi15,0,649,2025-01-15,Growth,Smartphones,713.9
2024-08-20,Xiaomi15,0,649,2025-01-15,Growth,Smartphones,713.9
2024-08-21,Xiaomi15,0,649,2025-01-15,Growth,Smartphones,678.2
2024-08-22,Xiaomi15,0,649,2025-01-15,Growth,Smartphones,678.2
2024-08-23,Xiaomi15,0,649,2025-01-15,Growth,Smartphones,713.9
2024-08-24,Xiaomi15,0,649,2025-01-15,Growth,Smartphones,713.9
2024-08-25,Xiaomi15,0,649,2025-01-15,Growth,Smartphones,713.9
2024-08-26,Xiaomi15,0,649,2025-01-15,Growth,Smartphones,713.9
2024-08-27,Xiaomi15,0,649,2025-01-15,Growth,Smartphones,713.9
2024-08-28,Xiaomi15,0,649,2025-01-15,Growth,Smartphones,678.2
2024-08-29,Xiaomi15,0,649,2025-01-15,Growth,Smartphones,713.9
2024-08-30,Xiaomi15,0,649,2025-01-15,Growth,Smartphones,713.9
2024-08-31,Xiaomi15,0,649,2025-01-15,Growth,Smartphones,713.9
2024-09-01,Xiaomi15,0,649,2025-01-15,Growth,Smartphones,713.9
2024-09-02,Xiaomi15,0,649,2025-01-15,Growth,Smartphones,713.9
2024-09-03,Xiaomi15,0,649,2025-01-15,Growth,Smartphones,713.9
2024-09-04,Xiaomi15,0,649,2025-01-15,Growth,Smartphones,713.9
2024-09-05,Xiaomi15,0,649,2025-01-15,Growth,Smartphones,678.2
2024-09-06,Xiaomi15,0,649,2025-01-15,Growth,Smartphones,678.2
2024-09-07,Xiaomi15,0,649,2025-01-15,Growth,Smartphones,713.9
2024-09-08,Xiaomi15,0,649,2025-01-15,Growth,Smartphones,713.9
2024-09-09,Xiaomi15,0,649,2025-01-15,Growth,Smartphones,713.9
2024-09-10,Xiaomi15,0,649,2025-01-15,Growth,Smartphones,713.9
2024-09-11,Xiaomi15,0,649,2025-01-15,Growth,Smartphones,713.9
2024-09-12,Xiaomi15,0,649,2025-01-15,Growth,Smartphones,713.9
2024-09-13,Xiaomi15,0,649,2025-01-15,Growth,Smartphones,713.9
2024-09-14,Xiaomi15,0,649,2025-01-15,Growth,Smartphones,713.9
2024-09-15,Xiaomi15,0,649,2025-01-15,Growth,Smartphones,678.2
2024-09-16,Xiaomi15,0,649,2025-01-15,Growth,Smartphones,678.2
2024-09-17,Xiaomi15,0,649,2025-01-15,Growth,Smartphones,713.9
2024-09-18,Xiaomi15,0,649,2025-01-15,Growth,Smartphones,713.9
2024-09-19,Xiaomi15,0,649,2025-01-15,Growth,Smartphones,713.9
2024-09-20,Xiaomi15,0,649,2025-01-15,Growth,Smartphones,713.9
2024-09-21,Xiaomi15,0,649,2025-01-15,Growth,Smartphones,713.9
2024-09-22,Xiaomi15,0,649,2025-01-15,Growth,Smartphones,713.9
2024-09-23,Xiaomi15,0,649,2025-01-15,Growth,Smartphones,713.9
2024-09-24,Xiaomi15,0,649,2025-01-15,Growth,Smartphones,678.2
2024-09-25,Xiaomi15,0,649,2025-01-15,Growth,Smartphones,678.2
2024-09-26,Xiaomi15,0,649,2025-01-15,Growth,Smartphones,713.9
2024-09-27,Xiaomi15,0,649,2025-01-15,Growth,Smartphones,713.9
2024-09-28,Xiaomi15,0,649,2025-01-15,Growth,Smartphones,713.9
2024-09-29,Xiaomi15,0,649,2025-01-15,Growth,Smartphones,713.9
2024-09-30,Xiaomi15,0,649,2025-01-15,Growth,Smartphones,713.9
2024-10-01,Xiaomi15,0,649,2025-01-15,Growth,Smartphones,713.9
2024-10-02,Xiaomi15,0,649,2025-01-15,Growth,Smartphones,713.9
2024-10-03,Xiaomi15,0,649,2025-01-15,Growth,Smartphones,713.9
2024-10-04,Xiaomi15,0,649,2025-01-15,Growth,Smartphones,713.9
2024-10-05,Xiaomi15,0,649,2025-01-15,Growth,Smartphones,713.9
2024-10-06,Xiaomi15,0,649,2025-01-15,Growth,Smartphones,713.9
2024-10-07,Xiaomi15,0,649,2025-01-15,Growth,Smartphones,713.9
2024-10-08,Xiaomi15,0,649,2025-01-15,Growth,Smartphones,713.9
2024-10-09,Xiaomi15,0,649,2025-01-15,Growth,Smartphones,713.9
2024-10-10,Xiaomi15,0,649,2025-01-15,Growth,Smartphones,713.9
2024-10-11,Xiaomi15,0,649,2025-01-15,Growth,Smartphones,678.2
2024-10-12,Xiaomi15,0,649,2025-01-15,Growth,Smartphones,713.9
2024-10-13,Xiaomi15,0,649,2025-01-15,Growth,Smartphones,713.9
2024-10-14,Xiaomi15,0,649,2025-01-15,Growth,Smartphones,713.9
2024-10-15,Xiaomi15,0,649,2025-01-15,Growth,Smartphones,713.9
2024-10-16,Xiaomi15,0,649,2025-01-15,Growth,Smartphones,713.9
2024-10-17,Xiaomi15,0,649,2025-01-15,Growth,Smartphones,713.9
2024-10-18,Xiaomi15,0,649,2025-01-15,Growth,Smartphones,678.2
2024-10-19,Xiaomi15,0,649,2025-01-15,Growth,Smartphones,678.2
2024-10-20,Xiaomi15,0,649,2025-01-15,Growth,Smartphones,713.9
2024-10-21,Xiaomi15,0,649,2025-01-15,Growth,Smartphones,678.2
2024-10-22,Xiaomi15,0,649,2025-01-15,Growth,Smartphones,678.2
2024-10-23,Xiaomi15,0,649,2025-01-15,Growth,Smartphones,678.2
2024-10-24,Xiaomi15,0,649,2025-01-15,Growth,Smartphones,713.9
2024-10-25,Xiaomi15,0,649,2025-01-15,Growth,Smartphones,713.9
2024-10-26,Xiaomi15,0,649,2025-01-15,Growth,Smartphones,713.9
2024-10-27,Xiaomi15,0,649,2025-01-15,Growth,Smartphones,713.9
2024-10-28,Xiaomi15,0,649,2025-01-15,Growth,Smartphones,678.2
2024-10-29,Xiaomi15,0,649,2025-01-15,Growth,Smartphones,713.9
2024-10-30,Xiaomi15,0,649,2025-01-15,Growth,Smartphones,713.9
2024-10-31,Xiaomi15,0,649,2025-01-15,Growth,Smartphones,713.9
2024-11-01,Xiaomi15,0,649,2025-01-15,Growth,Smartphones,637.16
2024-11-02,Xiaomi15,0,649,2025-01-15,Growth,Smartphones,606.82
2024-11-03,Xiaomi15,0,649,2025-01-15,Growth,Smartphones,576.47
2024-11-04,Xiaomi15,0,649,2025-01-15,Growth,Smartphones,637.16
2024-11-05,Xiaomi15,0,649,2025-01-15,Growth,Smartphones,606.82
2024-11-06,Xiaomi15,0,649,2025-01-15,Growth,Smartphones,606.82
2024-11-07,Xiaomi15,0,649,2025-01-15,Growth,Smartphones,606.82
2024-11-08,Xiaomi15,0,649,2025-01-15,Growth,Smartphones,637.16
2024-11-09,Xiaomi15,0,649,2025-01-15,Growth,Smartphones,606.82
2024-11-10,Xiaomi15,0,649,2025-01-15,Growth,Smartphones,576.47
2024-11-11,Xiaomi15,0,649,2025-01-15,Growth,Smartphones,606.82
2024-11-12,Xiaomi15,0,649,2025-01-15,Growth,Smartphones,606.82
2024-11-13,Xiaomi15,0,649,2025-01-15,Growth,Smartphones,606.82
2024-11-14,Xiaomi15,0,649,2025-01-15,Growth,Smartphones,576.47
2024-11-15,Xiaomi15,0,649,2025-01-15,Growth,Smartphones,637.16
2024-11-16,Xiaomi15,0,649,2025-01-15,Growth,Smartphones,606.82
2024-11-17,Xiaomi15,0,649,2025-01-15,Growth,Smartphones,637.16
2024-11-18,Xiaomi15,0,649,2025-01-15,Growth,Smartphones,606.82
2024-11-19,Xiaomi15,0,649,2025-01-15,Growth,Smartphones,606.82
2024-11-20,Xiaomi15,0,649,2025-01-15,Growth,Smartphones,606.82
2024-11-21,Xiaomi15,0,649,2025-01-15,Growth,Smartphones,576.47
2024-11-22,Xiaomi15,0,649,2025-01-15,Growth,Smartphones,637.16
2024-11-23,Xiaomi15,0,649,2025-01-15,Growth,Smartphones,606.82
2024-11-24,Xiaomi15,0,649,2025-01-15,Growth,Smartphones,576.47
2024-11-25,Xiaomi15,0,649,2025-01-15,Growth,Smartphones,576.47
2024-11-26,Xiaomi15,0,649,2025-01-15,Growth,Smartphones,606.82
2024-11-27,Xiaomi15,0,649,2025-01-15,Growth,Smartphones,606.82
2024-11-28,Xiaomi15,0,649,2025-01-15,Growth,Smartphones,606.82
2024-11-29,Xiaomi15,0,649,2025-01-15,Growth,Smartphones,606.82
2024-11-30,Xiaomi15,0,649,2025-01-15,Growth,Smartphones,606.82
2024-12-01,Xiaomi15,0,649,2025-01-15,Growth,Smartphones,713.9
2024-12-02,Xiaomi15,0,649,2025-01-15,Growth,Smartphones,713.9
2024-12-03,Xiaomi15,0,649,2025-01-15,Growth,Smartphones,713.9
2024-12-04,Xiaomi15,0,649,2025-01-15,Growth,Smartphones,678.2
2024-12-05,Xiaomi15,0,649,2025-01-15,Growth,Smartphones,713.9
2024-12-06,Xiaomi15,0,649,2025-01-15,Growth,Smartphones,713.9
2024-12-07,Xiaomi15,0,649,2025-01-15,Growth,Smartphones,713.9
2024-12-08,Xiaomi15,0,649,2025-01-15,Growth,Smartphones,713.9
2024-12-09,Xiaomi15,0,649,2025-01-15,Growth,Smartphones,713.9
2024-12-10,Xiaomi15,0,649,2025-01-15,Growth,Smartphones,713.9
2024-12-11,Xiaomi15,0,649,2025-01-15,Growth,Smartphones,713.9
2024-12-12,Xiaomi15,0,649,2025-01-15,Growth,Smartphones,713.9
2024-12-13,Xiaomi15,0,649,2025-01-15,Growth,Smartphones,713.9
2024-12-14,Xiaomi15,0,649,2025-01-15,Growth,Smartphones,713.9
2024-12-15,Xiaomi15,0,649,2025-01-15,Growth,Smartphones,713.9
2024-12-16,Xiaomi15,0,649,2025-01-15,Growth,Smartphones,678.2
2024-12-17,Xiaomi15,0,649,2025-01-15,Growth,Smartphones,678.2
2024-12-18,Xiaomi15,0,649,2025-01-15,Growth,Smartphones,678.2
2024-12-19,Xiaomi15,0,649,2025-01-15,Growth,Smartphones,713.9
2024-12-20,Xiaomi15,0,649,2025-01-15,Growth,Smartphones,713.9
2024-12-21,Xiaomi15,0,649,2025-01-15,Growth,Smartphones,713.9
2024-12-22,Xiaomi15,0,649,2025-01-15,Growth,Smartphones,713.9
2024-12-23,Xiaomi15,0,649,2025-01-15,Growth,Smartphones,713.9
2024-12-24,Xiaomi15,0,649,2025-01-15,Growth,Smartphones,678.2
2024-12-25,Xiaomi15,0,649,2025-01-15,Growth,Smartphones,713.9
2024-12-26,Xiaomi15,0,649,2025-01-15,Growth,Smartphones,713.9
2024-12-27,Xiaomi15,0,649,2025-01-15,Growth,Smartphones,713.9
2024-12-28,Xiaomi15,0,649,2025-01-15,Growth,Smartphones,713.9
2024-12-29,Xiaomi15,0,649,2025-01-15,Growth,Smartphones,713.9
2024-12-30,Xiaomi15,0,649,2025-01-15,Growth,Smartphones,713.9
2024-12-31,Xiaomi15,0,649,2025-01-15,Growth,Smartphones,713.9
2025-01-01,Xiaomi15,0,649,2025-01-15,Growth,Smartphones,713.9
2025-01-02,Xiaomi15,0,649,2025-01-15,Growth,Smartphones,713.9
2025-01-03,Xiaomi15,0,649,2025-01-15,Growth,Smartphones,713.9
2025-01-04,Xiaomi15,0,649,2025-01-15,Growth,Smartphones,713.9
2025-01-05,Xiaomi15,0,649,2025-01-15,Growth,Smartphones,713.9
2025-01-06,Xiaomi15,0,649,2025-01-15,Growth,Smartphones,713.9
2025-01-07,Xiaomi15,0,649,2025-01-15,Growth,Smartphones,713.9
2025-01-08,Xiaomi15,0,649,2025-01-15,Growth,Smartphones,713.9
2025-01-09,Xiaomi15,0,649,2025-01-15,Growth,Smartphones,713.9
2025-01-10,Xiaomi15,0,649,2025-01-15,Growth,Smartphones,713.9
2025-01-11,Xiaomi15,0,649,2025-01-15,Growth,Smartphones,713.9
2025-01-12,Xiaomi15,0,649,2025-01-15,Growth,Smartphones,713.9
2025-01-13,Xiaomi15,0,649,2025-01-15,Growth,Smartphones,713.9
2025-01-14,Xiaomi15,0,649,2025-01-15,Growth,Smartphones,678.2
2025-01-15,Xiaomi15,43,649,2025-01-15,Growth,Smartphones,678.2
2025-01-16,Xiaomi15,46,649,2025-01-15,Growth,Smartphones,678.2
2025-01-17,Xiaomi15,54,649,2025-01-15,Growth,Smartphones,678.2
2025-01-18,Xiaomi15,50,649,2025-01-15,Growth,Smartphones,713.9
2025-01-19,Xiaomi15,51,649,2025-01-15,Growth,Smartphones,713.9
2025-01-20,Xiaomi15,47,649,2025-01-15,Growth,Smartphones,713.9
2025-01-21,Xiaomi15,42,649,2025-01-15,Growth,Smartphones,678.2
2025-01-22,Xiaomi15,44,649,2025-01-15,Growth,Smartphones,713.9
2025-01-23,Xiaomi15,40,649,2025-01-15,Growth,Smartphones,678.2
2025-01-24,Xiaomi15,51,649,2025-01-15,Growth,Smartphones,678.2
2025-01-25,Xiaomi15,55,649,2025-01-15,Growth,Smartphones,713.9
2025-01-26,Xiaomi15,52,649,2025-01-15,Growth,Smartphones,713.9
2025-01-27,Xiaomi15,47,649,2025-01-15,Growth,Smartphones,713.9
2025-01-28,Xiaomi15,46,649,2025-01-15,Growth,Smartphones,678.2
2025-01-29,Xiaomi15,45,649,2025-01-15,Growth,Smartphones,713.9
2025-01-30,Xiaomi15,40,649,2025-01-15,Growth,Smartphones,678.2
2025-01-31,Xiaomi15,46,649,2025-01-15,Growth,Smartphones,713.9
