data/sales_with_pricing_new(1).csv
date,product_id,units_sold,base_price,release_date,lifecycle,category,current_price
2025-02-01,Xiaomi15,49,649,2025-01-15,Growth,Smartphones,713.9
2025-02-02,Xiaomi15,48,649,2025-01-15,Growth,Smartphones,713.9
2025-02-03,Xiaomi15,49,649,2025-01-15,Growth,Smartphones,713.9
2025-02-04,Xiaomi15,47,649,2025-01-15,Growth,Smartphones,713.9
2025-02-05,Xiaomi15,45,649,2025-01-15,Growth,Smartphones,713.9
2025-02-06,Xiaomi15,45,649,2025-01-15,Growth,Smartphones,713.9
2025-02-07,Xiaomi15,51,649,2025-01-15,Growth,Smartphones,713.9
2025-02-08,Xiaomi15,58,649,2025-01-15,Growth,Smartphones,713.9
2025-02-09,Xiaomi15,50,649,2025-01-15,Growth,Smartphones,713.9
2025-02-10,Xiaomi15,41,649,2025-01-15,Growth,Smartphones,713.9
2025-02-11,Xiaomi15,43,649,2025-01-15,Growth,Smartphones,713.9
2025-02-12,Xiaomi15,48,649,2025-01-15,Growth,Smartphones,713.9
2025-02-13,Xiaomi15,42,649,2025-01-15,Growth,Smartphones,713.9
2025-02-14,Xiaomi15,60,649,2025-01-15,Growth,Smartphones,616.55
2025-02-15,Xiaomi15,57,649,2025-01-15,Growth,Smartphones,649
2025-02-16,Xiaomi15,55,649,2025-01-15,Growth,Smartphones,649
2025-02-17,Xiaomi15,48,649,2025-01-15,Growth,Smartphones,681.45
2025-02-18,Xiaomi15,54,649,2025-01-15,Growth,Smartphones,616.55
2025-02-19,Xiaomi15,48,649,2025-01-15,Growth,Smartphones,649
2025-02-20,Xiaomi15,49,649,2025-01-15,Growth,Smartphones,649
2025-02-21,Xiaomi15,61,649,2025-01-15,Growth,Smartphones,649
2025-02-22,Xiaomi15,60,649,2025-01-15,Growth,Smartphones,649
2025-02-23,Xiaomi15,58,649,2025-01-15,Growth,Smartphones,616.55
2025-02-24,Xiaomi15,47,649,2025-01-15,Growth,Smartphones,681.45
2025-02-25,Xiaomi15,47,649,2025-01-15,Growth,Smartphones,616.55
2025-02-26,Xiaomi15,51,649,2025-01-15,Growth,Smartphones,616.55
2025-02-27,Xiaomi15,51,649,2025-01-15,Growth,Smartphones,649
2025-02-28,Xiaomi15,56,649,2025-01-15,Growth,Smartphones,616.55
2025-03-01,Xiaomi15,56,649,2025-01-15,Growth,Smartphones,649
2025-03-02,Xiaomi15,57,649,2025-01-15,Growth,Smartphones,649
2025-03-03,Xiaomi15,50,649,2025-01-15,Growth,Smartphones,649
2025-03-04,Xiaomi15,49,649,2025-01-15,Growth,Smartphones,616.55
2025-03-05,Xiaomi15,47,649,2025-01-15,Growth,Smartphones,616.55
2025-03-06,Xiaomi15,48,649,2025-01-15,Growth,Smartphones,649
2025-03-07,Xiaomi15,61,649,2025-01-15,Growth,Smartphones,649
2025-03-08,Xiaomi15,58,649,2025-01-15,Growth,Smartphones,649
2025-03-09,Xiaomi15,62,649,2025-01-15,Growth,Smartphones,649
2025-03-10,Xiaomi15,56,649,2025-01-15,Growth,Smartphones,681.45
2025-03-11,Xiaomi15,44,649,2025-01-15,Growth,Smartphones,649
2025-03-12,Xiaomi15,50,649,2025-01-15,Growth,Smartphones,616.55
2025-03-13,Xiaomi15,46,649,2025-01-15,Growth,Smartphones,681.45
2025-03-14,Xiaomi15,51,649,2025-01-15,Growth,Smartphones,616.55
2025-03-15,Xiaomi15,57,649,2025-01-15,Growth,Smartphones,649
2025-03-16,Xiaomi15,65,649,2025-01-15,Growth,Smartphones,649
2025-03-17,Xiaomi15,56,649,2025-01-15,Growth,Smartphones,681.45
2025-03-18,Xiaomi15,55,649,2025-01-15,Growth,Smartphones,649
2025-03-19,Xiaomi15,54,649,2025-01-15,Growth,Smartphones,649
2025-03-20,Xiaomi15,54,649,2025-01-15,Growth,Smartphones,649
2025-03-21,Xiaomi15,64,649,2025-01-15,Growth,Smartphones,649
2025-03-22,Xiaomi15,62,649,2025-01-15,Growth,Smartphones,681.45
2025-03-23,Xiaomi15,60,649,2025-01-15,Growth,Smartphones,681.45
2025-03-24,Xiaomi15,54,649,2025-01-15,Growth,Smartphones,649
2025-03-25,Xiaomi15,57,649,2025-01-15,Growth,Smartphones,681.45
2025-03-26,Xiaomi15,59,649,2025-01-15,Growth,Smartphones,649
2025-03-27,Xiaomi15,60,649,2025-01-15,Growth,Smartphones,649
2025-03-28,Xiaomi15,65,649,2025-01-15,Growth,Smartphones,649
2025-03-29,Xiaomi15,66,649,2025-01-15,Growth,Smartphones,649
2025-03-30,Xiaomi15,70,649,2025-01-15,Growth,Smartphones,649
2025-03-31,Xiaomi15,62,649,2025-01-15,Growth,Smartphones,681.45
2024-01-01,MotorolaRazr,0,999,2024-06-01,Maturity,Smartphones,999
2024-01-02,MotorolaRazr,0,999,2024-06-01,Maturity,Smartphones,949.05
2024-01-03,MotorolaRazr,0,999,2024-06-01,Maturity,Smartphones,999
2024-01-04,MotorolaRazr,0,999,2024-06-01,Maturity,Smartphones,1048.95
2024-01-05,MotorolaRazr,0,999,2024-06-01,Maturity,Smartphones,999
2024-01-06,MotorolaRazr,0,999,2024-06-01,Maturity,Smartphones,999
2024-01-07,MotorolaRazr,0,999,2024-06-01,Maturity,Smartphones,999
2024-01-08,MotorolaRazr,0,999,2024-06-01,Maturity,Smartphones,949.05
2024-01-09,MotorolaRazr,0,999,2024-06-01,Maturity,Smartphones,999
2024-01-10,MotorolaRazr,0,999,2024-06-01,Maturity,Smartphones,949.05
2024-01-11,MotorolaRazr,0,999,2024-06-01,Maturity,Smartphones,999
2024-01-12,MotorolaRazr,0,999,2024-06-01,Maturity,Smartphones,999
2024-01-13,MotorolaRazr,0,999,2024-06-01,Maturity,Smartphones,999
2024-01-14,MotorolaRazr,0,999,2024-06-01,Maturity,Smartphones,949.05
2024-01-15,MotorolaRazr,0,999,2024-06-01,Maturity,Smartphones,999
2024-01-16,MotorolaRazr,0,999,2024-06-01,Maturity,Smartphones,1048.95
2024-01-17,MotorolaRazr,0,999,2024-06-01,Maturity,Smartphones,999
2024-01-18,MotorolaRazr,0,999,2024-06-01,Maturity,Smartphones,999
2024-01-19,MotorolaRazr,0,999,2024-06-01,Maturity,Smartphones,999
2024-01-20,MotorolaRazr,0,999,2024-06-01,Maturity,Smartphones,999
2024-01-21,MotorolaRazr,0,999,2024-06-01,Maturity,Smartphones,999
2024-01-22,MotorolaRazr,0,999,2024-06-01,Maturity,Smartphones,1048.95
2024-01-23,MotorolaRazr,0,999,2024-06-01,Maturity,Smartphones,999
2024-01-24,MotorolaRazr,0,999,2024-06-01,Maturity,Smartphones,949.05
2024-01-25,MotorolaRazr,0,999,2024-06-01,Maturity,Smartphones,1048.95
2024-01-26,MotorolaRazr,0,999,2024-06-01,Maturity,Smartphones,999
2024-01-27,MotorolaRazr,0,999,2024-06-01,Maturity,Smartphones,999
2024-01-28,MotorolaRazr,0,999,2024-06-01,Maturity,Smartphones,949.05
2024-01-29,MotorolaRazr,0,999,2024-06-01,Maturity,Smartphones,999
2024-01-30,MotorolaRazr,0,999,2024-06-01,Maturity,Smartphones,949.05
2024-01-31,MotorolaRazr,0,999,2024-06-01,Maturity,Smartphones,999
2024-02-01,MotorolaRazr,0,999,2024-06-01,Maturity,Smartphones,949.05
2024-02-02,MotorolaRazr,0,999,2024-06-01,Maturity,Smartphones,999
2024-02-03,MotorolaRazr,0,999,2024-06-01,Maturity,Smartphones,999
2024-02-04,MotorolaRazr,0,999,2024-06-01,Maturity,Smartphones,999
2024-02-05,MotorolaRazr,0,999,2024-06-01,Maturity,Smartphones,999
2024-02-06,MotorolaRazr,0,999,2024-06-01,Maturity,Smartphones,999
2024-02-07,MotorolaRazr,0,999,2024-06-01,Maturity,Smartphones,999
2024-02-08,MotorolaRazr,0,999,2024-06-01,Maturity,Smartphones,999
2024-02-09,MotorolaRazr,0,999,2024-06-01,Maturity,Smartphones,1048.95
2024-02-10,MotorolaRazr,0,999,2024-06-01,Maturity,Smartphones,999
2024-02-11,MotorolaRazr,0,999,2024-06-01,Maturity,Smartphones,949.05
2024-02-12,MotorolaRazr,0,999,2024-06-01,Maturity,Smartphones,999
2024-02-13,MotorolaRazr,0,999,2024-06-01,Maturity,Smartphones,999
2024-02-14,MotorolaRazr,0,999,2024-06-01,Maturity,Smartphones,999
2024-02-15,MotorolaRazr,0,999,2024-06-01,Maturity,Smartphones,999
2024-02-16,MotorolaRazr,0,999,2024-06-01,Maturity,Smartphones,999
2024-02-17,MotorolaRazr,0,999,2024-06-01,Maturity,Smartphones,999
2024-02-18,MotorolaRazr,0,999,2024-06-01,Maturity,Smartphones,999
2024-02-19,MotorolaRazr,0,999,2024-06-01,Maturity,Smartphones,999
2024-02-20,MotorolaRazr,0,999,2024-06-01,Maturity,Smartphones,999
2024-02-21,MotorolaRazr,0,999,2024-06-01,Maturity,Smartphones,1048.95
2024-02-22,MotorolaRazr,0,999,2024-06-01,Maturity,Smartphones,999
2024-02-23,MotorolaRazr,0,999,2024-06-01,Maturity,Smartphones,999
2024-02-24,MotorolaRazr,0,999,2024-06-01,Maturity,Smartphones,1048.95
2024-02-25,MotorolaRazr,0,999,2024-06-01,Maturity,Smartphones,999
2024-02-26,MotorolaRazr,0,999,2024-06-01,Maturity,Smartphones,999
2024-02-27,MotorolaRazr,0,999,2024-06-01,Maturity,Smartphones,949.05
2024-02-28,MotorolaRazr,0,999,2024-06-01,Maturity,Smartphones,999
2024-02-29,MotorolaRazr,0,999,2024-06-01,Maturity,Smartphones,999
2024-03-01,MotorolaRazr,0,999,2024-06-01,Maturity,Smartphones,1048.95
2024-03-02,MotorolaRazr,0,999,2024-06-01,Maturity,Smartphones,999
2024-03-03,MotorolaRazr,0,999,2024-06-01,Maturity,Smartphones,949.05
2024-03-04,MotorolaRazr,0,999,2024-06-01,Maturity,Smartphones,949.05
2024-03-05,MotorolaRazr,0,999,2024-06-01,Maturity,Smartphones,1048.95
2024-03-06,MotorolaRazr,0,999,2024-06-01,Maturity,Smartphones,999
2024-03-07,MotorolaRazr,0,999,2024-06-01,Maturity,Smartphones,999
2024-03-08,MotorolaRazr,0,999,2024-06-01,Maturity,Smartphones,999
2024-03-09,MotorolaRazr,0,999,2024-06-01,Maturity,Smartphones,1048.95
2024-03-10,MotorolaRazr,0,999,2024-06-01,Maturity,Smartphones,1048.95
2024-03-11,MotorolaRazr,0,999,2024-06-01,Maturity,Smartphones,1048.95
2024-03-12,MotorolaRazr,0,999,2024-06-01,Maturity,Smartphones,949.05
2024-03-13,MotorolaRazr,0,999,2024-06-01,Maturity,Smartphones,999
2024-03-14,MotorolaRazr,0,999,2024-06-01,Maturity,Smartphones,1048.95
2024-03-15,MotorolaRazr,0,999,2024-06-01,Maturity,Smartphones,999
2024-03-16,MotorolaRazr,0,999,2024-06-01,Maturity,Smartphones,1048.95
2024-03-17,MotorolaRazr,0,999,2024-06-01,Maturity,Smartphones,1048.95
2024-03-18,MotorolaRazr,0,999,2024-06-01,Maturity,Smartphones,999
2024-03-19,MotorolaRazr,0,999,2024-06-01,Maturity,Smartphones,999
2024-03-20,MotorolaRazr,0,999,2024-06-01,Maturity,Smartphones,999
2024-03-21,MotorolaRazr,0,999,2024-06-01,Maturity,Smartphones,999
2024-03-22,MotorolaRazr,0,999,2024-06-01,Maturity,Smartphones,999
2024-03-23,MotorolaRazr,0,999,2024-06-01,Maturity,Smartphones,999
2024-03-24,MotorolaRazr,0,999,2024-06-01,Maturity,Smartphones,949.05
2024-03-25,MotorolaRazr,0,999,2024-06-01,Maturity,Smartphones,1048.95
2024-03-26,MotorolaRazr,0,999,2024-06-01,Maturity,Smartphones,999
2024-03-27,MotorolaRazr,0,999,2024-06-01,Maturity,Smartphones,1048.95
2024-03-28,MotorolaRazr,0,999,2024-06-01,Maturity,Smartphones,999
2024-03-29,MotorolaRazr,0,999,2024-06-01,Maturity,Smartphones,999
2024-03-30,MotorolaRazr,0,999,2024-06-01,Maturity,Smartphones,1048.95
2024-03-31,MotorolaRazr,0,999,2024-06-01,Maturity,Smartphones,999
2024-04-01,MotorolaRazr,0,999,2024-06-01,Maturity,Smartphones,999
2024-04-02,MotorolaRazr,0,999,2024-06-01,Maturity,Smartphones,999
2024-04-03,MotorolaRazr,0,999,2024-06-01,Maturity,Smartphones,999
2024-04-04,MotorolaRazr,0,999,2024-06-01,Maturity,Smartphones,999
2024-04-05,MotorolaRazr,0,999,2024-06-01,Maturity,Smartphones,1048.95
2024-04-06,MotorolaRazr,0,999,2024-06-01,Maturity,Smartphones,999
2024-04-07,MotorolaRazr,0,999,2024-06-01,Maturity,Smartphones,999
2024-04-08,MotorolaRazr,0,999,2024-06-01,Maturity,Smartphones,999
2024-04-09,MotorolaRazr,0,999,2024-06-01,Maturity,Smartphones,949.05
2024-04-10,MotorolaRazr,0,999,2024-06-01,Maturity,Smartphones,1048.95
2024-04-11,MotorolaRazr,0,999,2024-06-01,Maturity,Smartphones,999
2024-04-12,MotorolaRazr,0,999,2024-06-01,Maturity,Smartphones,999
2024-04-13,MotorolaRazr,0,999,2024-06-01,Maturity,Smartphones,999
2024-04-14,MotorolaRazr,0,999,2024-06-01,Maturity,Smartphones,949.05
2024-04-15,MotorolaRazr,0,999,2024-06-01,Maturity,Smartphones,949.05
2024-04-16,MotorolaRazr,0,999,2024-06-01,Maturity,Smartphones,999
2024-04-17,MotorolaRazr,0,999,2024-06-01,Maturity,Smartphones,999
2024-04-18,MotorolaRazr,0,999,2024-06-01,Maturity,Smartphones,999
2024-04-19,MotorolaRazr,0,999,2024-06-01,Maturity,Smartphones,999
2024-04-20,MotorolaRazr,0,999,2024-06-01,Maturity,Smartphones,999
2024-04-21,MotorolaRazr,0,999,2024-06-01,Maturity,Smartphones,999
2024-04-22,MotorolaRazr,0,999,2024-06-01,Maturity,Smartphones,999
2024-04-23,MotorolaRazr,0,999,2024-06-01,Maturity,Smartphones,999
2024-04-24,MotorolaRazr,0,999,2024-06-01,Maturity,Smartphones,1048.95
2024-04-25,MotorolaRazr,0,999,2024-06-01,Maturity,Smartphones,949.05
2024-04-26,MotorolaRazr,0,999,2024-06-01,Maturity,Smartphones,949.05
2024-04-27,MotorolaRazr,0,999,2024-06-01,Maturity,Smartphones,1048.95
2024-04-28,MotorolaRazr,0,999,2024-06-01,Maturity,Smartphones,949.05
2024-04-29,MotorolaRazr,0,999,2024-06-01,Maturity,Smartphones,949.05
2024-04-30,MotorolaRazr,0,999,2024-06-01,Maturity,Smartphones,999
2024-05-01,MotorolaRazr,0,999,2024-06-01,Maturity,Smartphones,999
2024-05-02,MotorolaRazr,0,999,2024-06-01,Maturity,Smartphones,999
2024-05-03,MotorolaRazr,0,999,2024-06-01,Maturity,Smartphones,949.05
2024-05-04,MotorolaRazr,0,999,2024-06-01,Maturity,Smartphones,949.05
2024-05-05,MotorolaRazr,0,999,2024-06-01,Maturity,Smartphones,999
2024-05-06,MotorolaRazr,0,999,2024-06-01,Maturity,Smartphones,999
2024-05-07,MotorolaRazr,0,999,2024-06-01,Maturity,Smartphones,999
2024-05-08,MotorolaRazr,0,999,2024-06-01,Maturity,Smartphones,1048.95
2024-05-09,MotorolaRazr,0,999,2024-06-01,Maturity,Smartphones,949.05
2024-05-10,MotorolaRazr,0,999,2024-06-01,Maturity,Smartphones,999
2024-05-11,MotorolaRazr,0,999,2024-06-01,Maturity,Smartphones,999
2024-05-12,MotorolaRazr,0,999,2024-06-01,Maturity,Smartphones,999
2024-05-13,MotorolaRazr,0,999,2024-06-01,Maturity,Smartphones,949.05
2024-05-14,MotorolaRazr,0,999,2024-06-01,Maturity,Smartphones,1048.95
2024-05-15,MotorolaRazr,0,999,2024-06-01,Maturity,Smartphones,999
2024-05-16,MotorolaRazr,0,999,2024-06-01,Maturity,Smartphones,999
2024-05-17,MotorolaRazr,0,999,2024-06-01,Maturity,Smartphones,999
2024-05-18,MotorolaRazr,0,999,2024-06-01,Maturity,Smartphones,999
2024-05-19,MotorolaRazr,0,999,2024-06-01,Maturity,Smartphones,999
2024-05-20,MotorolaRazr,0,999,2024-06-01,Maturity,Smartphones,1048.95
2024-05-21,MotorolaRazr,0,999,2024-06-01,Maturity,Smartphones,999
2024-05-22,MotorolaRazr,0,999,2024-06-01,Maturity,Smartphones,999
2024-05-23,MotorolaRazr,0,999,2024-06-01,Maturity,Smartphones,999
2024-05-24,MotorolaRazr,0,999,2024-06-01,Maturity,Smartphones,999
2024-05-25,MotorolaRazr,0,999,2024-06-01,Maturity,Smartphones,999
2024-05-26,MotorolaRazr,0,999,2024-06-01,Maturity,Smartphones,949.05
2024-05-27,MotorolaRazr,0,999,2024-06-01,Maturity,Smartphones,999
2024-05-28,MotorolaRazr,0,999,2024-06-01,Maturity,Smartphones,999
2024-05-29,MotorolaRazr,0,999,2024-06-01,Maturity,Smartphones,949.05
2024-05-30,MotorolaRazr,0,999,2024-06-01,Maturity,Smartphones,999
2024-05-31,MotorolaRazr,0,999,2024-06-01,Maturity,Smartphones,999
2024-06-01,MotorolaRazr,31,999,2024-06-01,Maturity,Smartphones,949.05
2024-06-02,MotorolaRazr,28,999,2024-06-01,Maturity,Smartphones,949.05
2024-06-03,MotorolaRazr,24,999,2024-06-01,Maturity,Smartphones,999
2024-06-04,MotorolaRazr,26,999,2024-06-01,Maturity,Smartphones,949.05
2024-06-05,MotorolaRazr,24,999,2024-06-01,Maturity,Smartphones,1048.95
2024-06-06,MotorolaRazr,26,999,2024-06-01,Maturity,Smartphones,999
2024-06-07,MotorolaRazr,28,999,2024-06-01,Maturity,Smartphones,999
2024-06-08,MotorolaRazr,27,999,2024-06-01,Maturity,Smartphones,949.05
2024-06-09,MotorolaRazr,30,999,2024-06-01,Maturity,Smartphones,1048.95
2024-06-10,MotorolaRazr,25,999,2024-06-01,Maturity,Smartphones,1048.95
2024-06-11,MotorolaRazr,27,999,2024-06-01,Maturity,Smartphones,999
2024-06-12,MotorolaRazr,25,999,2024-06-01,Maturity,Smartphones,949.05
2024-06-13,MotorolaRazr,26,999,2024-06-01,Maturity,Smartphones,999
2024-06-14,MotorolaRazr,28,999,2024-06-01,Maturity,Smartphones,949.05
2024-06-15,MotorolaRazr,27,999,2024-06-01,Maturity,Smartphones,949.05
2024-06-16,MotorolaRazr,29,999,2024-06-01,Maturity,Smartphones,999
2024-06-17,MotorolaRazr,23,999,2024-06-01,Maturity,Smartphones,949.05
2024-06-18,MotorolaRazr,25,999,2024-06-01,Maturity,Smartphones,999
2024-06-19,MotorolaRazr,23,999,2024-06-01,Maturity,Smartphones,999
2024-06-20,MotorolaRazr,25,999,2024-06-01,Maturity,Smartphones,999
2024-06-21,MotorolaRazr,29,999,2024-06-01,Maturity,Smartphones,999
2024-06-22,MotorolaRazr,29,999,2024-06-01,Maturity,Smartphones,1048.95
2024-06-23,MotorolaRazr,26,999,2024-06-01,Maturity,Smartphones,999
2024-06-24,MotorolaRazr,24,999,2024-06-01,Maturity,Smartphones,999
2024-06-25,MotorolaRazr,27,999,2024-06-01,Maturity,Smartphones,949.05
2024-06-26,MotorolaRazr,29,999,2024-06-01,Maturity,Smartphones,999
2024-06-27,MotorolaRazr,27,999,2024-06-01,Maturity,Smartphones,999
2024-06-28,MotorolaRazr,31,999,2024-06-01,Maturity,Smartphones,1048.95
2024-06-29,MotorolaRazr,30,999,2024-06-01,Maturity,Smartphones,1048.95
2024-06-30,MotorolaRazr,29,999,2024-06-01,Maturity,Smartphones,999
2024-07-01,MotorolaRazr,24,999,2024-06-01,Maturity,Smartphones,999
2024-07-02,MotorolaRazr,23,999,2024-06-01,Maturity,Smartphones,949.05
2024-07-03,MotorolaRazr,26,999,2024-06-01,Maturity,Smartphones,1048.95
2024-07-04,MotorolaRazr,24,999,2024-06-01,Maturity,Smartphones,999
2024-07-05,MotorolaRazr,27,999,2024-06-01,Maturity,Smartphones,949.05
2024-07-06,MotorolaRazr,29,999,2024-06-01,Maturity,Smartphones,999
2024-07-07,MotorolaRazr,28,999,2024-06-01,Maturity,Smartphones,999
2024-07-08,MotorolaRazr,22,999,2024-06-01,Maturity,Smartphones,1048.95
2024-07-09,MotorolaRazr,24,999,2024-06-01,Maturity,Smartphones,999
2024-07-10,MotorolaRazr,26,999,2024-06-01,Maturity,Smartphones,999
2024-07-11,MotorolaRazr,24,999,2024-06-01,Maturity,Smartphones,949.05
2024-07-12,MotorolaRazr,31,999,2024-06-01,Maturity,Smartphones,999
2024-07-13,MotorolaRazr,29,999,2024-06-01,Maturity,Smartphones,1048.95
2024-07-14,MotorolaRazr,27,999,2024-06-01,Maturity,Smartphones,949.05
2024-07-15,MotorolaRazr,25,999,2024-06-01,Maturity,Smartphones,999
2024-07-16,MotorolaRazr,22,999,2024-06-01,Maturity,Smartphones,949.05
2024-07-17,MotorolaRazr,25,999,2024-06-01,Maturity,Smartphones,1048.95
2024-07-18,MotorolaRazr,25,999,2024-06-01,Maturity,Smartphones,999
2024-07-19,MotorolaRazr,28,999,2024-06-01,Maturity,Smartphones,999
2024-07-20,MotorolaRazr,28,999,2024-06-01,Maturity,Smartphones,999
2024-07-21,MotorolaRazr,28,999,2024-06-01,Maturity,Smartphones,999
2024-07-22,MotorolaRazr,26,999,2024-06-01,Maturity,Smartphones,1048.95
2024-07-23,MotorolaRazr,26,999,2024-06-01,Maturity,Smartphones,949.05
2024-07-24,MotorolaRazr,24,999,2024-06-01,Maturity,Smartphones,999
2024-07-25,MotorolaRazr,26,999,2024-06-01,Maturity,Smartphones,999
2024-07-26,MotorolaRazr,27,999,2024-06-01,Maturity,Smartphones,999
2024-07-27,MotorolaRazr,29,999,2024-06-01,Maturity,Smartphones,949.05
2024-07-28,MotorolaRazr,26,999,2024-06-01,Maturity,Smartphones,999
