data/sales_with_pricing_new(1).csv
date,product_id,units_sold,base_price,release_date,lifecycle,category,current_price
2024-07-29,MotorolaRazr,25,999,2024-06-01,Maturity,Smartphones,999
2024-07-30,MotorolaRazr,23,999,2024-06-01,Maturity,Smartphones,1048.95
2024-07-31,MotorolaRazr,25,999,2024-06-01,Maturity,Smartphones,999
2024-08-01,MotorolaRazr,22,999,2024-06-01,Maturity,Smartphones,1048.95
2024-08-02,MotorolaRazr,29,999,2024-06-01,Maturity,Smartphones,999
2024-08-03,MotorolaRazr,28,999,2024-06-01,Maturity,Smartphones,1048.95
2024-08-04,MotorolaRazr,30,999,2024-06-01,Maturity,Smartphones,999
2024-08-05,MotorolaRazr,24,999,2024-06-01,Maturity,Smartphones,1048.95
2024-08-06,MotorolaRazr,25,999,2024-06-01,Maturity,Smartphones,1048.95
2024-08-07,MotorolaRazr,26,999,2024-06-01,Maturity,Smartphones,999
2024-08-08,MotorolaRazr,24,999,2024-06-01,Maturity,Smartphones,949.05
2024-08-09,MotorolaRazr,28,999,2024-06-01,Maturity,Smartphones,949.05
2024-08-10,MotorolaRazr,28,999,2024-06-01,Maturity,Smartphones,949.05
2024-08-11,MotorolaRazr,26,999,2024-06-01,Maturity,Smartphones,949.05
2024-08-12,MotorolaRazr,23,999,2024-06-01,Maturity,Smartphones,949.05
2024-08-13,MotorolaRazr,23,999,2024-06-01,Maturity,Smartphones,949.05
2024-08-14,MotorolaRazr,24,999,2024-06-01,Maturity,Smartphones,949.05
2024-08-15,MotorolaRazr,22,999,2024-06-01,Maturity,Smartphones,949.05
2024-08-16,MotorolaRazr,28,999,2024-06-01,Maturity,Smartphones,999
2024-08-17,MotorolaRazr,28,999,2024-06-01,Maturity,Smartphones,999
2024-08-18,MotorolaRazr,24,999,2024-06-01,Maturity,Smartphones,999
2024-08-19,MotorolaRazr,22,999,2024-06-01,Maturity,Smartphones,999
2024-08-20,MotorolaRazr,23,999,2024-06-01,Maturity,Smartphones,999
2024-08-21,MotorolaRazr,25,999,2024-06-01,Maturity,Smartphones,949.05
2024-08-22,MotorolaRazr,24,999,2024-06-01,Maturity,Smartphones,999
2024-08-23,MotorolaRazr,27,999,2024-06-01,Maturity,Smartphones,949.05
2024-08-24,MotorolaRazr,27,999,2024-06-01,Maturity,Smartphones,1048.95
2024-08-25,MotorolaRazr,27,999,2024-06-01,Maturity,Smartphones,999
2024-08-26,MotorolaRazr,25,999,2024-06-01,Maturity,Smartphones,999
2024-08-27,MotorolaRazr,23,999,2024-06-01,Maturity,Smartphones,1048.95
2024-08-28,MotorolaRazr,22,999,2024-06-01,Maturity,Smartphones,1048.95
2024-08-29,MotorolaRazr,23,999,2024-06-01,Maturity,Smartphones,949.05
2024-08-30,MotorolaRazr,27,999,2024-06-01,Maturity,Smartphones,1048.95
2024-08-31,MotorolaRazr,24,999,2024-06-01,Maturity,Smartphones,1048.95
2024-09-01,MotorolaRazr,26,999,2024-06-01,Maturity,Smartphones,1048.95
2024-09-02,MotorolaRazr,24,999,2024-06-01,Maturity,Smartphones,999
2024-09-03,MotorolaRazr,24,999,2024-06-01,Maturity,Smartphones,949.05
2024-09-04,MotorolaRazr,25,999,2024-06-01,Maturity,Smartphones,949.05
2024-09-05,MotorolaRazr,24,999,2024-06-01,Maturity,Smartphones,999
2024-09-06,MotorolaRazr,25,999,2024-06-01,Maturity,Smartphones,1048.95
2024-09-07,MotorolaRazr,27,999,2024-06-01,Maturity,Smartphones,999
2024-09-08,MotorolaRazr,28,999,2024-06-01,Maturity,Smartphones,999
2024-09-09,MotorolaRazr,23,999,2024-06-01,Maturity,Smartphones,999
2024-09-10,MotorolaRazr,24,999,2024-06-01,Maturity,Smartphones,949.05
2024-09-11,MotorolaRazr,22,999,2024-06-01,Maturity,Smartphones,999
2024-09-12,MotorolaRazr,22,999,2024-06-01,Maturity,Smartphones,1048.95
2024-09-13,MotorolaRazr,28,999,2024-06-01,Maturity,Smartphones,999
2024-09-14,MotorolaRazr,28,999,2024-06-01,Maturity,Smartphones,999
2024-09-15,MotorolaRazr,28,999,2024-06-01,Maturity,Smartphones,999
2024-09-16,MotorolaRazr,24,999,2024-06-01,Maturity,Smartphones,999
2024-09-17,MotorolaRazr,24,999,2024-06-01,Maturity,Smartphones,999
2024-09-18,MotorolaRazr,24,999,2024-06-01,Maturity,Smartphones,949.05
2024-09-19,MotorolaRazr,22,999,2024-06-01,Maturity,Smartphones,999
2024-09-20,MotorolaRazr,28,999,2024-06-01,Maturity,Smartphones,999
2024-09-21,MotorolaRazr,26,999,2024-06-01,Maturity,Smartphones,999
2024-09-22,MotorolaRazr,27,999,2024-06-01,Maturity,Smartphones,1048.95
2024-09-23,MotorolaRazr,24,999,2024-06-01,Maturity,Smartphones,999
2024-09-24,MotorolaRazr,23,999,2024-06-01,Maturity,Smartphones,949.05
2024-09-25,MotorolaRazr,28,999,2024-06-01,Maturity,Smartphones,999
2024-09-26,MotorolaRazr,23,999,2024-06-01,Maturity,Smartphones,1048.95
2024-09-27,MotorolaRazr,33,999,2024-06-01,Maturity,Smartphones,999
2024-09-28,MotorolaRazr,27,999,2024-06-01,Maturity,Smartphones,949.05
2024-09-29,MotorolaRazr,31,999,2024-06-01,Maturity,Smartphones,999
2024-09-30,MotorolaRazr,24,999,2024-06-01,Maturity,Smartphones,999
2024-10-01,MotorolaRazr,24,999,2024-06-01,Maturity,Smartphones,999
2024-10-02,MotorolaRazr,23,999,2024-06-01,Maturity,Smartphones,949.05
2024-10-03,MotorolaRazr,25,999,2024-06-01,Maturity,Smartphones,949.05
2024-10-04,MotorolaRazr,27,999,2024-06-01,Maturity,Smartphones,1048.95
2024-10-05,MotorolaRazr,29,999,2024-06-01,Maturity,Smartphones,1048.95
2024-10-06,MotorolaRazr,26,999,2024-06-01,Maturity,Smartphones,999
2024-10-07,MotorolaRazr,23,999,2024-06-01,Maturity,Smartphones,999
2024-10-08,MotorolaRazr,26,999,2024-06-01,Maturity,Smartphones,999
2024-10-09,MotorolaRazr,25,999,2024-06-01,Maturity,Smartphones,999
2024-10-10,MotorolaRazr,25,999,2024-06-01,Maturity,Smartphones,949.05
2024-10-11,MotorolaRazr,28,999,2024-06-01,Maturity,Smartphones,999
2024-10-12,MotorolaRazr,27,999,2024-06-01,Maturity,Smartphones,999
2024-10-13,MotorolaRazr,27,999,2024-06-01,Maturity,Smartphones,999
2024-10-14,MotorolaRazr,22,999,2024-06-01,Maturity,Smartphones,999
2024-10-15,MotorolaRazr,22,999,2024-06-01,Maturity,Smartphones,949.05
2024-10-16,MotorolaRazr,24,999,2024-06-01,Maturity,Smartphones,949.05
2024-10-17,MotorolaRazr,24,999,2024-06-01,Maturity,Smartphones,949.05
2024-10-18,MotorolaRazr,26,999,2024-06-01,Maturity,Smartphones,1048.95
2024-10-19,MotorolaRazr,26,999,2024-06-01,Maturity,Smartphones,949.05
2024-10-20,MotorolaRazr,30,999,2024-06-01,Maturity,Smartphones,999
2024-10-21,MotorolaRazr,24,999,2024-06-01,Maturity,Smartphones,1048.95
2024-10-22,MotorolaRazr,24,999,2024-06-01,Maturity,Smartphones,999
2024-10-23,MotorolaRazr,24,999,2024-06-01,Maturity,Smartphones,999
2024-10-24,MotorolaRazr,22,999,2024-06-01,Maturity,Smartphones,999
2024-10-25,MotorolaRazr,28,999,2024-06-01,Maturity,Smartphones,999
2024-10-26,MotorolaRazr,28,999,2024-06-01,Maturity,Smartphones,999
2024-10-27,MotorolaRazr,27,999,2024-06-01,Maturity,Smartphones,999
2024-10-28,MotorolaRazr,23,999,2024-06-01,Maturity,Smartphones,999
2024-10-29,MotorolaRazr,26,999,2024-06-01,Maturity,Smartphones,999
2024-10-30,MotorolaRazr,24,999,2024-06-01,Maturity,Smartphones,949.05
2024-10-31,MotorolaRazr,24,999,2024-06-01,Maturity,Smartphones,949.05
2024-11-01,MotorolaRazr,28,999,2024-06-01,Maturity,Smartphones,891.61
2024-11-02,MotorolaRazr,26,999,2024-06-01,Maturity,Smartphones,849.15
2024-11-03,MotorolaRazr,27,999,2024-06-01,Maturity,Smartphones,806.69
2024-11-04,MotorolaRazr,22,999,2024-06-01,Maturity,Smartphones,849.15
2024-11-05,MotorolaRazr,24,999,2024-06-01,Maturity,Smartphones,806.69
2024-11-06,MotorolaRazr,25,999,2024-06-01,Maturity,Smartphones,806.69
2024-11-07,MotorolaRazr,23,999,2024-06-01,Maturity,Smartphones,849.15
2024-11-08,MotorolaRazr,25,999,2024-06-01,Maturity,Smartphones,849.15
2024-11-09,MotorolaRazr,27,999,2024-06-01,Maturity,Smartphones,806.69
2024-11-10,MotorolaRazr,26,999,2024-06-01,Maturity,Smartphones,849.15
2024-11-11,MotorolaRazr,23,999,2024-06-01,Maturity,Smartphones,806.69
2024-11-12,MotorolaRazr,25,999,2024-06-01,Maturity,Smartphones,891.61
2024-11-13,MotorolaRazr,25,999,2024-06-01,Maturity,Smartphones,849.15
2024-11-14,MotorolaRazr,23,999,2024-06-01,Maturity,Smartphones,806.69
2024-11-15,MotorolaRazr,27,999,2024-06-01,Maturity,Smartphones,849.15
2024-11-16,MotorolaRazr,28,999,2024-06-01,Maturity,Smartphones,849.15
2024-11-17,MotorolaRazr,29,999,2024-06-01,Maturity,Smartphones,849.15
2024-11-18,MotorolaRazr,22,999,2024-06-01,Maturity,Smartphones,891.61
2024-11-19,MotorolaRazr,24,999,2024-06-01,Maturity,Smartphones,849.15
2024-11-20,MotorolaRazr,24,999,2024-06-01,Maturity,Smartphones,891.61
2024-11-21,MotorolaRazr,24,999,2024-06-01,Maturity,Smartphones,849.15
2024-11-22,MotorolaRazr,27,999,2024-06-01,Maturity,Smartphones,891.61
2024-11-23,MotorolaRazr,27,999,2024-06-01,Maturity,Smartphones,849.15
2024-11-24,MotorolaRazr,25,999,2024-06-01,Maturity,Smartphones,806.69
2024-11-25,MotorolaRazr,23,999,2024-06-01,Maturity,Smartphones,891.61
2024-11-26,MotorolaRazr,24,999,2024-06-01,Maturity,Smartphones,806.69
2024-11-27,MotorolaRazr,25,999,2024-06-01,Maturity,Smartphones,849.15
2024-11-28,MotorolaRazr,24,999,2024-06-01,Maturity,Smartphones,806.69
2024-11-29,MotorolaRazr,27,999,2024-06-01,Maturity,Smartphones,849.15
2024-11-30,MotorolaRazr,25,999,2024-06-01,Maturity,Smartphones,849.15
2024-12-01,MotorolaRazr,27,999,2024-06-01,Maturity,Smartphones,999
2024-12-02,MotorolaRazr,23,999,2024-06-01,Maturity,Smartphones,999
2024-12-03,MotorolaRazr,24,999,2024-06-01,Maturity,Smartphones,999
2024-12-04,MotorolaRazr,24,999,2024-06-01,Maturity,Smartphones,1048.95
2024-12-05,MotorolaRazr,24,999,2024-06-01,Maturity,Smartphones,949.05
2024-12-06,MotorolaRazr,27,999,2024-06-01,Maturity,Smartphones,949.05
2024-12-07,MotorolaRazr,26,999,2024-06-01,Maturity,Smartphones,999
2024-12-08,MotorolaRazr,25,999,2024-06-01,Maturity,Smartphones,1048.95
2024-12-09,MotorolaRazr,24,999,2024-06-01,Maturity,Smartphones,999
2024-12-10,MotorolaRazr,22,999,2024-06-01,Maturity,Smartphones,999
2024-12-11,MotorolaRazr,24,999,2024-06-01,Maturity,Smartphones,999
2024-12-12,MotorolaRazr,23,999,2024-06-01,Maturity,Smartphones,999
2024-12-13,MotorolaRazr,28,999,2024-06-01,Maturity,Smartphones,1048.95
2024-12-14,MotorolaRazr,26,999,2024-06-01,Maturity,Smartphones,999
2024-12-15,MotorolaRazr,27,999,2024-06-01,Maturity,Smartphones,1048.95
2024-12-16,MotorolaRazr,24,999,2024-06-01,Maturity,Smartphones,949.05
2024-12-17,MotorolaRazr,21,999,2024-06-01,Maturity,Smartphones,999
2024-12-18,MotorolaRazr,23,999,2024-06-01,Maturity,Smartphones,1048.95
2024-12-19,MotorolaRazr,22,999,2024-06-01,Maturity,Smartphones,999
2024-12-20,MotorolaRazr,37,999,2024-06-01,Maturity,Smartphones,949.05
2024-12-21,MotorolaRazr,38,999,2024-06-01,Maturity,Smartphones,999
2024-12-22,MotorolaRazr,38,999,2024-06-01,Maturity,Smartphones,999
2024-12-23,MotorolaRazr,35,999,2024-06-01,Maturity,Smartphones,949.05
2024-12-24,MotorolaRazr,30,999,2024-06-01,Maturity,Smartphones,949.05
2024-12-25,MotorolaRazr,35,999,2024-06-01,Maturity,Smartphones,999
2024-12-26,MotorolaRazr,34,999,2024-06-01,Maturity,Smartphones,999
2024-12-27,MotorolaRazr,46,999,2024-06-01,Maturity,Smartphones,999
2024-12-28,MotorolaRazr,38,999,2024-06-01,Maturity,Smartphones,999
2024-12-29,MotorolaRazr,39,999,2024-06-01,Maturity,Smartphones,999
2024-12-30,MotorolaRazr,36,999,2024-06-01,Maturity,Smartphones,1048.95
2024-12-31,MotorolaRazr,38,999,2024-06-01,Maturity,Smartphones,999
2025-01-01,MotorolaRazr,22,999,2024-06-01,Maturity,Smartphones,1048.95
2025-01-02,MotorolaRazr,23,999,2024-06-01,Maturity,Smartphones,999
2025-01-03,MotorolaRazr,28,999,2024-06-01,Maturity,Smartphones,999
2025-01-04,MotorolaRazr,27,999,2024-06-01,Maturity,Smartphones,999
2025-01-05,MotorolaRazr,26,999,2024-06-01,Maturity,Smartphones,999
2025-01-06,MotorolaRazr,23,999,2024-06-01,Maturity,Smartphones,999
2025-01-07,MotorolaRazr,23,999,2024-06-01,Maturity,Smartphones,999
2025-01-08,MotorolaRazr,24,999,2024-06-01,Maturity,Smartphones,1048.95
2025-01-09,MotorolaRazr,22,999,2024-06-01,Maturity,Smartphones,949.05
2025-01-10,MotorolaRazr,30,999,2024-06-01,Maturity,Smartphones,1048.95
2025-01-11,MotorolaRazr,26,999,2024-06-01,Maturity,Smartphones,949.05
2025-01-12,MotorolaRazr,25,999,2024-06-01,Maturity,Smartphones,1048.95
2025-01-13,MotorolaRazr,23,999,2024-06-01,Maturity,Smartphones,1048.95
2025-01-14,MotorolaRazr,22,999,2024-06-01,Maturity,Smartphones,949.05
2025-01-15,MotorolaRazr,19,999,2024-06-01,Maturity,Smartphones,999
2025-01-16,MotorolaRazr,23,999,2024-06-01,Maturity,Smartphones,999
2025-01-17,MotorolaRazr,27,999,2024-06-01,Maturity,Smartphones,999
2025-01-18,MotorolaRazr,26,999,2024-06-01,Maturity,Smartphones,1048.95
2025-01-19,MotorolaRazr,26,999,2024-06-01,Maturity,Smartphones,999
2025-01-20,MotorolaRazr,23,999,2024-06-01,Maturity,Smartphones,999
2025-01-21,MotorolaRazr,23,999,2024-06-01,Maturity,Smartphones,999
2025-01-22,MotorolaRazr,21,999,2024-06-01,Maturity,Smartphones,999
2025-01-23,MotorolaRazr,23,999,2024-06-01,Maturity,Smartphones,949.05
2025-01-24,MotorolaRazr,26,999,2024-06-01,Maturity,Smartphones,949.05
2025-01-25,MotorolaRazr,25,999,2024-06-01,Maturity,Smartphones,949.05
2025-01-26,MotorolaRazr,27,999,2024-06-01,Maturity,Smartphones,949.05
2025-01-27,MotorolaRazr,23,999,2024-06-01,Maturity,Smartphones,999
2025-01-28,MotorolaRazr,22,999,2024-06-01,Maturity,Smartphones,999
2025-01-29,MotorolaRazr,22,999,2024-06-01,Maturity,Smartphones,999
2025-01-30,MotorolaRazr,24,999,2024-06-01,Maturity,Smartphones,999
2025-01-31,MotorolaRazr,26,999,2024-06-01,Maturity,Smartphones,999
2025-02-01,MotorolaRazr,26,999,2024-06-01,Maturity,Smartphones,999
2025-02-02,MotorolaRazr,24,999,2024-06-01,Maturity,Smartphones,1048.95
2025-02-03,MotorolaRazr,22,999,2024-06-01,Maturity,Smartphones,999
2025-02-04,MotorolaRazr,23,999,2024-06-01,Maturity,Smartphones,999
2025-02-05,MotorolaRazr,21,999,2024-06-01,Maturity,Smartphones,999
2025-02-06,MotorolaRazr,23,999,2024-06-01,Maturity,Smartphones,999
2025-02-07,MotorolaRazr,26,999,2024-06-01,Maturity,Smartphones,999
2025-02-08,MotorolaRazr,26,999,2024-06-01,Maturity,Smartphones,949.05
2025-02-09,MotorolaRazr,26,999,2024-06-01,Maturity,Smartphones,949.05
2025-02-10,MotorolaRazr,23,999,2024-06-01,Maturity,Smartphones,949.05
2025-02-11,MotorolaRazr,24,999,2024-06-01,Maturity,Smartphones,999
2025-02-12,MotorolaRazr,24,999,2024-06-01,Maturity,Smartphones,999
2025-02-13,MotorolaRazr,22,999,2024-06-01,Maturity,Smartphones,949.05
2025-02-14,MotorolaRazr,29,999,2024-06-01,Maturity,Smartphones,1048.95
2025-02-15,MotorolaRazr,27,999,2024-06-01,Maturity,Smartphones,1048.95
2025-02-16,MotorolaRazr,26,999,2024-06-01,Maturity,Smartphones,949.05
2025-02-17,MotorolaRazr,22,999,2024-06-01,Maturity,Smartphones,999
2025-02-18,MotorolaRazr,22,999,2024-06-01,Maturity,Smartphones,999
2025-02-19,MotorolaRazr,22,999,2024-06-01,Maturity,Smartphones,999
2025-02-20,MotorolaRazr,22,999,2024-06-01,Maturity,Smartphones,999
2025-02-21,MotorolaRazr,30,999,2024-06-01,Maturity,Smartphones,999
2025-02-22,MotorolaRazr,25,999,2024-06-01,Maturity,Smartphones,949.05
2025-02-23,MotorolaRazr,26,999,2024-06-01,Maturity,Smartphones,1048.95
2025-02-24,MotorolaRazr,21,999,2024-06-01,Maturity,Smartphones,999
2025-02-25,MotorolaRazr,22,999,2024-06-01,Maturity,Smartphones,1048.95
2025-02-26,MotorolaRazr,20,999,2024-06-01,Maturity,Smartphones,949.05
2025-02-27,MotorolaRazr,24,999,2024-06-01,Maturity,Smartphones,999
2025-02-28,MotorolaRazr,26,999,2024-06-01,Maturity,Smartphones,999
2025-03-01,MotorolaRazr,26,999,2024-06-01,Maturity,Smartphones,999
2025-03-02,MotorolaRazr,27,999,2024-06-01,Maturity,Smartphones,1048.95
2025-03-03,MotorolaRazr,23,999,2024-06-01,Maturity,Smartphones,999
2025-03-04,MotorolaRazr,22,999,2024-06-01,Maturity,Smartphones,999
2025-03-05,MotorolaRazr,22,999,2024-06-01,Maturity,Smartphones,999
2025-03-06,MotorolaRazr,25,999,2024-06-01,Maturity,Smartphones,949.05
2025-03-07,MotorolaRazr,27,999,2024-06-01,Maturity,Smartphones,1048.95
2025-03-08,MotorolaRazr,26,999,2024-06-01,Maturity,Smartphones,999
2025-03-09,MotorolaRazr,24,999,2024-06-01,Maturity,Smartphones,999
2025-03-10,MotorolaRazr,22,999,2024-06-01,Maturity,Smartphones,999
2025-03-11,MotorolaRazr,23,999,2024-06-01,Maturity,Smartphones,999
2025-03-12,MotorolaRazr,23,999,2024-06-01,Maturity,Smartphones,999
2025-03-13,MotorolaRazr,23,999,2024-06-01,Maturity,Smartphones,1048.95
2025-03-14,MotorolaRazr,25,999,2024-06-01,Maturity,Smartphones,999
2025-03-15,MotorolaRazr,25,999,2024-06-01,Maturity,Smartphones,949.05
2025-03-16,MotorolaRazr,25,999,2024-06-01,Maturity,Smartphones,949.05
2025-03-17,MotorolaRazr,22,999,2024-06-01,Maturity,Smartphones,949.05
2025-03-18,MotorolaRazr,23,999,2024-06-01,Maturity,Smartphones,999
2025-03-19,MotorolaRazr,22,999,2024-06-01,Maturity,Smartphones,999
2025-03-20,MotorolaRazr,24,999,2024-06-01,Maturity,Smartphones,999
2025-03-21,MotorolaRazr,25,999,2024-06-01,Maturity,Smartphones,999
2025-03-22,MotorolaRazr,26,999,2024-06-01,Maturity,Smartphones,949.05
2025-03-23,MotorolaRazr,27,999,2024-06-01,Maturity,Smartphones,999
2025-03-24,MotorolaRazr,23,999,2024-06-01,Maturity,Smartphones,999
2025-03-25,MotorolaRazr,24,999,2024-06-01,Maturity,Smartphones,999
2025-03-26,MotorolaRazr,24,999,2024-06-01,Maturity,Smartphones,1048.95
2025-03-27,MotorolaRazr,24,999,2024-06-01,Maturity,Smartphones,999
2025-03-28,MotorolaRazr,27,999,2024-06-01,Maturity,Smartphones,999
2025-03-29,MotorolaRazr,29,999,2024-06-01,Maturity,Smartphones,999
2025-03-30,MotorolaRazr,28,999,2024-06-01,Maturity,Smartphones,999
2025-03-31,MotorolaRazr,24,999,2024-06-01,Maturity,Smartphones,949.05
2024-01-01,SonyXperia,0,1199,2024-08-01,Growth,Smartphones,1318.9
2024-01-02,SonyXperia,0,1199,2024-08-01,Growth,Smartphones,1318.9
2024-01-03,SonyXperia,0,1199,2024-08-01,Growth,Smartphones,1318.9
2024-01-04,SonyXperia,0,1199,2024-08-01,Growth,Smartphones,1318.9
2024-01-05,SonyXperia,0,1199,2024-08-01,Growth,Smartphones,1318.9
2024-01-06,SonyXperia,0,1199,2024-08-01,Growth,Smartphones,1318.9
2024-01-07,SonyXperia,0,1199,2024-08-01,Growth,Smartphones,1318.9
2024-01-08,SonyXperia,0,1199,2024-08-01,Growth,Smartphones,1318.9
2024-01-09,SonyXperia,0,1199,2024-08-01,Growth,Smartphones,1318.9
2024-01-10,SonyXperia,0,1199,2024-08-01,Growth,Smartphones,1318.9
2024-01-11,SonyXperia,0,1199,2024-08-01,Growth,Smartphones,1318.9
2024-01-12,SonyXperia,0,1199,2024-08-01,Growth,Smartphones,1252.96
2024-01-13,SonyXperia,0,1199,2024-08-01,Growth,Smartphones,1318.9
2024-01-14,SonyXperia,0,1199,2024-08-01,Growth,Smartphones,1318.9
2024-01-15,SonyXperia,0,1199,2024-08-01,Growth,Smartphones,1318.9
