data/sales_with_pricing_new(1).csv
date,product_id,units_sold,base_price,release_date,lifecycle,category,current_price
2024-01-16,SonyXperia,0,1199,2024-08-01,Growth,Smartphones,1318.9
2024-01-17,SonyXperia,0,1199,2024-08-01,Growth,Smartphones,1318.9
2024-01-18,SonyXperia,0,1199,2024-08-01,Growth,Smartphones,1318.9
2024-01-19,SonyXperia,0,1199,2024-08-01,Growth,Smartphones,1252.96
2024-01-20,SonyXperia,0,1199,2024-08-01,Growth,Smartphones,1318.9
2024-01-21,SonyXperia,0,1199,2024-08-01,Growth,Smartphones,1318.9
2024-01-22,SonyXperia,0,1199,2024-08-01,Growth,Smartphones,1252.96
2024-01-23,SonyXperia,0,1199,2024-08-01,Growth,Smartphones,1318.9
2024-01-24,SonyXperia,0,1199,2024-08-01,Growth,Smartphones,1252.96
2024-01-25,SonyXperia,0,1199,2024-08-01,Growth,Smartphones,1318.9
2024-01-26,SonyXperia,0,1199,2024-08-01,Growth,Smartphones,1318.9
2024-01-27,SonyXperia,0,1199,2024-08-01,Growth,Smartphones,1252.96
2024-01-28,SonyXperia,0,1199,2024-08-01,Growth,Smartphones,1318.9
2024-01-29,SonyXperia,0,1199,2024-08-01,Growth,Smartphones,1318.9
2024-01-30,SonyXperia,0,1199,2024-08-01,Growth,Smartphones,1318.9
2024-01-31,SonyXperia,0,1199,2024-08-01,Growth,Smartphones,1252.96
2024-02-01,SonyXperia,0,1199,2024-08-01,Growth,Smartphones,1318.9
2024-02-02,SonyXperia,0,1199,2024-08-01,Growth,Smartphones,1318.9
2024-02-03,SonyXperia,0,1199,2024-08-01,Growth,Smartphones,1318.9
2024-02-04,SonyXperia,0,1199,2024-08-01,Growth,Smartphones,1318.9
2024-02-05,SonyXperia,0,1199,2024-08-01,Growth,Smartphones,1318.9
2024-02-06,SonyXperia,0,1199,2024-08-01,Growth,Smartphones,1252.96
2024-02-07,SonyXperia,0,1199,2024-08-01,Growth,Smartphones,1318.9
2024-02-08,SonyXperia,0,1199,2024-08-01,Growth,Smartphones,1318.9
2024-02-09,SonyXperia,0,1199,2024-08-01,Growth,Smartphones,1318.9
2024-02-10,SonyXperia,0,1199,2024-08-01,Growth,Smartphones,1252.96
2024-02-11,SonyXperia,0,1199,2024-08-01,Growth,Smartphones,1252.96
2024-02-12,SonyXperia,0,1199,2024-08-01,Growth,Smartphones,1318.9
2024-02-13,SonyXperia,0,1199,2024-08-01,Growth,Smartphones,1252.96
2024-02-14,SonyXperia,0,1199,2024-08-01,Growth,Smartphones,1318.9
2024-02-15,SonyXperia,0,1199,2024-08-01,Growth,Smartphones,1318.9
2024-02-16,SonyXperia,0,1199,2024-08-01,Growth,Smartphones,1318.9
2024-02-17,SonyXperia,0,1199,2024-08-01,Growth,Smartphones,1318.9
2024-02-18,SonyXperia,0,1199,2024-08-01,Growth,Smartphones,1318.9
2024-02-19,SonyXperia,0,1199,2024-08-01,Growth,Smartphones,1318.9
2024-02-20,SonyXperia,0,1199,2024-08-01,Growth,Smartphones,1318.9
2024-02-21,SonyXperia,0,1199,2024-08-01,Growth,Smartphones,1318.9
2024-02-22,SonyXperia,0,1199,2024-08-01,Growth,Smartphones,1318.9
2024-02-23,SonyXperia,0,1199,2024-08-01,Growth,Smartphones,1318.9
2024-02-24,SonyXperia,0,1199,2024-08-01,Growth,Smartphones,1318.9
2024-02-25,SonyXperia,0,1199,2024-08-01,Growth,Smartphones,1318.9
2024-02-26,SonyXperia,0,1199,2024-08-01,Growth,Smartphones,1318.9
2024-02-27,SonyXperia,0,1199,2024-08-01,Growth,Smartphones,1252.96
2024-02-28,SonyXperia,0,1199,2024-08-01,Growth,Smartphones,1318.9
2024-02-29,SonyXperia,0,1199,2024-08-01,Growth,Smartphones,1252.96
2024-03-01,SonyXperia,0,1199,2024-08-01,Growth,Smartphones,1252.96
2024-03-02,SonyXperia,0,1199,2024-08-01,Growth,Smartphones,1252.96
2024-03-03,SonyXperia,0,1199,2024-08-01,Growth,Smartphones,1318.9
2024-03-04,SonyXperia,0,1199,2024-08-01,Growth,Smartphones,1252.96
2024-03-05,SonyXperia,0,1199,2024-08-01,Growth,Smartphones,1318.9
2024-03-06,SonyXperia,0,1199,2024-08-01,Growth,Smartphones,1318.9
2024-03-07,SonyXperia,0,1199,2024-08-01,Growth,Smartphones,1318.9
2024-03-08,SonyXperia,0,1199,2024-08-01,Growth,Smartphones,1318.9
2024-03-09,SonyXperia,0,1199,2024-08-01,Growth,Smartphones,1318.9
2024-03-10,SonyXperia,0,1199,2024-08-01,Growth,Smartphones,1252.96
2024-03-11,SonyXperia,0,1199,2024-08-01,Growth,Smartphones,1318.9
2024-03-12,SonyXperia,0,1199,2024-08-01,Growth,Smartphones,1318.9
2024-03-13,SonyXperia,0,1199,2024-08-01,Growth,Smartphones,1318.9
2024-03-14,SonyXperia,0,1199,2024-08-01,Growth,Smartphones,1318.9
2024-03-15,SonyXperia,0,1199,2024-08-01,Growth,Smartphones,1318.9
2024-03-16,SonyXperia,0,1199,2024-08-01,Growth,Smartphones,1318.9
2024-03-17,SonyXperia,0,1199,2024-08-01,Growth,Smartphones,1318.9
2024-03-18,SonyXperia,0,1199,2024-08-01,Growth,Smartphones,1318.9
2024-03-19,SonyXperia,0,1199,2024-08-01,Growth,Smartphones,1318.9
2024-03-20,SonyXperia,0,1199,2024-08-01,Growth,Smartphones,1318.9
2024-03-21,SonyXperia,0,1199,2024-08-01,Growth,Smartphones,1318.9
2024-03-22,SonyXperia,0,1199,2024-08-01,Growth,Smartphones,1252.96
2024-03-23,SonyXperia,0,1199,2024-08-01,Growth,Smartphones,1318.9
2024-03-24,SonyXperia,0,1199,2024-08-01,Growth,Smartphones,1318.9
2024-03-25,SonyXperia,0,1199,2024-08-01,Growth,Smartphones,1318.9
2024-03-26,SonyXperia,0,1199,2024-08-01,Growth,Smartphones,1318.9
2024-03-27,SonyXperia,0,1199,2024-08-01,Growth,Smartphones,1318.9
2024-03-28,SonyXperia,0,1199,2024-08-01,Growth,Smartphones,1318.9
2024-03-29,SonyXperia,0,1199,2024-08-01,Growth,Smartphones,1318.9
2024-03-30,SonyXperia,0,1199,2024-08-01,Growth,Smartphones,1318.9
2024-03-31,SonyXperia,0,1199,2024-08-01,Growth,Smartphones,1318.9
2024-04-01,SonyXperia,0,1199,2024-08-01,Growth,Smartphones,1318.9
2024-04-02,SonyXperia,0,1199,2024-08-01,Growth,Smartphones,1318.9
2024-04-03,SonyXperia,0,1199,2024-08-01,Growth,Smartphones,1318.9
2024-04-04,SonyXperia,0,1199,2024-08-01,Growth,Smartphones,1252.96
2024-04-05,SonyXperia,0,1199,2024-08-01,Growth,Smartphones,1252.96
2024-04-06,SonyXperia,0,1199,2024-08-01,Growth,Smartphones,1318.9
2024-04-07,SonyXperia,0,1199,2024-08-01,Growth,Smartphones,1318.9
2024-04-08,SonyXperia,0,1199,2024-08-01,Growth,Smartphones,1318.9
2024-04-09,SonyXperia,0,1199,2024-08-01,Growth,Smartphones,1318.9
2024-04-10,SonyXperia,0,1199,2024-08-01,Growth,Smartphones,1318.9
2024-04-11,SonyXperia,0,1199,2024-08-01,Growth,Smartphones,1252.96
2024-04-12,SonyXperia,0,1199,2024-08-01,Growth,Smartphones,1252.96
2024-04-13,SonyXperia,0,1199,2024-08-01,Growth,Smartphones,1318.9
2024-04-14,SonyXperia,0,1199,2024-08-01,Growth,Smartphones,1318.9
2024-04-15,SonyXperia,0,1199,2024-08-01,Growth,Smartphones,1252.96
2024-04-16,SonyXperia,0,1199,2024-08-01,Growth,Smartphones,1318.9
2024-04-17,SonyXperia,0,1199,2024-08-01,Growth,Smartphones,1318.9
2024-04-18,SonyXperia,0,1199,2024-08-01,Growth,Smartphones,1318.9
2024-04-19,SonyXperia,0,1199,2024-08-01,Growth,Smartphones,1318.9
2024-04-20,SonyXperia,0,1199,2024-08-01,Growth,Smartphones,1318.9
2024-04-21,SonyXperia,0,1199,2024-08-01,Growth,Smartphones,1318.9
2024-04-22,SonyXperia,0,1199,2024-08-01,Growth,Smartphones,1252.96
2024-04-23,SonyXperia,0,1199,2024-08-01,Growth,Smartphones,1318.9
2024-04-24,SonyXperia,0,1199,2024-08-01,Growth,Smartphones,1252.96
2024-04-25,SonyXperia,0,1199,2024-08-01,Growth,Smartphones,1318.9
2024-04-26,SonyXperia,0,1199,2024-08-01,Growth,Smartphones,1318.9
2024-04-27,SonyXperia,0,1199,2024-08-01,Growth,Smartphones,1252.96
2024-04-28,SonyXperia,0,1199,2024-08-01,Growth,Smartphones,1318.9
2024-04-29,SonyXperia,0,1199,2024-08-01,Growth,Smartphones,1318.9
2024-04-30,SonyXperia,0,1199,2024-08-01,Growth,Smartphones,1318.9
2024-05-01,SonyXperia,0,1199,2024-08-01,Growth,Smartphones,1318.9
2024-05-02,SonyXperia,0,1199,2024-08-01,Growth,Smartphones,1318.9
2024-05-03,SonyXperia,0,1199,2024-08-01,Growth,Smartphones,1318.9
2024-05-04,SonyXperia,0,1199,2024-08-01,Growth,Smartphones,1318.9
2024-05-05,SonyXperia,0,1199,2024-08-01,Growth,Smartphones,1318.9
2024-05-06,SonyXperia,0,1199,2024-08-01,Growth,Smartphones,1318.9
2024-05-07,SonyXperia,0,1199,2024-08-01,Growth,Smartphones,1318.9
2024-05-08,SonyXperia,0,1199,2024-08-01,Growth,Smartphones,1318.9
2024-05-09,SonyXperia,0,1199,2024-08-01,Growth,Smartphones,1318.9
2024-05-10,SonyXperia,0,1199,2024-08-01,Growth,Smartphones,1318.9
2024-05-11,SonyXperia,0,1199,2024-08-01,Growth,Smartphones,1252.96
2024-05-12,SonyXperia,0,1199,2024-08-01,Growth,Smartphones,1252.96
2024-05-13,SonyXperia,0,1199,2024-08-01,Growth,Smartphones,1318.9
2024-05-14,SonyXperia,0,1199,2024-08-01,Growth,Smartphones,1318.9
2024-05-15,SonyXperia,0,1199,2024-08-01,Growth,Smartphones,1318.9
2024-05-16,SonyXperia,0,1199,2024-08-01,Growth,Smartphones,1252.96
2024-05-17,SonyXperia,0,1199,2024-08-01,Growth,Smartphones,1318.9
2024-05-18,SonyXperia,0,1199,2024-08-01,Growth,Smartphones,1318.9
2024-05-19,SonyXperia,0,1199,2024-08-01,Growth,Smartphones,1318.9
2024-05-20,SonyXperia,0,1199,2024-08-01,Growth,Smartphones,1318.9
2024-05-21,SonyXperia,0,1199,2024-08-01,Growth,Smartphones,1318.9
2024-05-22,SonyXperia,0,1199,2024-08-01,Growth,Smartphones,1318.9
2024-05-23,SonyXperia,0,1199,2024-08-01,Growth,Smartphones,1318.9
2024-05-24,SonyXperia,0,1199,2024-08-01,Growth,Smartphones,1318.9
2024-05-25,SonyXperia,0,1199,2024-08-01,Growth,Smartphones,1318.9
2024-05-26,SonyXperia,0,1199,2024-08-01,Growth,Smartphones,1252.96
2024-05-27,SonyXperia,0,1199,2024-08-01,Growth,Smartphones,1252.96
2024-05-28,SonyXperia,0,1199,2024-08-01,Growth,Smartphones,1318.9
2024-05-29,SonyXperia,0,1199,2024-08-01,Growth,Smartphones,1318.9
2024-05-30,SonyXperia,0,1199,2024-08-01,Growth,Smartphones,1318.9
2024-05-31,SonyXperia,0,1199,2024-08-01,Growth,Smartphones,1318.9
2024-06-01,SonyXperia,0,1199,2024-08-01,Growth,Smartphones,1318.9
2024-06-02,SonyXperia,0,1199,2024-08-01,Growth,Smartphones,1318.9
2024-06-03,SonyXperia,0,1199,2024-08-01,Growth,Smartphones,1318.9
2024-06-04,SonyXperia,0,1199,2024-08-01,Growth,Smartphones,1318.9
2024-06-05,SonyXperia,0,1199,2024-08-01,Growth,Smartphones,1318.9
2024-06-06,SonyXperia,0,1199,2024-08-01,Growth,Smartphones,1318.9
2024-06-07,SonyXperia,0,1199,2024-08-01,Growth,Smartphones,1252.96
2024-06-08,SonyXperia,0,1199,2024-08-01,Growth,Smartphones,1318.9
2024-06-09,SonyXperia,0,1199,2024-08-01,Growth,Smartphones,1318.9
2024-06-10,SonyXperia,0,1199,2024-08-01,Growth,Smartphones,1252.96
2024-06-11,SonyXperia,0,1199,2024-08-01,Growth,Smartphones,1252.96
2024-06-12,SonyXperia,0,1199,2024-08-01,Growth,Smartphones,1318.9
2024-06-13,SonyXperia,0,1199,2024-08-01,Growth,Smartphones,1318.9
2024-06-14,SonyXperia,0,1199,2024-08-01,Growth,Smartphones,1318.9
2024-06-15,SonyXperia,0,1199,2024-08-01,Growth,Smartphones,1318.9
2024-06-16,SonyXperia,0,1199,2024-08-01,Growth,Smartphones,1318.9
2024-06-17,SonyXperia,0,1199,2024-08-01,Growth,Smartphones,1318.9
2024-06-18,SonyXperia,0,1199,2024-08-01,Growth,Smartphones,1318.9
2024-06-19,SonyXperia,0,1199,2024-08-01,Growth,Smartphones,1318.9
2024-06-20,SonyXperia,0,1199,2024-08-01,Growth,Smartphones,1252.96
2024-06-21,SonyXperia,0,1199,2024-08-01,Growth,Smartphones,1318.9
2024-06-22,SonyXperia,0,1199,2024-08-01,Growth,Smartphones,1318.9
2024-06-23,SonyXperia,0,1199,2024-08-01,Growth,Smartphones,1318.9
2024-06-24,SonyXperia,0,1199,2024-08-01,Growth,Smartphones,1318.9
2024-06-25,SonyXperia,0,1199,2024-08-01,Growth,Smartphones,1318.9
2024-06-26,SonyXperia,0,1199,2024-08-01,Growth,Smartphones,1318.9
2024-06-27,SonyXperia,0,1199,2024-08-01,Growth,Smartphones,1318.9
2024-06-28,SonyXperia,0,1199,2024-08-01,Growth,Smartphones,1318.9
2024-06-29,SonyXperia,0,1199,2024-08-01,Growth,Smartphones,1318.9
2024-06-30,SonyXperia,0,1199,2024-08-01,Growth,Smartphones,1318.9
2024-07-01,SonyXperia,0,1199,2024-08-01,Growth,Smartphones,1318.9
2024-07-02,SonyXperia,0,1199,2024-08-01,Growth,Smartphones,1318.9
2024-07-03,SonyXperia,0,1199,2024-08-01,Growth,Smartphones,1318.9
2024-07-04,SonyXperia,0,1199,2024-08-01,Growth,Smartphones,1318.9
2024-07-05,SonyXperia,0,1199,2024-08-01,Growth,Smartphones,1252.96
2024-07-06,SonyXperia,0,1199,2024-08-01,Growth,Smartphones,1318.9
2024-07-07,SonyXperia,0,1199,2024-08-01,Growth,Smartphones,1318.9
2024-07-08,SonyXperia,0,1199,2024-08-01,Growth,Smartphones,1252.96
2024-07-09,SonyXperia,0,1199,2024-08-01,Growth,Smartphones,1318.9
2024-07-10,SonyXperia,0,1199,2024-08-01,Growth,Smartphones,1318.9
2024-07-11,SonyXperia,0,1199,2024-08-01,Growth,Smartphones,1318.9
2024-07-12,SonyXperia,0,1199,2024-08-01,Growth,Smartphones,1318.9
2024-07-13,SonyXperia,0,1199,2024-08-01,Growth,Smartphones,1318.9
2024-07-14,SonyXperia,0,1199,2024-08-01,Growth,Smartphones,1318.9
2024-07-15,SonyXperia,0,1199,2024-08-01,Growth,Smartphones,1318.9
2024-07-16,SonyXperia,0,1199,2024-08-01,Growth,Smartphones,1252.96
2024-07-17,SonyXperia,0,1199,2024-08-01,Growth,Smartphones,1318.9
2024-07-18,SonyXperia,0,1199,2024-08-01,Growth,Smartphones,1252.96
2024-07-19,SonyXperia,0,1199,2024-08-01,Growth,Smartphones,1318.9
2024-07-20,SonyXperia,0,1199,2024-08-01,Growth,Smartphones,1318.9
2024-07-21,SonyXperia,0,1199,2024-08-01,Growth,Smartphones,1252.96
2024-07-22,SonyXperia,0,1199,2024-08-01,Growth,Smartphones,1318.9
2024-07-23,SonyXperia,0,1199,2024-08-01,Growth,Smartphones,1318.9
2024-07-24,SonyXperia,0,1199,2024-08-01,Growth,Smartphones,1318.9
2024-07-25,SonyXperia,0,1199,2024-08-01,Growth,Smartphones,1318.9
2024-07-26,SonyXperia,0,1199,2024-08-01,Growth,Smartphones,1318.9
2024-07-27,SonyXperia,0,1199,2024-08-01,Growth,Smartphones,1318.9
2024-07-28,SonyXperia,0,1199,2024-08-01,Growth,Smartphones,1318.9
2024-07-29,SonyXperia,0,1199,2024-08-01,Growth,Smartphones,1318.9
2024-07-30,SonyXperia,0,1199,2024-08-01,Growth,Smartphones,1318.9
2024-07-31,SonyXperia,0,1199,2024-08-01,Growth,Smartphones,1318.9
2024-08-01,SonyXperia,20,1199,2024-08-01,Growth,Smartphones,1252.96
2024-08-02,SonyXperia,24,1199,2024-08-01,Growth,Smartphones,1318.9
2024-08-03,SonyXperia,23,1199,2024-08-01,Growth,Smartphones,1318.9
2024-08-04,SonyXperia,24,1199,2024-08-01,Growth,Smartphones,1318.9
2024-08-05,SonyXperia,21,1199,2024-08-01,Growth,Smartphones,1318.9
2024-08-06,SonyXperia,20,1199,2024-08-01,Growth,Smartphones,1318.9
2024-08-07,SonyXperia,20,1199,2024-08-01,Growth,Smartphones,1318.9
2024-08-08,SonyXperia,19,1199,2024-08-01,Growth,Smartphones,1318.9
2024-08-09,SonyXperia,24,1199,2024-08-01,Growth,Smartphones,1318.9
2024-08-10,SonyXperia,24,1199,2024-08-01,Growth,Smartphones,1318.9
2024-08-11,SonyXperia,22,1199,2024-08-01,Growth,Smartphones,1318.9
2024-08-12,SonyXperia,19,1199,2024-08-01,Growth,Smartphones,1318.9
2024-08-13,SonyXperia,21,1199,2024-08-01,Growth,Smartphones,1318.9
2024-08-14,SonyXperia,20,1199,2024-08-01,Growth,Smartphones,1252.96
2024-08-15,SonyXperia,19,1199,2024-08-01,Growth,Smartphones,1318.9
2024-08-16,SonyXperia,24,1199,2024-08-01,Growth,Smartphones,1318.9
2024-08-17,SonyXperia,25,1199,2024-08-01,Growth,Smartphones,1318.9
2024-08-18,SonyXperia,22,1199,2024-08-01,Growth,Smartphones,1318.9
2024-08-19,SonyXperia,21,1199,2024-08-01,Growth,Smartphones,1318.9
2024-08-20,SonyXperia,20,1199,2024-08-01,Growth,Smartphones,1252.96
2024-08-21,SonyXperia,19,1199,2024-08-01,Growth,Smartphones,1318.9
2024-08-22,SonyXperia,20,1199,2024-08-01,Growth,Smartphones,1252.96
2024-08-23,SonyXperia,23,1199,2024-08-01,Growth,Smartphones,1318.9
2024-08-24,SonyXperia,24,1199,2024-08-01,Growth,Smartphones,1318.9
2024-08-25,SonyXperia,22,1199,2024-08-01,Growth,Smartphones,1252.96
2024-08-26,SonyXperia,20,1199,2024-08-01,Growth,Smartphones,1318.9
2024-08-27,SonyXperia,20,1199,2024-08-01,Growth,Smartphones,1252.96
2024-08-28,SonyXperia,22,1199,2024-08-01,Growth,Smartphones,1252.96
2024-08-29,SonyXperia,20,1199,2024-08-01,Growth,Smartphones,1252.96
2024-08-30,SonyXperia,24,1199,2024-08-01,Growth,Smartphones,1318.9
2024-08-31,SonyXperia,25,1199,2024-08-01,Growth,Smartphones,1258.95
2024-09-01,SonyXperia,23,1199,2024-08-01,Growth,Smartphones,1139.05
2024-09-02,SonyXperia,21,1199,2024-08-01,Growth,Smartphones,1199
2024-09-03,SonyXperia,20,1199,2024-08-01,Growth,Smartphones,1199
2024-09-04,SonyXperia,22,1199,2024-08-01,Growth,Smartphones,1258.95
2024-09-05,SonyXperia,23,1199,2024-08-01,Growth,Smartphones,1139.05
2024-09-06,SonyXperia,25,1199,2024-08-01,Growth,Smartphones,1199
2024-09-07,SonyXperia,25,1199,2024-08-01,Growth,Smartphones,1199
2024-09-08,SonyXperia,26,1199,2024-08-01,Growth,Smartphones,1199
2024-09-09,SonyXperia,22,1199,2024-08-01,Growth,Smartphones,1199
2024-09-10,SonyXperia,20,1199,2024-08-01,Growth,Smartphones,1258.95
2024-09-11,SonyXperia,20,1199,2024-08-01,Growth,Smartphones,1199
2024-09-12,SonyXperia,21,1199,2024-08-01,Growth,Smartphones,1199
2024-09-13,SonyXperia,26,1199,2024-08-01,Growth,Smartphones,1199
2024-09-14,SonyXperia,27,1199,2024-08-01,Growth,Smartphones,1258.95
2024-09-15,SonyXperia,24,1199,2024-08-01,Growth,Smartphones,1258.95
2024-09-16,SonyXperia,20,1199,2024-08-01,Growth,Smartphones,1139.05
2024-09-17,SonyXperia,20,1199,2024-08-01,Growth,Smartphones,1199
2024-09-18,SonyXperia,22,1199,2024-08-01,Growth,Smartphones,1199
2024-09-19,SonyXperia,21,1199,2024-08-01,Growth,Smartphones,1199
2024-09-20,SonyXperia,22,1199,2024-08-01,Growth,Smartphones,1199
2024-09-21,SonyXperia,22,1199,2024-08-01,Growth,Smartphones,1199
2024-09-22,SonyXperia,25,1199,2024-08-01,Growth,Smartphones,1199
2024-09-23,SonyXperia,20,1199,2024-08-01,Growth,Smartphones,1199
2024-09-24,SonyXperia,19,1199,2024-08-01,Growth,Smartphones,1199
2024-09-25,SonyXperia,24,1199,2024-08-01,Growth,Smartphones,1199
2024-09-26,SonyXperia,25,1199,2024-08-01,Growth,Smartphones,1199
2024-09-27,SonyXperia,27,1199,2024-08-01,Growth,Smartphones,1139.05
2024-09-28,SonyXperia,27,1199,2024-08-01,Growth,Smartphones,1199
2024-09-29,SonyXperia,28,1199,2024-08-01,Growth,Smartphones,1199
2024-09-30,SonyXperia,24,1199,2024-08-01,Growth,Smartphones,1199
2024-10-01,SonyXperia,23,1199,2024-08-01,Growth,Smartphones,1199
2024-10-02,SonyXperia,24,1199,2024-08-01,Growth,Smartphones,1258.95
2024-10-03,SonyXperia,26,1199,2024-08-01,Growth,Smartphones,1199
2024-10-04,SonyXperia,27,1199,2024-08-01,Growth,Smartphones,1199
2024-10-05,SonyXperia,26,1199,2024-08-01,Growth,Smartphones,1199
2024-10-06,SonyXperia,26,1199,2024-08-01,Growth,Smartphones,1139.05
2024-10-07,SonyXperia,24,1199,2024-08-01,Growth,Smartphones,1139.05
2024-10-08,SonyXperia,22,1199,2024-08-01,Growth,Smartphones,1199
2024-10-09,SonyXperia,23,1199,2024-08-01,Growth,Smartphones,1199
2024-10-10,SonyXperia,23,1199,2024-08-01,Growth,Smartphones,1199
