data/sales_with_pricing_new(1).csv
date,product_id,units_sold,base_price,release_date,lifecycle,category,current_price
2024-10-11,SonyXperia,27,1199,2024-08-01,Growth,Smartphones,1199
2024-10-12,SonyXperia,28,1199,2024-08-01,Growth,Smartphones,1199
2024-10-13,SonyXperia,29,1199,2024-08-01,Growth,Smartphones,1199
2024-10-14,SonyXperia,25,1199,2024-08-01,Growth,Smartphones,1199
2024-10-15,SonyXperia,23,1199,2024-08-01,Growth,Smartphones,1199
2024-10-16,SonyXperia,25,1199,2024-08-01,Growth,Smartphones,1199
2024-10-17,SonyXperia,23,1199,2024-08-01,Growth,Smartphones,1199
2024-10-18,SonyXperia,28,1199,2024-08-01,Growth,Smartphones,1199
2024-10-19,SonyXperia,28,1199,2024-08-01,Growth,Smartphones,1199
2024-10-20,SonyXperia,29,1199,2024-08-01,Growth,Smartphones,1258.95
2024-10-21,SonyXperia,23,1199,2024-08-01,Growth,Smartphones,1199
2024-10-22,SonyXperia,25,1199,2024-08-01,Growth,Smartphones,1199
2024-10-23,SonyXperia,24,1199,2024-08-01,Growth,Smartphones,1258.95
2024-10-24,SonyXperia,24,1199,2024-08-01,Growth,Smartphones,1199
2024-10-25,SonyXperia,26,1199,2024-08-01,Growth,Smartphones,1199
2024-10-26,SonyXperia,28,1199,2024-08-01,Growth,Smartphones,1199
2024-10-27,SonyXperia,28,1199,2024-08-01,Growth,Smartphones,1139.05
2024-10-28,SonyXperia,24,1199,2024-08-01,Growth,Smartphones,1199
2024-10-29,SonyXperia,22,1199,2024-08-01,Growth,Smartphones,1258.95
2024-10-30,SonyXperia,28,1199,2024-08-01,Growth,Smartphones,1199
2024-10-31,SonyXperia,26,1199,2024-08-01,Growth,Smartphones,1199
2024-11-01,SonyXperia,32,1199,2024-08-01,Growth,Smartphones,1019.15
2024-11-02,SonyXperia,30,1199,2024-08-01,Growth,Smartphones,1019.15
2024-11-03,SonyXperia,30,1199,2024-08-01,Growth,Smartphones,1019.15
2024-11-04,SonyXperia,25,1199,2024-08-01,Growth,Smartphones,1019.15
2024-11-05,SonyXperia,26,1199,2024-08-01,Growth,Smartphones,1019.15
2024-11-06,SonyXperia,23,1199,2024-08-01,Growth,Smartphones,1019.15
2024-11-07,SonyXperia,27,1199,2024-08-01,Growth,Smartphones,1070.11
2024-11-08,SonyXperia,30,1199,2024-08-01,Growth,Smartphones,1070.11
2024-11-09,SonyXperia,30,1199,2024-08-01,Growth,Smartphones,1019.15
2024-11-10,SonyXperia,30,1199,2024-08-01,Growth,Smartphones,1070.11
2024-11-11,SonyXperia,26,1199,2024-08-01,Growth,Smartphones,968.19
2024-11-12,SonyXperia,28,1199,2024-08-01,Growth,Smartphones,1070.11
2024-11-13,SonyXperia,29,1199,2024-08-01,Growth,Smartphones,1070.11
2024-11-14,SonyXperia,26,1199,2024-08-01,Growth,Smartphones,1070.11
2024-11-15,SonyXperia,31,1199,2024-08-01,Growth,Smartphones,1070.11
2024-11-16,SonyXperia,30,1199,2024-08-01,Growth,Smartphones,1070.11
2024-11-17,SonyXperia,31,1199,2024-08-01,Growth,Smartphones,1070.11
2024-11-18,SonyXperia,24,1199,2024-08-01,Growth,Smartphones,1019.15
2024-11-19,SonyXperia,25,1199,2024-08-01,Growth,Smartphones,1070.11
2024-11-20,SonyXperia,28,1199,2024-08-01,Growth,Smartphones,1019.15
2024-11-21,SonyXperia,28,1199,2024-08-01,Growth,Smartphones,1019.15
2024-11-22,SonyXperia,32,1199,2024-08-01,Growth,Smartphones,1019.15
2024-11-23,SonyXperia,30,1199,2024-08-01,Growth,Smartphones,1070.11
2024-11-24,SonyXperia,30,1199,2024-08-01,Growth,Smartphones,968.19
2024-11-25,SonyXperia,26,1199,2024-08-01,Growth,Smartphones,1019.15
2024-11-26,SonyXperia,25,1199,2024-08-01,Growth,Smartphones,1070.11
2024-11-27,SonyXperia,25,1199,2024-08-01,Growth,Smartphones,1019.15
2024-11-28,SonyXperia,27,1199,2024-08-01,Growth,Smartphones,1070.11
2024-11-29,SonyXperia,30,1199,2024-08-01,Growth,Smartphones,968.19
2024-11-30,SonyXperia,30,1199,2024-08-01,Growth,Smartphones,1070.11
2024-12-01,SonyXperia,32,1199,2024-08-01,Growth,Smartphones,1199
2024-12-02,SonyXperia,29,1199,2024-08-01,Growth,Smartphones,1199
2024-12-03,SonyXperia,27,1199,2024-08-01,Growth,Smartphones,1199
2024-12-04,SonyXperia,28,1199,2024-08-01,Growth,Smartphones,1199
2024-12-05,SonyXperia,28,1199,2024-08-01,Growth,Smartphones,1199
2024-12-06,SonyXperia,34,1199,2024-08-01,Growth,Smartphones,1139.05
2024-12-07,SonyXperia,33,1199,2024-08-01,Growth,Smartphones,1199
2024-12-08,SonyXperia,32,1199,2024-08-01,Growth,Smartphones,1199
2024-12-09,SonyXperia,30,1199,2024-08-01,Growth,Smartphones,1199
2024-12-10,SonyXperia,27,1199,2024-08-01,Growth,Smartphones,1199
2024-12-11,SonyXperia,30,1199,2024-08-01,Growth,Smartphones,1199
2024-12-12,SonyXperia,32,1199,2024-08-01,Growth,Smartphones,1139.05
2024-12-13,SonyXperia,35,1199,2024-08-01,Growth,Smartphones,1139.05
2024-12-14,SonyXperia,31,1199,2024-08-01,Growth,Smartphones,1139.05
2024-12-15,SonyXperia,31,1199,2024-08-01,Growth,Smartphones,1199
2024-12-16,SonyXperia,28,1199,2024-08-01,Growth,Smartphones,1199
2024-12-17,SonyXperia,31,1199,2024-08-01,Growth,Smartphones,1199
2024-12-18,SonyXperia,29,1199,2024-08-01,Growth,Smartphones,1139.05
2024-12-19,SonyXperia,28,1199,2024-08-01,Growth,Smartphones,1199
2024-12-20,SonyXperia,50,1199,2024-08-01,Growth,Smartphones,1258.95
2024-12-21,SonyXperia,46,1199,2024-08-01,Growth,Smartphones,1139.05
2024-12-22,SonyXperia,45,1199,2024-08-01,Growth,Smartphones,1139.05
2024-12-23,SonyXperia,42,1199,2024-08-01,Growth,Smartphones,1258.95
2024-12-24,SonyXperia,42,1199,2024-08-01,Growth,Smartphones,1199
2024-12-25,SonyXperia,45,1199,2024-08-01,Growth,Smartphones,1199
2024-12-26,SonyXperia,44,1199,2024-08-01,Growth,Smartphones,1199
2024-12-27,SonyXperia,50,1199,2024-08-01,Growth,Smartphones,1139.05
2024-12-28,SonyXperia,51,1199,2024-08-01,Growth,Smartphones,1199
2024-12-29,SonyXperia,57,1199,2024-08-01,Growth,Smartphones,1258.95
2024-12-30,SonyXperia,49,1199,2024-08-01,Growth,Smartphones,1199
2024-12-31,SonyXperia,47,1199,2024-08-01,Growth,Smartphones,1258.95
2025-01-01,SonyXperia,34,1199,2024-08-01,Growth,Smartphones,1139.05
2025-01-02,SonyXperia,31,1199,2024-08-01,Growth,Smartphones,1199
2025-01-03,SonyXperia,34,1199,2024-08-01,Growth,Smartphones,1199
2025-01-04,SonyXperia,37,1199,2024-08-01,Growth,Smartphones,1199
2025-01-05,SonyXperia,36,1199,2024-08-01,Growth,Smartphones,1258.95
2025-01-06,SonyXperia,34,1199,2024-08-01,Growth,Smartphones,1139.05
2025-01-07,SonyXperia,32,1199,2024-08-01,Growth,Smartphones,1139.05
2025-01-08,SonyXperia,30,1199,2024-08-01,Growth,Smartphones,1199
2025-01-09,SonyXperia,31,1199,2024-08-01,Growth,Smartphones,1258.95
2025-01-10,SonyXperia,35,1199,2024-08-01,Growth,Smartphones,1199
2025-01-11,SonyXperia,33,1199,2024-08-01,Growth,Smartphones,1199
2025-01-12,SonyXperia,34,1199,2024-08-01,Growth,Smartphones,1258.95
2025-01-13,SonyXperia,32,1199,2024-08-01,Growth,Smartphones,1258.95
2025-01-14,SonyXperia,30,1199,2024-08-01,Growth,Smartphones,1199
2025-01-15,SonyXperia,33,1199,2024-08-01,Growth,Smartphones,1258.95
2025-01-16,SonyXperia,30,1199,2024-08-01,Growth,Smartphones,1199
2025-01-17,SonyXperia,38,1199,2024-08-01,Growth,Smartphones,1199
2025-01-18,SonyXperia,35,1199,2024-08-01,Growth,Smartphones,1199
2025-01-19,SonyXperia,38,1199,2024-08-01,Growth,Smartphones,1199
2025-01-20,SonyXperia,33,1199,2024-08-01,Growth,Smartphones,1199
2025-01-21,SonyXperia,29,1199,2024-08-01,Growth,Smartphones,1199
2025-01-22,SonyXperia,29,1199,2024-08-01,Growth,Smartphones,1199
2025-01-23,SonyXperia,32,1199,2024-08-01,Growth,Smartphones,1258.95
2025-01-24,SonyXperia,35,1199,2024-08-01,Growth,Smartphones,1199
2025-01-25,SonyXperia,35,1199,2024-08-01,Growth,Smartphones,1139.05
2025-01-26,SonyXperia,38,1199,2024-08-01,Growth,Smartphones,1199
2025-01-27,SonyXperia,31,1199,2024-08-01,Growth,Smartphones,1258.95
2025-01-28,SonyXperia,33,1199,2024-08-01,Growth,Smartphones,1199
2025-01-29,SonyXperia,38,1199,2024-08-01,Growth,Smartphones,1199
2025-01-30,SonyXperia,35,1199,2024-08-01,Growth,Smartphones,1139.05
2025-01-31,SonyXperia,42,1199,2024-08-01,Growth,Smartphones,1258.95
2025-02-01,SonyXperia,40,1199,2024-08-01,Growth,Smartphones,1199
2025-02-02,SonyXperia,43,1199,2024-08-01,Growth,Smartphones,1199
2025-02-03,SonyXperia,38,1199,2024-08-01,Growth,Smartphones,1139.05
2025-02-04,SonyXperia,33,1199,2024-08-01,Growth,Smartphones,1258.95
2025-02-05,SonyXperia,38,1199,2024-08-01,Growth,Smartphones,1199
2025-02-06,SonyXperia,37,1199,2024-08-01,Growth,Smartphones,1199
2025-02-07,SonyXperia,43,1199,2024-08-01,Growth,Smartphones,1258.95
2025-02-08,SonyXperia,43,1199,2024-08-01,Growth,Smartphones,1199
2025-02-09,SonyXperia,38,1199,2024-08-01,Growth,Smartphones,1199
2025-02-10,SonyXperia,31,1199,2024-08-01,Growth,Smartphones,1199
2025-02-11,SonyXperia,35,1199,2024-08-01,Growth,Smartphones,1258.95
2025-02-12,SonyXperia,35,1199,2024-08-01,Growth,Smartphones,1199
2025-02-13,SonyXperia,38,1199,2024-08-01,Growth,Smartphones,1258.95
2025-02-14,SonyXperia,38,1199,2024-08-01,Growth,Smartphones,1139.05
2025-02-15,SonyXperia,40,1199,2024-08-01,Growth,Smartphones,1199
2025-02-16,SonyXperia,37,1199,2024-08-01,Growth,Smartphones,1199
2025-02-17,SonyXperia,37,1199,2024-08-01,Growth,Smartphones,1258.95
2025-02-18,SonyXperia,32,1199,2024-08-01,Growth,Smartphones,1199
2025-02-19,SonyXperia,34,1199,2024-08-01,Growth,Smartphones,1139.05
2025-02-20,SonyXperia,32,1199,2024-08-01,Growth,Smartphones,1199
2025-02-21,SonyXperia,41,1199,2024-08-01,Growth,Smartphones,1199
2025-02-22,SonyXperia,43,1199,2024-08-01,Growth,Smartphones,1139.05
2025-02-23,SonyXperia,38,1199,2024-08-01,Growth,Smartphones,1139.05
2025-02-24,SonyXperia,36,1199,2024-08-01,Growth,Smartphones,1199
2025-02-25,SonyXperia,33,1199,2024-08-01,Growth,Smartphones,1139.05
2025-02-26,SonyXperia,34,1199,2024-08-01,Growth,Smartphones,1199
2025-02-27,SonyXperia,35,1199,2024-08-01,Growth,Smartphones,1258.95
2025-02-28,SonyXperia,43,1199,2024-08-01,Growth,Smartphones,1258.95
2025-03-01,SonyXperia,40,1199,2024-08-01,Growth,Smartphones,1199
2025-03-02,SonyXperia,43,1199,2024-08-01,Growth,Smartphones,1258.95
2025-03-03,SonyXperia,36,1199,2024-08-01,Growth,Smartphones,1199
2025-03-04,SonyXperia,36,1199,2024-08-01,Growth,Smartphones,1258.95
2025-03-05,SonyXperia,33,1199,2024-08-01,Growth,Smartphones,1199
2025-03-06,SonyXperia,38,1199,2024-08-01,Growth,Smartphones,1139.05
2025-03-07,SonyXperia,44,1199,2024-08-01,Growth,Smartphones,1199
2025-03-08,SonyXperia,41,1199,2024-08-01,Growth,Smartphones,1199
2025-03-09,SonyXperia,40,1199,2024-08-01,Growth,Smartphones,1258.95
2025-03-10,SonyXperia,35,1199,2024-08-01,Growth,Smartphones,1199
2025-03-11,SonyXperia,38,1199,2024-08-01,Growth,Smartphones,1258.95
2025-03-12,SonyXperia,36,1199,2024-08-01,Growth,Smartphones,1199
2025-03-13,SonyXperia,35,1199,2024-08-01,Growth,Smartphones,1139.05
2025-03-14,SonyXperia,38,1199,2024-08-01,Growth,Smartphones,1199
2025-03-15,SonyXperia,41,1199,2024-08-01,Growth,Smartphones,1258.95
2025-03-16,SonyXperia,40,1199,2024-08-01,Growth,Smartphones,1258.95
2025-03-17,SonyXperia,38,1199,2024-08-01,Growth,Smartphones,1258.95
2025-03-18,SonyXperia,34,1199,2024-08-01,Growth,Smartphones,1199
2025-03-19,SonyXperia,35,1199,2024-08-01,Growth,Smartphones,1139.05
2025-03-20,SonyXperia,34,1199,2024-08-01,Growth,Smartphones,1199
2025-03-21,SonyXperia,41,1199,2024-08-01,Growth,Smartphones,1258.95
2025-03-22,SonyXperia,42,1199,2024-08-01,Growth,Smartphones,1199
2025-03-23,SonyXperia,41,1199,2024-08-01,Growth,Smartphones,1199
2025-03-24,SonyXperia,35,1199,2024-08-01,Growth,Smartphones,1258.95
2025-03-25,SonyXperia,38,1199,2024-08-01,Growth,Smartphones,1139.05
2025-03-26,SonyXperia,38,1199,2024-08-01,Growth,Smartphones,1199
2025-03-27,SonyXperia,39,1199,2024-08-01,Growth,Smartphones,1258.95
2025-03-28,SonyXperia,43,1199,2024-08-01,Growth,Smartphones,1199
2025-03-29,SonyXperia,48,1199,2024-08-01,Growth,Smartphones,1199
2025-03-30,SonyXperia,48,1199,2024-08-01,Growth,Smartphones,1139.05
2025-03-31,SonyXperia,35,1199,2024-08-01,Growth,Smartphones,1199
2024-01-01,MacBookAirM3,0,1099,2024-03-01,Growth,Laptops,1208.9
2024-01-02,MacBookAirM3,0,1099,2024-03-01,Growth,Laptops,1208.9
2024-01-03,MacBookAirM3,0,1099,2024-03-01,Growth,Laptops,1148.46
2024-01-04,MacBookAirM3,0,1099,2024-03-01,Growth,Laptops,1208.9
2024-01-05,MacBookAirM3,0,1099,2024-03-01,Growth,Laptops,1208.9
2024-01-06,MacBookAirM3,0,1099,2024-03-01,Growth,Laptops,1208.9
2024-01-07,MacBookAirM3,0,1099,2024-03-01,Growth,Laptops,1148.46
2024-01-08,MacBookAirM3,0,1099,2024-03-01,Growth,Laptops,1208.9
2024-01-09,MacBookAirM3,0,1099,2024-03-01,Growth,Laptops,1148.46
2024-01-10,MacBookAirM3,0,1099,2024-03-01,Growth,Laptops,1208.9
2024-01-11,MacBookAirM3,0,1099,2024-03-01,Growth,Laptops,1208.9
2024-01-12,MacBookAirM3,0,1099,2024-03-01,Growth,Laptops,1208.9
2024-01-13,MacBookAirM3,0,1099,2024-03-01,Growth,Laptops,1208.9
2024-01-14,MacBookAirM3,0,1099,2024-03-01,Growth,Laptops,1208.9
2024-01-15,MacBookAirM3,0,1099,2024-03-01,Growth,Laptops,1208.9
2024-01-16,MacBookAirM3,0,1099,2024-03-01,Growth,Laptops,1208.9
2024-01-17,MacBookAirM3,0,1099,2024-03-01,Growth,Laptops,1208.9
2024-01-18,MacBookAirM3,0,1099,2024-03-01,Growth,Laptops,1208.9
2024-01-19,MacBookAirM3,0,1099,2024-03-01,Growth,Laptops,1208.9
2024-01-20,MacBookAirM3,0,1099,2024-03-01,Growth,Laptops,1208.9
2024-01-21,MacBookAirM3,0,1099,2024-03-01,Growth,Laptops,1148.46
2024-01-22,MacBookAirM3,0,1099,2024-03-01,Growth,Laptops,1208.9
2024-01-23,MacBookAirM3,0,1099,2024-03-01,Growth,Laptops,1208.9
2024-01-24,MacBookAirM3,0,1099,2024-03-01,Growth,Laptops,1208.9
2024-01-25,MacBookAirM3,0,1099,2024-03-01,Growth,Laptops,1208.9
2024-01-26,MacBookAirM3,0,1099,2024-03-01,Growth,Laptops,1208.9
2024-01-27,MacBookAirM3,0,1099,2024-03-01,Growth,Laptops,1148.46
2024-01-28,MacBookAirM3,0,1099,2024-03-01,Growth,Laptops,1208.9
2024-01-29,MacBookAirM3,0,1099,2024-03-01,Growth,Laptops,1208.9
2024-01-30,MacBookAirM3,0,1099,2024-03-01,Growth,Laptops,1148.46
2024-01-31,MacBookAirM3,0,1099,2024-03-01,Growth,Laptops,1208.9
2024-02-01,MacBookAirM3,0,1099,2024-03-01,Growth,Laptops,1208.9
2024-02-02,MacBookAirM3,0,1099,2024-03-01,Growth,Laptops,1208.9
2024-02-03,MacBookAirM3,0,1099,2024-03-01,Growth,Laptops,1208.9
2024-02-04,MacBookAirM3,0,1099,2024-03-01,Growth,Laptops,1208.9
2024-02-05,MacBookAirM3,0,1099,2024-03-01,Growth,Laptops,1148.46
2024-02-06,MacBookAirM3,0,1099,2024-03-01,Growth,Laptops,1208.9
2024-02-07,MacBookAirM3,0,1099,2024-03-01,Growth,Laptops,1208.9
2024-02-08,MacBookAirM3,0,1099,2024-03-01,Growth,Laptops,1148.46
2024-02-09,MacBookAirM3,0,1099,2024-03-01,Growth,Laptops,1208.9
2024-02-10,MacBookAirM3,0,1099,2024-03-01,Growth,Laptops,1208.9
2024-02-11,MacBookAirM3,0,1099,2024-03-01,Growth,Laptops,1208.9
2024-02-12,MacBookAirM3,0,1099,2024-03-01,Growth,Laptops,1208.9
2024-02-13,MacBookAirM3,0,1099,2024-03-01,Growth,Laptops,1208.9
2024-02-14,MacBookAirM3,0,1099,2024-03-01,Growth,Laptops,1208.9
2024-02-15,MacBookAirM3,0,1099,2024-03-01,Growth,Laptops,1208.9
2024-02-16,MacBookAirM3,0,1099,2024-03-01,Growth,Laptops,1208.9
2024-02-17,MacBookAirM3,0,1099,2024-03-01,Growth,Laptops,1208.9
2024-02-18,MacBookAirM3,0,1099,2024-03-01,Growth,Laptops,1208.9
2024-02-19,MacBookAirM3,0,1099,2024-03-01,Growth,Laptops,1208.9
2024-02-20,MacBookAirM3,0,1099,2024-03-01,Growth,Laptops,1208.9
2024-02-21,MacBookAirM3,0,1099,2024-03-01,Growth,Laptops,1208.9
2024-02-22,MacBookAirM3,0,1099,2024-03-01,Growth,Laptops,1208.9
2024-02-23,MacBookAirM3,0,1099,2024-03-01,Growth,Laptops,1208.9
2024-02-24,MacBookAirM3,0,1099,2024-03-01,Growth,Laptops,1208.9
2024-02-25,MacBookAirM3,0,1099,2024-03-01,Growth,Laptops,1148.46
2024-02-26,MacBookAirM3,0,1099,2024-03-01,Growth,Laptops,1208.9
2024-02-27,MacBookAirM3,0,1099,2024-03-01,Growth,Laptops,1208.9
2024-02-28,MacBookAirM3,0,1099,2024-03-01,Growth,Laptops,1208.9
2024-02-29,MacBookAirM3,0,1099,2024-03-01,Growth,Laptops,1148.46
2024-03-01,MacBookAirM3,27,1099,2024-03-01,Growth,Laptops,1208.9
2024-03-02,MacBookAirM3,30,1099,2024-03-01,Growth,Laptops,1208.9
2024-03-03,MacBookAirM3,29,1099,2024-03-01,Growth,Laptops,1148.46
2024-03-04,MacBookAirM3,23,1099,2024-03-01,Growth,Laptops,1208.9
2024-03-05,MacBookAirM3,24,1099,2024-03-01,Growth,Laptops,1208.9
2024-03-06,MacBookAirM3,24,1099,2024-03-01,Growth,Laptops,1208.9
2024-03-07,MacBookAirM3,24,1099,2024-03-01,Growth,Laptops,1208.9
2024-03-08,MacBookAirM3,30,1099,2024-03-01,Growth,Laptops,1148.46
2024-03-09,MacBookAirM3,30,1099,2024-03-01,Growth,Laptops,1208.9
2024-03-10,MacBookAirM3,29,1099,2024-03-01,Growth,Laptops,1208.9
2024-03-11,MacBookAirM3,26,1099,2024-03-01,Growth,Laptops,1148.46
2024-03-12,MacBookAirM3,25,1099,2024-03-01,Growth,Laptops,1208.9
2024-03-13,MacBookAirM3,24,1099,2024-03-01,Growth,Laptops,1208.9
2024-03-14,MacBookAirM3,23,1099,2024-03-01,Growth,Laptops,1148.46
2024-03-15,MacBookAirM3,28,1099,2024-03-01,Growth,Laptops,1208.9
2024-03-16,MacBookAirM3,30,1099,2024-03-01,Growth,Laptops,1208.9
2024-03-17,MacBookAirM3,29,1099,2024-03-01,Growth,Laptops,1208.9
2024-03-18,MacBookAirM3,24,1099,2024-03-01,Growth,Laptops,1208.9
2024-03-19,MacBookAirM3,22,1099,2024-03-01,Growth,Laptops,1208.9
2024-03-20,MacBookAirM3,22,1099,2024-03-01,Growth,Laptops,1148.46
2024-03-21,MacBookAirM3,26,1099,2024-03-01,Growth,Laptops,1148.46
2024-03-22,MacBookAirM3,29,1099,2024-03-01,Growth,Laptops,1148.46
2024-03-23,MacBookAirM3,29,1099,2024-03-01,Growth,Laptops,1208.9
2024-03-24,MacBookAirM3,30,1099,2024-03-01,Growth,Laptops,1148.46
2024-03-25,MacBookAirM3,27,1099,2024-03-01,Growth,Laptops,1208.9
2024-03-26,MacBookAirM3,26,1099,2024-03-01,Growth,Laptops,1208.9
2024-03-27,MacBookAirM3,30,1099,2024-03-01,Growth,Laptops,1148.46
2024-03-28,MacBookAirM3,30,1099,2024-03-01,Growth,Laptops,1208.9
2024-03-29,MacBookAirM3,33,1099,2024-03-01,Growth,Laptops,1208.9
2024-03-30,MacBookAirM3,31,1099,2024-03-01,Growth,Laptops,1208.9
2024-03-31,MacBookAirM3,33,1099,2024-03-01,Growth,Laptops,1099
2024-04-01,MacBookAirM3,26,1099,2024-03-01,Growth,Laptops,1099
2024-04-02,MacBookAirM3,27,1099,2024-03-01,Growth,Laptops,1099
2024-04-03,MacBookAirM3,25,1099,2024-03-01,Growth,Laptops,1099
2024-04-04,MacBookAirM3,27,1099,2024-03-01,Growth,Laptops,1099
2024-04-05,MacBookAirM3,29,1099,2024-03-01,Growth,Laptops,1044.05
2024-04-06,MacBookAirM3,30,1099,2024-03-01,Growth,Laptops,1099
2024-04-07,MacBookAirM3,32,1099,2024-03-01,Growth,Laptops,1099
2024-04-08,MacBookAirM3,28,1099,2024-03-01,Growth,Laptops,1099
