data/sales_with_pricing_new(1).csv
date,product_id,units_sold,base_price,release_date,lifecycle,category,current_price
2024-04-09,MacBookAirM3,29,1099,2024-03-01,Growth,Laptops,1153.95
2024-04-10,MacBookAirM3,28,1099,2024-03-01,Growth,Laptops,1153.95
2024-04-11,MacBookAirM3,27,1099,2024-03-01,Growth,Laptops,1099
2024-04-12,MacBookAirM3,30,1099,2024-03-01,Growth,Laptops,1099
2024-04-13,MacBookAirM3,28,1099,2024-03-01,Growth,Laptops,1044.05
2024-04-14,MacBookAirM3,30,1099,2024-03-01,Growth,Laptops,1044.05
2024-04-15,MacBookAirM3,25,1099,2024-03-01,Growth,Laptops,1099
2024-04-16,MacBookAirM3,30,1099,2024-03-01,Growth,Laptops,1099
2024-04-17,MacBookAirM3,26,1099,2024-03-01,Growth,Laptops,1099
2024-04-18,MacBookAirM3,24,1099,2024-03-01,Growth,Laptops,1099
2024-04-19,MacBookAirM3,31,1099,2024-03-01,Growth,Laptops,1153.95
2024-04-20,MacBookAirM3,32,1099,2024-03-01,Growth,Laptops,1099
2024-04-21,MacBookAirM3,31,1099,2024-03-01,Growth,Laptops,1099
2024-04-22,MacBookAirM3,29,1099,2024-03-01,Growth,Laptops,1099
2024-04-23,MacBookAirM3,29,1099,2024-03-01,Growth,Laptops,1099
2024-04-24,MacBookAirM3,29,1099,2024-03-01,Growth,Laptops,1099
2024-04-25,MacBookAirM3,28,1099,2024-03-01,Growth,Laptops,1099
2024-04-26,MacBookAirM3,33,1099,2024-03-01,Growth,Laptops,1099
2024-04-27,MacBookAirM3,29,1099,2024-03-01,Growth,Laptops,1099
2024-04-28,MacBookAirM3,30,1099,2024-03-01,Growth,Laptops,1099
2024-04-29,MacBookAirM3,28,1099,2024-03-01,Growth,Laptops,1099
2024-04-30,MacBookAirM3,29,1099,2024-03-01,Growth,Laptops,1099
2024-05-01,MacBookAirM3,32,1099,2024-03-01,Growth,Laptops,1153.95
2024-05-02,MacBookAirM3,30,1099,2024-03-01,Growth,Laptops,1044.05
2024-05-03,MacBookAirM3,39,1099,2024-03-01,Growth,Laptops,1099
2024-05-04,MacBookAirM3,32,1099,2024-03-01,Growth,Laptops,1044.05
2024-05-05,MacBookAirM3,35,1099,2024-03-01,Growth,Laptops,1099
2024-05-06,MacBookAirM3,31,1099,2024-03-01,Growth,Laptops,1099
2024-05-07,MacBookAirM3,30,1099,2024-03-01,Growth,Laptops,1099
2024-05-08,MacBookAirM3,30,1099,2024-03-01,Growth,Laptops,1099
2024-05-09,MacBookAirM3,29,1099,2024-03-01,Growth,Laptops,1099
2024-05-10,MacBookAirM3,37,1099,2024-03-01,Growth,Laptops,1099
2024-05-11,MacBookAirM3,33,1099,2024-03-01,Growth,Laptops,1099
2024-05-12,MacBookAirM3,32,1099,2024-03-01,Growth,Laptops,1099
2024-05-13,MacBookAirM3,30,1099,2024-03-01,Growth,Laptops,1044.05
2024-05-14,MacBookAirM3,33,1099,2024-03-01,Growth,Laptops,1099
2024-05-15,MacBookAirM3,29,1099,2024-03-01,Growth,Laptops,1099
2024-05-16,MacBookAirM3,29,1099,2024-03-01,Growth,Laptops,1099
2024-05-17,MacBookAirM3,34,1099,2024-03-01,Growth,Laptops,1099
2024-05-18,MacBookAirM3,33,1099,2024-03-01,Growth,Laptops,1153.95
2024-05-19,MacBookAirM3,34,1099,2024-03-01,Growth,Laptops,1099
2024-05-20,MacBookAirM3,29,1099,2024-03-01,Growth,Laptops,1099
2024-05-21,MacBookAirM3,30,1099,2024-03-01,Growth,Laptops,1099
2024-05-22,MacBookAirM3,26,1099,2024-03-01,Growth,Laptops,1153.95
2024-05-23,MacBookAirM3,27,1099,2024-03-01,Growth,Laptops,1099
2024-05-24,MacBookAirM3,34,1099,2024-03-01,Growth,Laptops,1044.05
2024-05-25,MacBookAirM3,35,1099,2024-03-01,Growth,Laptops,1153.95
2024-05-26,MacBookAirM3,34,1099,2024-03-01,Growth,Laptops,1099
2024-05-27,MacBookAirM3,31,1099,2024-03-01,Growth,Laptops,1044.05
2024-05-28,MacBookAirM3,32,1099,2024-03-01,Growth,Laptops,1099
2024-05-29,MacBookAirM3,30,1099,2024-03-01,Growth,Laptops,1099
2024-05-30,MacBookAirM3,31,1099,2024-03-01,Growth,Laptops,1099
2024-05-31,MacBookAirM3,38,1099,2024-03-01,Growth,Laptops,1099
2024-06-01,MacBookAirM3,36,1099,2024-03-01,Growth,Laptops,1099
2024-06-02,MacBookAirM3,37,1099,2024-03-01,Growth,Laptops,1099
2024-06-03,MacBookAirM3,34,1099,2024-03-01,Growth,Laptops,1099
2024-06-04,MacBookAirM3,34,1099,2024-03-01,Growth,Laptops,1153.95
2024-06-05,MacBookAirM3,33,1099,2024-03-01,Growth,Laptops,1044.05
2024-06-06,MacBookAirM3,33,1099,2024-03-01,Growth,Laptops,1099
2024-06-07,MacBookAirM3,38,1099,2024-03-01,Growth,Laptops,1099
2024-06-08,MacBookAirM3,37,1099,2024-03-01,Growth,Laptops,1099
2024-06-09,MacBookAirM3,33,1099,2024-03-01,Growth,Laptops,1153.95
2024-06-10,MacBookAirM3,33,1099,2024-03-01,Growth,Laptops,1153.95
2024-06-11,MacBookAirM3,34,1099,2024-03-01,Growth,Laptops,1099
2024-06-12,MacBookAirM3,30,1099,2024-03-01,Growth,Laptops,1099
2024-06-13,MacBookAirM3,31,1099,2024-03-01,Growth,Laptops,1099
2024-06-14,MacBookAirM3,39,1099,2024-03-01,Growth,Laptops,1099
2024-06-15,MacBookAirM3,41,1099,2024-03-01,Growth,Laptops,1099
2024-06-16,MacBookAirM3,37,1099,2024-03-01,Growth,Laptops,1044.05
2024-06-17,MacBookAirM3,34,1099,2024-03-01,Growth,Laptops,1099
2024-06-18,MacBookAirM3,32,1099,2024-03-01,Growth,Laptops,1099
2024-06-19,MacBookAirM3,32,1099,2024-03-01,Growth,Laptops,1099
2024-06-20,MacBookAirM3,31,1099,2024-03-01,Growth,Laptops,1099
2024-06-21,MacBookAirM3,36,1099,2024-03-01,Growth,Laptops,1044.05
2024-06-22,MacBookAirM3,39,1099,2024-03-01,Growth,Laptops,1099
2024-06-23,MacBookAirM3,38,1099,2024-03-01,Growth,Laptops,1153.95
2024-06-24,MacBookAirM3,35,1099,2024-03-01,Growth,Laptops,1153.95
2024-06-25,MacBookAirM3,38,1099,2024-03-01,Growth,Laptops,1153.95
2024-06-26,MacBookAirM3,36,1099,2024-03-01,Growth,Laptops,1099
2024-06-27,MacBookAirM3,36,1099,2024-03-01,Growth,Laptops,1153.95
2024-06-28,MacBookAirM3,44,1099,2024-03-01,Growth,Laptops,1099
2024-06-29,MacBookAirM3,45,1099,2024-03-01,Growth,Laptops,1153.95
2024-06-30,MacBookAirM3,42,1099,2024-03-01,Growth,Laptops,1153.95
2024-07-01,MacBookAirM3,47,1099,2024-03-01,Growth,Laptops,1153.95
2024-07-02,MacBookAirM3,46,1099,2024-03-01,Growth,Laptops,1044.05
2024-07-03,MacBookAirM3,49,1099,2024-03-01,Growth,Laptops,1099
2024-07-04,MacBookAirM3,44,1099,2024-03-01,Growth,Laptops,1099
2024-07-05,MacBookAirM3,51,1099,2024-03-01,Growth,Laptops,1099
2024-07-06,MacBookAirM3,52,1099,2024-03-01,Growth,Laptops,1099
2024-07-07,MacBookAirM3,51,1099,2024-03-01,Growth,Laptops,1099
2024-07-08,MacBookAirM3,43,1099,2024-03-01,Growth,Laptops,1099
2024-07-09,MacBookAirM3,49,1099,2024-03-01,Growth,Laptops,1099
2024-07-10,MacBookAirM3,49,1099,2024-03-01,Growth,Laptops,1153.95
2024-07-11,MacBookAirM3,43,1099,2024-03-01,Growth,Laptops,1099
2024-07-12,MacBookAirM3,53,1099,2024-03-01,Growth,Laptops,1099
2024-07-13,MacBookAirM3,53,1099,2024-03-01,Growth,Laptops,1099
2024-07-14,MacBookAirM3,54,1099,2024-03-01,Growth,Laptops,1099
2024-07-15,MacBookAirM3,46,1099,2024-03-01,Growth,Laptops,1099
2024-07-16,MacBookAirM3,45,1099,2024-03-01,Growth,Laptops,1153.95
2024-07-17,MacBookAirM3,44,1099,2024-03-01,Growth,Laptops,1099
2024-07-18,MacBookAirM3,40,1099,2024-03-01,Growth,Laptops,1099
2024-07-19,MacBookAirM3,51,1099,2024-03-01,Growth,Laptops,1099
2024-07-20,MacBookAirM3,53,1099,2024-03-01,Growth,Laptops,1099
2024-07-21,MacBookAirM3,54,1099,2024-03-01,Growth,Laptops,1153.95
2024-07-22,MacBookAirM3,44,1099,2024-03-01,Growth,Laptops,1153.95
2024-07-23,MacBookAirM3,40,1099,2024-03-01,Growth,Laptops,1099
2024-07-24,MacBookAirM3,45,1099,2024-03-01,Growth,Laptops,1099
2024-07-25,MacBookAirM3,50,1099,2024-03-01,Growth,Laptops,1099
2024-07-26,MacBookAirM3,53,1099,2024-03-01,Growth,Laptops,1099
2024-07-27,MacBookAirM3,51,1099,2024-03-01,Growth,Laptops,1099
2024-07-28,MacBookAirM3,55,1099,2024-03-01,Growth,Laptops,1099
2024-07-29,MacBookAirM3,50,1099,2024-03-01,Growth,Laptops,1153.95
2024-07-30,MacBookAirM3,51,1099,2024-03-01,Growth,Laptops,1153.95
2024-07-31,MacBookAirM3,44,1099,2024-03-01,Growth,Laptops,1044.05
2024-08-01,MacBookAirM3,48,1099,2024-03-01,Growth,Laptops,1099
2024-08-02,MacBookAirM3,64,1099,2024-03-01,Growth,Laptops,1099
2024-08-03,MacBookAirM3,62,1099,2024-03-01,Growth,Laptops,1044.05
2024-08-04,MacBookAirM3,55,1099,2024-03-01,Growth,Laptops,1099
2024-08-05,MacBookAirM3,43,1099,2024-03-01,Growth,Laptops,1099
2024-08-06,MacBookAirM3,53,1099,2024-03-01,Growth,Laptops,1099
2024-08-07,MacBookAirM3,55,1099,2024-03-01,Growth,Laptops,1153.95
2024-08-08,MacBookAirM3,49,1099,2024-03-01,Growth,Laptops,1099
2024-08-09,MacBookAirM3,57,1099,2024-03-01,Growth,Laptops,1099
2024-08-10,MacBookAirM3,62,1099,2024-03-01,Growth,Laptops,1044.05
2024-08-11,MacBookAirM3,59,1099,2024-03-01,Growth,Laptops,1099
2024-08-12,MacBookAirM3,49,1099,2024-03-01,Growth,Laptops,1099
2024-08-13,MacBookAirM3,50,1099,2024-03-01,Growth,Laptops,1099
2024-08-14,MacBookAirM3,48,1099,2024-03-01,Growth,Laptops,1099
2024-08-15,MacBookAirM3,49,1099,2024-03-01,Growth,Laptops,1099
2024-08-16,MacBookAirM3,55,1099,2024-03-01,Growth,Laptops,1099
2024-08-17,MacBookAirM3,52,1099,2024-03-01,Growth,Laptops,1099
2024-08-18,MacBookAirM3,49,1099,2024-03-01,Growth,Laptops,1099
2024-08-19,MacBookAirM3,50,1099,2024-03-01,Growth,Laptops,1099
2024-08-20,MacBookAirM3,51,1099,2024-03-01,Growth,Laptops,1099
2024-08-21,MacBookAirM3,52,1099,2024-03-01,Growth,Laptops,1099
2024-08-22,MacBookAirM3,48,1099,2024-03-01,Growth,Laptops,1044.05
2024-08-23,MacBookAirM3,56,1099,2024-03-01,Growth,Laptops,1099
2024-08-24,MacBookAirM3,59,1099,2024-03-01,Growth,Laptops,1099
2024-08-25,MacBookAirM3,60,1099,2024-03-01,Growth,Laptops,1153.95
2024-08-26,MacBookAirM3,48,1099,2024-03-01,Growth,Laptops,1153.95
2024-08-27,MacBookAirM3,55,1099,2024-03-01,Growth,Laptops,1099
2024-08-28,MacBookAirM3,55,1099,2024-03-01,Growth,Laptops,1044.05
2024-08-29,MacBookAirM3,56,1099,2024-03-01,Growth,Laptops,1153.95
2024-08-30,MacBookAirM3,61,1099,2024-03-01,Growth,Laptops,1153.95
2024-08-31,MacBookAirM3,58,1099,2024-03-01,Growth,Laptops,1099
2024-09-01,MacBookAirM3,61,1099,2024-03-01,Growth,Laptops,1099
2024-09-02,MacBookAirM3,54,1099,2024-03-01,Growth,Laptops,1044.05
2024-09-03,MacBookAirM3,55,1099,2024-03-01,Growth,Laptops,1153.95
2024-09-04,MacBookAirM3,56,1099,2024-03-01,Growth,Laptops,1099
2024-09-05,MacBookAirM3,58,1099,2024-03-01,Growth,Laptops,1044.05
2024-09-06,MacBookAirM3,67,1099,2024-03-01,Growth,Laptops,1099
2024-09-07,MacBookAirM3,66,1099,2024-03-01,Growth,Laptops,1099
2024-09-08,MacBookAirM3,55,1099,2024-03-01,Growth,Laptops,1099
2024-09-09,MacBookAirM3,54,1099,2024-03-01,Growth,Laptops,1153.95
2024-09-10,MacBookAirM3,56,1099,2024-03-01,Growth,Laptops,1153.95
2024-09-11,MacBookAirM3,53,1099,2024-03-01,Growth,Laptops,1044.05
2024-09-12,MacBookAirM3,55,1099,2024-03-01,Growth,Laptops,1099
2024-09-13,MacBookAirM3,64,1099,2024-03-01,Growth,Laptops,1044.05
2024-09-14,MacBookAirM3,65,1099,2024-03-01,Growth,Laptops,1099
2024-09-15,MacBookAirM3,65,1099,2024-03-01,Growth,Laptops,1099
2024-09-16,MacBookAirM3,53,1099,2024-03-01,Growth,Laptops,1044.05
2024-09-17,MacBookAirM3,55,1099,2024-03-01,Growth,Laptops,1044.05
2024-09-18,MacBookAirM3,55,1099,2024-03-01,Growth,Laptops,1099
2024-09-19,MacBookAirM3,55,1099,2024-03-01,Growth,Laptops,1044.05
2024-09-20,MacBookAirM3,63,1099,2024-03-01,Growth,Laptops,1099
2024-09-21,MacBookAirM3,64,1099,2024-03-01,Growth,Laptops,1153.95
2024-09-22,MacBookAirM3,65,1099,2024-03-01,Growth,Laptops,1153.95
2024-09-23,MacBookAirM3,52,1099,2024-03-01,Growth,Laptops,1099
2024-09-24,MacBookAirM3,52,1099,2024-03-01,Growth,Laptops,1153.95
2024-09-25,MacBookAirM3,61,1099,2024-03-01,Growth,Laptops,1099
2024-09-26,MacBookAirM3,63,1099,2024-03-01,Growth,Laptops,1044.05
2024-09-27,MacBookAirM3,76,1099,2024-03-01,Growth,Laptops,1099
2024-09-28,MacBookAirM3,66,1099,2024-03-01,Growth,Laptops,1153.95
2024-09-29,MacBookAirM3,71,1099,2024-03-01,Growth,Laptops,1153.95
2024-09-30,MacBookAirM3,62,1099,2024-03-01,Growth,Laptops,1099
2024-10-01,MacBookAirM3,45,1099,2024-03-01,Growth,Laptops,1099
2024-10-02,MacBookAirM3,42,1099,2024-03-01,Growth,Laptops,1099
2024-10-03,MacBookAirM3,42,1099,2024-03-01,Growth,Laptops,1099
2024-10-04,MacBookAirM3,51,1099,2024-03-01,Growth,Laptops,1099
2024-10-05,MacBookAirM3,52,1099,2024-03-01,Growth,Laptops,1099
2024-10-06,MacBookAirM3,48,1099,2024-03-01,Growth,Laptops,1099
2024-10-07,MacBookAirM3,47,1099,2024-03-01,Growth,Laptops,1099
2024-10-08,MacBookAirM3,47,1099,2024-03-01,Growth,Laptops,1044.05
2024-10-09,MacBookAirM3,45,1099,2024-03-01,Growth,Laptops,1099
2024-10-10,MacBookAirM3,47,1099,2024-03-01,Growth,Laptops,1099
2024-10-11,MacBookAirM3,49,1099,2024-03-01,Growth,Laptops,1153.95
2024-10-12,MacBookAirM3,53,1099,2024-03-01,Growth,Laptops,1099
2024-10-13,MacBookAirM3,55,1099,2024-03-01,Growth,Laptops,1099
2024-10-14,MacBookAirM3,47,1099,2024-03-01,Growth,Laptops,1099
2024-10-15,MacBookAirM3,41,1099,2024-03-01,Growth,Laptops,1044.05
2024-10-16,MacBookAirM3,50,1099,2024-03-01,Growth,Laptops,1153.95
2024-10-17,MacBookAirM3,46,1099,2024-03-01,Growth,Laptops,1099
2024-10-18,MacBookAirM3,51,1099,2024-03-01,Growth,Laptops,1099
2024-10-19,MacBookAirM3,50,1099,2024-03-01,Growth,Laptops,1099
2024-10-20,MacBookAirM3,50,1099,2024-03-01,Growth,Laptops,1153.95
2024-10-21,MacBookAirM3,50,1099,2024-03-01,Growth,Laptops,1099
2024-10-22,MacBookAirM3,42,1099,2024-03-01,Growth,Laptops,1099
2024-10-23,MacBookAirM3,45,1099,2024-03-01,Growth,Laptops,1153.95
2024-10-24,MacBookAirM3,42,1099,2024-03-01,Growth,Laptops,1153.95
2024-10-25,MacBookAirM3,56,1099,2024-03-01,Growth,Laptops,1099
2024-10-26,MacBookAirM3,48,1099,2024-03-01,Growth,Laptops,1099
2024-10-27,MacBookAirM3,49,1099,2024-03-01,Growth,Laptops,1099
2024-10-28,MacBookAirM3,44,1099,2024-03-01,Growth,Laptops,1099
2024-10-29,MacBookAirM3,49,1099,2024-03-01,Growth,Laptops,1153.95
2024-10-30,MacBookAirM3,48,1099,2024-03-01,Growth,Laptops,1044.05
2024-10-31,MacBookAirM3,50,1099,2024-03-01,Growth,Laptops,1099
2024-11-01,MacBookAirM3,50,1099,2024-03-01,Growth,Laptops,934.15
2024-11-02,MacBookAirM3,54,1099,2024-03-01,Growth,Laptops,934.15
2024-11-03,MacBookAirM3,49,1099,2024-03-01,Growth,Laptops,980.86
2024-11-04,MacBookAirM3,46,1099,2024-03-01,Growth,Laptops,980.86
2024-11-05,MacBookAirM3,41,1099,2024-03-01,Growth,Laptops,887.44
2024-11-06,MacBookAirM3,46,1099,2024-03-01,Growth,Laptops,980.86
2024-11-07,MacBookAirM3,46,1099,2024-03-01,Growth,Laptops,980.86
2024-11-08,MacBookAirM3,49,1099,2024-03-01,Growth,Laptops,934.15
2024-11-09,MacBookAirM3,51,1099,2024-03-01,Growth,Laptops,934.15
2024-11-10,MacBookAirM3,51,1099,2024-03-01,Growth,Laptops,980.86
2024-11-11,MacBookAirM3,44,1099,2024-03-01,Growth,Laptops,980.86
2024-11-12,MacBookAirM3,47,1099,2024-03-01,Growth,Laptops,934.15
2024-11-13,MacBookAirM3,47,1099,2024-03-01,Growth,Laptops,934.15
2024-11-14,MacBookAirM3,42,1099,2024-03-01,Growth,Laptops,934.15
2024-11-15,MacBookAirM3,54,1099,2024-03-01,Growth,Laptops,934.15
2024-11-16,MacBookAirM3,54,1099,2024-03-01,Growth,Laptops,934.15
2024-11-17,MacBookAirM3,53,1099,2024-03-01,Growth,Laptops,934.15
2024-11-18,MacBookAirM3,46,1099,2024-03-01,Growth,Laptops,887.44
2024-11-19,MacBookAirM3,49,1099,2024-03-01,Growth,Laptops,887.44
2024-11-20,MacBookAirM3,45,1099,2024-03-01,Growth,Laptops,934.15
2024-11-21,MacBookAirM3,48,1099,2024-03-01,Growth,Laptops,934.15
2024-11-22,MacBookAirM3,53,1099,2024-03-01,Growth,Laptops,934.15
2024-11-23,MacBookAirM3,50,1099,2024-03-01,Growth,Laptops,934.15
2024-11-24,MacBookAirM3,56,1099,2024-03-01,Growth,Laptops,934.15
2024-11-25,MacBookAirM3,44,1099,2024-03-01,Growth,Laptops,980.86
2024-11-26,MacBookAirM3,43,1099,2024-03-01,Growth,Laptops,934.15
2024-11-27,MacBookAirM3,44,1099,2024-03-01,Growth,Laptops,887.44
2024-11-28,MacBookAirM3,48,1099,2024-03-01,Growth,Laptops,934.15
2024-11-29,MacBookAirM3,53,1099,2024-03-01,Growth,Laptops,980.86
2024-11-30,MacBookAirM3,53,1099,2024-03-01,Growth,Laptops,980.86
2024-12-01,MacBookAirM3,55,1099,2024-03-01,Growth,Laptops,1153.95
2024-12-02,MacBookAirM3,50,1099,2024-03-01,Growth,Laptops,1099
2024-12-03,MacBookAirM3,46,1099,2024-03-01,Growth,Laptops,1099
2024-12-04,MacBookAirM3,48,1099,2024-03-01,Growth,Laptops,1099
2024-12-05,MacBookAirM3,49,1099,2024-03-01,Growth,Laptops,1153.95
2024-12-06,MacBookAirM3,57,1099,2024-03-01,Growth,Laptops,1099
2024-12-07,MacBookAirM3,55,1099,2024-03-01,Growth,Laptops,1099
2024-12-08,MacBookAirM3,57,1099,2024-03-01,Growth,Laptops,1099
2024-12-09,MacBookAirM3,48,1099,2024-03-01,Growth,Laptops,1099
2024-12-10,MacBookAirM3,40,1099,2024-03-01,Growth,Laptops,1044.05
2024-12-11,MacBookAirM3,42,1099,2024-03-01,Growth,Laptops,1099
2024-12-12,MacBookAirM3,46,1099,2024-03-01,Growth,Laptops,1044.05
2024-12-13,MacBookAirM3,56,1099,2024-03-01,Growth,Laptops,1099
2024-12-14,MacBookAirM3,59,1099,2024-03-01,Growth,Laptops,1099
2024-12-15,MacBookAirM3,53,1099,2024-03-01,Growth,Laptops,1099
2024-12-16,MacBookAirM3,51,1099,2024-03-01,Growth,Laptops,1099
2024-12-17,MacBookAirM3,46,1099,2024-03-01,Growth,Laptops,1099
2024-12-18,MacBookAirM3,43,1099,2024-03-01,Growth,Laptops,1099
2024-12-19,MacBookAirM3,49,1099,2024-03-01,Growth,Laptops,1099
2024-12-20,MacBookAirM3,80,1099,2024-03-01,Growth,Laptops,1099
2024-12-21,MacBookAirM3,68,1099,2024-03-01,Growth,Laptops,1044.05
2024-12-22,MacBookAirM3,70,1099,2024-03-01,Growth,Laptops,1099
2024-12-23,MacBookAirM3,63,1099,2024-03-01,Growth,Laptops,1099
2024-12-24,MacBookAirM3,66,1099,2024-03-01,Growth,Laptops,1153.95
2024-12-25,MacBookAirM3,73,1099,2024-03-01,Growth,Laptops,1044.05
2024-12-26,MacBookAirM3,72,1099,2024-03-01,Growth,Laptops,1153.95
2024-12-27,MacBookAirM3,85,1099,2024-03-01,Growth,Laptops,1099
2024-12-28,MacBookAirM3,75,1099,2024-03-01,Growth,Laptops,1099
2024-12-29,MacBookAirM3,75,1099,2024-03-01,Growth,Laptops,1099
2024-12-30,MacBookAirM3,71,1099,2024-03-01,Growth,Laptops,1099
2024-12-31,MacBookAirM3,77,1099,2024-03-01,Growth,Laptops,1099
2025-01-01,MacBookAirM3,45,1099,2024-03-01,Growth,Laptops,1099
2025-01-02,MacBookAirM3,43,1099,2024-03-01,Growth,Laptops,1044.05
2025-01-03,MacBookAirM3,55,1099,2024-03-01,Growth,Laptops,1099
2025-01-04,MacBookAirM3,55,1099,2024-03-01,Growth,Laptops,1044.05
2025-01-05,MacBookAirM3,57,1099,2024-03-01,Growth,Laptops,1099
2025-01-06,MacBookAirM3,51,1099,2024-03-01,Growth,Laptops,1099
2025-01-07,MacBookAirM3,51,1099,2024-03-01,Growth,Laptops,1099
2025-01-08,MacBookAirM3,53,1099,2024-03-01,Growth,Laptops,1099
2025-01-09,MacBookAirM3,48,1099,2024-03-01,Growth,Laptops,1099
2025-01-10,MacBookAirM3,52,1099,2024-03-01,Growth,Laptops,1099
2025-01-11,MacBookAirM3,61,1099,2024-03-01,Growth,Laptops,1099
2025-01-12,MacBookAirM3,54,1099,2024-03-01,Growth,Laptops,1153.95
