data/sales_with_pricing_new(1).csv
date,product_id,units_sold,base_price,release_date,lifecycle,category,current_price
2025-01-13,MacBookAirM3,48,1099,2024-03-01,Growth,Laptops,1099
2025-01-14,MacBookAirM3,46,1099,2024-03-01,Growth,Laptops,1153.95
2025-01-15,MacBookAirM3,43,1099,2024-03-01,Growth,Laptops,1044.05
2025-01-16,MacBookAirM3,48,1099,2024-03-01,Growth,Laptops,1099
2025-01-17,MacBookAirM3,54,1099,2024-03-01,Growth,Laptops,1153.95
2025-01-18,MacBookAirM3,52,1099,2024-03-01,Growth,Laptops,1044.05
2025-01-19,MacBookAirM3,54,1099,2024-03-01,Growth,Laptops,1099
2025-01-20,MacBookAirM3,50,1099,2024-03-01,Growth,Laptops,1044.05
2025-01-21,MacBookAirM3,46,1099,2024-03-01,Growth,Laptops,1153.95
2025-01-22,MacBookAirM3,47,1099,2024-03-01,Growth,Laptops,1099
2025-01-23,MacBookAirM3,47,1099,2024-03-01,Growth,Laptops,1099
2025-01-24,MacBookAirM3,58,1099,2024-03-01,Growth,Laptops,1099
2025-01-25,MacBookAirM3,50,1099,2024-03-01,Growth,Laptops,1099
2025-01-26,MacBookAirM3,56,1099,2024-03-01,Growth,Laptops,1153.95
2025-01-27,MacBookAirM3,53,1099,2024-03-01,Growth,Laptops,1044.05
2025-01-28,MacBookAirM3,50,1099,2024-03-01,Growth,Laptops,1044.05
2025-01-29,MacBookAirM3,48,1099,2024-03-01,Growth,Laptops,1099
2025-01-30,MacBookAirM3,50,1099,2024-03-01,Growth,Laptops,1153.95
2025-01-31,MacBookAirM3,56,1099,2024-03-01,Growth,Laptops,1044.05
2025-02-01,MacBookAirM3,59,1099,2024-03-01,Growth,Laptops,1099
2025-02-02,MacBookAirM3,53,1099,2024-03-01,Growth,Laptops,1044.05
2025-02-03,MacBookAirM3,49,1099,2024-03-01,Growth,Laptops,1044.05
2025-02-04,MacBookAirM3,46,1099,2024-03-01,Growth,Laptops,1153.95
2025-02-05,MacBookAirM3,50,1099,2024-03-01,Growth,Laptops,1099
2025-02-06,MacBookAirM3,50,1099,2024-03-01,Growth,Laptops,1099
2025-02-07,MacBookAirM3,57,1099,2024-03-01,Growth,Laptops,1153.95
2025-02-08,MacBookAirM3,55,1099,2024-03-01,Growth,Laptops,1153.95
2025-02-09,MacBookAirM3,59,1099,2024-03-01,Growth,Laptops,1044.05
2025-02-10,MacBookAirM3,50,1099,2024-03-01,Growth,Laptops,1153.95
2025-02-11,MacBookAirM3,52,1099,2024-03-01,Growth,Laptops,1099
2025-02-12,MacBookAirM3,46,1099,2024-03-01,Growth,Laptops,1099
2025-02-13,MacBookAirM3,52,1099,2024-03-01,Growth,Laptops,1099
2025-02-14,MacBookAirM3,54,1099,2024-03-01,Growth,Laptops,1153.95
2025-02-15,MacBookAirM3,58,1099,2024-03-01,Growth,Laptops,1099
2025-02-16,MacBookAirM3,54,1099,2024-03-01,Growth,Laptops,1099
2025-02-17,MacBookAirM3,48,1099,2024-03-01,Growth,Laptops,1099
2025-02-18,MacBookAirM3,47,1099,2024-03-01,Growth,Laptops,1099
2025-02-19,MacBookAirM3,48,1099,2024-03-01,Growth,Laptops,1044.05
2025-02-20,MacBookAirM3,45,1099,2024-03-01,Growth,Laptops,1153.95
2025-02-21,MacBookAirM3,54,1099,2024-03-01,Growth,Laptops,1044.05
2025-02-22,MacBookAirM3,59,1099,2024-03-01,Growth,Laptops,1099
2025-02-23,MacBookAirM3,54,1099,2024-03-01,Growth,Laptops,1044.05
2025-02-24,MacBookAirM3,46,1099,2024-03-01,Growth,Laptops,1153.95
2025-02-25,MacBookAirM3,45,1099,2024-03-01,Growth,Laptops,1099
2025-02-26,MacBookAirM3,53,1099,2024-03-01,Growth,Laptops,1153.95
2025-02-27,MacBookAirM3,47,1099,2024-03-01,Growth,Laptops,1153.95
2025-02-28,MacBookAirM3,59,1099,2024-03-01,Growth,Laptops,1044.05
2025-03-01,MacBookAirM3,58,1099,2024-03-01,Growth,Laptops,1153.95
2025-03-02,MacBookAirM3,58,1099,2024-03-01,Growth,Laptops,1099
2025-03-03,MacBookAirM3,54,1099,2024-03-01,Growth,Laptops,1153.95
2025-03-04,MacBookAirM3,49,1099,2024-03-01,Growth,Laptops,1153.95
2025-03-05,MacBookAirM3,47,1099,2024-03-01,Growth,Laptops,1099
2025-03-06,MacBookAirM3,49,1099,2024-03-01,Growth,Laptops,1099
2025-03-07,MacBookAirM3,52,1099,2024-03-01,Growth,Laptops,1099
2025-03-08,MacBookAirM3,56,1099,2024-03-01,Growth,Laptops,1044.05
2025-03-09,MacBookAirM3,58,1099,2024-03-01,Growth,Laptops,1153.95
2025-03-10,MacBookAirM3,49,1099,2024-03-01,Growth,Laptops,1099
2025-03-11,MacBookAirM3,50,1099,2024-03-01,Growth,Laptops,1099
2025-03-12,MacBookAirM3,43,1099,2024-03-01,Growth,Laptops,1153.95
2025-03-13,MacBookAirM3,51,1099,2024-03-01,Growth,Laptops,1099
2025-03-14,MacBookAirM3,58,1099,2024-03-01,Growth,Laptops,1099
2025-03-15,MacBookAirM3,56,1099,2024-03-01,Growth,Laptops,1153.95
2025-03-16,MacBookAirM3,55,1099,2024-03-01,Growth,Laptops,1099
2025-03-17,MacBookAirM3,49,1099,2024-03-01,Growth,Laptops,1099
2025-03-18,MacBookAirM3,48,1099,2024-03-01,Growth,Laptops,1153.95
2025-03-19,MacBookAirM3,51,1099,2024-03-01,Growth,Laptops,1099
2025-03-20,MacBookAirM3,49,1099,2024-03-01,Growth,Laptops,1044.05
2025-03-21,MacBookAirM3,62,1099,2024-03-01,Growth,Laptops,1099
2025-03-22,MacBookAirM3,58,1099,2024-03-01,Growth,Laptops,1153.95
2025-03-23,MacBookAirM3,58,1099,2024-03-01,Growth,Laptops,1099
2025-03-24,MacBookAirM3,50,1099,2024-03-01,Growth,Laptops,1044.05
2025-03-25,MacBookAirM3,54,1099,2024-03-01,Growth,Laptops,1044.05
2025-03-26,MacBookAirM3,56,1099,2024-03-01,Growth,Laptops,1044.05
2025-03-27,MacBookAirM3,55,1099,2024-03-01,Growth,Laptops,1153.95
2025-03-28,MacBookAirM3,67,1099,2024-03-01,Growth,Laptops,1153.95
2025-03-29,MacBookAirM3,59,1099,2024-03-01,Growth,Laptops,1044.05
2025-03-30,MacBookAirM3,60,1099,2024-03-01,Growth,Laptops,1099
2025-03-31,MacBookAirM3,54,1099,2024-03-01,Growth,Laptops,1153.95
2024-01-01,MacBookProM3,0,1999,2024-05-15,Maturity,Laptops,1999
2024-01-02,MacBookProM3,0,1999,2024-05-15,Maturity,Laptops,2098.95
2024-01-03,MacBookProM3,0,1999,2024-05-15,Maturity,Laptops,1999
2024-01-04,MacBookProM3,0,1999,2024-05-15,Maturity,Laptops,1999
2024-01-05,MacBookProM3,0,1999,2024-05-15,Maturity,Laptops,1899.05
2024-01-06,MacBookProM3,0,1999,2024-05-15,Maturity,Laptops,2098.95
2024-01-07,MacBookProM3,0,1999,2024-05-15,Maturity,Laptops,1999
2024-01-08,MacBookProM3,0,1999,2024-05-15,Maturity,Laptops,1899.05
2024-01-09,MacBookProM3,0,1999,2024-05-15,Maturity,Laptops,1999
2024-01-10,MacBookProM3,0,1999,2024-05-15,Maturity,Laptops,1999
2024-01-11,MacBookProM3,0,1999,2024-05-15,Maturity,Laptops,1899.05
2024-01-12,MacBookProM3,0,1999,2024-05-15,Maturity,Laptops,2098.95
2024-01-13,MacBookProM3,0,1999,2024-05-15,Maturity,Laptops,1999
2024-01-14,MacBookProM3,0,1999,2024-05-15,Maturity,Laptops,2098.95
2024-01-15,MacBookProM3,0,1999,2024-05-15,Maturity,Laptops,2098.95
2024-01-16,MacBookProM3,0,1999,2024-05-15,Maturity,Laptops,1999
2024-01-17,MacBookProM3,0,1999,2024-05-15,Maturity,Laptops,1999
2024-01-18,MacBookProM3,0,1999,2024-05-15,Maturity,Laptops,1999
2024-01-19,MacBookProM3,0,1999,2024-05-15,Maturity,Laptops,1899.05
2024-01-20,MacBookProM3,0,1999,2024-05-15,Maturity,Laptops,1999
2024-01-21,MacBookProM3,0,1999,2024-05-15,Maturity,Laptops,1899.05
2024-01-22,MacBookProM3,0,1999,2024-05-15,Maturity,Laptops,1999
2024-01-23,MacBookProM3,0,1999,2024-05-15,Maturity,Laptops,2098.95
2024-01-24,MacBookProM3,0,1999,2024-05-15,Maturity,Laptops,1999
2024-01-25,MacBookProM3,0,1999,2024-05-15,Maturity,Laptops,1899.05
2024-01-26,MacBookProM3,0,1999,2024-05-15,Maturity,Laptops,2098.95
2024-01-27,MacBookProM3,0,1999,2024-05-15,Maturity,Laptops,1899.05
2024-01-28,MacBookProM3,0,1999,2024-05-15,Maturity,Laptops,1999
2024-01-29,MacBookProM3,0,1999,2024-05-15,Maturity,Laptops,1999
2024-01-30,MacBookProM3,0,1999,2024-05-15,Maturity,Laptops,1999
2024-01-31,MacBookProM3,0,1999,2024-05-15,Maturity,Laptops,1899.05
2024-02-01,MacBookProM3,0,1999,2024-05-15,Maturity,Laptops,1999
2024-02-02,MacBookProM3,0,1999,2024-05-15,Maturity,Laptops,1899.05
2024-02-03,MacBookProM3,0,1999,2024-05-15,Maturity,Laptops,1999
2024-02-04,MacBookProM3,0,1999,2024-05-15,Maturity,Laptops,1899.05
2024-02-05,MacBookProM3,0,1999,2024-05-15,Maturity,Laptops,1899.05
2024-02-06,MacBookProM3,0,1999,2024-05-15,Maturity,Laptops,2098.95
2024-02-07,MacBookProM3,0,1999,2024-05-15,Maturity,Laptops,1999
2024-02-08,MacBookProM3,0,1999,2024-05-15,Maturity,Laptops,1999
2024-02-09,MacBookProM3,0,1999,2024-05-15,Maturity,Laptops,2098.95
2024-02-10,MacBookProM3,0,1999,2024-05-15,Maturity,Laptops,1999
2024-02-11,MacBookProM3,0,1999,2024-05-15,Maturity,Laptops,1999
2024-02-12,MacBookProM3,0,1999,2024-05-15,Maturity,Laptops,1899.05
2024-02-13,MacBookProM3,0,1999,2024-05-15,Maturity,Laptops,1999
2024-02-14,MacBookProM3,0,1999,2024-05-15,Maturity,Laptops,1899.05
2024-02-15,MacBookProM3,0,1999,2024-05-15,Maturity,Laptops,2098.95
2024-02-16,MacBookProM3,0,1999,2024-05-15,Maturity,Laptops,2098.95
2024-02-17,MacBookProM3,0,1999,2024-05-15,Maturity,Laptops,1999
2024-02-18,MacBookProM3,0,1999,2024-05-15,Maturity,Laptops,2098.95
2024-02-19,MacBookProM3,0,1999,2024-05-15,Maturity,Laptops,1999
2024-02-20,MacBookProM3,0,1999,2024-05-15,Maturity,Laptops,1899.05
2024-02-21,MacBookProM3,0,1999,2024-05-15,Maturity,Laptops,1999
2024-02-22,MacBookProM3,0,1999,2024-05-15,Maturity,Laptops,1899.05
2024-02-23,MacBookProM3,0,1999,2024-05-15,Maturity,Laptops,1899.05
2024-02-24,MacBookProM3,0,1999,2024-05-15,Maturity,Laptops,1999
2024-02-25,MacBookProM3,0,1999,2024-05-15,Maturity,Laptops,1999
2024-02-26,MacBookProM3,0,1999,2024-05-15,Maturity,Laptops,2098.95
2024-02-27,MacBookProM3,0,1999,2024-05-15,Maturity,Laptops,1899.05
2024-02-28,MacBookProM3,0,1999,2024-05-15,Maturity,Laptops,2098.95
2024-02-29,MacBookProM3,0,1999,2024-05-15,Maturity,Laptops,1999
2024-03-01,MacBookProM3,0,1999,2024-05-15,Maturity,Laptops,1999
2024-03-02,MacBookProM3,0,1999,2024-05-15,Maturity,Laptops,1999
2024-03-03,MacBookProM3,0,1999,2024-05-15,Maturity,Laptops,1999
2024-03-04,MacBookProM3,0,1999,2024-05-15,Maturity,Laptops,1899.05
2024-03-05,MacBookProM3,0,1999,2024-05-15,Maturity,Laptops,1899.05
2024-03-06,MacBookProM3,0,1999,2024-05-15,Maturity,Laptops,1899.05
2024-03-07,MacBookProM3,0,1999,2024-05-15,Maturity,Laptops,1899.05
2024-03-08,MacBookProM3,0,1999,2024-05-15,Maturity,Laptops,2098.95
2024-03-09,MacBookProM3,0,1999,2024-05-15,Maturity,Laptops,1999
2024-03-10,MacBookProM3,0,1999,2024-05-15,Maturity,Laptops,1899.05
2024-03-11,MacBookProM3,0,1999,2024-05-15,Maturity,Laptops,1899.05
2024-03-12,MacBookProM3,0,1999,2024-05-15,Maturity,Laptops,1899.05
2024-03-13,MacBookProM3,0,1999,2024-05-15,Maturity,Laptops,1999
2024-03-14,MacBookProM3,0,1999,2024-05-15,Maturity,Laptops,1999
2024-03-15,MacBookProM3,0,1999,2024-05-15,Maturity,Laptops,1999
2024-03-16,MacBookProM3,0,1999,2024-05-15,Maturity,Laptops,2098.95
2024-03-17,MacBookProM3,0,1999,2024-05-15,Maturity,Laptops,2098.95
2024-03-18,MacBookProM3,0,1999,2024-05-15,Maturity,Laptops,1999
2024-03-19,MacBookProM3,0,1999,2024-05-15,Maturity,Laptops,1899.05
2024-03-20,MacBookProM3,0,1999,2024-05-15,Maturity,Laptops,1899.05
2024-03-21,MacBookProM3,0,1999,2024-05-15,Maturity,Laptops,1899.05
2024-03-22,MacBookProM3,0,1999,2024-05-15,Maturity,Laptops,1999
2024-03-23,MacBookProM3,0,1999,2024-05-15,Maturity,Laptops,1999
2024-03-24,MacBookProM3,0,1999,2024-05-15,Maturity,Laptops,1999
2024-03-25,MacBookProM3,0,1999,2024-05-15,Maturity,Laptops,1999
2024-03-26,MacBookProM3,0,1999,2024-05-15,Maturity,Laptops,1899.05
2024-03-27,MacBookProM3,0,1999,2024-05-15,Maturity,Laptops,1999
2024-03-28,MacBookProM3,0,1999,2024-05-15,Maturity,Laptops,1999
2024-03-29,MacBookProM3,0,1999,2024-05-15,Maturity,Laptops,2098.95
2024-03-30,MacBookProM3,0,1999,2024-05-15,Maturity,Laptops,2098.95
2024-03-31,MacBookProM3,0,1999,2024-05-15,Maturity,Laptops,1999
2024-04-01,MacBookProM3,0,1999,2024-05-15,Maturity,Laptops,1999
2024-04-02,MacBookProM3,0,1999,2024-05-15,Maturity,Laptops,1999
2024-04-03,MacBookProM3,0,1999,2024-05-15,Maturity,Laptops,1999
2024-04-04,MacBookProM3,0,1999,2024-05-15,Maturity,Laptops,1999
2024-04-05,MacBookProM3,0,1999,2024-05-15,Maturity,Laptops,1899.05
2024-04-06,MacBookProM3,0,1999,2024-05-15,Maturity,Laptops,1999
2024-04-07,MacBookProM3,0,1999,2024-05-15,Maturity,Laptops,1899.05
2024-04-08,MacBookProM3,0,1999,2024-05-15,Maturity,Laptops,1899.05
2024-04-09,MacBookProM3,0,1999,2024-05-15,Maturity,Laptops,1899.05
2024-04-10,MacBookProM3,0,1999,2024-05-15,Maturity,Laptops,1999
2024-04-11,MacBookProM3,0,1999,2024-05-15,Maturity,Laptops,1999
2024-04-12,MacBookProM3,0,1999,2024-05-15,Maturity,Laptops,1999
2024-04-13,MacBookProM3,0,1999,2024-05-15,Maturity,Laptops,1899.05
2024-04-14,MacBookProM3,0,1999,2024-05-15,Maturity,Laptops,1999
2024-04-15,MacBookProM3,0,1999,2024-05-15,Maturity,Laptops,1999
2024-04-16,MacBookProM3,0,1999,2024-05-15,Maturity,Laptops,2098.95
2024-04-17,MacBookProM3,0,1999,2024-05-15,Maturity,Laptops,1999
2024-04-18,MacBookProM3,0,1999,2024-05-15,Maturity,Laptops,2098.95
2024-04-19,MacBookProM3,0,1999,2024-05-15,Maturity,Laptops,1999
2024-04-20,MacBookProM3,0,1999,2024-05-15,Maturity,Laptops,2098.95
2024-04-21,MacBookProM3,0,1999,2024-05-15,Maturity,Laptops,1899.05
2024-04-22,MacBookProM3,0,1999,2024-05-15,Maturity,Laptops,2098.95
2024-04-23,MacBookProM3,0,1999,2024-05-15,Maturity,Laptops,1999
2024-04-24,MacBookProM3,0,1999,2024-05-15,Maturity,Laptops,2098.95
2024-04-25,MacBookProM3,0,1999,2024-05-15,Maturity,Laptops,1999
2024-04-26,MacBookProM3,0,1999,2024-05-15,Maturity,Laptops,1999
2024-04-27,MacBookProM3,0,1999,2024-05-15,Maturity,Laptops,1899.05
2024-04-28,MacBookProM3,0,1999,2024-05-15,Maturity,Laptops,1999
2024-04-29,MacBookProM3,0,1999,2024-05-15,Maturity,Laptops,1999
2024-04-30,MacBookProM3,0,1999,2024-05-15,Maturity,Laptops,1999
2024-05-01,MacBookProM3,0,1999,2024-05-15,Maturity,Laptops,2098.95
2024-05-02,MacBookProM3,0,1999,2024-05-15,Maturity,Laptops,1899.05
2024-05-03,MacBookProM3,0,1999,2024-05-15,Maturity,Laptops,1999
2024-05-04,MacBookProM3,0,1999,2024-05-15,Maturity,Laptops,1899.05
2024-05-05,MacBookProM3,0,1999,2024-05-15,Maturity,Laptops,1999
2024-05-06,MacBookProM3,0,1999,2024-05-15,Maturity,Laptops,1999
2024-05-07,MacBookProM3,0,1999,2024-05-15,Maturity,Laptops,1899.05
2024-05-08,MacBookProM3,0,1999,2024-05-15,Maturity,Laptops,1999
2024-05-09,MacBookProM3,0,1999,2024-05-15,Maturity,Laptops,1999
2024-05-10,MacBookProM3,0,1999,2024-05-15,Maturity,Laptops,1899.05
2024-05-11,MacBookProM3,0,1999,2024-05-15,Maturity,Laptops,1999
2024-05-12,MacBookProM3,0,1999,2024-05-15,Maturity,Laptops,1999
2024-05-13,MacBookProM3,0,1999,2024-05-15,Maturity,Laptops,1999
2024-05-14,MacBookProM3,0,1999,2024-05-15,Maturity,Laptops,1999
2024-05-15,MacBookProM3,19,1999,2024-05-15,Maturity,Laptops,2098.95
2024-05-16,MacBookProM3,21,1999,2024-05-15,Maturity,Laptops,1899.05
2024-05-17,MacBookProM3,22,1999,2024-05-15,Maturity,Laptops,1999
2024-05-18,MacBookProM3,23,1999,2024-05-15,Maturity,Laptops,1899.05
2024-05-19,MacBookProM3,22,1999,2024-05-15,Maturity,Laptops,1899.05
2024-05-20,MacBookProM3,20,1999,2024-05-15,Maturity,Laptops,1999
2024-05-21,MacBookProM3,19,1999,2024-05-15,Maturity,Laptops,1999
2024-05-22,MacBookProM3,19,1999,2024-05-15,Maturity,Laptops,2098.95
2024-05-23,MacBookProM3,20,1999,2024-05-15,Maturity,Laptops,2098.95
2024-05-24,MacBookProM3,23,1999,2024-05-15,Maturity,Laptops,1999
2024-05-25,MacBookProM3,21,1999,2024-05-15,Maturity,Laptops,1999
2024-05-26,MacBookProM3,24,1999,2024-05-15,Maturity,Laptops,1899.05
2024-05-27,MacBookProM3,19,1999,2024-05-15,Maturity,Laptops,2098.95
2024-05-28,MacBookProM3,21,1999,2024-05-15,Maturity,Laptops,2098.95
2024-05-29,MacBookProM3,19,1999,2024-05-15,Maturity,Laptops,1999
2024-05-30,MacBookProM3,18,1999,2024-05-15,Maturity,Laptops,1899.05
2024-05-31,MacBookProM3,22,1999,2024-05-15,Maturity,Laptops,1999
2024-06-01,MacBookProM3,23,1999,2024-05-15,Maturity,Laptops,1899.05
2024-06-02,MacBookProM3,23,1999,2024-05-15,Maturity,Laptops,1899.05
2024-06-03,MacBookProM3,19,1999,2024-05-15,Maturity,Laptops,1999
2024-06-04,MacBookProM3,21,1999,2024-05-15,Maturity,Laptops,1999
2024-06-05,MacBookProM3,18,1999,2024-05-15,Maturity,Laptops,1899.05
2024-06-06,MacBookProM3,19,1999,2024-05-15,Maturity,Laptops,1999
2024-06-07,MacBookProM3,24,1999,2024-05-15,Maturity,Laptops,1999
2024-06-08,MacBookProM3,22,1999,2024-05-15,Maturity,Laptops,1999
2024-06-09,MacBookProM3,22,1999,2024-05-15,Maturity,Laptops,1899.05
2024-06-10,MacBookProM3,19,1999,2024-05-15,Maturity,Laptops,1899.05
2024-06-11,MacBookProM3,19,1999,2024-05-15,Maturity,Laptops,1999
2024-06-12,MacBookProM3,19,1999,2024-05-15,Maturity,Laptops,1999
2024-06-13,MacBookProM3,19,1999,2024-05-15,Maturity,Laptops,1999
2024-06-14,MacBookProM3,23,1999,2024-05-15,Maturity,Laptops,1999
2024-06-15,MacBookProM3,24,1999,2024-05-15,Maturity,Laptops,1999
2024-06-16,MacBookProM3,23,1999,2024-05-15,Maturity,Laptops,1999
2024-06-17,MacBookProM3,19,1999,2024-05-15,Maturity,Laptops,2098.95
2024-06-18,MacBookProM3,19,1999,2024-05-15,Maturity,Laptops,2098.95
2024-06-19,MacBookProM3,18,1999,2024-05-15,Maturity,Laptops,2098.95
2024-06-20,MacBookProM3,18,1999,2024-05-15,Maturity,Laptops,1999
2024-06-21,MacBookProM3,23,1999,2024-05-15,Maturity,Laptops,1999
2024-06-22,MacBookProM3,21,1999,2024-05-15,Maturity,Laptops,1899.05
2024-06-23,MacBookProM3,22,1999,2024-05-15,Maturity,Laptops,1999
2024-06-24,MacBookProM3,19,1999,2024-05-15,Maturity,Laptops,2098.95
2024-06-25,MacBookProM3,20,1999,2024-05-15,Maturity,Laptops,1999
2024-06-26,MacBookProM3,21,1999,2024-05-15,Maturity,Laptops,1899.05
2024-06-27,MacBookProM3,19,1999,2024-05-15,Maturity,Laptops,1999
2024-06-28,MacBookProM3,25,1999,2024-05-15,Maturity,Laptops,1999
2024-06-29,MacBookProM3,25,1999,2024-05-15,Maturity,Laptops,2098.95
2024-06-30,MacBookProM3,24,1999,2024-05-15,Maturity,Laptops,2098.95
2024-07-01,MacBookProM3,24,1999,2024-05-15,Maturity,Laptops,1999
2024-07-02,MacBookProM3,24,1999,2024-05-15,Maturity,Laptops,1999
2024-07-03,MacBookProM3,25,1999,2024-05-15,Maturity,Laptops,1999
2024-07-04,MacBookProM3,23,1999,2024-05-15,Maturity,Laptops,1899.05
2024-07-05,MacBookProM3,25,1999,2024-05-15,Maturity,Laptops,2098.95
2024-07-06,MacBookProM3,27,1999,2024-05-15,Maturity,Laptops,1999
2024-07-07,MacBookProM3,30,1999,2024-05-15,Maturity,Laptops,1999
2024-07-08,MacBookProM3,23,1999,2024-05-15,Maturity,Laptops,1999
2024-07-09,MacBookProM3,26,1999,2024-05-15,Maturity,Laptops,2098.95
2024-07-10,MacBookProM3,24,1999,2024-05-15,Maturity,Laptops,1999
2024-07-11,MacBookProM3,25,1999,2024-05-15,Maturity,Laptops,1999
2024-07-12,MacBookProM3,28,1999,2024-05-15,Maturity,Laptops,1999
2024-07-13,MacBookProM3,28,1999,2024-05-15,Maturity,Laptops,1999
