data/sales_with_pricing_new(1).csv
date,product_id,units_sold,base_price,release_date,lifecycle,category,current_price
2024-07-14,MacBookProM3,27,1999,2024-05-15,Maturity,Laptops,1999
2024-07-15,MacBookProM3,24,1999,2024-05-15,Maturity,Laptops,2098.95
2024-07-16,MacBookProM3,26,1999,2024-05-15,Maturity,Laptops,1999
2024-07-17,MacBookProM3,24,1999,2024-05-15,Maturity,Laptops,1999
2024-07-18,MacBookProM3,22,1999,2024-05-15,Maturity,Laptops,1999
2024-07-19,MacBookProM3,26,1999,2024-05-15,Maturity,Laptops,2098.95
2024-07-20,MacBookProM3,29,1999,2024-05-15,Maturity,Laptops,1999
2024-07-21,MacBookProM3,27,1999,2024-05-15,Maturity,Laptops,1999
2024-07-22,MacBookProM3,23,1999,2024-05-15,Maturity,Laptops,2098.95
2024-07-23,MacBookProM3,24,1999,2024-05-15,Maturity,Laptops,1999
2024-07-24,MacBookProM3,23,1999,2024-05-15,Maturity,Laptops,1999
2024-07-25,MacBookProM3,23,1999,2024-05-15,Maturity,Laptops,1899.05
2024-07-26,MacBookProM3,27,1999,2024-05-15,Maturity,Laptops,1999
2024-07-27,MacBookProM3,27,1999,2024-05-15,Maturity,Laptops,1899.05
2024-07-28,MacBookProM3,27,1999,2024-05-15,Maturity,Laptops,1999
2024-07-29,MacBookProM3,24,1999,2024-05-15,Maturity,Laptops,1999
2024-07-30,MacBookProM3,24,1999,2024-05-15,Maturity,Laptops,1899.05
2024-07-31,MacBookProM3,23,1999,2024-05-15,Maturity,Laptops,2098.95
2024-08-01,MacBookProM3,24,1999,2024-05-15,Maturity,Laptops,1899.05
2024-08-02,MacBookProM3,26,1999,2024-05-15,Maturity,Laptops,1999
2024-08-03,MacBookProM3,28,1999,2024-05-15,Maturity,Laptops,2098.95
2024-08-04,MacBookProM3,26,1999,2024-05-15,Maturity,Laptops,1899.05
2024-08-05,MacBookProM3,26,1999,2024-05-15,Maturity,Laptops,1899.05
2024-08-06,MacBookProM3,24,1999,2024-05-15,Maturity,Laptops,2098.95
2024-08-07,MacBookProM3,25,1999,2024-05-15,Maturity,Laptops,1999
2024-08-08,MacBookProM3,27,1999,2024-05-15,Maturity,Laptops,1999
2024-08-09,MacBookProM3,28,1999,2024-05-15,Maturity,Laptops,1999
2024-08-10,MacBookProM3,30,1999,2024-05-15,Maturity,Laptops,1899.05
2024-08-11,MacBookProM3,26,1999,2024-05-15,Maturity,Laptops,2098.95
2024-08-12,MacBookProM3,23,1999,2024-05-15,Maturity,Laptops,1999
2024-08-13,MacBookProM3,25,1999,2024-05-15,Maturity,Laptops,1999
2024-08-14,MacBookProM3,23,1999,2024-05-15,Maturity,Laptops,1899.05
2024-08-15,MacBookProM3,23,1999,2024-05-15,Maturity,Laptops,1999
2024-08-16,MacBookProM3,29,1999,2024-05-15,Maturity,Laptops,1899.05
2024-08-17,MacBookProM3,27,1999,2024-05-15,Maturity,Laptops,1999
2024-08-18,MacBookProM3,26,1999,2024-05-15,Maturity,Laptops,1999
2024-08-19,MacBookProM3,23,1999,2024-05-15,Maturity,Laptops,1999
2024-08-20,MacBookProM3,23,1999,2024-05-15,Maturity,Laptops,1899.05
2024-08-21,MacBookProM3,23,1999,2024-05-15,Maturity,Laptops,1999
2024-08-22,MacBookProM3,22,1999,2024-05-15,Maturity,Laptops,1999
2024-08-23,MacBookProM3,29,1999,2024-05-15,Maturity,Laptops,1999
2024-08-24,MacBookProM3,29,1999,2024-05-15,Maturity,Laptops,1899.05
2024-08-25,MacBookProM3,29,1999,2024-05-15,Maturity,Laptops,1999
2024-08-26,MacBookProM3,26,1999,2024-05-15,Maturity,Laptops,1999
2024-08-27,MacBookProM3,24,1999,2024-05-15,Maturity,Laptops,1999
2024-08-28,MacBookProM3,25,1999,2024-05-15,Maturity,Laptops,1999
2024-08-29,MacBookProM3,24,1999,2024-05-15,Maturity,Laptops,2098.95
2024-08-30,MacBookProM3,29,1999,2024-05-15,Maturity,Laptops,1899.05
2024-08-31,MacBookProM3,26,1999,2024-05-15,Maturity,Laptops,1999
2024-09-01,MacBookProM3,26,1999,2024-05-15,Maturity,Laptops,1899.05
2024-09-02,MacBookProM3,26,1999,2024-05-15,Maturity,Laptops,1999
2024-09-03,MacBookProM3,24,1999,2024-05-15,Maturity,Laptops,1999
2024-09-04,MacBookProM3,21,1999,2024-05-15,Maturity,Laptops,2098.95
2024-09-05,MacBookProM3,25,1999,2024-05-15,Maturity,Laptops,1899.05
2024-09-06,MacBookProM3,26,1999,2024-05-15,Maturity,Laptops,1999
2024-09-07,MacBookProM3,28,1999,2024-05-15,Maturity,Laptops,1999
2024-09-08,MacBookProM3,31,1999,2024-05-15,Maturity,Laptops,2098.95
2024-09-09,MacBookProM3,25,1999,2024-05-15,Maturity,Laptops,1999
2024-09-10,MacBookProM3,25,1999,2024-05-15,Maturity,Laptops,1999
2024-09-11,MacBookProM3,25,1999,2024-05-15,Maturity,Laptops,1999
2024-09-12,MacBookProM3,25,1999,2024-05-15,Maturity,Laptops,2098.95
2024-09-13,MacBookProM3,28,1999,2024-05-15,Maturity,Laptops,1999
2024-09-14,MacBookProM3,29,1999,2024-05-15,Maturity,Laptops,1999
2024-09-15,MacBookProM3,27,1999,2024-05-15,Maturity,Laptops,1999
2024-09-16,MacBookProM3,24,1999,2024-05-15,Maturity,Laptops,1999
2024-09-17,MacBookProM3,23,1999,2024-05-15,Maturity,Laptops,2098.95
2024-09-18,MacBookProM3,25,1999,2024-05-15,Maturity,Laptops,1999
2024-09-19,MacBookProM3,26,1999,2024-05-15,Maturity,Laptops,1999
2024-09-20,MacBookProM3,28,1999,2024-05-15,Maturity,Laptops,1999
2024-09-21,MacBookProM3,28,1999,2024-05-15,Maturity,Laptops,1999
2024-09-22,MacBookProM3,29,1999,2024-05-15,Maturity,Laptops,1899.05
2024-09-23,MacBookProM3,25,1999,2024-05-15,Maturity,Laptops,1999
2024-09-24,MacBookProM3,22,1999,2024-05-15,Maturity,Laptops,1999
2024-09-25,MacBookProM3,28,1999,2024-05-15,Maturity,Laptops,1999
2024-09-26,MacBookProM3,26,1999,2024-05-15,Maturity,Laptops,1999
2024-09-27,MacBookProM3,29,1999,2024-05-15,Maturity,Laptops,1999
2024-09-28,MacBookProM3,29,1999,2024-05-15,Maturity,Laptops,1999
2024-09-29,MacBookProM3,31,1999,2024-05-15,Maturity,Laptops,1999
2024-09-30,MacBookProM3,27,1999,2024-05-15,Maturity,Laptops,1999
2024-10-01,MacBookProM3,18,1999,2024-05-15,Maturity,Laptops,1999
2024-10-02,MacBookProM3,18,1999,2024-05-15,Maturity,Laptops,1999
2024-10-03,MacBookProM3,18,1999,2024-05-15,Maturity,Laptops,2098.95
2024-10-04,MacBookProM3,23,1999,2024-05-15,Maturity,Laptops,1899.05
2024-10-05,MacBookProM3,24,1999,2024-05-15,Maturity,Laptops,1899.05
2024-10-06,MacBookProM3,23,1999,2024-05-15,Maturity,Laptops,1999
2024-10-07,MacBookProM3,18,1999,2024-05-15,Maturity,Laptops,1999
2024-10-08,MacBookProM3,18,1999,2024-05-15,Maturity,Laptops,1999
2024-10-09,MacBookProM3,20,1999,2024-05-15,Maturity,Laptops,1999
2024-10-10,MacBookProM3,20,1999,2024-05-15,Maturity,Laptops,1899.05
2024-10-11,MacBookProM3,20,1999,2024-05-15,Maturity,Laptops,1999
2024-10-12,MacBookProM3,19,1999,2024-05-15,Maturity,Laptops,1999
2024-10-13,MacBookProM3,22,1999,2024-05-15,Maturity,Laptops,1999
2024-10-14,MacBookProM3,20,1999,2024-05-15,Maturity,Laptops,1999
2024-10-15,MacBookProM3,21,1999,2024-05-15,Maturity,Laptops,2098.95
2024-10-16,MacBookProM3,18,1999,2024-05-15,Maturity,Laptops,1999
2024-10-17,MacBookProM3,18,1999,2024-05-15,Maturity,Laptops,1999
2024-10-18,MacBookProM3,23,1999,2024-05-15,Maturity,Laptops,1899.05
2024-10-19,MacBookProM3,21,1999,2024-05-15,Maturity,Laptops,1999
2024-10-20,MacBookProM3,21,1999,2024-05-15,Maturity,Laptops,1899.05
2024-10-21,MacBookProM3,19,1999,2024-05-15,Maturity,Laptops,1899.05
2024-10-22,MacBookProM3,19,1999,2024-05-15,Maturity,Laptops,1899.05
2024-10-23,MacBookProM3,19,1999,2024-05-15,Maturity,Laptops,1999
2024-10-24,MacBookProM3,18,1999,2024-05-15,Maturity,Laptops,2098.95
2024-10-25,MacBookProM3,22,1999,2024-05-15,Maturity,Laptops,2098.95
2024-10-26,MacBookProM3,21,1999,2024-05-15,Maturity,Laptops,1899.05
2024-10-27,MacBookProM3,23,1999,2024-05-15,Maturity,Laptops,1999
2024-10-28,MacBookProM3,18,1999,2024-05-15,Maturity,Laptops,1999
2024-10-29,MacBookProM3,19,1999,2024-05-15,Maturity,Laptops,1899.05
2024-10-30,MacBookProM3,19,1999,2024-05-15,Maturity,Laptops,1999
2024-10-31,MacBookProM3,18,1999,2024-05-15,Maturity,Laptops,2098.95
